--2026-05-09 15:45:51--  https://raw.githubusercontent.com/hrnr/m-explore-extra/master/map_merge/hector_maps/map00.pgm
Connecting to 127.0.0.1:7897... connected.
Proxy request sent, awaiting response... 200 OK
Length: 4194362 (4.0M) [application/octet-stream]
Saving to: ‘/home/naiwu/xxu_2026/xxu_nav_2026/build/multirobot_map_merge/map00.pgm’

     0K .......... .......... .......... .......... ..........  1%  447K 9s
    50K .......... .......... .......... .......... ..........  2% 1.63M 6s
   100K .......... .......... .......... .......... ..........  3% 1.76M 4s
   150K .......... .......... .......... .......... ..........  4% 2.73M 4s
   200K .......... .......... .......... .......... ..........  6% 3.51M 3s
   250K .......... .......... .......... .......... ..........  7%  253K 5s
   300K .......... .......... .......... .......... ..........  8% 22.0M 4s
   350K .......... .......... .......... .......... ..........  9% 17.7M 4s
   400K .......... .......... .......... .......... .......... 10%  624K 4s
   450K .......... .......... .......... .......... .......... 12% 5.86M 4s
   500K .......... .......... .......... .......... .......... 13% 2.11M 3s
   550K .......... .......... .......... .......... .......... 14% 10.1M 3s
   600K .......... .......... .......... .......... .......... 15% 22.5M 3s
   650K .......... .......... .......... .......... .......... 17% 5.59M 3s
   700K .......... .......... .......... .......... .......... 18% 3.76M 2s
   750K .......... .......... .......... .......... .......... 19% 7.56M 2s
   800K .......... .......... .......... .......... .......... 20% 23.2M 2s
   850K .......... .......... .......... .......... .......... 21% 16.7M 2s
   900K .......... .......... .......... .......... .......... 23%  532K 2s
   950K .......... .......... .......... .......... .......... 24% 7.00M 2s
  1000K .......... .......... .......... .......... .......... 25% 25.5M 2s
  1050K .......... .......... .......... .......... .......... 26% 15.5M 2s
  1100K .......... .......... .......... .......... .......... 28% 11.7M 2s
  1150K .......... .......... .......... .......... .......... 29% 2.93M 2s
  1200K .......... .......... .......... .......... .......... 30% 20.6M 2s
  1250K .......... .......... .......... .......... .......... 31% 22.0M 1s
  1300K .......... .......... .......... .......... .......... 32% 12.0M 1s
  1350K .......... .......... .......... .......... .......... 34% 6.01M 1s
  1400K .......... .......... .......... .......... .......... 35% 1.47M 1s
  1450K .......... .......... .......... .......... .......... 36% 11.0M 1s
  1500K .......... .......... .......... .......... .......... 37% 24.3M 1s
  1550K .......... .......... .......... .......... .......... 39% 10.8M 1s
  1600K .......... .......... .......... .......... .......... 40% 15.5M 1s
  1650K .......... .......... .......... .......... .......... 41%  967K 1s
  1700K .......... .......... .......... .......... .......... 42% 11.2M 1s
  1750K .......... .......... .......... .......... .......... 43% 22.1M 1s
  1800K .......... .......... .......... .......... .......... 45% 10.4M 1s
  1850K .......... .......... .......... .......... .......... 46% 20.8M 1s
  1900K .......... .......... .......... .......... .......... 47% 22.8M 1s
  1950K .......... .......... .......... .......... .......... 48%  724K 1s
  2000K .......... .......... .......... .......... .......... 50% 15.6M 1s
  2050K .......... .......... .......... .......... .......... 51% 11.1M 1s
  2100K .......... .......... .......... .......... .......... 52% 25.1M 1s
  2150K .......... .......... .......... .......... .......... 53% 11.5M 1s
  2200K .......... .......... .......... .......... .......... 54% 2.67M 1s
  2250K .......... .......... .......... .......... .......... 56% 1.30M 1s
  2300K .......... .......... .......... .......... .......... 57% 9.85M 1s
  2350K .......... .......... .......... .......... .......... 58% 26.4M 1s
  2400K .......... .......... .......... .......... .......... 59% 18.7M 1s
  2450K .......... .......... .......... .......... .......... 61% 9.36M 1s
  2500K .......... .......... .......... .......... .......... 62% 3.47M 1s
  2550K .......... .......... .......... .......... .......... 63% 1.48M 1s
  2600K .......... .......... .......... .......... .......... 64% 10.5M 1s
  2650K .......... .......... .......... .......... .......... 65% 22.6M 1s
  2700K .......... .......... .......... .......... .......... 67% 1.20M 1s
  2750K .......... .......... .......... .......... .......... 68% 49.7M 0s
  2800K .......... .......... .......... .......... .......... 69% 1016M 0s
  2850K .......... .......... .......... .......... .......... 70% 1.07G 0s
  2900K .......... .......... .......... .......... .......... 72% 1.04G 0s
  2950K .......... .......... .......... .......... .......... 73%  823M 0s
  3000K .......... .......... .......... .......... .......... 74% 1.01G 0s
  3050K .......... .......... .......... .......... .......... 75% 1.18G 0s
  3100K .......... .......... .......... .......... .......... 76% 1.02G 0s
  3150K .......... .......... .......... .......... .......... 78% 3.49M 0s
  3200K .......... .......... .......... .......... .......... 79% 9.05M 0s
  3250K .......... .......... .......... .......... .......... 80% 13.1M 0s
  3300K .......... .......... .......... .......... .......... 81% 11.3M 0s
  3350K .......... .......... .......... .......... .......... 83% 21.0M 0s
  3400K .......... .......... .......... .......... .......... 84% 4.14M 0s
  3450K .......... .......... .......... .......... .......... 85% 7.89M 0s
  3500K .......... .......... .......... .......... .......... 86% 7.98M 0s
  3550K .......... .......... .......... .......... .......... 87% 6.02M 0s
  3600K .......... .......... .......... .......... .......... 89% 32.2M 0s
  3650K .......... .......... .......... .......... .......... 90% 14.2M 0s
  3700K .......... .......... .......... .......... .......... 91% 4.98M 0s
  3750K .......... .......... .......... .......... .......... 92% 6.28M 0s
  3800K .......... .......... .......... .......... .......... 93% 7.66M 0s
  3850K .......... .......... .......... .......... .......... 95% 11.7M 0s
  3900K .......... .......... .......... .......... .......... 96% 8.49M 0s
  3950K .......... .......... .......... .......... .......... 97% 12.1M 0s
  4000K .......... .......... .......... .......... .......... 98% 3.21M 0s
  4050K .......... .......... .......... .......... ......    100%  642M=1.2s

2026-05-09 15:45:54 (3.38 MB/s) - ‘/home/naiwu/xxu_2026/xxu_nav_2026/build/multirobot_map_merge/map00.pgm’ saved [4194362/4194362]

--2026-05-09 15:45:54--  https://raw.githubusercontent.com/hrnr/m-explore-extra/master/map_merge/hector_maps/map05.pgm
Connecting to 127.0.0.1:7897... connected.
Proxy request sent, awaiting response... 200 OK
Length: 4194362 (4.0M) [application/octet-stream]
Saving to: ‘/home/naiwu/xxu_2026/xxu_nav_2026/build/multirobot_map_merge/map05.pgm’

     0K .......... .......... .......... .......... ..........  1%  935K 4s
    50K .......... .......... .......... .......... ..........  2% 1.76M 3s
   100K .......... .......... .......... .......... ..........  3% 1.44M 3s
   150K .......... .......... .......... .......... ..........  4% 4.14M 2s
   200K .......... .......... .......... .......... ..........  6% 2.78M 2s
   250K .......... .......... .......... .......... ..........  7% 15.5M 2s
   300K .......... .......... .......... .......... ..........  8% 2.29M 2s
   350K .......... .......... .......... .......... ..........  9%  361K 3s
   400K .......... .......... .......... .......... .......... 10% 11.0M 3s
   450K .......... .......... .......... .......... .......... 12% 21.9M 2s
   500K .......... .......... .......... .......... .......... 13% 15.6M 2s
   550K .......... .......... .......... .......... .......... 14% 13.7M 2s
   600K .......... .......... .......... .......... .......... 15% 2.44M 2s
   650K .......... .......... .......... .......... .......... 17% 25.0M 2s
   700K .......... .......... .......... .......... .......... 18% 9.29M 2s
   750K .......... .......... .......... .......... .......... 19% 23.5M 1s
   800K .......... .......... .......... .......... .......... 20% 2.88M 1s
   850K .......... .......... .......... .......... .......... 21% 7.96M 1s
   900K .......... .......... .......... .......... .......... 23% 25.6M 1s
   950K .......... .......... .......... .......... .......... 24% 9.87M 1s
  1000K .......... .......... .......... .......... .......... 25% 23.7M 1s
  1050K .......... .......... .......... .......... .......... 26% 20.7M 1s
  1100K .......... .......... .......... .......... .......... 28% 5.27M 1s
  1150K .......... .......... .......... .......... .......... 29%  929K 1s
  1200K .......... .......... .......... .......... .......... 30% 13.8M 1s
  1250K .......... .......... .......... .......... .......... 31% 12.2M 1s
  1300K .......... .......... .......... .......... .......... 32% 24.7M 1s
  1350K .......... .......... .......... .......... .......... 34% 10.6M 1s
  1400K .......... .......... .......... .......... .......... 35% 24.2M 1s
  1450K .......... .......... .......... .......... .......... 36% 33.7M 1s
  1500K .......... .......... .......... .......... .......... 37% 5.09M 1s
  1550K .......... .......... .......... .......... .......... 39% 4.84M 1s
  1600K .......... .......... .......... .......... .......... 40% 6.40M 1s
  1650K .......... .......... .......... .......... .......... 41% 10.6M 1s
  1700K .......... .......... .......... .......... .......... 42% 23.9M 1s
  1750K .......... .......... .......... .......... .......... 43% 11.7M 1s
  1800K .......... .......... .......... .......... .......... 45% 18.8M 1s
  1850K .......... .......... .......... .......... .......... 46% 25.5M 1s
  1900K .......... .......... .......... .......... .......... 47% 9.92M 1s
  1950K .......... .......... .......... .......... .......... 48% 3.75M 1s
  2000K .......... .......... .......... .......... .......... 50% 13.6M 1s
  2050K .......... .......... .......... .......... .......... 51% 6.38M 1s
  2100K .......... .......... .......... .......... .......... 52% 11.9M 0s
  2150K .......... .......... .......... .......... .......... 53% 15.7M 0s
  2200K .......... .......... .......... .......... .......... 54% 23.5M 0s
  2250K .......... .......... .......... .......... .......... 56% 24.1M 0s
  2300K .......... .......... .......... .......... .......... 57% 7.54M 0s
  2350K .......... .......... .......... .......... .......... 58% 12.4M 0s
  2400K .......... .......... .......... .......... .......... 59% 5.21M 0s
  2450K .......... .......... .......... .......... .......... 61% 25.8M 0s
  2500K .......... .......... .......... .......... .......... 62% 5.66M 0s
  2550K .......... .......... .......... .......... .......... 63% 26.7M 0s
  2600K .......... .......... .......... .......... .......... 64% 11.9M 0s
  2650K .......... .......... .......... .......... .......... 65% 18.7M 0s
  2700K .......... .......... .......... .......... .......... 67% 24.3M 0s
  2750K .......... .......... .......... .......... .......... 68% 11.2M 0s
  2800K .......... .......... .......... .......... .......... 69% 24.1M 0s
  2850K .......... .......... .......... .......... .......... 70% 8.87M 0s
  2900K .......... .......... .......... .......... .......... 72% 7.28M 0s
  2950K .......... .......... .......... .......... .......... 73% 2.97M 0s
  3000K .......... .......... .......... .......... .......... 74% 10.3M 0s
  3050K .......... .......... .......... .......... .......... 75% 21.3M 0s
  3100K .......... .......... .......... .......... .......... 76% 25.4M 0s
  3150K .......... .......... .......... .......... .......... 78% 4.25M 0s
  3200K .......... .......... .......... .......... .......... 79% 9.09M 0s
  3250K .......... .......... .......... .......... .......... 80% 23.0M 0s
  3300K .......... .......... .......... .......... .......... 81% 23.0M 0s
  3350K .......... .......... .......... .......... .......... 83% 17.4M 0s
  3400K .......... .......... .......... .......... .......... 84% 4.42M 0s
  3450K .......... .......... .......... .......... .......... 85% 22.4M 0s
  3500K .......... .......... .......... .......... .......... 86% 10.2M 0s
  3550K .......... .......... .......... .......... .......... 87% 23.9M 0s
  3600K .......... .......... .......... .......... .......... 89% 5.65M 0s
  3650K .......... .......... .......... .......... .......... 90% 22.7M 0s
  3700K .......... .......... .......... .......... .......... 91% 23.4M 0s
  3750K .......... .......... .......... .......... .......... 92% 21.6M 0s
  3800K .......... .......... .......... .......... .......... 93% 12.4M 0s
  3850K .......... .......... .......... .......... .......... 95% 12.8M 0s
  3900K .......... .......... .......... .......... .......... 96% 9.30M 0s
  3950K .......... .......... .......... .......... .......... 97% 23.7M 0s
  4000K .......... .......... .......... .......... .......... 98% 9.83M 0s
  4050K .......... .......... .......... .......... ......    100% 9.61M=0.7s

2026-05-09 15:45:56 (5.58 MB/s) - ‘/home/naiwu/xxu_2026/xxu_nav_2026/build/multirobot_map_merge/map05.pgm’ saved [4194362/4194362]

--2026-05-09 15:45:56--  https://raw.githubusercontent.com/hrnr/m-explore-extra/master/map_merge/gmapping_maps/2011-08-09-12-22-52.pgm
Connecting to 127.0.0.1:7897... connected.
Proxy request sent, awaiting response... 200 OK
Length: 16000058 (15M) [application/octet-stream]
Saving to: ‘/home/naiwu/xxu_2026/xxu_nav_2026/build/multirobot_map_merge/2011-08-09-12-22-52.pgm’

     0K .......... .......... .......... .......... ..........  0% 1006K 15s
    50K .......... .......... .......... .......... ..........  0% 1.50M 13s
   100K .......... .......... .......... .......... ..........  0% 1.79M 11s
   150K .......... .......... .......... .......... ..........  1% 3.50M 10s
   200K .......... .......... .......... .......... ..........  1% 2.89M 9s
   250K .......... .......... .......... .......... ..........  1%  374K 14s
   300K .......... .......... .......... .......... ..........  2% 6.23M 12s
   350K .......... .......... .......... .......... ..........  2% 1.37M 12s
   400K .......... .......... .......... .......... ..........  2% 4.03M 11s
   450K .......... .......... .......... .......... ..........  3%  442K 13s
   500K .......... .......... .......... .......... ..........  3% 6.13M 12s
   550K .......... .......... .......... .......... ..........  3% 9.21M 11s
   600K .......... .......... .......... .......... ..........  4% 3.00M 11s
   650K .......... .......... .......... .......... ..........  4% 20.3M 10s
   700K .......... .......... .......... .......... ..........  4% 2.18M 10s
   750K .......... .......... .......... .......... ..........  5% 8.04M 9s
   800K .......... .......... .......... .......... ..........  5% 7.88M 9s
   850K .......... .......... .......... .......... ..........  5% 9.15M 8s
   900K .......... .......... .......... .......... ..........  6%  547K 9s
   950K .......... .......... .......... .......... ..........  6% 12.1M 9s
  1000K .......... .......... .......... .......... ..........  6% 11.4M 9s
  1050K .......... .......... .......... .......... ..........  7% 17.1M 8s
  1100K .......... .......... .......... .......... ..........  7% 25.7M 8s
  1150K .......... .......... .......... .......... ..........  7% 11.4M 7s
  1200K .......... .......... .......... .......... ..........  7% 12.4M 7s
  1250K .......... .......... .......... .......... ..........  8% 6.84M 7s
  1300K .......... .......... .......... .......... ..........  8% 7.70M 7s
  1350K .......... .......... .......... .......... ..........  8% 28.8M 7s
  1400K .......... .......... .......... .......... ..........  9% 7.10M 6s
  1450K .......... .......... .......... .......... ..........  9% 22.2M 6s
  1500K .......... .......... .......... .......... ..........  9% 11.9M 6s
  1550K .......... .......... .......... .......... .......... 10% 24.6M 6s
  1600K .......... .......... .......... .......... .......... 10% 10.1M 6s
  1650K .......... .......... .......... .......... .......... 10% 57.2M 5s
  1700K .......... .......... .......... .......... .......... 11% 9.95M 5s
  1750K .......... .......... .......... .......... .......... 11% 15.2M 5s
  1800K .......... .......... .......... .......... .......... 11% 3.71M 5s
  1850K .......... .......... .......... .......... .......... 12% 28.0M 5s
  1900K .......... .......... .......... .......... .......... 12% 19.9M 5s
  1950K .......... .......... .......... .......... .......... 12% 9.42M 5s
  2000K .......... .......... .......... .......... .......... 13% 25.7M 5s
  2050K .......... .......... .......... .......... .......... 13% 18.3M 4s
  2100K .......... .......... .......... .......... .......... 13% 24.7M 4s
  2150K .......... .......... .......... .......... .......... 14% 8.41M 4s
  2200K .......... .......... .......... .......... .......... 14% 31.3M 4s
  2250K .......... .......... .......... .......... .......... 14% 15.2M 4s
  2300K .......... .......... .......... .......... .......... 15% 5.71M 4s
  2350K .......... .......... .......... .......... .......... 15% 24.1M 4s
  2400K .......... .......... .......... .......... .......... 15% 1.06M 4s
  2450K .......... .......... .......... .......... .......... 15% 12.7M 4s
  2500K .......... .......... .......... .......... .......... 16% 17.6M 4s
  2550K .......... .......... .......... .......... .......... 16% 23.8M 4s
  2600K .......... .......... .......... .......... .......... 16% 10.2M 4s
  2650K .......... .......... .......... .......... .......... 17% 9.37M 4s
  2700K .......... .......... .......... .......... .......... 17% 21.2M 4s
  2750K .......... .......... .......... .......... .......... 17% 32.8M 4s
  2800K .......... .......... .......... .......... .......... 18% 10.8M 4s
  2850K .......... .......... .......... .......... .......... 18% 5.22M 4s
  2900K .......... .......... .......... .......... .......... 18% 5.00M 3s
  2950K .......... .......... .......... .......... .......... 19% 1.22M 4s
  3000K .......... .......... .......... .......... .......... 19% 3.84M 4s
  3050K .......... .......... .......... .......... .......... 19%  821M 4s
  3100K .......... .......... .......... .......... .......... 20% 1006M 3s
  3150K .......... .......... .......... .......... .......... 20% 1.07G 3s
  3200K .......... .......... .......... .......... .......... 20% 1.20G 3s
  3250K .......... .......... .......... .......... .......... 21% 1.01G 3s
  3300K .......... .......... .......... .......... .......... 21% 1.10G 3s
  3350K .......... .......... .......... .......... .......... 21% 1.04G 3s
  3400K .......... .......... .......... .......... .......... 22% 1.19G 3s
  3450K .......... .......... .......... .......... .......... 22%  966M 3s
  3500K .......... .......... .......... .......... .......... 22% 1.12G 3s
  3550K .......... .......... .......... .......... .......... 23% 42.3M 3s
  3600K .......... .......... .......... .......... .......... 23% 12.1M 3s
  3650K .......... .......... .......... .......... .......... 23% 25.0M 3s
  3700K .......... .......... .......... .......... .......... 23% 23.1M 3s
  3750K .......... .......... .......... .......... .......... 24% 10.6M 3s
  3800K .......... .......... .......... .......... .......... 24% 21.7M 3s
  3850K .......... .......... .......... .......... .......... 24% 3.21M 3s
  3900K .......... .......... .......... .......... .......... 25% 18.3M 3s
  3950K .......... .......... .......... .......... .......... 25% 4.10M 3s
  4000K .......... .......... .......... .......... .......... 25% 14.8M 3s
  4050K .......... .......... .......... .......... .......... 26% 25.1M 3s
  4100K .......... .......... .......... .......... .......... 26% 24.4M 3s
  4150K .......... .......... .......... .......... .......... 26% 10.9M 3s
  4200K .......... .......... .......... .......... .......... 27% 13.0M 2s
  4250K .......... .......... .......... .......... .......... 27% 14.1M 2s
  4300K .......... .......... .......... .......... .......... 27% 30.6M 2s
  4350K .......... .......... .......... .......... .......... 28% 3.77M 2s
  4400K .......... .......... .......... .......... .......... 28% 13.7M 2s
  4450K .......... .......... .......... .......... .......... 28% 11.0M 2s
  4500K .......... .......... .......... .......... .......... 29% 24.0M 2s
  4550K .......... .......... .......... .......... .......... 29% 28.1M 2s
  4600K .......... .......... .......... .......... .......... 29% 10.4M 2s
  4650K .......... .......... .......... .......... .......... 30% 23.4M 2s
  4700K .......... .......... .......... .......... .......... 30% 4.26M 2s
  4750K .......... .......... .......... .......... .......... 30% 5.47M 2s
  4800K .......... .......... .......... .......... .......... 31% 25.7M 2s
  4850K .......... .......... .......... .......... .......... 31% 18.9M 2s
  4900K .......... .......... .......... .......... .......... 31% 12.3M 2s
  4950K .......... .......... .......... .......... .......... 31%  935K 2s
  5000K .......... .......... .......... .......... .......... 32%  562M 2s
  5050K .......... .......... .......... .......... .......... 32% 1.04G 2s
  5100K .......... .......... .......... .......... .......... 32% 1.04G 2s
  5150K .......... .......... .......... .......... .......... 33% 1.16G 2s
  5200K .......... .......... .......... .......... .......... 33%  904M 2s
  5250K .......... .......... .......... .......... .......... 33% 1.10G 2s
  5300K .......... .......... .......... .......... .......... 34% 1.08G 2s
  5350K .......... .......... .......... .......... .......... 34% 1.05G 2s
  5400K .......... .......... .......... .......... .......... 34% 1.23G 2s
  5450K .......... .......... .......... .......... .......... 35% 11.4M 2s
  5500K .......... .......... .......... .......... .......... 35% 5.38M 2s
  5550K .......... .......... .......... .......... .......... 35% 6.35M 2s
  5600K .......... .......... .......... .......... .......... 36% 25.0M 2s
  5650K .......... .......... .......... .......... .......... 36% 23.3M 2s
  5700K .......... .......... .......... .......... .......... 36% 12.5M 2s
  5750K .......... .......... .......... .......... .......... 37% 5.10M 2s
  5800K .......... .......... .......... .......... .......... 37% 2.96M 2s
  5850K .......... .......... .......... .......... .......... 37% 11.8M 2s
  5900K .......... .......... .......... .......... .......... 38% 51.5M 2s
  5950K .......... .......... .......... .......... .......... 38% 8.34M 2s
  6000K .......... .......... .......... .......... .......... 38% 20.0M 2s
  6050K .......... .......... .......... .......... .......... 39% 3.01M 2s
  6100K .......... .......... .......... .......... .......... 39% 24.7M 2s
  6150K .......... .......... .......... .......... .......... 39% 10.0M 2s
  6200K .......... .......... .......... .......... .......... 39% 15.5M 2s
  6250K .......... .......... .......... .......... .......... 40% 26.8M 2s
  6300K .......... .......... .......... .......... .......... 40% 12.4M 2s
  6350K .......... .......... .......... .......... .......... 40% 4.19M 2s
  6400K .......... .......... .......... .......... .......... 41% 4.98M 2s
  6450K .......... .......... .......... .......... .......... 41% 25.3M 2s
  6500K .......... .......... .......... .......... .......... 41% 21.3M 2s
  6550K .......... .......... .......... .......... .......... 42% 10.7M 2s
  6600K .......... .......... .......... .......... .......... 42% 5.75M 2s
  6650K .......... .......... .......... .......... .......... 42% 3.99M 2s
  6700K .......... .......... .......... .......... .......... 43% 24.5M 2s
  6750K .......... .......... .......... .......... .......... 43% 11.8M 2s
  6800K .......... .......... .......... .......... .......... 43% 23.6M 2s
  6850K .......... .......... .......... .......... .......... 44% 8.59M 2s
  6900K .......... .......... .......... .......... .......... 44% 2.52M 2s
  6950K .......... .......... .......... .......... .......... 44% 25.7M 2s
  7000K .......... .......... .......... .......... .......... 45% 26.9M 2s
  7050K .......... .......... .......... .......... .......... 45% 11.3M 1s
  7100K .......... .......... .......... .......... .......... 45% 25.1M 1s
  7150K .......... .......... .......... .......... .......... 46% 11.1M 1s
  7200K .......... .......... .......... .......... .......... 46% 1.82M 1s
  7250K .......... .......... .......... .......... .......... 46% 19.6M 1s
  7300K .......... .......... .......... .......... .......... 47% 12.1M 1s
  7350K .......... .......... .......... .......... .......... 47% 21.3M 1s
  7400K .......... .......... .......... .......... .......... 47% 12.0M 1s
  7450K .......... .......... .......... .......... .......... 47% 1.27G 1s
  7500K .......... .......... .......... .......... .......... 48% 1.93M 1s
  7550K .......... .......... .......... .......... .......... 48% 11.9M 1s
  7600K .......... .......... .......... .......... .......... 48% 24.6M 1s
  7650K .......... .......... .......... .......... .......... 49% 11.9M 1s
  7700K .......... .......... .......... .......... .......... 49% 6.56M 1s
  7750K .......... .......... .......... .......... .......... 49% 2.94M 1s
  7800K .......... .......... .......... .......... .......... 50% 12.4M 1s
  7850K .......... .......... .......... .......... .......... 50% 23.9M 1s
  7900K .......... .......... .......... .......... .......... 50% 13.8M 1s
  7950K .......... .......... .......... .......... .......... 51% 23.6M 1s
  8000K .......... .......... .......... .......... .......... 51% 21.3M 1s
  8050K .......... .......... .......... .......... .......... 51% 2.39M 1s
  8100K .......... .......... .......... .......... .......... 52% 10.8M 1s
  8150K .......... .......... .......... .......... .......... 52% 23.8M 1s
  8200K .......... .......... .......... .......... .......... 52% 23.2M 1s
  8250K .......... .......... .......... .......... .......... 53% 9.32M 1s
  8300K .......... .......... .......... .......... .......... 53% 4.08M 1s
  8350K .......... .......... .......... .......... .......... 53% 6.40M 1s
  8400K .......... .......... .......... .......... .......... 54% 10.9M 1s
  8450K .......... .......... .......... .......... .......... 54% 24.2M 1s
  8500K .......... .......... .......... .......... .......... 54% 12.0M 1s
  8550K .......... .......... .......... .......... .......... 55% 12.4M 1s
  8600K .......... .......... .......... .......... .......... 55% 6.89M 1s
  8650K .......... .......... .......... .......... .......... 55% 3.00M 1s
  8700K .......... .......... .......... .......... .......... 55% 26.0M 1s
  8750K .......... .......... .......... .......... .......... 56% 12.3M 1s
  8800K .......... .......... .......... .......... .......... 56% 13.9M 1s
  8850K .......... .......... .......... .......... .......... 56% 11.8M 1s
  8900K .......... .......... .......... .......... .......... 57% 2.15M 1s
  8950K .......... .......... .......... .......... .......... 57% 27.0M 1s
  9000K .......... .......... .......... .......... .......... 57% 14.9M 1s
  9050K .......... .......... .......... .......... .......... 58% 23.1M 1s
  9100K .......... .......... .......... .......... .......... 58% 11.5M 1s
  9150K .......... .......... .......... .......... .......... 58% 10.5M 1s
  9200K .......... .......... .......... .......... .......... 59% 2.28M 1s
  9250K .......... .......... .......... .......... .......... 59% 23.2M 1s
  9300K .......... .......... .......... .......... .......... 59% 18.1M 1s
  9350K .......... .......... .......... .......... .......... 60% 24.4M 1s
  9400K .......... .......... .......... .......... .......... 60% 9.56M 1s
  9450K .......... .......... .......... .......... .......... 60% 16.6M 1s
  9500K .......... .......... .......... .......... .......... 61% 2.58M 1s
  9550K .......... .......... .......... .......... .......... 61% 8.41M 1s
  9600K .......... .......... .......... .......... .......... 61% 11.1M 1s
  9650K .......... .......... .......... .......... .......... 62% 24.1M 1s
  9700K .......... .......... .......... .......... .......... 62% 21.5M 1s
  9750K .......... .......... .......... .......... .......... 62% 23.5M 1s
  9800K .......... .......... .......... .......... .......... 63% 2.69M 1s
  9850K .......... .......... .......... .......... .......... 63% 4.12M 1s
  9900K .......... .......... .......... .......... .......... 63% 23.8M 1s
  9950K .......... .......... .......... .......... .......... 63% 23.0M 1s
 10000K .......... .......... .......... .......... .......... 64% 11.8M 1s
 10050K .......... .......... .......... .......... .......... 64% 23.1M 1s
 10100K .......... .......... .......... .......... .......... 64% 9.90M 1s
 10150K .......... .......... .......... .......... .......... 65% 2.10M 1s
 10200K .......... .......... .......... .......... .......... 65% 11.2M 1s
 10250K .......... .......... .......... .......... .......... 65% 23.4M 1s
 10300K .......... .......... .......... .......... .......... 66% 26.1M 1s
 10350K .......... .......... .......... .......... .......... 66% 9.63M 1s
 10400K .......... .......... .......... .......... .......... 66% 3.34M 1s
 10450K .......... .......... .......... .......... .......... 67% 6.83M 1s
 10500K .......... .......... .......... .......... .......... 67% 19.0M 1s
 10550K .......... .......... .......... .......... .......... 67%  927K 1s
 10600K .......... .......... .......... .......... .......... 68%  893M 1s
 10650K .......... .......... .......... .......... .......... 68% 1.12G 1s
 10700K .......... .......... .......... .......... .......... 68%  945M 1s
 10750K .......... .......... .......... .......... .......... 69% 1.02G 1s
 10800K .......... .......... .......... .......... .......... 69%  972M 1s
 10850K .......... .......... .......... .......... .......... 69%  831M 1s
 10900K .......... .......... .......... .......... .......... 70%  945M 1s
 10950K .......... .......... .......... .......... .......... 70% 1.22G 1s
 11000K .......... .......... .......... .......... .......... 70% 2.45M 1s
 11050K .......... .......... .......... .......... .......... 71% 26.2M 1s
 11100K .......... .......... .......... .......... .......... 71% 18.8M 1s
 11150K .......... .......... .......... .......... .......... 71% 10.2M 1s
 11200K .......... .......... .......... .......... .......... 71% 2.00M 1s
 11250K .......... .......... .......... .......... .......... 72% 22.5M 1s
 11300K .......... .......... .......... .......... .......... 72% 24.0M 1s
 11350K .......... .......... .......... .......... .......... 72% 23.7M 1s
 11400K .......... .......... .......... .......... .......... 73% 1.82M 1s
 11450K .......... .......... .......... .......... .......... 73% 26.6M 1s
 11500K .......... .......... .......... .......... .......... 73% 10.9M 1s
 11550K .......... .......... .......... .......... .......... 74% 27.1M 1s
 11600K .......... .......... .......... .......... .......... 74% 1.71M 1s
 11650K .......... .......... .......... .......... .......... 74% 18.7M 1s
 11700K .......... .......... .......... .......... .......... 75% 25.5M 1s
 11750K .......... .......... .......... .......... .......... 75% 23.4M 1s
 11800K .......... .......... .......... .......... .......... 75% 2.51M 1s
 11850K .......... .......... .......... .......... .......... 76% 3.15M 1s
 11900K .......... .......... .......... .......... .......... 76% 11.8M 1s
 11950K .......... .......... .......... .......... .......... 76% 23.9M 1s
 12000K .......... .......... .......... .......... .......... 77% 12.4M 1s
 12050K .......... .......... .......... .......... .......... 77% 2.26M 1s
 12100K .......... .......... .......... .......... .......... 77% 11.5M 1s
 12150K .......... .......... .......... .......... .......... 78% 20.2M 1s
 12200K .......... .......... .......... .......... .......... 78% 14.8M 1s
 12250K .......... .......... .......... .......... .......... 78% 2.00M 1s
 12300K .......... .......... .......... .......... .......... 79% 11.3M 1s
 12350K .......... .......... .......... .......... .......... 79% 22.9M 1s
 12400K .......... .......... .......... .......... .......... 79% 11.0M 1s
 12450K .......... .......... .......... .......... .......... 79% 2.09M 1s
 12500K .......... .......... .......... .......... .......... 80% 19.0M 0s
 12550K .......... .......... .......... .......... .......... 80% 2.69M 0s
 12600K .......... .......... .......... .......... .......... 80% 25.1M 0s
 12650K .......... .......... .......... .......... .......... 81% 30.0M 0s
 12700K .......... .......... .......... .......... .......... 81% 14.8M 0s
 12750K .......... .......... .......... .......... .......... 81% 1.90M 0s
 12800K .......... .......... .......... .......... .......... 82% 11.2M 0s
 12850K .......... .......... .......... .......... .......... 82% 1003K 0s
 12900K .......... .......... .......... .......... .......... 82%  628M 0s
 12950K .......... .......... .......... .......... .......... 83% 1.12G 0s
 13000K .......... .......... .......... .......... .......... 83%  798M 0s
 13050K .......... .......... .......... .......... .......... 83%  646M 0s
 13100K .......... .......... .......... .......... .......... 84%  811M 0s
 13150K .......... .......... .......... .......... .......... 84% 5.57M 0s
 13200K .......... .......... .......... .......... .......... 84% 12.5M 0s
 13250K .......... .......... .......... .......... .......... 85% 24.5M 0s
 13300K .......... .......... .......... .......... .......... 85% 1.73M 0s
 13350K .......... .......... .......... .......... .......... 85% 12.7M 0s
 13400K .......... .......... .......... .......... .......... 86% 24.1M 0s
 13450K .......... .......... .......... .......... .......... 86% 1.80M 0s
 13500K .......... .......... .......... .......... .......... 86% 24.6M 0s
 13550K .......... .......... .......... .......... .......... 87% 12.8M 0s
 13600K .......... .......... .......... .......... .......... 87% 1.86M 0s
 13650K .......... .......... .......... .......... .......... 87% 21.7M 0s
 13700K .......... .......... .......... .......... .......... 87% 23.3M 0s
 13750K .......... .......... .......... .......... .......... 88% 1.93M 0s
 13800K .......... .......... .......... .......... .......... 88% 23.7M 0s
 13850K .......... .......... .......... .......... .......... 88% 24.9M 0s
 13900K .......... .......... .......... .......... .......... 89% 1.81M 0s
 13950K .......... .......... .......... .......... .......... 89% 30.5M 0s
 14000K .......... .......... .......... .......... .......... 89% 10.7M 0s
 14050K .......... .......... .......... .......... .......... 90% 2.13M 0s
 14100K .......... .......... .......... .......... .......... 90% 47.1M 0s
 14150K .......... .......... .......... .......... .......... 90% 12.7M 0s
 14200K .......... .......... .......... .......... .......... 91% 2.20M 0s
 14250K .......... .......... .......... .......... .......... 91% 11.9M 0s
 14300K .......... .......... .......... .......... .......... 91% 16.3M 0s
 14350K .......... .......... .......... .......... .......... 92% 2.29M 0s
 14400K .......... .......... .......... .......... .......... 92% 12.7M 0s
 14450K .......... .......... .......... .......... .......... 92% 25.6M 0s
 14500K .......... .......... .......... .......... .......... 93% 2.23M 0s
 14550K .......... .......... .......... .......... .......... 93% 8.16M 0s
 14600K .......... .......... .......... .......... .......... 93% 25.7M 0s
 14650K .......... .......... .......... .......... .......... 94% 16.4M 0s
 14700K .......... .......... .......... .......... .......... 94% 2.73M 0s
 14750K .......... .......... .......... .......... .......... 94% 9.56M 0s
 14800K .......... .......... .......... .......... .......... 95% 22.7M 0s
 14850K .......... .......... .......... .......... .......... 95% 1.93M 0s
 14900K .......... .......... .......... .......... .......... 95% 10.8M 0s
 14950K .......... .......... .......... .......... .......... 95% 6.17M 0s
 15000K .......... .......... .......... .......... .......... 96% 1.93M 0s
 15050K .......... .......... .......... .......... .......... 96% 24.5M 0s
 15100K .......... .......... .......... .......... .......... 96% 24.5M 0s
 15150K .......... .......... .......... .......... .......... 97% 12.2M 0s
 15200K .......... .......... .......... .......... .......... 97% 2.07M 0s
 15250K .......... .......... .......... .......... .......... 97% 11.9M 0s
 15300K .......... .......... .......... .......... .......... 98% 18.1M 0s
 15350K .......... .......... .......... .......... .......... 98% 2.08M 0s
 15400K .......... .......... .......... .......... .......... 98% 13.9M 0s
 15450K .......... .......... .......... .......... .......... 99% 11.5M 0s
 15500K .......... .......... .......... .......... .......... 99% 2.16M 0s
 15550K .......... .......... .......... .......... .......... 99% 10.1M 0s
 15600K .......... .......... .....                           100%  550M=2.6s

2026-05-09 15:46:00 (5.90 MB/s) - ‘/home/naiwu/xxu_2026/xxu_nav_2026/build/multirobot_map_merge/2011-08-09-12-22-52.pgm’ saved [16000058/16000058]

--2026-05-09 15:46:00--  https://raw.githubusercontent.com/hrnr/m-explore-extra/master/map_merge/gmapping_maps/2012-01-28-11-12-01.pgm
Connecting to 127.0.0.1:7897... connected.
Proxy request sent, awaiting response... 200 OK
Length: 16000058 (15M) [application/octet-stream]
Saving to: ‘/home/naiwu/xxu_2026/xxu_nav_2026/build/multirobot_map_merge/2012-01-28-11-12-01.pgm’

     0K .......... .......... .......... .......... ..........  0%  477K 33s
    50K .......... .......... .......... .......... ..........  0% 1.36M 22s
   100K .......... .......... .......... .......... ..........  0% 1.48M 18s
   150K .......... .......... .......... .......... ..........  1% 2.48M 15s
   200K .......... .......... .......... .......... ..........  1% 2.02M 13s
   250K .......... .......... .......... .......... ..........  1%  565K 16s
   300K .......... .......... .......... .......... ..........  2% 8.29M 14s
   350K .......... .......... .......... .......... ..........  2% 7.67M 12s
   400K .......... .......... .......... .......... ..........  2%  341K 16s
   450K .......... .......... .......... .......... ..........  3% 5.25M 14s
   500K .......... .......... .......... .......... ..........  3% 6.05M 13s
   550K .......... .......... .......... .......... ..........  3% 7.66M 12s
   600K .......... .......... .......... .......... ..........  4% 11.3M 11s
   650K .......... .......... .......... .......... ..........  4% 5.15M 11s
   700K .......... .......... .......... .......... ..........  4% 8.45M 10s
   750K .......... .......... .......... .......... ..........  5% 5.17M 10s
   800K .......... .......... .......... .......... ..........  5% 8.60M 9s
   850K .......... .......... .......... .......... ..........  5% 6.26M 9s
   900K .......... .......... .......... .......... ..........  6% 8.69M 8s
   950K .......... .......... .......... .......... ..........  6%  557K 9s
  1000K .......... .......... .......... .......... ..........  6% 5.95M 9s
  1050K .......... .......... .......... .......... ..........  7% 22.0M 8s
  1100K .......... .......... .......... .......... ..........  7% 21.3M 8s
  1150K .......... .......... .......... .......... ..........  7% 11.2M 8s
  1200K .......... .......... .......... .......... ..........  7% 4.44M 8s
  1250K .......... .......... .......... .......... ..........  8% 24.3M 7s
  1300K .......... .......... .......... .......... ..........  8% 2.91M 7s
  1350K .......... .......... .......... .......... ..........  8% 24.0M 7s
  1400K .......... .......... .......... .......... ..........  9% 16.6M 7s
  1450K .......... .......... .......... .......... ..........  9% 10.5M 6s
  1500K .......... .......... .......... .......... ..........  9% 4.53M 6s
  1550K .......... .......... .......... .......... .......... 10% 25.7M 6s
  1600K .......... .......... .......... .......... .......... 10% 3.62M 6s
  1650K .......... .......... .......... .......... .......... 10% 11.4M 6s
  1700K .......... .......... .......... .......... .......... 11% 19.5M 6s
  1750K .......... .......... .......... .......... .......... 11% 10.7M 6s
  1800K .......... .......... .......... .......... .......... 11% 27.3M 5s
  1850K .......... .......... .......... .......... .......... 12% 22.9M 5s
  1900K .......... .......... .......... .......... .......... 12% 22.4M 5s
  1950K .......... .......... .......... .......... .......... 12% 1.77M 5s
  2000K .......... .......... .......... .......... .......... 13% 24.6M 5s
  2050K .......... .......... .......... .......... .......... 13% 10.1M 5s
  2100K .......... .......... .......... .......... .......... 13% 16.2M 5s
  2150K .......... .......... .......... .......... .......... 14% 22.8M 5s
  2200K .......... .......... .......... .......... .......... 14% 22.9M 5s
  2250K .......... .......... .......... .......... .......... 14% 4.31M 5s
  2300K .......... .......... .......... .......... .......... 15% 10.7M 4s
  2350K .......... .......... .......... .......... .......... 15% 11.5M 4s
  2400K .......... .......... .......... .......... .......... 15% 25.5M 4s
  2450K .......... .......... .......... .......... .......... 15% 4.65M 4s
  2500K .......... .......... .......... .......... .......... 16% 12.2M 4s
  2550K .......... .......... .......... .......... .......... 16% 23.4M 4s
  2600K .......... .......... .......... .......... .......... 16% 5.35M 4s
  2650K .......... .......... .......... .......... .......... 17% 25.2M 4s
  2700K .......... .......... .......... .......... .......... 17% 10.5M 4s
  2750K .......... .......... .......... .......... .......... 17% 4.33M 4s
  2800K .......... .......... .......... .......... .......... 18% 25.2M 4s
  2850K .......... .......... .......... .......... .......... 18% 21.4M 4s
  2900K .......... .......... .......... .......... .......... 18% 9.50M 4s
  2950K .......... .......... .......... .......... .......... 19% 9.67M 4s
  3000K .......... .......... .......... .......... .......... 19% 11.2M 4s
  3050K .......... .......... .......... .......... .......... 19% 23.1M 3s
  3100K .......... .......... .......... .......... .......... 20% 4.65M 3s
  3150K .......... .......... .......... .......... .......... 20% 12.5M 3s
  3200K .......... .......... .......... .......... .......... 20% 23.7M 3s
  3250K .......... .......... .......... .......... .......... 21% 6.29M 3s
  3300K .......... .......... .......... .......... .......... 21% 25.2M 3s
  3350K .......... .......... .......... .......... .......... 21% 25.4M 3s
  3400K .......... .......... .......... .......... .......... 22% 4.43M 3s
  3450K .......... .......... .......... .......... .......... 22% 9.80M 3s
  3500K .......... .......... .......... .......... .......... 22% 24.9M 3s
  3550K .......... .......... .......... .......... .......... 23% 14.3M 3s
  3600K .......... .......... .......... .......... .......... 23% 5.78M 3s
  3650K .......... .......... .......... .......... .......... 23% 16.7M 3s
  3700K .......... .......... .......... .......... .......... 23% 24.2M 3s
  3750K .......... .......... .......... .......... .......... 24% 4.21M 3s
  3800K .......... .......... .......... .......... .......... 24% 21.9M 3s
  3850K .......... .......... .......... .......... .......... 24% 23.6M 3s
  3900K .......... .......... .......... .......... .......... 25% 10.3M 3s
  3950K .......... .......... .......... .......... .......... 25% 8.20M 3s
  4000K .......... .......... .......... .......... .......... 25% 26.8M 3s
  4050K .......... .......... .......... .......... .......... 26% 4.96M 3s
  4100K .......... .......... .......... .......... .......... 26% 8.77M 3s
  4150K .......... .......... .......... .......... .......... 26% 25.1M 3s
  4200K .......... .......... .......... .......... .......... 27% 11.2M 3s
  4250K .......... .......... .......... .......... .......... 27% 23.0M 3s
  4300K .......... .......... .......... .......... .......... 27% 11.8M 3s
  4350K .......... .......... .......... .......... .......... 28% 23.0M 2s
  4400K .......... .......... .......... .......... .......... 28% 7.57M 2s
  4450K .......... .......... .......... .......... .......... 28% 2.62M 2s
  4500K .......... .......... .......... .......... .......... 29% 10.9M 2s
  4550K .......... .......... .......... .......... .......... 29% 21.9M 2s
  4600K .......... .......... .......... .......... .......... 29% 24.0M 2s
  4650K .......... .......... .......... .......... .......... 30% 15.4M 2s
  4700K .......... .......... .......... .......... .......... 30% 8.98M 2s
  4750K .......... .......... .......... .......... .......... 30% 5.31M 2s
  4800K .......... .......... .......... .......... .......... 31% 6.82M 2s
  4850K .......... .......... .......... .......... .......... 31% 22.8M 2s
  4900K .......... .......... .......... .......... .......... 31% 2.77M 2s
  4950K .......... .......... .......... .......... .......... 31% 21.2M 2s
  5000K .......... .......... .......... .......... .......... 32% 22.9M 2s
  5050K .......... .......... .......... .......... .......... 32% 10.1M 2s
  5100K .......... .......... .......... .......... .......... 32% 12.9M 2s
  5150K .......... .......... .......... .......... .......... 33% 9.86M 2s
  5200K .......... .......... .......... .......... .......... 33% 4.06M 2s
  5250K .......... .......... .......... .......... .......... 33% 11.2M 2s
  5300K .......... .......... .......... .......... .......... 34% 23.1M 2s
  5350K .......... .......... .......... .......... .......... 34% 10.9M 2s
  5400K .......... .......... .......... .......... .......... 34% 23.5M 2s
  5450K .......... .......... .......... .......... .......... 35% 23.5M 2s
  5500K .......... .......... .......... .......... .......... 35% 12.9M 2s
  5550K .......... .......... .......... .......... .......... 35% 5.66M 2s
  5600K .......... .......... .......... .......... .......... 36% 7.87M 2s
  5650K .......... .......... .......... .......... .......... 36% 6.75M 2s
  5700K .......... .......... .......... .......... .......... 36% 22.5M 2s
  5750K .......... .......... .......... .......... .......... 37% 10.6M 2s
  5800K .......... .......... .......... .......... .......... 37% 18.9M 2s
  5850K .......... .......... .......... .......... .......... 37% 28.5M 2s
  5900K .......... .......... .......... .......... .......... 38% 1.70M 2s
  5950K .......... .......... .......... .......... .......... 38% 23.3M 2s
  6000K .......... .......... .......... .......... .......... 38%  883K 2s
  6050K .......... .......... .......... .......... .......... 39%  497M 2s
  6100K .......... .......... .......... .......... .......... 39% 1.10G 2s
  6150K .......... .......... .......... .......... .......... 39% 1.13G 2s
  6200K .......... .......... .......... .......... .......... 39% 10.9M 2s
  6250K .......... .......... .......... .......... .......... 40% 1.11G 2s
  6300K .......... .......... .......... .......... .......... 40%  861M 2s
  6350K .......... .......... .......... .......... .......... 40% 1.00G 2s
  6400K .......... .......... .......... .......... .......... 41% 1.08G 2s
  6450K .......... .......... .......... .......... .......... 41% 1.19G 2s
  6500K .......... .......... .......... .......... .......... 41%  759K 2s
  6550K .......... .......... .......... .......... .......... 42% 23.8M 2s
  6600K .......... .......... .......... .......... .......... 42% 24.5M 2s
  6650K .......... .......... .......... .......... .......... 42% 10.7M 2s
  6700K .......... .......... .......... .......... .......... 43% 2.32M 2s
  6750K .......... .......... .......... .......... .......... 43% 12.5M 2s
  6800K .......... .......... .......... .......... .......... 43% 20.9M 2s
  6850K .......... .......... .......... .......... .......... 44% 23.9M 2s
  6900K .......... .......... .......... .......... .......... 44% 13.2M 2s
  6950K .......... .......... .......... .......... .......... 44% 1.97M 2s
  7000K .......... .......... .......... .......... .......... 45% 9.98M 2s
  7050K .......... .......... .......... .......... .......... 45% 23.0M 2s
  7100K .......... .......... .......... .......... .......... 45% 12.3M 2s
  7150K .......... .......... .......... .......... .......... 46% 19.0M 2s
  7200K .......... .......... .......... .......... .......... 46% 2.93M 2s
  7250K .......... .......... .......... .......... .......... 46% 9.89M 2s
  7300K .......... .......... .......... .......... .......... 47% 12.5M 2s
  7350K .......... .......... .......... .......... .......... 47% 23.2M 2s
  7400K .......... .......... .......... .......... .......... 47% 16.9M 2s
  7450K .......... .......... .......... .......... .......... 47% 3.75M 2s
  7500K .......... .......... .......... .......... .......... 48% 3.87M 2s
  7550K .......... .......... .......... .......... .......... 48% 22.6M 2s
  7600K .......... .......... .......... .......... .......... 48% 24.5M 1s
  7650K .......... .......... .......... .......... .......... 49% 9.31M 1s
  7700K .......... .......... .......... .......... .......... 49% 2.36M 1s
  7750K .......... .......... .......... .......... .......... 49% 12.1M 1s
  7800K .......... .......... .......... .......... .......... 50% 23.9M 1s
  7850K .......... .......... .......... .......... .......... 50% 21.9M 1s
  7900K .......... .......... .......... .......... .......... 50% 10.3M 1s
  7950K .......... .......... .......... .......... .......... 51% 3.09M 1s
  8000K .......... .......... .......... .......... .......... 51% 6.83M 1s
  8050K .......... .......... .......... .......... .......... 51% 11.6M 1s
  8100K .......... .......... .......... .......... .......... 52% 24.0M 1s
  8150K .......... .......... .......... .......... .......... 52% 20.1M 1s
  8200K .......... .......... .......... .......... .......... 52% 3.89M 1s
  8250K .......... .......... .......... .......... .......... 53% 3.30M 1s
  8300K .......... .......... .......... .......... .......... 53% 10.3M 1s
  8350K .......... .......... .......... .......... .......... 53% 23.6M 1s
  8400K .......... .......... .......... .......... .......... 54% 19.2M 1s
  8450K .......... .......... .......... .......... .......... 54% 2.83M 1s
  8500K .......... .......... .......... .......... .......... 54% 19.6M 1s
  8550K .......... .......... .......... .......... .......... 55% 12.8M 1s
  8600K .......... .......... .......... .......... .......... 55% 8.87M 1s
  8650K .......... .......... .......... .......... .......... 55% 12.7M 1s
  8700K .......... .......... .......... .......... .......... 55% 21.4M 1s
  8750K .......... .......... .......... .......... .......... 56% 2.85M 1s
  8800K .......... .......... .......... .......... .......... 56% 10.8M 1s
  8850K .......... .......... .......... .......... .......... 56% 9.41M 1s
  8900K .......... .......... .......... .......... .......... 57% 21.3M 1s
  8950K .......... .......... .......... .......... .......... 57% 18.8M 1s
  9000K .......... .......... .......... .......... .......... 57% 2.26M 1s
  9050K .......... .......... .......... .......... .......... 58% 13.9M 1s
  9100K .......... .......... .......... .......... .......... 58% 8.10M 1s
  9150K .......... .......... .......... .......... .......... 58% 20.5M 1s
  9200K .......... .......... .......... .......... .......... 59% 22.9M 1s
  9250K .......... .......... .......... .......... .......... 59% 2.59M 1s
  9300K .......... .......... .......... .......... .......... 59% 24.6M 1s
  9350K .......... .......... .......... .......... .......... 60% 15.4M 1s
  9400K .......... .......... .......... .......... .......... 60% 2.55M 1s
  9450K .......... .......... .......... .......... .......... 60% 23.0M 1s
  9500K .......... .......... .......... .......... .......... 61% 5.65M 1s
  9550K .......... .......... .......... .......... .......... 61% 24.2M 1s
  9600K .......... .......... .......... .......... .......... 61% 4.65M 1s
  9650K .......... .......... .......... .......... .......... 62% 3.37M 1s
  9700K .......... .......... .......... .......... .......... 62% 23.7M 1s
  9750K .......... .......... .......... .......... .......... 62% 6.58M 1s
  9800K .......... .......... .......... .......... .......... 63% 23.2M 1s
  9850K .......... .......... .......... .......... .......... 63% 4.21M 1s
  9900K .......... .......... .......... .......... .......... 63% 1.97M 1s
  9950K .......... .......... .......... .......... .......... 63% 11.0M 1s
 10000K .......... .......... .......... .......... .......... 64% 4.74M 1s
 10050K .......... .......... .......... .......... .......... 64% 19.4M 1s
 10100K .......... .......... .......... .......... .......... 64% 13.1M 1s
 10150K .......... .......... .......... .......... .......... 65% 1.53M 1s
 10200K .......... .......... .......... .......... .......... 65% 11.4M 1s
 10250K .......... .......... .......... .......... .......... 65% 24.5M 1s
 10300K .......... .......... .......... .......... .......... 66% 9.10M 1s
 10350K .......... .......... .......... .......... .......... 66% 8.91M 1s
 10400K .......... .......... .......... .......... .......... 66% 2.07M 1s
 10450K .......... .......... .......... .......... .......... 67% 27.0M 1s
 10500K .......... .......... .......... .......... .......... 67% 11.1M 1s
 10550K .......... .......... .......... .......... .......... 67% 21.4M 1s
 10600K .......... .......... .......... .......... .......... 68% 11.4M 1s
 10650K .......... .......... .......... .......... .......... 68% 3.84M 1s
 10700K .......... .......... .......... .......... .......... 68% 3.77M 1s
 10750K .......... .......... .......... .......... .......... 69% 19.4M 1s
 10800K .......... .......... .......... .......... .......... 69% 23.7M 1s
 10850K .......... .......... .......... .......... .......... 69% 9.93M 1s
 10900K .......... .......... .......... .......... .......... 70% 22.2M 1s
 10950K .......... .......... .......... .......... .......... 70% 7.81M 1s
 11000K .......... .......... .......... .......... .......... 70% 3.91M 1s
 11050K .......... .......... .......... .......... .......... 71% 5.07M 1s
 11100K .......... .......... .......... .......... .......... 71% 23.9M 1s
 11150K .......... .......... .......... .......... .......... 71% 14.6M 1s
 11200K .......... .......... .......... .......... .......... 71% 13.1M 1s
 11250K .......... .......... .......... .......... .......... 72% 7.12M 1s
 11300K .......... .......... .......... .......... .......... 72% 5.59M 1s
 11350K .......... .......... .......... .......... .......... 72% 11.0M 1s
 11400K .......... .......... .......... .......... .......... 73% 6.64M 1s
 11450K .......... .......... .......... .......... .......... 73% 17.6M 1s
 11500K .......... .......... .......... .......... .......... 73% 23.5M 1s
 11550K .......... .......... .......... .......... .......... 74% 4.63M 1s
 11600K .......... .......... .......... .......... .......... 74% 13.3M 1s
 11650K .......... .......... .......... .......... .......... 74% 10.1M 1s
 11700K .......... .......... .......... .......... .......... 75% 13.5M 1s
 11750K .......... .......... .......... .......... .......... 75% 12.8M 1s
 11800K .......... .......... .......... .......... .......... 75% 14.6M 1s
 11850K .......... .......... .......... .......... .......... 76% 4.38M 1s
 11900K .......... .......... .......... .......... .......... 76% 26.1M 1s
 11950K .......... .......... .......... .......... .......... 76% 6.57M 1s
 12000K .......... .......... .......... .......... .......... 77% 7.57M 1s
 12050K .......... .......... .......... .......... .......... 77% 16.8M 1s
 12100K .......... .......... .......... .......... .......... 77% 5.44M 1s
 12150K .......... .......... .......... .......... .......... 78% 17.7M 1s
 12200K .......... .......... .......... .......... .......... 78% 12.9M 1s
 12250K .......... .......... .......... .......... .......... 78% 6.19M 1s
 12300K .......... .......... .......... .......... .......... 79% 11.4M 1s
 12350K .......... .......... .......... .......... .......... 79% 27.9M 1s
 12400K .......... .......... .......... .......... .......... 79% 6.23M 1s
 12450K .......... .......... .......... .......... .......... 79% 20.3M 1s
 12500K .......... .......... .......... .......... .......... 80% 14.6M 1s
 12550K .......... .......... .......... .......... .......... 80% 10.1M 1s
 12600K .......... .......... .......... .......... .......... 80% 6.94M 0s
 12650K .......... .......... .......... .......... .......... 81% 4.58M 0s
 12700K .......... .......... .......... .......... .......... 81% 11.8M 0s
 12750K .......... .......... .......... .......... .......... 81% 16.8M 0s
 12800K .......... .......... .......... .......... .......... 82% 14.0M 0s
 12850K .......... .......... .......... .......... .......... 82% 9.86M 0s
 12900K .......... .......... .......... .......... .......... 82% 11.4M 0s
 12950K .......... .......... .......... .......... .......... 83% 5.92M 0s
 13000K .......... .......... .......... .......... .......... 83% 24.1M 0s
 13050K .......... .......... .......... .......... .......... 83% 4.71M 0s
 13100K .......... .......... .......... .......... .......... 84% 25.1M 0s
 13150K .......... .......... .......... .......... .......... 84% 20.3M 0s
 13200K .......... .......... .......... .......... .......... 84% 5.92M 0s
 13250K .......... .......... .......... .......... .......... 85% 17.6M 0s
 13300K .......... .......... .......... .......... .......... 85% 7.34M 0s
 13350K .......... .......... .......... .......... .......... 85% 8.66M 0s
 13400K .......... .......... .......... .......... .......... 86% 14.2M 0s
 13450K .......... .......... .......... .......... .......... 86% 11.5M 0s
 13500K .......... .......... .......... .......... .......... 86% 7.76M 0s
 13550K .......... .......... .......... .......... .......... 87% 6.65M 0s
 13600K .......... .......... .......... .......... .......... 87% 29.8M 0s
 13650K .......... .......... .......... .......... .......... 87% 2.80M 0s
 13700K .......... .......... .......... .......... .......... 87% 10.6M 0s
 13750K .......... .......... .......... .......... .......... 88% 29.2M 0s
 13800K .......... .......... .......... .......... .......... 88% 12.2M 0s
 13850K .......... .......... .......... .......... .......... 88% 6.22M 0s
 13900K .......... .......... .......... .......... .......... 89% 3.20M 0s
 13950K .......... .......... .......... .......... .......... 89% 11.2M 0s
 14000K .......... .......... .......... .......... .......... 89% 24.4M 0s
 14050K .......... .......... .......... .......... .......... 90% 18.4M 0s
 14100K .......... .......... .......... .......... .......... 90% 22.8M 0s
 14150K .......... .......... .......... .......... .......... 90% 1.18M 0s
 14200K .......... .......... .......... .......... .......... 91%  597M 0s
 14250K .......... .......... .......... .......... .......... 91% 1.23G 0s
 14300K .......... .......... .......... .......... .......... 91%  944M 0s
 14350K .......... .......... .......... .......... .......... 92%  633M 0s
 14400K .......... .......... .......... .......... .......... 92% 1.20G 0s
 14450K .......... .......... .......... .......... .......... 92% 1.04G 0s
 14500K .......... .......... .......... .......... .......... 93% 2.33M 0s
 14550K .......... .......... .......... .......... .......... 93% 12.9M 0s
 14600K .......... .......... .......... .......... .......... 93% 23.5M 0s
 14650K .......... .......... .......... .......... .......... 94% 8.93M 0s
 14700K .......... .......... .......... .......... .......... 94% 2.38M 0s
 14750K .......... .......... .......... .......... .......... 94% 11.0M 0s
 14800K .......... .......... .......... .......... .......... 95% 21.5M 0s
 14850K .......... .......... .......... .......... .......... 95% 30.7M 0s
 14900K .......... .......... .......... .......... .......... 95% 1.88M 0s
 14950K .......... .......... .......... .......... .......... 95% 23.6M 0s
 15000K .......... .......... .......... .......... .......... 96% 23.1M 0s
 15050K .......... .......... .......... .......... .......... 96% 4.94M 0s
 15100K .......... .......... .......... .......... .......... 96% 2.59M 0s
 15150K .......... .......... .......... .......... .......... 97% 24.3M 0s
 15200K .......... .......... .......... .......... .......... 97% 24.1M 0s
 15250K .......... .......... .......... .......... .......... 97% 12.1M 0s
 15300K .......... .......... .......... .......... .......... 98% 1.78M 0s
 15350K .......... .......... .......... .......... .......... 98% 12.3M 0s
 15400K .......... .......... .......... .......... .......... 98% 17.5M 0s
 15450K .......... .......... .......... .......... .......... 99% 23.9M 0s
 15500K .......... .......... .......... .......... .......... 99% 2.35M 0s
 15550K .......... .......... .......... .......... .......... 99% 4.26M 0s
 15600K .......... .......... .....                           100%  470M=2.5s

2026-05-09 15:46:03 (6.09 MB/s) - ‘/home/naiwu/xxu_2026/xxu_nav_2026/build/multirobot_map_merge/2012-01-28-11-12-01.pgm’ saved [16000058/16000058]

