-- The C compiler identification is GNU 13.3.0
-- The CXX compiler identification is GNU 13.3.0
-- Detecting C compiler ABI info
-- Detecting C compiler ABI info - done
-- Check for working C compiler: /usr/bin/cc - skipped
-- Detecting C compile features
-- Detecting C compile features - done
-- Detecting CXX compiler ABI info
-- Detecting CXX compiler ABI info - done
-- Check for working CXX compiler: /usr/bin/c++ - skipped
-- Detecting CXX compile features
-- Detecting CXX compile features - done
-- Found ament_cmake: 2.5.5 (/opt/ros/jazzy/share/ament_cmake/cmake)
-- Found Python3: /usr/bin/python3 (found version "3.12.3") found components: Interpreter 
-- Found rclcpp: 28.1.16 (/opt/ros/jazzy/share/rclcpp/cmake)
-- Found rosidl_generator_c: 4.6.7 (/opt/ros/jazzy/share/rosidl_generator_c/cmake)
-- Found rosidl_generator_cpp: 4.6.7 (/opt/ros/jazzy/share/rosidl_generator_cpp/cmake)
-- Using all available rosidl_typesupport_c: rosidl_typesupport_fastrtps_c;rosidl_typesupport_introspection_c
-- Using all available rosidl_typesupport_cpp: rosidl_typesupport_fastrtps_cpp;rosidl_typesupport_introspection_cpp
-- Found rmw_implementation_cmake: 7.3.3 (/opt/ros/jazzy/share/rmw_implementation_cmake/cmake)
-- Found rmw_fastrtps_cpp: 8.4.3 (/opt/ros/jazzy/share/rmw_fastrtps_cpp/cmake)
-- Found OpenSSL: /usr/lib/x86_64-linux-gnu/libcrypto.so (found version "3.0.13")  
-- Found FastRTPS: /opt/ros/jazzy/include (Required is at least version "2.13") 
-- Using RMW implementation 'rmw_fastrtps_cpp' as default
-- Found geometry_msgs: 5.3.6 (/opt/ros/jazzy/share/geometry_msgs/cmake)
-- Found image_geometry: 4.1.0 (/opt/ros/jazzy/share/image_geometry/cmake)
-- Found map_msgs: 2.4.1 (/opt/ros/jazzy/share/map_msgs/cmake)
-- Found tf2_geometry_msgs: 0.36.19 (/opt/ros/jazzy/share/tf2_geometry_msgs/cmake)
-- Found eigen3_cmake_module: 0.3.0 (/opt/ros/jazzy/share/eigen3_cmake_module/cmake)
-- Found Eigen3: TRUE (found version "3.4.0") 
-- Ensuring Eigen3 include directory is part of orocos-kdl CMake target
-- Found Boost: /usr/lib/x86_64-linux-gnu/cmake/Boost-1.83.0/BoostConfig.cmake (found version "1.83.0") found components: thread 
-- Found OpenCV: /usr (found version "4.6.0") 
-- Found ament_lint_auto: 0.17.4 (/opt/ros/jazzy/share/ament_lint_auto/cmake)
-- Found ament_cmake_gtest: 2.5.5 (/opt/ros/jazzy/share/ament_cmake_gtest/cmake)
Checking MD5 sum of /home/naiwu/xxu_2026/xxu_nav_2026/build/multirobot_map_merge/map00.pgm
/home/naiwu/xxu_2026/xxu_nav_2026/build/multirobot_map_merge/map00.pgm: OK
Checking MD5 sum of /home/naiwu/xxu_2026/xxu_nav_2026/build/multirobot_map_merge/map05.pgm
/home/naiwu/xxu_2026/xxu_nav_2026/build/multirobot_map_merge/map05.pgm: OK
Checking MD5 sum of /home/naiwu/xxu_2026/xxu_nav_2026/build/multirobot_map_merge/2011-08-09-12-22-52.pgm
/home/naiwu/xxu_2026/xxu_nav_2026/build/multirobot_map_merge/2011-08-09-12-22-52.pgm: OK
Checking MD5 sum of /home/naiwu/xxu_2026/xxu_nav_2026/build/multirobot_map_merge/2012-01-28-11-12-01.pgm
/home/naiwu/xxu_2026/xxu_nav_2026/build/multirobot_map_merge/2012-01-28-11-12-01.pgm: OK
-- Found gtest sources under '/opt/ros/jazzy/src/gtest_vendor': C++ tests using 'Google Test' will be built
-- Found Threads: TRUE  
-- Added test 'cppcheck' to perform static code analysis on C / C++ code
-- Configured cppcheck include dirs: /home/naiwu/xxu_2026/xxu_nav_2026/src/m-explore-ros2/map_merge/include;$<BUILD_INTERFACE:/home/naiwu/xxu_2026/xxu_nav_2026/src/m-explore-ros2/map_merge/include>
-- Configured cppcheck exclude dirs and/or files: 
-- Added test 'flake8' to check Python code syntax and style conventions
-- Configured 'flake8' exclude dirs and/or files: 
-- Added test 'lint_cmake' to check CMake code style
-- Added test 'pep257' to check Python code against some of the docstring style conventions in PEP 257
-- Added test 'uncrustify' to check C / C++ code style
-- Configured uncrustify additional arguments: 
-- Added test 'xmllint' to check XML markup files
-- Configuring done (13.1s)
-- Generating done (0.0s)
-- Build files have been written to: /home/naiwu/xxu_2026/xxu_nav_2026/build/multirobot_map_merge
[ 25%] Building CXX object CMakeFiles/combine_grids.dir/src/combine_grids/grid_compositor.cpp.o
[ 25%] Building CXX object CMakeFiles/combine_grids.dir/src/combine_grids/grid_warper.cpp.o
[ 25%] Building CXX object CMakeFiles/combine_grids.dir/src/combine_grids/merging_pipeline.cpp.o
[ 33%] Building CXX object gtest/CMakeFiles/gtest.dir/src/gtest-all.cc.o
[ 41%] Building CXX object gtest/CMakeFiles/gtest_main.dir/src/gtest_main.cc.o
[ 50%] Linking CXX static library libgtest_main.a
[ 50%] Built target gtest_main
[ 58%] Linking CXX static library libcombine_grids.a
[ 58%] Built target combine_grids
[ 66%] Building CXX object CMakeFiles/map_merge.dir/src/map_merge.cpp.o
[ 75%] Linking CXX static library libgtest.a
[ 75%] Built target gtest
[ 83%] Building CXX object CMakeFiles/test_merging_pipeline.dir/test/test_merging_pipeline.cpp.o
[ 91%] Linking CXX executable test_merging_pipeline
[ 91%] Built target test_merging_pipeline
[100%] Linking CXX executable map_merge
[100%] Built target map_merge
-- Install configuration: ""
-- Installing: /home/naiwu/xxu_2026/xxu_nav_2026/install/multirobot_map_merge/include/map_merge/
-- Installing: /home/naiwu/xxu_2026/xxu_nav_2026/install/multirobot_map_merge/include/map_merge//ros1_names.hpp
-- Installing: /home/naiwu/xxu_2026/xxu_nav_2026/install/multirobot_map_merge/include/map_merge//map_merge.h
-- Installing: /home/naiwu/xxu_2026/xxu_nav_2026/install/multirobot_map_merge/share/multirobot_map_merge/launch
-- Installing: /home/naiwu/xxu_2026/xxu_nav_2026/install/multirobot_map_merge/share/multirobot_map_merge/launch/tb3_simulation
-- Installing: /home/naiwu/xxu_2026/xxu_nav_2026/install/multirobot_map_merge/share/multirobot_map_merge/launch/tb3_simulation/tb3_simulation_launch.py
-- Installing: /home/naiwu/xxu_2026/xxu_nav_2026/install/multirobot_map_merge/share/multirobot_map_merge/launch/tb3_simulation/slam_toolbox.py
-- Installing: /home/naiwu/xxu_2026/xxu_nav_2026/install/multirobot_map_merge/share/multirobot_map_merge/launch/tb3_simulation/worlds
-- Installing: /home/naiwu/xxu_2026/xxu_nav_2026/install/multirobot_map_merge/share/multirobot_map_merge/launch/tb3_simulation/worlds/world_only.model
-- Installing: /home/naiwu/xxu_2026/xxu_nav_2026/install/multirobot_map_merge/share/multirobot_map_merge/launch/tb3_simulation/multi_tb3_simulation_launch.py
-- Installing: /home/naiwu/xxu_2026/xxu_nav_2026/install/multirobot_map_merge/share/multirobot_map_merge/launch/tb3_simulation/config
-- Installing: /home/naiwu/xxu_2026/xxu_nav_2026/install/multirobot_map_merge/share/multirobot_map_merge/launch/tb3_simulation/config/nav2_multirobot_params_1.yaml
-- Installing: /home/naiwu/xxu_2026/xxu_nav_2026/install/multirobot_map_merge/share/multirobot_map_merge/launch/tb3_simulation/config/nav2_multirobot_params_2.yaml
-- Installing: /home/naiwu/xxu_2026/xxu_nav_2026/install/multirobot_map_merge/share/multirobot_map_merge/launch/tb3_simulation/bringup_launch.py
-- Installing: /home/naiwu/xxu_2026/xxu_nav_2026/install/multirobot_map_merge/share/multirobot_map_merge/launch/from_map_server.launch.py
-- Installing: /home/naiwu/xxu_2026/xxu_nav_2026/install/multirobot_map_merge/share/multirobot_map_merge/launch/map_merge.launch.py
-- Installing: /home/naiwu/xxu_2026/xxu_nav_2026/install/multirobot_map_merge/share/multirobot_map_merge/launch/map_merge.rviz
-- Installing: /home/naiwu/xxu_2026/xxu_nav_2026/install/multirobot_map_merge/share/multirobot_map_merge/config
-- Installing: /home/naiwu/xxu_2026/xxu_nav_2026/install/multirobot_map_merge/share/multirobot_map_merge/config/params.yaml
-- Installing: /home/naiwu/xxu_2026/xxu_nav_2026/install/multirobot_map_merge/lib/libcombine_grids.a
-- Installing: /home/naiwu/xxu_2026/xxu_nav_2026/install/multirobot_map_merge/lib/multirobot_map_merge/map_merge
-- Set non-toolchain portion of runtime path of "/home/naiwu/xxu_2026/xxu_nav_2026/install/multirobot_map_merge/lib/multirobot_map_merge/map_merge" to ""
-- Installing: /home/naiwu/xxu_2026/xxu_nav_2026/install/multirobot_map_merge/share/multirobot_map_merge/environment/library_path.sh
-- Installing: /home/naiwu/xxu_2026/xxu_nav_2026/install/multirobot_map_merge/share/multirobot_map_merge/environment/library_path.dsv
-- Installing: /home/naiwu/xxu_2026/xxu_nav_2026/install/multirobot_map_merge/share/ament_index/resource_index/package_run_dependencies/multirobot_map_merge
-- Installing: /home/naiwu/xxu_2026/xxu_nav_2026/install/multirobot_map_merge/share/ament_index/resource_index/parent_prefix_path/multirobot_map_merge
-- Installing: /home/naiwu/xxu_2026/xxu_nav_2026/install/multirobot_map_merge/share/multirobot_map_merge/environment/ament_prefix_path.sh
-- Installing: /home/naiwu/xxu_2026/xxu_nav_2026/install/multirobot_map_merge/share/multirobot_map_merge/environment/ament_prefix_path.dsv
-- Installing: /home/naiwu/xxu_2026/xxu_nav_2026/install/multirobot_map_merge/share/multirobot_map_merge/environment/path.sh
-- Installing: /home/naiwu/xxu_2026/xxu_nav_2026/install/multirobot_map_merge/share/multirobot_map_merge/environment/path.dsv
-- Installing: /home/naiwu/xxu_2026/xxu_nav_2026/install/multirobot_map_merge/share/multirobot_map_merge/local_setup.bash
-- Installing: /home/naiwu/xxu_2026/xxu_nav_2026/install/multirobot_map_merge/share/multirobot_map_merge/local_setup.sh
-- Installing: /home/naiwu/xxu_2026/xxu_nav_2026/install/multirobot_map_merge/share/multirobot_map_merge/local_setup.zsh
-- Installing: /home/naiwu/xxu_2026/xxu_nav_2026/install/multirobot_map_merge/share/multirobot_map_merge/local_setup.dsv
-- Installing: /home/naiwu/xxu_2026/xxu_nav_2026/install/multirobot_map_merge/share/multirobot_map_merge/package.dsv
-- Installing: /home/naiwu/xxu_2026/xxu_nav_2026/install/multirobot_map_merge/share/ament_index/resource_index/packages/multirobot_map_merge
-- Installing: /home/naiwu/xxu_2026/xxu_nav_2026/install/multirobot_map_merge/share/multirobot_map_merge/cmake/ament_cmake_export_include_directories-extras.cmake
-- Installing: /home/naiwu/xxu_2026/xxu_nav_2026/install/multirobot_map_merge/share/multirobot_map_merge/cmake/ament_cmake_export_libraries-extras.cmake
-- Installing: /home/naiwu/xxu_2026/xxu_nav_2026/install/multirobot_map_merge/share/multirobot_map_merge/cmake/multirobot_map_mergeConfig.cmake
-- Installing: /home/naiwu/xxu_2026/xxu_nav_2026/install/multirobot_map_merge/share/multirobot_map_merge/cmake/multirobot_map_mergeConfig-version.cmake
-- Installing: /home/naiwu/xxu_2026/xxu_nav_2026/install/multirobot_map_merge/share/multirobot_map_merge/package.xml
