[0.006s] Invoking command in '/home/naiwu/xxu_2026/xxu_nav_2026/build/multirobot_map_merge': CMAKE_PREFIX_PATH=${CMAKE_PREFIX_PATH}:/opt/ros/jazzy DEBUGINFOD_URLS=https://debuginfod.ubuntu.com /usr/bin/cmake /home/naiwu/xxu_2026/xxu_nav_2026/src/m-explore-ros2/map_merge -DCMAKE_INSTALL_PREFIX=/home/naiwu/xxu_2026/xxu_nav_2026/install/multirobot_map_merge
[0.045s] -- The C compiler identification is GNU 13.3.0
[0.081s] -- The CXX compiler identification is GNU 13.3.0
[0.091s] -- Detecting C compiler ABI info
[0.151s] -- Detecting C compiler ABI info - done
[0.156s] -- Check for working C compiler: /usr/bin/cc - skipped
[0.156s] -- Detecting C compile features
[0.156s] -- Detecting C compile features - done
[0.162s] -- Detecting CXX compiler ABI info
[0.226s] -- Detecting CXX compiler ABI info - done
[0.231s] -- Check for working CXX compiler: /usr/bin/c++ - skipped
[0.231s] -- Detecting CXX compile features
[0.231s] -- Detecting CXX compile features - done
[0.234s] -- Found ament_cmake: 2.5.5 (/opt/ros/jazzy/share/ament_cmake/cmake)
[0.332s] -- Found Python3: /usr/bin/python3 (found version "3.12.3") found components: Interpreter 
[0.411s] -- Found rclcpp: 28.1.16 (/opt/ros/jazzy/share/rclcpp/cmake)
[0.447s] -- Found rosidl_generator_c: 4.6.7 (/opt/ros/jazzy/share/rosidl_generator_c/cmake)
[0.458s] -- Found rosidl_generator_cpp: 4.6.7 (/opt/ros/jazzy/share/rosidl_generator_cpp/cmake)
[0.471s] -- Using all available rosidl_typesupport_c: rosidl_typesupport_fastrtps_c;rosidl_typesupport_introspection_c
[0.485s] -- Using all available rosidl_typesupport_cpp: rosidl_typesupport_fastrtps_cpp;rosidl_typesupport_introspection_cpp
[0.549s] -- Found rmw_implementation_cmake: 7.3.3 (/opt/ros/jazzy/share/rmw_implementation_cmake/cmake)
[0.552s] -- Found rmw_fastrtps_cpp: 8.4.3 (/opt/ros/jazzy/share/rmw_fastrtps_cpp/cmake)
[0.621s] -- Found OpenSSL: /usr/lib/x86_64-linux-gnu/libcrypto.so (found version "3.0.13")  
[0.636s] -- Found FastRTPS: /opt/ros/jazzy/include (Required is at least version "2.13") 
[0.653s] -- Using RMW implementation 'rmw_fastrtps_cpp' as default
[0.711s] -- Found geometry_msgs: 5.3.6 (/opt/ros/jazzy/share/geometry_msgs/cmake)
[0.738s] -- Found image_geometry: 4.1.0 (/opt/ros/jazzy/share/image_geometry/cmake)
[0.769s] -- Found map_msgs: 2.4.1 (/opt/ros/jazzy/share/map_msgs/cmake)
[0.814s] -- Found tf2_geometry_msgs: 0.36.19 (/opt/ros/jazzy/share/tf2_geometry_msgs/cmake)
[0.828s] -- Found eigen3_cmake_module: 0.3.0 (/opt/ros/jazzy/share/eigen3_cmake_module/cmake)
[0.829s] -- Found Eigen3: TRUE (found version "3.4.0") 
[0.829s] -- Ensuring Eigen3 include directory is part of orocos-kdl CMake target
[1.014s] -- Found Boost: /usr/lib/x86_64-linux-gnu/cmake/Boost-1.83.0/BoostConfig.cmake (found version "1.83.0") found components: thread 
[1.019s] -- Found OpenCV: /usr (found version "4.6.0") 
[1.028s] -- Found ament_lint_auto: 0.17.4 (/opt/ros/jazzy/share/ament_lint_auto/cmake)
[1.100s] -- Found ament_cmake_gtest: 2.5.5 (/opt/ros/jazzy/share/ament_cmake_gtest/cmake)
[1.105s] --2026-05-09 15:45:51--  https://raw.githubusercontent.com/hrnr/m-explore-extra/master/map_merge/hector_maps/map00.pgm
[1.122s] Connecting to 127.0.0.1:7897... connected.
[2.259s] Proxy request sent, awaiting response... 200 OK
[2.259s] Length: 4194362 (4.0M) [application/octet-stream]
[2.259s] Saving to: ‘/home/naiwu/xxu_2026/xxu_nav_2026/build/multirobot_map_merge/map00.pgm’
[2.282s] 
[2.371s]      0K .......... .......... .......... .......... ..........  1%  447K 9s
[2.401s]     50K .......... .......... .......... .......... ..........  2% 1.63M 6s
[2.429s]    100K .......... .......... .......... .......... ..........  3% 1.76M 4s
[2.447s]    150K .......... .......... .......... .......... ..........  4% 2.73M 4s
[2.461s]    200K .......... .......... .......... .......... ..........  6% 3.51M 3s
[2.658s]    250K .......... .......... .......... .......... ..........  7%  253K 5s
[2.660s]    300K .......... .......... .......... .......... ..........  8% 22.0M 4s
[2.666s]    350K .......... .......... .......... .......... ..........  9% 17.7M 4s
[2.743s]    400K .......... .......... .......... .......... .......... 10%  624K 4s
[2.752s]    450K .......... .......... .......... .......... .......... 12% 5.86M 4s
[2.775s]    500K .......... .......... .......... .......... .......... 13% 2.11M 3s
[2.780s]    550K .......... .......... .......... .......... .......... 14% 10.1M 3s
[2.782s]    600K .......... .......... .......... .......... .......... 15% 22.5M 3s
[2.790s]    650K .......... .......... .......... .......... .......... 17% 5.59M 3s
[2.804s]    700K .......... .......... .......... .......... .......... 18% 3.76M 2s
[2.810s]    750K .......... .......... .......... .......... .......... 19% 7.56M 2s
[2.812s]    800K .......... .......... .......... .......... .......... 20% 23.2M 2s
[2.816s]    850K .......... .......... .......... .......... .......... 21% 16.7M 2s
[2.909s]    900K .......... .......... .......... .......... .......... 23%  532K 2s
[2.916s]    950K .......... .......... .......... .......... .......... 24% 7.00M 2s
[2.918s]   1000K .......... .......... .......... .......... .......... 25% 25.5M 2s
[2.921s]   1050K .......... .......... .......... .......... .......... 26% 15.5M 2s
[2.925s]   1100K .......... .......... .......... .......... .......... 28% 11.7M 2s
[2.942s]   1150K .......... .......... .......... .......... .......... 29% 2.93M 2s
[2.944s]   1200K .......... .......... .......... .......... .......... 30% 20.6M 2s
[2.946s]   1250K .......... .......... .......... .......... .......... 31% 22.0M 1s
[2.951s]   1300K .......... .......... .......... .......... .......... 32% 12.0M 1s
[2.959s]   1350K .......... .......... .......... .......... .......... 34% 6.01M 1s
[2.992s]   1400K .......... .......... .......... .......... .......... 35% 1.47M 1s
[2.996s]   1450K .......... .......... .......... .......... .......... 36% 11.0M 1s
[2.998s]   1500K .......... .......... .......... .......... .......... 37% 24.3M 1s
[3.003s]   1550K .......... .......... .......... .......... .......... 39% 10.8M 1s
[3.006s]   1600K .......... .......... .......... .......... .......... 40% 15.5M 1s
[3.058s]   1650K .......... .......... .......... .......... .......... 41%  967K 1s
[3.062s]   1700K .......... .......... .......... .......... .......... 42% 11.2M 1s
[3.064s]   1750K .......... .......... .......... .......... .......... 43% 22.1M 1s
[3.069s]   1800K .......... .......... .......... .......... .......... 45% 10.4M 1s
[3.071s]   1850K .......... .......... .......... .......... .......... 46% 20.8M 1s
[3.073s]   1900K .......... .......... .......... .......... .......... 47% 22.8M 1s
[3.142s]   1950K .......... .......... .......... .......... .......... 48%  724K 1s
[3.145s]   2000K .......... .......... .......... .......... .......... 50% 15.6M 1s
[3.150s]   2050K .......... .......... .......... .......... .......... 51% 11.1M 1s
[3.152s]   2100K .......... .......... .......... .......... .......... 52% 25.1M 1s
[3.156s]   2150K .......... .......... .......... .......... .......... 53% 11.5M 1s
[3.174s]   2200K .......... .......... .......... .......... .......... 54% 2.67M 1s
[3.212s]   2250K .......... .......... .......... .......... .......... 56% 1.30M 1s
[3.217s]   2300K .......... .......... .......... .......... .......... 57% 9.85M 1s
[3.219s]   2350K .......... .......... .......... .......... .......... 58% 26.4M 1s
[3.221s]   2400K .......... .......... .......... .......... .......... 59% 18.7M 1s
[3.227s]   2450K .......... .......... .......... .......... .......... 61% 9.36M 1s
[3.241s]   2500K .......... .......... .......... .......... .......... 62% 3.47M 1s
[3.274s]   2550K .......... .......... .......... .......... .......... 63% 1.48M 1s
[3.278s]   2600K .......... .......... .......... .......... .......... 64% 10.5M 1s
[3.280s]   2650K .......... .......... .......... .......... .......... 65% 22.6M 1s
[3.321s]   2700K .......... .......... .......... .......... .......... 67% 1.20M 1s
[3.322s]   2750K .......... .......... .......... .......... .......... 68% 49.7M 0s
[3.322s]   2800K .......... .......... .......... .......... .......... 69% 1016M 0s
[3.322s]   2850K .......... .......... .......... .......... .......... 70% 1.07G 0s
[3.322s]   2900K .......... .......... .......... .......... .......... 72% 1.04G 0s
[3.322s]   2950K .......... .......... .......... .......... .......... 73%  823M 0s
[3.322s]   3000K .......... .......... .......... .......... .......... 74% 1.01G 0s
[3.322s]   3050K .......... .......... .......... .......... .......... 75% 1.18G 0s
[3.323s]   3100K .......... .......... .......... .......... .......... 76% 1.02G 0s
[3.336s]   3150K .......... .......... .......... .......... .......... 78% 3.49M 0s
[3.342s]   3200K .......... .......... .......... .......... .......... 79% 9.05M 0s
[3.345s]   3250K .......... .......... .......... .......... .......... 80% 13.1M 0s
[3.350s]   3300K .......... .......... .......... .......... .......... 81% 11.3M 0s
[3.352s]   3350K .......... .......... .......... .......... .......... 83% 21.0M 0s
[3.364s]   3400K .......... .......... .......... .......... .......... 84% 4.14M 0s
[3.370s]   3450K .......... .......... .......... .......... .......... 85% 7.89M 0s
[3.376s]   3500K .......... .......... .......... .......... .......... 86% 7.98M 0s
[3.384s]   3550K .......... .......... .......... .......... .......... 87% 6.02M 0s
[3.386s]   3600K .......... .......... .......... .......... .......... 89% 32.2M 0s
[3.389s]   3650K .......... .......... .......... .......... .......... 90% 14.2M 0s
[3.399s]   3700K .......... .......... .......... .......... .......... 91% 4.98M 0s
[3.407s]   3750K .......... .......... .......... .......... .......... 92% 6.28M 0s
[3.413s]   3800K .......... .......... .......... .......... .......... 93% 7.66M 0s
[3.417s]   3850K .......... .......... .......... .......... .......... 95% 11.7M 0s
[3.423s]   3900K .......... .......... .......... .......... .......... 96% 8.49M 0s
[3.427s]   3950K .......... .......... .......... .......... .......... 97% 12.1M 0s
[3.443s]   4000K .......... .......... .......... .......... .......... 98% 3.21M 0s
[3.443s]   4050K .......... .......... .......... .......... ......    100%  642M=1.2s
[3.443s] 
[3.443s] 2026-05-09 15:45:54 (3.38 MB/s) - ‘/home/naiwu/xxu_2026/xxu_nav_2026/build/multirobot_map_merge/map00.pgm’ saved [4194362/4194362]
[3.443s] 
[3.446s] Checking MD5 sum of /home/naiwu/xxu_2026/xxu_nav_2026/build/multirobot_map_merge/map00.pgm
[3.452s] /home/naiwu/xxu_2026/xxu_nav_2026/build/multirobot_map_merge/map00.pgm: OK
[3.457s] --2026-05-09 15:45:54--  https://raw.githubusercontent.com/hrnr/m-explore-extra/master/map_merge/hector_maps/map05.pgm
[3.476s] Connecting to 127.0.0.1:7897... connected.
[4.603s] Proxy request sent, awaiting response... 200 OK
[4.604s] Length: 4194362 (4.0M) [application/octet-stream]
[4.604s] Saving to: ‘/home/naiwu/xxu_2026/xxu_nav_2026/build/multirobot_map_merge/map05.pgm’
[4.604s] 
[4.657s]      0K .......... .......... .......... .......... ..........  1%  935K 4s
[4.685s]     50K .......... .......... .......... .......... ..........  2% 1.76M 3s
[4.719s]    100K .......... .......... .......... .......... ..........  3% 1.44M 3s
[4.730s]    150K .......... .......... .......... .......... ..........  4% 4.14M 2s
[4.748s]    200K .......... .......... .......... .......... ..........  6% 2.78M 2s
[4.751s]    250K .......... .......... .......... .......... ..........  7% 15.5M 2s
[4.772s]    300K .......... .......... .......... .......... ..........  8% 2.29M 2s
[4.911s]    350K .......... .......... .......... .......... ..........  9%  361K 3s
[4.915s]    400K .......... .......... .......... .......... .......... 10% 11.0M 3s
[4.918s]    450K .......... .......... .......... .......... .......... 12% 21.9M 2s
[4.921s]    500K .......... .......... .......... .......... .......... 13% 15.6M 2s
[4.924s]    550K .......... .......... .......... .......... .......... 14% 13.7M 2s
[4.944s]    600K .......... .......... .......... .......... .......... 15% 2.44M 2s
[4.946s]    650K .......... .......... .......... .......... .......... 17% 25.0M 2s
[4.951s]    700K .......... .......... .......... .......... .......... 18% 9.29M 2s
[4.956s]    750K .......... .......... .......... .......... .......... 19% 23.5M 1s
[4.971s]    800K .......... .......... .......... .......... .......... 20% 2.88M 1s
[4.977s]    850K .......... .......... .......... .......... .......... 21% 7.96M 1s
[4.979s]    900K .......... .......... .......... .......... .......... 23% 25.6M 1s
[4.984s]    950K .......... .......... .......... .......... .......... 24% 9.87M 1s
[4.986s]   1000K .......... .......... .......... .......... .......... 25% 23.7M 1s
[4.988s]   1050K .......... .......... .......... .......... .......... 26% 20.7M 1s
[4.997s]   1100K .......... .......... .......... .......... .......... 28% 5.27M 1s
[5.051s]   1150K .......... .......... .......... .......... .......... 29%  929K 1s
[5.055s]   1200K .......... .......... .......... .......... .......... 30% 13.8M 1s
[5.059s]   1250K .......... .......... .......... .......... .......... 31% 12.2M 1s
[5.061s]   1300K .......... .......... .......... .......... .......... 32% 24.7M 1s
[5.065s]   1350K .......... .......... .......... .......... .......... 34% 10.6M 1s
[5.067s]   1400K .......... .......... .......... .......... .......... 35% 24.2M 1s
[5.069s]   1450K .......... .......... .......... .......... .......... 36% 33.7M 1s
[5.078s]   1500K .......... .......... .......... .......... .......... 37% 5.09M 1s
[5.088s]   1550K .......... .......... .......... .......... .......... 39% 4.84M 1s
[5.096s]   1600K .......... .......... .......... .......... .......... 40% 6.40M 1s
[5.101s]   1650K .......... .......... .......... .......... .......... 41% 10.6M 1s
[5.103s]   1700K .......... .......... .......... .......... .......... 42% 23.9M 1s
[5.107s]   1750K .......... .......... .......... .......... .......... 43% 11.7M 1s
[5.109s]   1800K .......... .......... .......... .......... .......... 45% 18.8M 1s
[5.111s]   1850K .......... .......... .......... .......... .......... 46% 25.5M 1s
[5.116s]   1900K .......... .......... .......... .......... .......... 47% 9.92M 1s
[5.129s]   1950K .......... .......... .......... .......... .......... 48% 3.75M 1s
[5.133s]   2000K .......... .......... .......... .......... .......... 50% 13.6M 1s
[5.141s]   2050K .......... .......... .......... .......... .......... 51% 6.38M 1s
[5.145s]   2100K .......... .......... .......... .......... .......... 52% 11.9M 0s
[5.148s]   2150K .......... .......... .......... .......... .......... 53% 15.7M 0s
[5.150s]   2200K .......... .......... .......... .......... .......... 54% 23.5M 0s
[5.152s]   2250K .......... .......... .......... .......... .......... 56% 24.1M 0s
[5.158s]   2300K .......... .......... .......... .......... .......... 57% 7.54M 0s
[5.162s]   2350K .......... .......... .......... .......... .......... 58% 12.4M 0s
[5.172s]   2400K .......... .......... .......... .......... .......... 59% 5.21M 0s
[5.174s]   2450K .......... .......... .......... .......... .......... 61% 25.8M 0s
[5.182s]   2500K .......... .......... .......... .......... .......... 62% 5.66M 0s
[5.184s]   2550K .......... .......... .......... .......... .......... 63% 26.7M 0s
[5.188s]   2600K .......... .......... .......... .......... .......... 64% 11.9M 0s
[5.191s]   2650K .......... .......... .......... .......... .......... 65% 18.7M 0s
[5.193s]   2700K .......... .......... .......... .......... .......... 67% 24.3M 0s
[5.197s]   2750K .......... .......... .......... .......... .......... 68% 11.2M 0s
[5.199s]   2800K .......... .......... .......... .......... .......... 69% 24.1M 0s
[5.205s]   2850K .......... .......... .......... .......... .......... 70% 8.87M 0s
[5.211s]   2900K .......... .......... .......... .......... .......... 72% 7.28M 0s
[5.228s]   2950K .......... .......... .......... .......... .......... 73% 2.97M 0s
[5.232s]   3000K .......... .......... .......... .......... .......... 74% 10.3M 0s
[5.235s]   3050K .......... .......... .......... .......... .......... 75% 21.3M 0s
[5.237s]   3100K .......... .......... .......... .......... .......... 76% 25.4M 0s
[5.248s]   3150K .......... .......... .......... .......... .......... 78% 4.25M 0s
[5.254s]   3200K .......... .......... .......... .......... .......... 79% 9.09M 0s
[5.256s]   3250K .......... .......... .......... .......... .......... 80% 23.0M 0s
[5.258s]   3300K .......... .......... .......... .......... .......... 81% 23.0M 0s
[5.261s]   3350K .......... .......... .......... .......... .......... 83% 17.4M 0s
[5.272s]   3400K .......... .......... .......... .......... .......... 84% 4.42M 0s
[5.274s]   3450K .......... .......... .......... .......... .......... 85% 22.4M 0s
[5.279s]   3500K .......... .......... .......... .......... .......... 86% 10.2M 0s
[5.281s]   3550K .......... .......... .......... .......... .......... 87% 23.9M 0s
[5.289s]   3600K .......... .......... .......... .......... .......... 89% 5.65M 0s
[5.291s]   3650K .......... .......... .......... .......... .......... 90% 22.7M 0s
[5.294s]   3700K .......... .......... .......... .......... .......... 91% 23.4M 0s
[5.296s]   3750K .......... .......... .......... .......... .......... 92% 21.6M 0s
[5.300s]   3800K .......... .......... .......... .......... .......... 93% 12.4M 0s
[5.304s]   3850K .......... .......... .......... .......... .......... 95% 12.8M 0s
[5.309s]   3900K .......... .......... .......... .......... .......... 96% 9.30M 0s
[5.311s]   3950K .......... .......... .......... .......... .......... 97% 23.7M 0s
[5.316s]   4000K .......... .......... .......... .......... .......... 98% 9.83M 0s
[5.321s]   4050K .......... .......... .......... .......... ......    100% 9.61M=0.7s
[5.321s] 
[5.321s] 2026-05-09 15:45:56 (5.58 MB/s) - ‘/home/naiwu/xxu_2026/xxu_nav_2026/build/multirobot_map_merge/map05.pgm’ saved [4194362/4194362]
[5.321s] 
[5.322s] Checking MD5 sum of /home/naiwu/xxu_2026/xxu_nav_2026/build/multirobot_map_merge/map05.pgm
[5.330s] /home/naiwu/xxu_2026/xxu_nav_2026/build/multirobot_map_merge/map05.pgm: OK
[5.335s] --2026-05-09 15:45:56--  https://raw.githubusercontent.com/hrnr/m-explore-extra/master/map_merge/gmapping_maps/2011-08-09-12-22-52.pgm
[5.349s] Connecting to 127.0.0.1:7897... connected.
[6.753s] Proxy request sent, awaiting response... 200 OK
[6.753s] Length: 16000058 (15M) [application/octet-stream]
[6.754s] Saving to: ‘/home/naiwu/xxu_2026/xxu_nav_2026/build/multirobot_map_merge/2011-08-09-12-22-52.pgm’
[6.754s] 
[6.803s]      0K .......... .......... .......... .......... ..........  0% 1006K 15s
[6.836s]     50K .......... .......... .......... .......... ..........  0% 1.50M 13s
[6.863s]    100K .......... .......... .......... .......... ..........  0% 1.79M 11s
[6.877s]    150K .......... .......... .......... .......... ..........  1% 3.50M 10s
[6.894s]    200K .......... .......... .......... .......... ..........  1% 2.89M 9s
[7.027s]    250K .......... .......... .......... .......... ..........  1%  374K 14s
[7.035s]    300K .......... .......... .......... .......... ..........  2% 6.23M 12s
[7.071s]    350K .......... .......... .......... .......... ..........  2% 1.37M 12s
[7.083s]    400K .......... .......... .......... .......... ..........  2% 4.03M 11s
[7.196s]    450K .......... .......... .......... .......... ..........  3%  442K 13s
[7.204s]    500K .......... .......... .......... .......... ..........  3% 6.13M 12s
[7.209s]    550K .......... .......... .......... .......... ..........  3% 9.21M 11s
[7.226s]    600K .......... .......... .......... .......... ..........  4% 3.00M 11s
[7.228s]    650K .......... .......... .......... .......... ..........  4% 20.3M 10s
[7.250s]    700K .......... .......... .......... .......... ..........  4% 2.18M 10s
[7.256s]    750K .......... .......... .......... .......... ..........  5% 8.04M 9s
[7.263s]    800K .......... .......... .......... .......... ..........  5% 7.88M 9s
[7.270s]    850K .......... .......... .......... .......... ..........  5% 9.15M 8s
[7.359s]    900K .......... .......... .......... .......... ..........  6%  547K 9s
[7.363s]    950K .......... .......... .......... .......... ..........  6% 12.1M 9s
[7.368s]   1000K .......... .......... .......... .......... ..........  6% 11.4M 9s
[7.371s]   1050K .......... .......... .......... .......... ..........  7% 17.1M 8s
[7.375s]   1100K .......... .......... .......... .......... ..........  7% 25.7M 8s
[7.377s]   1150K .......... .......... .......... .......... ..........  7% 11.4M 7s
[7.381s]   1200K .......... .......... .......... .......... ..........  7% 12.4M 7s
[7.388s]   1250K .......... .......... .......... .......... ..........  8% 6.84M 7s
[7.394s]   1300K .......... .......... .......... .......... ..........  8% 7.70M 7s
[7.396s]   1350K .......... .......... .......... .......... ..........  8% 28.8M 7s
[7.403s]   1400K .......... .......... .......... .......... ..........  9% 7.10M 6s
[7.405s]   1450K .......... .......... .......... .......... ..........  9% 22.2M 6s
[7.409s]   1500K .......... .......... .......... .......... ..........  9% 11.9M 6s
[7.411s]   1550K .......... .......... .......... .......... .......... 10% 24.6M 6s
[7.416s]   1600K .......... .......... .......... .......... .......... 10% 10.1M 6s
[7.417s]   1650K .......... .......... .......... .......... .......... 10% 57.2M 5s
[7.422s]   1700K .......... .......... .......... .......... .......... 11% 9.95M 5s
[7.425s]   1750K .......... .......... .......... .......... .......... 11% 15.2M 5s
[7.438s]   1800K .......... .......... .......... .......... .......... 11% 3.71M 5s
[7.440s]   1850K .......... .......... .......... .......... .......... 12% 28.0M 5s
[7.442s]   1900K .......... .......... .......... .......... .......... 12% 19.9M 5s
[7.447s]   1950K .......... .......... .......... .......... .......... 12% 9.42M 5s
[7.449s]   2000K .......... .......... .......... .......... .......... 13% 25.7M 5s
[7.452s]   2050K .......... .......... .......... .......... .......... 13% 18.3M 4s
[7.454s]   2100K .......... .......... .......... .......... .......... 13% 24.7M 4s
[7.460s]   2150K .......... .......... .......... .......... .......... 14% 8.41M 4s
[7.461s]   2200K .......... .......... .......... .......... .......... 14% 31.3M 4s
[7.464s]   2250K .......... .......... .......... .......... .......... 14% 15.2M 4s
[7.473s]   2300K .......... .......... .......... .......... .......... 15% 5.71M 4s
[7.475s]   2350K .......... .......... .......... .......... .......... 15% 24.1M 4s
[7.521s]   2400K .......... .......... .......... .......... .......... 15% 1.06M 4s
[7.525s]   2450K .......... .......... .......... .......... .......... 15% 12.7M 4s
[7.528s]   2500K .......... .......... .......... .......... .......... 16% 17.6M 4s
[7.530s]   2550K .......... .......... .......... .......... .......... 16% 23.8M 4s
[7.534s]   2600K .......... .......... .......... .......... .......... 16% 10.2M 4s
[7.540s]   2650K .......... .......... .......... .......... .......... 17% 9.37M 4s
[7.542s]   2700K .......... .......... .......... .......... .......... 17% 21.2M 4s
[7.543s]   2750K .......... .......... .......... .......... .......... 17% 32.8M 4s
[7.548s]   2800K .......... .......... .......... .......... .......... 18% 10.8M 4s
[7.558s]   2850K .......... .......... .......... .......... .......... 18% 5.22M 4s
[7.567s]   2900K .......... .......... .......... .......... .......... 18% 5.00M 3s
[7.607s]   2950K .......... .......... .......... .......... .......... 19% 1.22M 4s
[7.620s]   3000K .......... .......... .......... .......... .......... 19% 3.84M 4s
[7.620s]   3050K .......... .......... .......... .......... .......... 19%  821M 4s
[7.620s]   3100K .......... .......... .......... .......... .......... 20% 1006M 3s
[7.620s]   3150K .......... .......... .......... .......... .......... 20% 1.07G 3s
[7.620s]   3200K .......... .......... .......... .......... .......... 20% 1.20G 3s
[7.621s]   3250K .......... .......... .......... .......... .......... 21% 1.01G 3s
[7.621s]   3300K .......... .......... .......... .......... .......... 21% 1.10G 3s
[7.621s]   3350K .......... .......... .......... .......... .......... 21% 1.04G 3s
[7.621s]   3400K .......... .......... .......... .......... .......... 22% 1.19G 3s
[7.621s]   3450K .......... .......... .......... .......... .......... 22%  966M 3s
[7.621s]   3500K .......... .......... .......... .......... .......... 22% 1.12G 3s
[7.622s]   3550K .......... .......... .......... .......... .......... 23% 42.3M 3s
[7.626s]   3600K .......... .......... .......... .......... .......... 23% 12.1M 3s
[7.628s]   3650K .......... .......... .......... .......... .......... 23% 25.0M 3s
[7.630s]   3700K .......... .......... .......... .......... .......... 23% 23.1M 3s
[7.634s]   3750K .......... .......... .......... .......... .......... 24% 10.6M 3s
[7.637s]   3800K .......... .......... .......... .......... .......... 24% 21.7M 3s
[7.652s]   3850K .......... .......... .......... .......... .......... 24% 3.21M 3s
[7.656s]   3900K .......... .......... .......... .......... .......... 25% 18.3M 3s
[7.666s]   3950K .......... .......... .......... .......... .......... 25% 4.10M 3s
[7.670s]   4000K .......... .......... .......... .......... .......... 25% 14.8M 3s
[7.671s]   4050K .......... .......... .......... .......... .......... 26% 25.1M 3s
[7.673s]   4100K .......... .......... .......... .......... .......... 26% 24.4M 3s
[7.678s]   4150K .......... .......... .......... .......... .......... 26% 10.9M 3s
[7.682s]   4200K .......... .......... .......... .......... .......... 27% 13.0M 2s
[7.685s]   4250K .......... .......... .......... .......... .......... 27% 14.1M 2s
[7.687s]   4300K .......... .......... .......... .......... .......... 27% 30.6M 2s
[7.700s]   4350K .......... .......... .......... .......... .......... 28% 3.77M 2s
[7.703s]   4400K .......... .......... .......... .......... .......... 28% 13.7M 2s
[7.708s]   4450K .......... .......... .......... .......... .......... 28% 11.0M 2s
[7.710s]   4500K .......... .......... .......... .......... .......... 29% 24.0M 2s
[7.711s]   4550K .......... .......... .......... .......... .......... 29% 28.1M 2s
[7.716s]   4600K .......... .......... .......... .......... .......... 29% 10.4M 2s
[7.718s]   4650K .......... .......... .......... .......... .......... 30% 23.4M 2s
[7.730s]   4700K .......... .......... .......... .......... .......... 30% 4.26M 2s
[7.739s]   4750K .......... .......... .......... .......... .......... 30% 5.47M 2s
[7.741s]   4800K .......... .......... .......... .......... .......... 31% 25.7M 2s
[7.743s]   4850K .......... .......... .......... .......... .......... 31% 18.9M 2s
[7.747s]   4900K .......... .......... .......... .......... .......... 31% 12.3M 2s
[7.801s]   4950K .......... .......... .......... .......... .......... 31%  935K 2s
[7.801s]   5000K .......... .......... .......... .......... .......... 32%  562M 2s
[7.801s]   5050K .......... .......... .......... .......... .......... 32% 1.04G 2s
[7.801s]   5100K .......... .......... .......... .......... .......... 32% 1.04G 2s
[7.801s]   5150K .......... .......... .......... .......... .......... 33% 1.16G 2s
[7.801s]   5200K .......... .......... .......... .......... .......... 33%  904M 2s
[7.801s]   5250K .......... .......... .......... .......... .......... 33% 1.10G 2s
[7.801s]   5300K .......... .......... .......... .......... .......... 34% 1.08G 2s
[7.801s]   5350K .......... .......... .......... .......... .......... 34% 1.05G 2s
[7.801s]   5400K .......... .......... .......... .......... .......... 34% 1.23G 2s
[7.805s]   5450K .......... .......... .......... .......... .......... 35% 11.4M 2s
[7.814s]   5500K .......... .......... .......... .......... .......... 35% 5.38M 2s
[7.822s]   5550K .......... .......... .......... .......... .......... 35% 6.35M 2s
[7.824s]   5600K .......... .......... .......... .......... .......... 36% 25.0M 2s
[7.826s]   5650K .......... .......... .......... .......... .......... 36% 23.3M 2s
[7.830s]   5700K .......... .......... .......... .......... .......... 36% 12.5M 2s
[7.840s]   5750K .......... .......... .......... .......... .......... 37% 5.10M 2s
[7.856s]   5800K .......... .......... .......... .......... .......... 37% 2.96M 2s
[7.860s]   5850K .......... .......... .......... .......... .......... 37% 11.8M 2s
[7.861s]   5900K .......... .......... .......... .......... .......... 38% 51.5M 2s
[7.867s]   5950K .......... .......... .......... .......... .......... 38% 8.34M 2s
[7.869s]   6000K .......... .......... .......... .......... .......... 38% 20.0M 2s
[7.886s]   6050K .......... .......... .......... .......... .......... 39% 3.01M 2s
[7.888s]   6100K .......... .......... .......... .......... .......... 39% 24.7M 2s
[7.893s]   6150K .......... .......... .......... .......... .......... 39% 10.0M 2s
[7.896s]   6200K .......... .......... .......... .......... .......... 39% 15.5M 2s
[7.897s]   6250K .......... .......... .......... .......... .......... 40% 26.8M 2s
[7.901s]   6300K .......... .......... .......... .......... .......... 40% 12.4M 2s
[7.913s]   6350K .......... .......... .......... .......... .......... 40% 4.19M 2s
[7.923s]   6400K .......... .......... .......... .......... .......... 41% 4.98M 2s
[7.925s]   6450K .......... .......... .......... .......... .......... 41% 25.3M 2s
[7.927s]   6500K .......... .......... .......... .......... .......... 41% 21.3M 2s
[7.932s]   6550K .......... .......... .......... .......... .......... 42% 10.7M 2s
[7.940s]   6600K .......... .......... .......... .......... .......... 42% 5.75M 2s
[7.952s]   6650K .......... .......... .......... .......... .......... 42% 3.99M 2s
[7.954s]   6700K .......... .......... .......... .......... .......... 43% 24.5M 2s
[7.959s]   6750K .......... .......... .......... .......... .......... 43% 11.8M 2s
[7.961s]   6800K .......... .......... .......... .......... .......... 43% 23.6M 2s
[7.966s]   6850K .......... .......... .......... .......... .......... 44% 8.59M 2s
[7.986s]   6900K .......... .......... .......... .......... .......... 44% 2.52M 2s
[7.988s]   6950K .......... .......... .......... .......... .......... 44% 25.7M 2s
[7.990s]   7000K .......... .......... .......... .......... .......... 45% 26.9M 2s
[7.994s]   7050K .......... .......... .......... .......... .......... 45% 11.3M 1s
[7.996s]   7100K .......... .......... .......... .......... .......... 45% 25.1M 1s
[8.000s]   7150K .......... .......... .......... .......... .......... 46% 11.1M 1s
[8.027s]   7200K .......... .......... .......... .......... .......... 46% 1.82M 1s
[8.030s]   7250K .......... .......... .......... .......... .......... 46% 19.6M 1s
[8.034s]   7300K .......... .......... .......... .......... .......... 47% 12.1M 1s
[8.036s]   7350K .......... .......... .......... .......... .......... 47% 21.3M 1s
[8.040s]   7400K .......... .......... .......... .......... .......... 47% 12.0M 1s
[8.040s]   7450K .......... .......... .......... .......... .......... 47% 1.27G 1s
[8.065s]   7500K .......... .......... .......... .......... .......... 48% 1.93M 1s
[8.069s]   7550K .......... .......... .......... .......... .......... 48% 11.9M 1s
[8.073s]   7600K .......... .......... .......... .......... .......... 48% 24.6M 1s
[8.075s]   7650K .......... .......... .......... .......... .......... 49% 11.9M 1s
[8.083s]   7700K .......... .......... .......... .......... .......... 49% 6.56M 1s
[8.099s]   7750K .......... .......... .......... .......... .......... 49% 2.94M 1s
[8.103s]   7800K .......... .......... .......... .......... .......... 50% 12.4M 1s
[8.105s]   7850K .......... .......... .......... .......... .......... 50% 23.9M 1s
[8.109s]   7900K .......... .......... .......... .......... .......... 50% 13.8M 1s
[8.111s]   7950K .......... .......... .......... .......... .......... 51% 23.6M 1s
[8.115s]   8000K .......... .......... .......... .......... .......... 51% 21.3M 1s
[8.134s]   8050K .......... .......... .......... .......... .......... 51% 2.39M 1s
[8.138s]   8100K .......... .......... .......... .......... .......... 52% 10.8M 1s
[8.140s]   8150K .......... .......... .......... .......... .......... 52% 23.8M 1s
[8.142s]   8200K .......... .......... .......... .......... .......... 52% 23.2M 1s
[8.148s]   8250K .......... .......... .......... .......... .......... 53% 9.32M 1s
[8.159s]   8300K .......... .......... .......... .......... .......... 53% 4.08M 1s
[8.170s]   8350K .......... .......... .......... .......... .......... 53% 6.40M 1s
[8.172s]   8400K .......... .......... .......... .......... .......... 54% 10.9M 1s
[8.174s]   8450K .......... .......... .......... .......... .......... 54% 24.2M 1s
[8.178s]   8500K .......... .......... .......... .......... .......... 54% 12.0M 1s
[8.182s]   8550K .......... .......... .......... .......... .......... 55% 12.4M 1s
[8.189s]   8600K .......... .......... .......... .......... .......... 55% 6.89M 1s
[8.205s]   8650K .......... .......... .......... .......... .......... 55% 3.00M 1s
[8.207s]   8700K .......... .......... .......... .......... .......... 55% 26.0M 1s
[8.211s]   8750K .......... .......... .......... .......... .......... 56% 12.3M 1s
[8.214s]   8800K .......... .......... .......... .......... .......... 56% 13.9M 1s
[8.218s]   8850K .......... .......... .......... .......... .......... 56% 11.8M 1s
[8.241s]   8900K .......... .......... .......... .......... .......... 57% 2.15M 1s
[8.243s]   8950K .......... .......... .......... .......... .......... 57% 27.0M 1s
[8.246s]   9000K .......... .......... .......... .......... .......... 57% 14.9M 1s
[8.248s]   9050K .......... .......... .......... .......... .......... 58% 23.1M 1s
[8.253s]   9100K .......... .......... .......... .......... .......... 58% 11.5M 1s
[8.257s]   9150K .......... .......... .......... .......... .......... 58% 10.5M 1s
[8.279s]   9200K .......... .......... .......... .......... .......... 59% 2.28M 1s
[8.281s]   9250K .......... .......... .......... .......... .......... 59% 23.2M 1s
[8.284s]   9300K .......... .......... .......... .......... .......... 59% 18.1M 1s
[8.286s]   9350K .......... .......... .......... .......... .......... 60% 24.4M 1s
[8.291s]   9400K .......... .......... .......... .......... .......... 60% 9.56M 1s
[8.294s]   9450K .......... .......... .......... .......... .......... 60% 16.6M 1s
[8.313s]   9500K .......... .......... .......... .......... .......... 61% 2.58M 1s
[8.318s]   9550K .......... .......... .......... .......... .......... 61% 8.41M 1s
[8.323s]   9600K .......... .......... .......... .......... .......... 61% 11.1M 1s
[8.325s]   9650K .......... .......... .......... .......... .......... 62% 24.1M 1s
[8.327s]   9700K .......... .......... .......... .......... .......... 62% 21.5M 1s
[8.329s]   9750K .......... .......... .......... .......... .......... 62% 23.5M 1s
[8.347s]   9800K .......... .......... .......... .......... .......... 63% 2.69M 1s
[8.359s]   9850K .......... .......... .......... .......... .......... 63% 4.12M 1s
[8.361s]   9900K .......... .......... .......... .......... .......... 63% 23.8M 1s
[8.363s]   9950K .......... .......... .......... .......... .......... 63% 23.0M 1s
[8.367s]  10000K .......... .......... .......... .......... .......... 64% 11.8M 1s
[8.369s]  10050K .......... .......... .......... .......... .......... 64% 23.1M 1s
[8.374s]  10100K .......... .......... .......... .......... .......... 64% 9.90M 1s
[8.398s]  10150K .......... .......... .......... .......... .......... 65% 2.10M 1s
[8.402s]  10200K .......... .......... .......... .......... .......... 65% 11.2M 1s
[8.404s]  10250K .......... .......... .......... .......... .......... 65% 23.4M 1s
[8.406s]  10300K .......... .......... .......... .......... .......... 66% 26.1M 1s
[8.411s]  10350K .......... .......... .......... .......... .......... 66% 9.63M 1s
[8.426s]  10400K .......... .......... .......... .......... .......... 66% 3.34M 1s
[8.433s]  10450K .......... .......... .......... .......... .......... 67% 6.83M 1s
[8.435s]  10500K .......... .......... .......... .......... .......... 67% 19.0M 1s
[8.489s]  10550K .......... .......... .......... .......... .......... 67%  927K 1s
[8.490s]  10600K .......... .......... .......... .......... .......... 68%  893M 1s
[8.490s]  10650K .......... .......... .......... .......... .......... 68% 1.12G 1s
[8.490s]  10700K .......... .......... .......... .......... .......... 68%  945M 1s
[8.490s]  10750K .......... .......... .......... .......... .......... 69% 1.02G 1s
[8.490s]  10800K .......... .......... .......... .......... .......... 69%  972M 1s
[8.490s]  10850K .......... .......... .......... .......... .......... 69%  831M 1s
[8.490s]  10900K .......... .......... .......... .......... .......... 70%  945M 1s
[8.490s]  10950K .......... .......... .......... .......... .......... 70% 1.22G 1s
[8.510s]  11000K .......... .......... .......... .......... .......... 70% 2.45M 1s
[8.511s]  11050K .......... .......... .......... .......... .......... 71% 26.2M 1s
[8.514s]  11100K .......... .......... .......... .......... .......... 71% 18.8M 1s
[8.519s]  11150K .......... .......... .......... .......... .......... 71% 10.2M 1s
[8.543s]  11200K .......... .......... .......... .......... .......... 71% 2.00M 1s
[8.546s]  11250K .......... .......... .......... .......... .......... 72% 22.5M 1s
[8.548s]  11300K .......... .......... .......... .......... .......... 72% 24.0M 1s
[8.550s]  11350K .......... .......... .......... .......... .......... 72% 23.7M 1s
[8.577s]  11400K .......... .......... .......... .......... .......... 73% 1.82M 1s
[8.578s]  11450K .......... .......... .......... .......... .......... 73% 26.6M 1s
[8.583s]  11500K .......... .......... .......... .......... .......... 73% 10.9M 1s
[8.585s]  11550K .......... .......... .......... .......... .......... 74% 27.1M 1s
[8.613s]  11600K .......... .......... .......... .......... .......... 74% 1.71M 1s
[8.616s]  11650K .......... .......... .......... .......... .......... 74% 18.7M 1s
[8.618s]  11700K .......... .......... .......... .......... .......... 75% 25.5M 1s
[8.620s]  11750K .......... .......... .......... .......... .......... 75% 23.4M 1s
[8.639s]  11800K .......... .......... .......... .......... .......... 75% 2.51M 1s
[8.657s]  11850K .......... .......... .......... .......... .......... 76% 3.15M 1s
[8.659s]  11900K .......... .......... .......... .......... .......... 76% 11.8M 1s
[8.661s]  11950K .......... .......... .......... .......... .......... 76% 23.9M 1s
[8.665s]  12000K .......... .......... .......... .......... .......... 77% 12.4M 1s
[8.687s]  12050K .......... .......... .......... .......... .......... 77% 2.26M 1s
[8.691s]  12100K .......... .......... .......... .......... .......... 77% 11.5M 1s
[8.693s]  12150K .......... .......... .......... .......... .......... 78% 20.2M 1s
[8.696s]  12200K .......... .......... .......... .......... .......... 78% 14.8M 1s
[8.721s]  12250K .......... .......... .......... .......... .......... 78% 2.00M 1s
[8.725s]  12300K .......... .......... .......... .......... .......... 79% 11.3M 1s
[8.727s]  12350K .......... .......... .......... .......... .......... 79% 22.9M 1s
[8.732s]  12400K .......... .......... .......... .......... .......... 79% 11.0M 1s
[8.755s]  12450K .......... .......... .......... .......... .......... 79% 2.09M 1s
[8.758s]  12500K .......... .......... .......... .......... .......... 80% 19.0M 0s
[8.776s]  12550K .......... .......... .......... .......... .......... 80% 2.69M 0s
[8.778s]  12600K .......... .......... .......... .......... .......... 80% 25.1M 0s
[8.779s]  12650K .......... .......... .......... .......... .......... 81% 30.0M 0s
[8.783s]  12700K .......... .......... .......... .......... .......... 81% 14.8M 0s
[8.808s]  12750K .......... .......... .......... .......... .......... 81% 1.90M 0s
[8.813s]  12800K .......... .......... .......... .......... .......... 82% 11.2M 0s
[8.863s]  12850K .......... .......... .......... .......... .......... 82% 1003K 0s
[8.863s]  12900K .......... .......... .......... .......... .......... 82%  628M 0s
[8.863s]  12950K .......... .......... .......... .......... .......... 83% 1.12G 0s
[8.863s]  13000K .......... .......... .......... .......... .......... 83%  798M 0s
[8.863s]  13050K .......... .......... .......... .......... .......... 83%  646M 0s
[8.863s]  13100K .......... .......... .......... .......... .......... 84%  811M 0s
[8.872s]  13150K .......... .......... .......... .......... .......... 84% 5.57M 0s
[8.876s]  13200K .......... .......... .......... .......... .......... 84% 12.5M 0s
[8.878s]  13250K .......... .......... .......... .......... .......... 85% 24.5M 0s
[8.906s]  13300K .......... .......... .......... .......... .......... 85% 1.73M 0s
[8.910s]  13350K .......... .......... .......... .......... .......... 85% 12.7M 0s
[8.912s]  13400K .......... .......... .......... .......... .......... 86% 24.1M 0s
[8.939s]  13450K .......... .......... .......... .......... .......... 86% 1.80M 0s
[8.941s]  13500K .......... .......... .......... .......... .......... 86% 24.6M 0s
[8.945s]  13550K .......... .......... .......... .......... .......... 87% 12.8M 0s
[8.971s]  13600K .......... .......... .......... .......... .......... 87% 1.86M 0s
[8.973s]  13650K .......... .......... .......... .......... .......... 87% 21.7M 0s
[8.975s]  13700K .......... .......... .......... .......... .......... 87% 23.3M 0s
[9.001s]  13750K .......... .......... .......... .......... .......... 88% 1.93M 0s
[9.003s]  13800K .......... .......... .......... .......... .......... 88% 23.7M 0s
[9.004s]  13850K .......... .......... .......... .......... .......... 88% 24.9M 0s
[9.032s]  13900K .......... .......... .......... .......... .......... 89% 1.81M 0s
[9.033s]  13950K .......... .......... .......... .......... .......... 89% 30.5M 0s
[9.038s]  14000K .......... .......... .......... .......... .......... 89% 10.7M 0s
[9.061s]  14050K .......... .......... .......... .......... .......... 90% 2.13M 0s
[9.062s]  14100K .......... .......... .......... .......... .......... 90% 47.1M 0s
[9.065s]  14150K .......... .......... .......... .......... .......... 90% 12.7M 0s
[9.088s]  14200K .......... .......... .......... .......... .......... 91% 2.20M 0s
[9.092s]  14250K .......... .......... .......... .......... .......... 91% 11.9M 0s
[9.095s]  14300K .......... .......... .......... .......... .......... 91% 16.3M 0s
[9.116s]  14350K .......... .......... .......... .......... .......... 92% 2.29M 0s
[9.120s]  14400K .......... .......... .......... .......... .......... 92% 12.7M 0s
[9.122s]  14450K .......... .......... .......... .......... .......... 92% 25.6M 0s
[9.144s]  14500K .......... .......... .......... .......... .......... 93% 2.23M 0s
[9.150s]  14550K .......... .......... .......... .......... .......... 93% 8.16M 0s
[9.152s]  14600K .......... .......... .......... .......... .......... 93% 25.7M 0s
[9.154s]  14650K .......... .......... .......... .......... .......... 94% 16.4M 0s
[9.172s]  14700K .......... .......... .......... .......... .......... 94% 2.73M 0s
[9.178s]  14750K .......... .......... .......... .......... .......... 94% 9.56M 0s
[9.180s]  14800K .......... .......... .......... .......... .......... 95% 22.7M 0s
[9.205s]  14850K .......... .......... .......... .......... .......... 95% 1.93M 0s
[9.210s]  14900K .......... .......... .......... .......... .......... 95% 10.8M 0s
[9.217s]  14950K .......... .......... .......... .......... .......... 95% 6.17M 0s
[9.243s]  15000K .......... .......... .......... .......... .......... 96% 1.93M 0s
[9.245s]  15050K .......... .......... .......... .......... .......... 96% 24.5M 0s
[9.247s]  15100K .......... .......... .......... .......... .......... 96% 24.5M 0s
[9.251s]  15150K .......... .......... .......... .......... .......... 97% 12.2M 0s
[9.277s]  15200K .......... .......... .......... .......... .......... 97% 2.07M 0s
[9.278s]  15250K .......... .......... .......... .......... .......... 97% 11.9M 0s
[9.281s]  15300K .......... .......... .......... .......... .......... 98% 18.1M 0s
[9.305s]  15350K .......... .......... .......... .......... .......... 98% 2.08M 0s
[9.308s]  15400K .......... .......... .......... .......... .......... 98% 13.9M 0s
[9.312s]  15450K .......... .......... .......... .......... .......... 99% 11.5M 0s
[9.335s]  15500K .......... .......... .......... .......... .......... 99% 2.16M 0s
[9.340s]  15550K .......... .......... .......... .......... .......... 99% 10.1M 0s
[9.340s]  15600K .......... .......... .....                           100%  550M=2.6s
[9.340s] 
[9.340s] 2026-05-09 15:46:00 (5.90 MB/s) - ‘/home/naiwu/xxu_2026/xxu_nav_2026/build/multirobot_map_merge/2011-08-09-12-22-52.pgm’ saved [16000058/16000058]
[9.340s] 
[9.341s] Checking MD5 sum of /home/naiwu/xxu_2026/xxu_nav_2026/build/multirobot_map_merge/2011-08-09-12-22-52.pgm
[9.362s] /home/naiwu/xxu_2026/xxu_nav_2026/build/multirobot_map_merge/2011-08-09-12-22-52.pgm: OK
[9.367s] --2026-05-09 15:46:00--  https://raw.githubusercontent.com/hrnr/m-explore-extra/master/map_merge/gmapping_maps/2012-01-28-11-12-01.pgm
[9.384s] Connecting to 127.0.0.1:7897... connected.
[10.560s] Proxy request sent, awaiting response... 200 OK
[10.560s] Length: 16000058 (15M) [application/octet-stream]
[10.560s] Saving to: ‘/home/naiwu/xxu_2026/xxu_nav_2026/build/multirobot_map_merge/2012-01-28-11-12-01.pgm’
[10.560s] 
[10.664s]      0K .......... .......... .......... .......... ..........  0%  477K 33s
[10.700s]     50K .......... .......... .......... .......... ..........  0% 1.36M 22s
[10.733s]    100K .......... .......... .......... .......... ..........  0% 1.48M 18s
[10.753s]    150K .......... .......... .......... .......... ..........  1% 2.48M 15s
[10.777s]    200K .......... .......... .......... .......... ..........  1% 2.02M 13s
[10.866s]    250K .......... .......... .......... .......... ..........  1%  565K 16s
[10.871s]    300K .......... .......... .......... .......... ..........  2% 8.29M 14s
[10.881s]    350K .......... .......... .......... .......... ..........  2% 7.67M 12s
[11.024s]    400K .......... .......... .......... .......... ..........  2%  341K 16s
[11.034s]    450K .......... .......... .......... .......... ..........  3% 5.25M 14s
[11.042s]    500K .......... .......... .......... .......... ..........  3% 6.05M 13s
[11.048s]    550K .......... .......... .......... .......... ..........  3% 7.66M 12s
[11.052s]    600K .......... .......... .......... .......... ..........  4% 11.3M 11s
[11.062s]    650K .......... .......... .......... .......... ..........  4% 5.15M 11s
[11.068s]    700K .......... .......... .......... .......... ..........  4% 8.45M 10s
[11.077s]    750K .......... .......... .......... .......... ..........  5% 5.17M 10s
[11.083s]    800K .......... .......... .......... .......... ..........  5% 8.60M 9s
[11.091s]    850K .......... .......... .......... .......... ..........  5% 6.26M 9s
[11.096s]    900K .......... .......... .......... .......... ..........  6% 8.69M 8s
[11.186s]    950K .......... .......... .......... .......... ..........  6%  557K 9s
[11.194s]   1000K .......... .......... .......... .......... ..........  6% 5.95M 9s
[11.196s]   1050K .......... .......... .......... .......... ..........  7% 22.0M 8s
[11.199s]   1100K .......... .......... .......... .......... ..........  7% 21.3M 8s
[11.203s]   1150K .......... .......... .......... .......... ..........  7% 11.2M 8s
[11.214s]   1200K .......... .......... .......... .......... ..........  7% 4.44M 8s
[11.216s]   1250K .......... .......... .......... .......... ..........  8% 24.3M 7s
[11.233s]   1300K .......... .......... .......... .......... ..........  8% 2.91M 7s
[11.235s]   1350K .......... .......... .......... .......... ..........  8% 24.0M 7s
[11.238s]   1400K .......... .......... .......... .......... ..........  9% 16.6M 7s
[11.242s]   1450K .......... .......... .......... .......... ..........  9% 10.5M 6s
[11.253s]   1500K .......... .......... .......... .......... ..........  9% 4.53M 6s
[11.255s]   1550K .......... .......... .......... .......... .......... 10% 25.7M 6s
[11.269s]   1600K .......... .......... .......... .......... .......... 10% 3.62M 6s
[11.273s]   1650K .......... .......... .......... .......... .......... 10% 11.4M 6s
[11.275s]   1700K .......... .......... .......... .......... .......... 11% 19.5M 6s
[11.280s]   1750K .......... .......... .......... .......... .......... 11% 10.7M 6s
[11.282s]   1800K .......... .......... .......... .......... .......... 11% 27.3M 5s
[11.284s]   1850K .......... .......... .......... .......... .......... 12% 22.9M 5s
[11.286s]   1900K .......... .......... .......... .......... .......... 12% 22.4M 5s
[11.314s]   1950K .......... .......... .......... .......... .......... 12% 1.77M 5s
[11.316s]   2000K .......... .......... .......... .......... .......... 13% 24.6M 5s
[11.320s]   2050K .......... .......... .......... .......... .......... 13% 10.1M 5s
[11.323s]   2100K .......... .......... .......... .......... .......... 13% 16.2M 5s
[11.325s]   2150K .......... .......... .......... .......... .......... 14% 22.8M 5s
[11.328s]   2200K .......... .......... .......... .......... .......... 14% 22.9M 5s
[11.339s]   2250K .......... .......... .......... .......... .......... 14% 4.31M 5s
[11.344s]   2300K .......... .......... .......... .......... .......... 15% 10.7M 4s
[11.348s]   2350K .......... .......... .......... .......... .......... 15% 11.5M 4s
[11.350s]   2400K .......... .......... .......... .......... .......... 15% 25.5M 4s
[11.360s]   2450K .......... .......... .......... .......... .......... 15% 4.65M 4s
[11.364s]   2500K .......... .......... .......... .......... .......... 16% 12.2M 4s
[11.366s]   2550K .......... .......... .......... .......... .......... 16% 23.4M 4s
[11.375s]   2600K .......... .......... .......... .......... .......... 16% 5.35M 4s
[11.377s]   2650K .......... .......... .......... .......... .......... 17% 25.2M 4s
[11.382s]   2700K .......... .......... .......... .......... .......... 17% 10.5M 4s
[11.393s]   2750K .......... .......... .......... .......... .......... 17% 4.33M 4s
[11.395s]   2800K .......... .......... .......... .......... .......... 18% 25.2M 4s
[11.398s]   2850K .......... .......... .......... .......... .......... 18% 21.4M 4s
[11.403s]   2900K .......... .......... .......... .......... .......... 18% 9.50M 4s
[11.410s]   2950K .......... .......... .......... .......... .......... 19% 9.67M 4s
[11.412s]   3000K .......... .......... .......... .......... .......... 19% 11.2M 4s
[11.414s]   3050K .......... .......... .......... .......... .......... 19% 23.1M 3s
[11.425s]   3100K .......... .......... .......... .......... .......... 20% 4.65M 3s
[11.429s]   3150K .......... .......... .......... .......... .......... 20% 12.5M 3s
[11.431s]   3200K .......... .......... .......... .......... .......... 20% 23.7M 3s
[11.438s]   3250K .......... .......... .......... .......... .......... 21% 6.29M 3s
[11.440s]   3300K .......... .......... .......... .......... .......... 21% 25.2M 3s
[11.444s]   3350K .......... .......... .......... .......... .......... 21% 25.4M 3s
[11.453s]   3400K .......... .......... .......... .......... .......... 22% 4.43M 3s
[11.458s]   3450K .......... .......... .......... .......... .......... 22% 9.80M 3s
[11.460s]   3500K .......... .......... .......... .......... .......... 22% 24.9M 3s
[11.464s]   3550K .......... .......... .......... .......... .......... 23% 14.3M 3s
[11.472s]   3600K .......... .......... .......... .......... .......... 23% 5.78M 3s
[11.475s]   3650K .......... .......... .......... .......... .......... 23% 16.7M 3s
[11.477s]   3700K .......... .......... .......... .......... .......... 23% 24.2M 3s
[11.489s]   3750K .......... .......... .......... .......... .......... 24% 4.21M 3s
[11.491s]   3800K .......... .......... .......... .......... .......... 24% 21.9M 3s
[11.493s]   3850K .......... .......... .......... .......... .......... 24% 23.6M 3s
[11.498s]   3900K .......... .......... .......... .......... .......... 25% 10.3M 3s
[11.504s]   3950K .......... .......... .......... .......... .......... 25% 8.20M 3s
[11.505s]   4000K .......... .......... .......... .......... .......... 25% 26.8M 3s
[11.515s]   4050K .......... .......... .......... .......... .......... 26% 4.96M 3s
[11.521s]   4100K .......... .......... .......... .......... .......... 26% 8.77M 3s
[11.523s]   4150K .......... .......... .......... .......... .......... 26% 25.1M 3s
[11.527s]   4200K .......... .......... .......... .......... .......... 27% 11.2M 3s
[11.529s]   4250K .......... .......... .......... .......... .......... 27% 23.0M 3s
[11.533s]   4300K .......... .......... .......... .......... .......... 27% 11.8M 3s
[11.535s]   4350K .......... .......... .......... .......... .......... 28% 23.0M 2s
[11.542s]   4400K .......... .......... .......... .......... .......... 28% 7.57M 2s
[11.561s]   4450K .......... .......... .......... .......... .......... 28% 2.62M 2s
[11.565s]   4500K .......... .......... .......... .......... .......... 29% 10.9M 2s
[11.567s]   4550K .......... .......... .......... .......... .......... 29% 21.9M 2s
[11.569s]   4600K .......... .......... .......... .......... .......... 29% 24.0M 2s
[11.575s]   4650K .......... .......... .......... .......... .......... 30% 15.4M 2s
[11.578s]   4700K .......... .......... .......... .......... .......... 30% 8.98M 2s
[11.587s]   4750K .......... .......... .......... .......... .......... 30% 5.31M 2s
[11.594s]   4800K .......... .......... .......... .......... .......... 31% 6.82M 2s
[11.596s]   4850K .......... .......... .......... .......... .......... 31% 22.8M 2s
[11.614s]   4900K .......... .......... .......... .......... .......... 31% 2.77M 2s
[11.616s]   4950K .......... .......... .......... .......... .......... 31% 21.2M 2s
[11.618s]   5000K .......... .......... .......... .......... .......... 32% 22.9M 2s
[11.623s]   5050K .......... .......... .......... .......... .......... 32% 10.1M 2s
[11.627s]   5100K .......... .......... .......... .......... .......... 32% 12.9M 2s
[11.632s]   5150K .......... .......... .......... .......... .......... 33% 9.86M 2s
[11.644s]   5200K .......... .......... .......... .......... .......... 33% 4.06M 2s
[11.649s]   5250K .......... .......... .......... .......... .......... 33% 11.2M 2s
[11.651s]   5300K .......... .......... .......... .......... .......... 34% 23.1M 2s
[11.655s]   5350K .......... .......... .......... .......... .......... 34% 10.9M 2s
[11.657s]   5400K .......... .......... .......... .......... .......... 34% 23.5M 2s
[11.659s]   5450K .......... .......... .......... .......... .......... 35% 23.5M 2s
[11.663s]   5500K .......... .......... .......... .......... .......... 35% 12.9M 2s
[11.672s]   5550K .......... .......... .......... .......... .......... 35% 5.66M 2s
[11.678s]   5600K .......... .......... .......... .......... .......... 36% 7.87M 2s
[11.685s]   5650K .......... .......... .......... .......... .......... 36% 6.75M 2s
[11.687s]   5700K .......... .......... .......... .......... .......... 36% 22.5M 2s
[11.692s]   5750K .......... .......... .......... .......... .......... 37% 10.6M 2s
[11.695s]   5800K .......... .......... .......... .......... .......... 37% 18.9M 2s
[11.696s]   5850K .......... .......... .......... .......... .......... 37% 28.5M 2s
[11.725s]   5900K .......... .......... .......... .......... .......... 38% 1.70M 2s
[11.727s]   5950K .......... .......... .......... .......... .......... 38% 23.3M 2s
[11.784s]   6000K .......... .......... .......... .......... .......... 38%  883K 2s
[11.784s]   6050K .......... .......... .......... .......... .......... 39%  497M 2s
[11.784s]   6100K .......... .......... .......... .......... .......... 39% 1.10G 2s
[11.784s]   6150K .......... .......... .......... .......... .......... 39% 1.13G 2s
[11.789s]   6200K .......... .......... .......... .......... .......... 39% 10.9M 2s
[11.789s]   6250K .......... .......... .......... .......... .......... 40% 1.11G 2s
[11.789s]   6300K .......... .......... .......... .......... .......... 40%  861M 2s
[11.789s]   6350K .......... .......... .......... .......... .......... 40% 1.00G 2s
[11.789s]   6400K .......... .......... .......... .......... .......... 41% 1.08G 2s
[11.789s]   6450K .......... .......... .......... .......... .......... 41% 1.19G 2s
[11.855s]   6500K .......... .......... .......... .......... .......... 41%  759K 2s
[11.856s]   6550K .......... .......... .......... .......... .......... 42% 23.8M 2s
[11.858s]   6600K .......... .......... .......... .......... .......... 42% 24.5M 2s
[11.863s]   6650K .......... .......... .......... .......... .......... 42% 10.7M 2s
[11.884s]   6700K .......... .......... .......... .......... .......... 43% 2.32M 2s
[11.888s]   6750K .......... .......... .......... .......... .......... 43% 12.5M 2s
[11.890s]   6800K .......... .......... .......... .......... .......... 43% 20.9M 2s
[11.892s]   6850K .......... .......... .......... .......... .......... 44% 23.9M 2s
[11.896s]   6900K .......... .......... .......... .......... .......... 44% 13.2M 2s
[11.921s]   6950K .......... .......... .......... .......... .......... 44% 1.97M 2s
[11.926s]   7000K .......... .......... .......... .......... .......... 45% 9.98M 2s
[11.928s]   7050K .......... .......... .......... .......... .......... 45% 23.0M 2s
[11.932s]   7100K .......... .......... .......... .......... .......... 45% 12.3M 2s
[11.934s]   7150K .......... .......... .......... .......... .......... 46% 19.0M 2s
[11.951s]   7200K .......... .......... .......... .......... .......... 46% 2.93M 2s
[11.956s]   7250K .......... .......... .......... .......... .......... 46% 9.89M 2s
[11.960s]   7300K .......... .......... .......... .......... .......... 47% 12.5M 2s
[11.962s]   7350K .......... .......... .......... .......... .......... 47% 23.2M 2s
[11.965s]   7400K .......... .......... .......... .......... .......... 47% 16.9M 2s
[11.978s]   7450K .......... .......... .......... .......... .......... 47% 3.75M 2s
[11.991s]   7500K .......... .......... .......... .......... .......... 48% 3.87M 2s
[11.993s]   7550K .......... .......... .......... .......... .......... 48% 22.6M 2s
[11.995s]   7600K .......... .......... .......... .......... .......... 48% 24.5M 1s
[12.000s]   7650K .......... .......... .......... .......... .......... 49% 9.31M 1s
[12.021s]   7700K .......... .......... .......... .......... .......... 49% 2.36M 1s
[12.025s]   7750K .......... .......... .......... .......... .......... 49% 12.1M 1s
[12.027s]   7800K .......... .......... .......... .......... .......... 50% 23.9M 1s
[12.029s]   7850K .......... .......... .......... .......... .......... 50% 21.9M 1s
[12.034s]   7900K .......... .......... .......... .......... .......... 50% 10.3M 1s
[12.050s]   7950K .......... .......... .......... .......... .......... 51% 3.09M 1s
[12.057s]   8000K .......... .......... .......... .......... .......... 51% 6.83M 1s
[12.061s]   8050K .......... .......... .......... .......... .......... 51% 11.6M 1s
[12.063s]   8100K .......... .......... .......... .......... .......... 52% 24.0M 1s
[12.065s]   8150K .......... .......... .......... .......... .......... 52% 20.1M 1s
[12.078s]   8200K .......... .......... .......... .......... .......... 52% 3.89M 1s
[12.093s]   8250K .......... .......... .......... .......... .......... 53% 3.30M 1s
[12.097s]   8300K .......... .......... .......... .......... .......... 53% 10.3M 1s
[12.100s]   8350K .......... .......... .......... .......... .......... 53% 23.6M 1s
[12.102s]   8400K .......... .......... .......... .......... .......... 54% 19.2M 1s
[12.119s]   8450K .......... .......... .......... .......... .......... 54% 2.83M 1s
[12.122s]   8500K .......... .......... .......... .......... .......... 54% 19.6M 1s
[12.125s]   8550K .......... .......... .......... .......... .......... 55% 12.8M 1s
[12.131s]   8600K .......... .......... .......... .......... .......... 55% 8.87M 1s
[12.135s]   8650K .......... .......... .......... .......... .......... 55% 12.7M 1s
[12.137s]   8700K .......... .......... .......... .......... .......... 55% 21.4M 1s
[12.154s]   8750K .......... .......... .......... .......... .......... 56% 2.85M 1s
[12.159s]   8800K .......... .......... .......... .......... .......... 56% 10.8M 1s
[12.164s]   8850K .......... .......... .......... .......... .......... 56% 9.41M 1s
[12.166s]   8900K .......... .......... .......... .......... .......... 57% 21.3M 1s
[12.169s]   8950K .......... .......... .......... .......... .......... 57% 18.8M 1s
[12.191s]   9000K .......... .......... .......... .......... .......... 57% 2.26M 1s
[12.194s]   9050K .......... .......... .......... .......... .......... 58% 13.9M 1s
[12.200s]   9100K .......... .......... .......... .......... .......... 58% 8.10M 1s
[12.202s]   9150K .......... .......... .......... .......... .......... 58% 20.5M 1s
[12.205s]   9200K .......... .......... .......... .......... .......... 59% 22.9M 1s
[12.224s]   9250K .......... .......... .......... .......... .......... 59% 2.59M 1s
[12.228s]   9300K .......... .......... .......... .......... .......... 59% 24.6M 1s
[12.229s]   9350K .......... .......... .......... .......... .......... 60% 15.4M 1s
[12.248s]   9400K .......... .......... .......... .......... .......... 60% 2.55M 1s
[12.250s]   9450K .......... .......... .......... .......... .......... 60% 23.0M 1s
[12.259s]   9500K .......... .......... .......... .......... .......... 61% 5.65M 1s
[12.261s]   9550K .......... .......... .......... .......... .......... 61% 24.2M 1s
[12.271s]   9600K .......... .......... .......... .......... .......... 61% 4.65M 1s
[12.286s]   9650K .......... .......... .......... .......... .......... 62% 3.37M 1s
[12.288s]   9700K .......... .......... .......... .......... .......... 62% 23.7M 1s
[12.295s]   9750K .......... .......... .......... .......... .......... 62% 6.58M 1s
[12.297s]   9800K .......... .......... .......... .......... .......... 63% 23.2M 1s
[12.309s]   9850K .......... .......... .......... .......... .......... 63% 4.21M 1s
[12.334s]   9900K .......... .......... .......... .......... .......... 63% 1.97M 1s
[12.338s]   9950K .......... .......... .......... .......... .......... 63% 11.0M 1s
[12.348s]  10000K .......... .......... .......... .......... .......... 64% 4.74M 1s
[12.351s]  10050K .......... .......... .......... .......... .......... 64% 19.4M 1s
[12.354s]  10100K .......... .......... .......... .......... .......... 64% 13.1M 1s
[12.386s]  10150K .......... .......... .......... .......... .......... 65% 1.53M 1s
[12.391s]  10200K .......... .......... .......... .......... .......... 65% 11.4M 1s
[12.393s]  10250K .......... .......... .......... .......... .......... 65% 24.5M 1s
[12.398s]  10300K .......... .......... .......... .......... .......... 66% 9.10M 1s
[12.403s]  10350K .......... .......... .......... .......... .......... 66% 8.91M 1s
[12.427s]  10400K .......... .......... .......... .......... .......... 66% 2.07M 1s
[12.429s]  10450K .......... .......... .......... .......... .......... 67% 27.0M 1s
[12.433s]  10500K .......... .......... .......... .......... .......... 67% 11.1M 1s
[12.436s]  10550K .......... .......... .......... .......... .......... 67% 21.4M 1s
[12.440s]  10600K .......... .......... .......... .......... .......... 68% 11.4M 1s
[12.455s]  10650K .......... .......... .......... .......... .......... 68% 3.84M 1s
[12.466s]  10700K .......... .......... .......... .......... .......... 68% 3.77M 1s
[12.468s]  10750K .......... .......... .......... .......... .......... 69% 19.4M 1s
[12.470s]  10800K .......... .......... .......... .......... .......... 69% 23.7M 1s
[12.475s]  10850K .......... .......... .......... .......... .......... 69% 9.93M 1s
[12.477s]  10900K .......... .......... .......... .......... .......... 70% 22.2M 1s
[12.484s]  10950K .......... .......... .......... .......... .......... 70% 7.81M 1s
[12.496s]  11000K .......... .......... .......... .......... .......... 70% 3.91M 1s
[12.506s]  11050K .......... .......... .......... .......... .......... 71% 5.07M 1s
[12.508s]  11100K .......... .......... .......... .......... .......... 71% 23.9M 1s
[12.511s]  11150K .......... .......... .......... .......... .......... 71% 14.6M 1s
[12.515s]  11200K .......... .......... .......... .......... .......... 71% 13.1M 1s
[12.522s]  11250K .......... .......... .......... .......... .......... 72% 7.12M 1s
[12.530s]  11300K .......... .......... .......... .......... .......... 72% 5.59M 1s
[12.535s]  11350K .......... .......... .......... .......... .......... 72% 11.0M 1s
[12.542s]  11400K .......... .......... .......... .......... .......... 73% 6.64M 1s
[12.545s]  11450K .......... .......... .......... .......... .......... 73% 17.6M 1s
[12.547s]  11500K .......... .......... .......... .......... .......... 73% 23.5M 1s
[12.558s]  11550K .......... .......... .......... .......... .......... 74% 4.63M 1s
[12.561s]  11600K .......... .......... .......... .......... .......... 74% 13.3M 1s
[12.566s]  11650K .......... .......... .......... .......... .......... 74% 10.1M 1s
[12.570s]  11700K .......... .......... .......... .......... .......... 75% 13.5M 1s
[12.574s]  11750K .......... .......... .......... .......... .......... 75% 12.8M 1s
[12.577s]  11800K .......... .......... .......... .......... .......... 75% 14.6M 1s
[12.588s]  11850K .......... .......... .......... .......... .......... 76% 4.38M 1s
[12.590s]  11900K .......... .......... .......... .......... .......... 76% 26.1M 1s
[12.597s]  11950K .......... .......... .......... .......... .......... 76% 6.57M 1s
[12.604s]  12000K .......... .......... .......... .......... .......... 77% 7.57M 1s
[12.608s]  12050K .......... .......... .......... .......... .......... 77% 16.8M 1s
[12.616s]  12100K .......... .......... .......... .......... .......... 77% 5.44M 1s
[12.618s]  12150K .......... .......... .......... .......... .......... 78% 17.7M 1s
[12.622s]  12200K .......... .......... .......... .......... .......... 78% 12.9M 1s
[12.630s]  12250K .......... .......... .......... .......... .......... 78% 6.19M 1s
[12.634s]  12300K .......... .......... .......... .......... .......... 79% 11.4M 1s
[12.636s]  12350K .......... .......... .......... .......... .......... 79% 27.9M 1s
[12.644s]  12400K .......... .......... .......... .......... .......... 79% 6.23M 1s
[12.646s]  12450K .......... .......... .......... .......... .......... 79% 20.3M 1s
[12.650s]  12500K .......... .......... .......... .......... .......... 80% 14.6M 1s
[12.660s]  12550K .......... .......... .......... .......... .......... 80% 10.1M 1s
[12.662s]  12600K .......... .......... .......... .......... .......... 80% 6.94M 0s
[12.672s]  12650K .......... .......... .......... .......... .......... 81% 4.58M 0s
[12.676s]  12700K .......... .......... .......... .......... .......... 81% 11.8M 0s
[12.679s]  12750K .......... .......... .......... .......... .......... 81% 16.8M 0s
[12.683s]  12800K .......... .......... .......... .......... .......... 82% 14.0M 0s
[12.688s]  12850K .......... .......... .......... .......... .......... 82% 9.86M 0s
[12.692s]  12900K .......... .......... .......... .......... .......... 82% 11.4M 0s
[12.700s]  12950K .......... .......... .......... .......... .......... 83% 5.92M 0s
[12.702s]  13000K .......... .......... .......... .......... .......... 83% 24.1M 0s
[12.713s]  13050K .......... .......... .......... .......... .......... 83% 4.71M 0s
[12.715s]  13100K .......... .......... .......... .......... .......... 84% 25.1M 0s
[12.717s]  13150K .......... .......... .......... .......... .......... 84% 20.3M 0s
[12.725s]  13200K .......... .......... .......... .......... .......... 84% 5.92M 0s
[12.728s]  13250K .......... .......... .......... .......... .......... 85% 17.6M 0s
[12.735s]  13300K .......... .......... .......... .......... .......... 85% 7.34M 0s
[12.740s]  13350K .......... .......... .......... .......... .......... 85% 8.66M 0s
[12.744s]  13400K .......... .......... .......... .......... .......... 86% 14.2M 0s
[12.748s]  13450K .......... .......... .......... .......... .......... 86% 11.5M 0s
[12.754s]  13500K .......... .......... .......... .......... .......... 86% 7.76M 0s
[12.762s]  13550K .......... .......... .......... .......... .......... 87% 6.65M 0s
[12.763s]  13600K .......... .......... .......... .......... .......... 87% 29.8M 0s
[12.781s]  13650K .......... .......... .......... .......... .......... 87% 2.80M 0s
[12.785s]  13700K .......... .......... .......... .......... .......... 87% 10.6M 0s
[12.787s]  13750K .......... .......... .......... .......... .......... 88% 29.2M 0s
[12.791s]  13800K .......... .......... .......... .......... .......... 88% 12.2M 0s
[12.799s]  13850K .......... .......... .......... .......... .......... 88% 6.22M 0s
[12.814s]  13900K .......... .......... .......... .......... .......... 89% 3.20M 0s
[12.819s]  13950K .......... .......... .......... .......... .......... 89% 11.2M 0s
[12.821s]  14000K .......... .......... .......... .......... .......... 89% 24.4M 0s
[12.823s]  14050K .......... .......... .......... .......... .......... 90% 18.4M 0s
[12.827s]  14100K .......... .......... .......... .......... .......... 90% 22.8M 0s
[12.867s]  14150K .......... .......... .......... .......... .......... 90% 1.18M 0s
[12.867s]  14200K .......... .......... .......... .......... .......... 91%  597M 0s
[12.867s]  14250K .......... .......... .......... .......... .......... 91% 1.23G 0s
[12.867s]  14300K .......... .......... .......... .......... .......... 91%  944M 0s
[12.867s]  14350K .......... .......... .......... .......... .......... 92%  633M 0s
[12.867s]  14400K .......... .......... .......... .......... .......... 92% 1.20G 0s
[12.868s]  14450K .......... .......... .......... .......... .......... 92% 1.04G 0s
[12.888s]  14500K .......... .......... .......... .......... .......... 93% 2.33M 0s
[12.892s]  14550K .......... .......... .......... .......... .......... 93% 12.9M 0s
[12.894s]  14600K .......... .......... .......... .......... .......... 93% 23.5M 0s
[12.918s]  14650K .......... .......... .......... .......... .......... 94% 8.93M 0s
[12.920s]  14700K .......... .......... .......... .......... .......... 94% 2.38M 0s
[12.924s]  14750K .......... .......... .......... .......... .......... 94% 11.0M 0s
[12.927s]  14800K .......... .......... .......... .......... .......... 95% 21.5M 0s
[12.928s]  14850K .......... .......... .......... .......... .......... 95% 30.7M 0s
[12.954s]  14900K .......... .......... .......... .......... .......... 95% 1.88M 0s
[12.956s]  14950K .......... .......... .......... .......... .......... 95% 23.6M 0s
[12.958s]  15000K .......... .......... .......... .......... .......... 96% 23.1M 0s
[12.968s]  15050K .......... .......... .......... .......... .......... 96% 4.94M 0s
[12.987s]  15100K .......... .......... .......... .......... .......... 96% 2.59M 0s
[12.989s]  15150K .......... .......... .......... .......... .......... 97% 24.3M 0s
[12.991s]  15200K .......... .......... .......... .......... .......... 97% 24.1M 0s
[12.995s]  15250K .......... .......... .......... .......... .......... 97% 12.1M 0s
[13.023s]  15300K .......... .......... .......... .......... .......... 98% 1.78M 0s
[13.027s]  15350K .......... .......... .......... .......... .......... 98% 12.3M 0s
[13.029s]  15400K .......... .......... .......... .......... .......... 98% 17.5M 0s
[13.031s]  15450K .......... .......... .......... .......... .......... 99% 23.9M 0s
[13.052s]  15500K .......... .......... .......... .......... .......... 99% 2.35M 0s
[13.064s]  15550K .......... .......... .......... .......... .......... 99% 4.26M 0s
[13.064s]  15600K .......... .......... .....                           100%  470M=2.5s
[13.064s] 
[13.064s] 2026-05-09 15:46:03 (6.09 MB/s) - ‘/home/naiwu/xxu_2026/xxu_nav_2026/build/multirobot_map_merge/2012-01-28-11-12-01.pgm’ saved [16000058/16000058]
[13.064s] 
[13.064s] Checking MD5 sum of /home/naiwu/xxu_2026/xxu_nav_2026/build/multirobot_map_merge/2012-01-28-11-12-01.pgm
[13.084s] /home/naiwu/xxu_2026/xxu_nav_2026/build/multirobot_map_merge/2012-01-28-11-12-01.pgm: OK
[13.087s] -- Found gtest sources under '/opt/ros/jazzy/src/gtest_vendor': C++ tests using 'Google Test' will be built
[13.090s] -- Found Threads: TRUE  
[13.092s] -- Added test 'cppcheck' to perform static code analysis on C / C++ code
[13.093s] -- Configured cppcheck include dirs: /home/naiwu/xxu_2026/xxu_nav_2026/src/m-explore-ros2/map_merge/include;$<BUILD_INTERFACE:/home/naiwu/xxu_2026/xxu_nav_2026/src/m-explore-ros2/map_merge/include>
[13.093s] -- Configured cppcheck exclude dirs and/or files: 
[13.093s] -- Added test 'flake8' to check Python code syntax and style conventions
[13.093s] -- Configured 'flake8' exclude dirs and/or files: 
[13.094s] -- Added test 'lint_cmake' to check CMake code style
[13.094s] -- Added test 'pep257' to check Python code against some of the docstring style conventions in PEP 257
[13.095s] -- Added test 'uncrustify' to check C / C++ code style
[13.096s] -- Configured uncrustify additional arguments: 
[13.096s] -- Added test 'xmllint' to check XML markup files
[13.097s] -- Configuring done (13.1s)
[13.151s] -- Generating done (0.0s)
[13.156s] -- Build files have been written to: /home/naiwu/xxu_2026/xxu_nav_2026/build/multirobot_map_merge
[13.165s] Invoked command in '/home/naiwu/xxu_2026/xxu_nav_2026/build/multirobot_map_merge' returned '0': CMAKE_PREFIX_PATH=${CMAKE_PREFIX_PATH}:/opt/ros/jazzy DEBUGINFOD_URLS=https://debuginfod.ubuntu.com /usr/bin/cmake /home/naiwu/xxu_2026/xxu_nav_2026/src/m-explore-ros2/map_merge -DCMAKE_INSTALL_PREFIX=/home/naiwu/xxu_2026/xxu_nav_2026/install/multirobot_map_merge
[13.165s] Invoking command in '/home/naiwu/xxu_2026/xxu_nav_2026/build/multirobot_map_merge': CMAKE_PREFIX_PATH=${CMAKE_PREFIX_PATH}:/opt/ros/jazzy DEBUGINFOD_URLS=https://debuginfod.ubuntu.com /usr/bin/cmake --build /home/naiwu/xxu_2026/xxu_nav_2026/build/multirobot_map_merge -- -j24 -l24
[13.206s] [ 25%] Building CXX object CMakeFiles/combine_grids.dir/src/combine_grids/grid_compositor.cpp.o
[13.206s] [ 25%] Building CXX object CMakeFiles/combine_grids.dir/src/combine_grids/grid_warper.cpp.o
[13.206s] [ 25%] Building CXX object CMakeFiles/combine_grids.dir/src/combine_grids/merging_pipeline.cpp.o
[13.206s] [ 33%] Building CXX object gtest/CMakeFiles/gtest.dir/src/gtest-all.cc.o
[13.208s] [ 41%] Building CXX object gtest/CMakeFiles/gtest_main.dir/src/gtest_main.cc.o
[13.730s] [ 50%] Linking CXX static library libgtest_main.a
[13.788s] [ 50%] Built target gtest_main
[15.280s] [ 58%] Linking CXX static library libcombine_grids.a
[15.333s] [ 58%] Built target combine_grids
[15.348s] [ 66%] Building CXX object CMakeFiles/map_merge.dir/src/map_merge.cpp.o
[15.452s] [ 75%] Linking CXX static library libgtest.a
[15.519s] [ 75%] Built target gtest
[15.535s] [ 83%] Building CXX object CMakeFiles/test_merging_pipeline.dir/test/test_merging_pipeline.cpp.o
[18.194s] [ 91%] Linking CXX executable test_merging_pipeline
[18.602s] [ 91%] Built target test_merging_pipeline
[22.393s] [100%] Linking CXX executable map_merge
[22.888s] [100%] Built target map_merge
[22.897s] Invoked command in '/home/naiwu/xxu_2026/xxu_nav_2026/build/multirobot_map_merge' returned '0': CMAKE_PREFIX_PATH=${CMAKE_PREFIX_PATH}:/opt/ros/jazzy DEBUGINFOD_URLS=https://debuginfod.ubuntu.com /usr/bin/cmake --build /home/naiwu/xxu_2026/xxu_nav_2026/build/multirobot_map_merge -- -j24 -l24
[22.903s] Invoking command in '/home/naiwu/xxu_2026/xxu_nav_2026/build/multirobot_map_merge': CMAKE_PREFIX_PATH=${CMAKE_PREFIX_PATH}:/opt/ros/jazzy DEBUGINFOD_URLS=https://debuginfod.ubuntu.com /usr/bin/cmake --install /home/naiwu/xxu_2026/xxu_nav_2026/build/multirobot_map_merge
[22.908s] -- Install configuration: ""
[22.908s] -- Installing: /home/naiwu/xxu_2026/xxu_nav_2026/install/multirobot_map_merge/include/map_merge/
[22.908s] -- Installing: /home/naiwu/xxu_2026/xxu_nav_2026/install/multirobot_map_merge/include/map_merge//ros1_names.hpp
[22.908s] -- Installing: /home/naiwu/xxu_2026/xxu_nav_2026/install/multirobot_map_merge/include/map_merge//map_merge.h
[22.908s] -- Installing: /home/naiwu/xxu_2026/xxu_nav_2026/install/multirobot_map_merge/share/multirobot_map_merge/launch
[22.908s] -- Installing: /home/naiwu/xxu_2026/xxu_nav_2026/install/multirobot_map_merge/share/multirobot_map_merge/launch/tb3_simulation
[22.908s] -- Installing: /home/naiwu/xxu_2026/xxu_nav_2026/install/multirobot_map_merge/share/multirobot_map_merge/launch/tb3_simulation/tb3_simulation_launch.py
[22.908s] -- Installing: /home/naiwu/xxu_2026/xxu_nav_2026/install/multirobot_map_merge/share/multirobot_map_merge/launch/tb3_simulation/slam_toolbox.py
[22.908s] -- Installing: /home/naiwu/xxu_2026/xxu_nav_2026/install/multirobot_map_merge/share/multirobot_map_merge/launch/tb3_simulation/worlds
[22.908s] -- Installing: /home/naiwu/xxu_2026/xxu_nav_2026/install/multirobot_map_merge/share/multirobot_map_merge/launch/tb3_simulation/worlds/world_only.model
[22.908s] -- Installing: /home/naiwu/xxu_2026/xxu_nav_2026/install/multirobot_map_merge/share/multirobot_map_merge/launch/tb3_simulation/multi_tb3_simulation_launch.py
[22.908s] -- Installing: /home/naiwu/xxu_2026/xxu_nav_2026/install/multirobot_map_merge/share/multirobot_map_merge/launch/tb3_simulation/config
[22.908s] -- Installing: /home/naiwu/xxu_2026/xxu_nav_2026/install/multirobot_map_merge/share/multirobot_map_merge/launch/tb3_simulation/config/nav2_multirobot_params_1.yaml
[22.908s] -- Installing: /home/naiwu/xxu_2026/xxu_nav_2026/install/multirobot_map_merge/share/multirobot_map_merge/launch/tb3_simulation/config/nav2_multirobot_params_2.yaml
[22.908s] -- Installing: /home/naiwu/xxu_2026/xxu_nav_2026/install/multirobot_map_merge/share/multirobot_map_merge/launch/tb3_simulation/bringup_launch.py
[22.908s] -- Installing: /home/naiwu/xxu_2026/xxu_nav_2026/install/multirobot_map_merge/share/multirobot_map_merge/launch/from_map_server.launch.py
[22.908s] -- Installing: /home/naiwu/xxu_2026/xxu_nav_2026/install/multirobot_map_merge/share/multirobot_map_merge/launch/map_merge.launch.py
[22.908s] -- Installing: /home/naiwu/xxu_2026/xxu_nav_2026/install/multirobot_map_merge/share/multirobot_map_merge/launch/map_merge.rviz
[22.908s] -- Installing: /home/naiwu/xxu_2026/xxu_nav_2026/install/multirobot_map_merge/share/multirobot_map_merge/config
[22.908s] -- Installing: /home/naiwu/xxu_2026/xxu_nav_2026/install/multirobot_map_merge/share/multirobot_map_merge/config/params.yaml
[22.908s] -- Installing: /home/naiwu/xxu_2026/xxu_nav_2026/install/multirobot_map_merge/lib/libcombine_grids.a
[22.909s] -- Installing: /home/naiwu/xxu_2026/xxu_nav_2026/install/multirobot_map_merge/lib/multirobot_map_merge/map_merge
[22.912s] -- Set non-toolchain portion of runtime path of "/home/naiwu/xxu_2026/xxu_nav_2026/install/multirobot_map_merge/lib/multirobot_map_merge/map_merge" to ""
[22.912s] -- Installing: /home/naiwu/xxu_2026/xxu_nav_2026/install/multirobot_map_merge/share/multirobot_map_merge/environment/library_path.sh
[22.912s] -- Installing: /home/naiwu/xxu_2026/xxu_nav_2026/install/multirobot_map_merge/share/multirobot_map_merge/environment/library_path.dsv
[22.912s] -- Installing: /home/naiwu/xxu_2026/xxu_nav_2026/install/multirobot_map_merge/share/ament_index/resource_index/package_run_dependencies/multirobot_map_merge
[22.912s] -- Installing: /home/naiwu/xxu_2026/xxu_nav_2026/install/multirobot_map_merge/share/ament_index/resource_index/parent_prefix_path/multirobot_map_merge
[22.912s] -- Installing: /home/naiwu/xxu_2026/xxu_nav_2026/install/multirobot_map_merge/share/multirobot_map_merge/environment/ament_prefix_path.sh
[22.912s] -- Installing: /home/naiwu/xxu_2026/xxu_nav_2026/install/multirobot_map_merge/share/multirobot_map_merge/environment/ament_prefix_path.dsv
[22.912s] -- Installing: /home/naiwu/xxu_2026/xxu_nav_2026/install/multirobot_map_merge/share/multirobot_map_merge/environment/path.sh
[22.912s] -- Installing: /home/naiwu/xxu_2026/xxu_nav_2026/install/multirobot_map_merge/share/multirobot_map_merge/environment/path.dsv
[22.912s] -- Installing: /home/naiwu/xxu_2026/xxu_nav_2026/install/multirobot_map_merge/share/multirobot_map_merge/local_setup.bash
[22.912s] -- Installing: /home/naiwu/xxu_2026/xxu_nav_2026/install/multirobot_map_merge/share/multirobot_map_merge/local_setup.sh
[22.912s] -- Installing: /home/naiwu/xxu_2026/xxu_nav_2026/install/multirobot_map_merge/share/multirobot_map_merge/local_setup.zsh
[22.912s] -- Installing: /home/naiwu/xxu_2026/xxu_nav_2026/install/multirobot_map_merge/share/multirobot_map_merge/local_setup.dsv
[22.912s] -- Installing: /home/naiwu/xxu_2026/xxu_nav_2026/install/multirobot_map_merge/share/multirobot_map_merge/package.dsv
[22.913s] -- Installing: /home/naiwu/xxu_2026/xxu_nav_2026/install/multirobot_map_merge/share/ament_index/resource_index/packages/multirobot_map_merge
[22.913s] -- Installing: /home/naiwu/xxu_2026/xxu_nav_2026/install/multirobot_map_merge/share/multirobot_map_merge/cmake/ament_cmake_export_include_directories-extras.cmake
[22.913s] -- Installing: /home/naiwu/xxu_2026/xxu_nav_2026/install/multirobot_map_merge/share/multirobot_map_merge/cmake/ament_cmake_export_libraries-extras.cmake
[22.913s] -- Installing: /home/naiwu/xxu_2026/xxu_nav_2026/install/multirobot_map_merge/share/multirobot_map_merge/cmake/multirobot_map_mergeConfig.cmake
[22.913s] -- Installing: /home/naiwu/xxu_2026/xxu_nav_2026/install/multirobot_map_merge/share/multirobot_map_merge/cmake/multirobot_map_mergeConfig-version.cmake
[22.913s] -- Installing: /home/naiwu/xxu_2026/xxu_nav_2026/install/multirobot_map_merge/share/multirobot_map_merge/package.xml
[22.914s] Invoked command in '/home/naiwu/xxu_2026/xxu_nav_2026/build/multirobot_map_merge' returned '0': CMAKE_PREFIX_PATH=${CMAKE_PREFIX_PATH}:/opt/ros/jazzy DEBUGINFOD_URLS=https://debuginfod.ubuntu.com /usr/bin/cmake --install /home/naiwu/xxu_2026/xxu_nav_2026/build/multirobot_map_merge
