[0.006s] Invoking command in '/home/naiwu/xxu_2026/xxu_nav_2026/build/xxu_description': CMAKE_PREFIX_PATH=${CMAKE_PREFIX_PATH}:/opt/ros/jazzy DEBUGINFOD_URLS=https://debuginfod.ubuntu.com /usr/bin/cmake /home/naiwu/xxu_2026/xxu_nav_2026/src/xxu_description -DCMAKE_INSTALL_PREFIX=/home/naiwu/xxu_2026/xxu_nav_2026/install/xxu_description
[0.015s] -- Found ament_cmake: 2.5.5 (/opt/ros/jazzy/share/ament_cmake/cmake)
[0.148s] -- Override CMake install command with custom implementation using symlinks instead of copying resources
[0.151s] -- Found ament_lint_auto: 0.17.4 (/opt/ros/jazzy/share/ament_lint_auto/cmake)
[0.206s] -- Added test 'flake8' to check Python code syntax and style conventions
[0.206s] -- Configured 'flake8' exclude dirs and/or files: 
[0.206s] -- Added test 'lint_cmake' to check CMake code style
[0.206s] -- Added test 'pep257' to check Python code against some of the docstring style conventions in PEP 257
[0.207s] -- Added test 'xmllint' to check XML markup files
[0.208s] -- Configuring done (0.2s)
[0.209s] -- Generating done (0.0s)
[0.210s] -- Build files have been written to: /home/naiwu/xxu_2026/xxu_nav_2026/build/xxu_description
[0.212s] Invoked command in '/home/naiwu/xxu_2026/xxu_nav_2026/build/xxu_description' returned '0': CMAKE_PREFIX_PATH=${CMAKE_PREFIX_PATH}:/opt/ros/jazzy DEBUGINFOD_URLS=https://debuginfod.ubuntu.com /usr/bin/cmake /home/naiwu/xxu_2026/xxu_nav_2026/src/xxu_description -DCMAKE_INSTALL_PREFIX=/home/naiwu/xxu_2026/xxu_nav_2026/install/xxu_description
[0.213s] Invoking command in '/home/naiwu/xxu_2026/xxu_nav_2026/build/xxu_description': CMAKE_PREFIX_PATH=${CMAKE_PREFIX_PATH}:/opt/ros/jazzy DEBUGINFOD_URLS=https://debuginfod.ubuntu.com /usr/bin/cmake --build /home/naiwu/xxu_2026/xxu_nav_2026/build/xxu_description -- -j24 -l24
[0.241s] Invoked command in '/home/naiwu/xxu_2026/xxu_nav_2026/build/xxu_description' returned '0': CMAKE_PREFIX_PATH=${CMAKE_PREFIX_PATH}:/opt/ros/jazzy DEBUGINFOD_URLS=https://debuginfod.ubuntu.com /usr/bin/cmake --build /home/naiwu/xxu_2026/xxu_nav_2026/build/xxu_description -- -j24 -l24
[0.247s] Invoking command in '/home/naiwu/xxu_2026/xxu_nav_2026/build/xxu_description': CMAKE_PREFIX_PATH=${CMAKE_PREFIX_PATH}:/opt/ros/jazzy DEBUGINFOD_URLS=https://debuginfod.ubuntu.com /usr/bin/cmake --install /home/naiwu/xxu_2026/xxu_nav_2026/build/xxu_description
[0.252s] -- Install configuration: ""
[0.252s] -- Execute custom install script
[0.252s] -- Up-to-date symlink: /home/naiwu/xxu_2026/xxu_nav_2026/install/xxu_description/share/xxu_description/launch/__pycache__/display.launch.cpython-312.pyc
[0.252s] -- Up-to-date symlink: /home/naiwu/xxu_2026/xxu_nav_2026/install/xxu_description/share/xxu_description/launch/__pycache__/gazebo.launch.cpython-312.pyc
[0.252s] -- Up-to-date symlink: /home/naiwu/xxu_2026/xxu_nav_2026/install/xxu_description/share/xxu_description/launch/display.launch.py
[0.252s] -- Up-to-date symlink: /home/naiwu/xxu_2026/xxu_nav_2026/install/xxu_description/share/xxu_description/launch/gazebo.launch.py
[0.252s] -- Up-to-date symlink: /home/naiwu/xxu_2026/xxu_nav_2026/install/xxu_description/share/xxu_description/meshes/.gitkeep
[0.252s] -- Up-to-date symlink: /home/naiwu/xxu_2026/xxu_nav_2026/install/xxu_description/share/xxu_description/meshes/rmul2026.stl
[0.252s] -- Up-to-date symlink: /home/naiwu/xxu_2026/xxu_nav_2026/install/xxu_description/share/xxu_description/meshes/rmul_2026.dae
[0.252s] -- Up-to-date symlink: /home/naiwu/xxu_2026/xxu_nav_2026/install/xxu_description/share/xxu_description/rviz/display.rviz
[0.252s] -- Up-to-date symlink: /home/naiwu/xxu_2026/xxu_nav_2026/install/xxu_description/share/xxu_description/urdf/plugins/gazebo_control_plugin.xacro
[0.253s] -- Up-to-date symlink: /home/naiwu/xxu_2026/xxu_nav_2026/install/xxu_description/share/xxu_description/urdf/plugins/gazebo_sensor_plugin.xacro
[0.253s] -- Up-to-date symlink: /home/naiwu/xxu_2026/xxu_nav_2026/install/xxu_description/share/xxu_description/urdf/wheel.urdf.xacro
[0.253s] -- Up-to-date symlink: /home/naiwu/xxu_2026/xxu_nav_2026/install/xxu_description/share/xxu_description/urdf/xxu.urdf.xacro
[0.253s] -- Up-to-date symlink: /home/naiwu/xxu_2026/xxu_nav_2026/install/xxu_description/share/xxu_description/urdf/xxu_gazebo.urdf.xacro
[0.253s] -- Up-to-date symlink: /home/naiwu/xxu_2026/xxu_nav_2026/install/xxu_description/share/xxu_description/worlds/empty_with_sensors.sdf
[0.253s] -- Up-to-date symlink: /home/naiwu/xxu_2026/xxu_nav_2026/install/xxu_description/lib/xxu_description/cmd_vel_watchdog.py
[0.253s] -- Up-to-date symlink: /home/naiwu/xxu_2026/xxu_nav_2026/install/xxu_description/share/ament_index/resource_index/package_run_dependencies/xxu_description
[0.253s] -- Up-to-date symlink: /home/naiwu/xxu_2026/xxu_nav_2026/install/xxu_description/share/ament_index/resource_index/parent_prefix_path/xxu_description
[0.253s] -- Up-to-date symlink: /home/naiwu/xxu_2026/xxu_nav_2026/install/xxu_description/share/xxu_description/environment/ament_prefix_path.sh
[0.253s] -- Up-to-date symlink: /home/naiwu/xxu_2026/xxu_nav_2026/install/xxu_description/share/xxu_description/environment/ament_prefix_path.dsv
[0.253s] -- Up-to-date symlink: /home/naiwu/xxu_2026/xxu_nav_2026/install/xxu_description/share/xxu_description/environment/path.sh
[0.253s] -- Up-to-date symlink: /home/naiwu/xxu_2026/xxu_nav_2026/install/xxu_description/share/xxu_description/environment/path.dsv
[0.253s] -- Up-to-date symlink: /home/naiwu/xxu_2026/xxu_nav_2026/install/xxu_description/share/xxu_description/local_setup.bash
[0.253s] -- Up-to-date symlink: /home/naiwu/xxu_2026/xxu_nav_2026/install/xxu_description/share/xxu_description/local_setup.sh
[0.253s] -- Up-to-date symlink: /home/naiwu/xxu_2026/xxu_nav_2026/install/xxu_description/share/xxu_description/local_setup.zsh
[0.253s] -- Up-to-date symlink: /home/naiwu/xxu_2026/xxu_nav_2026/install/xxu_description/share/xxu_description/local_setup.dsv
[0.254s] -- Symlinking: /home/naiwu/xxu_2026/xxu_nav_2026/install/xxu_description/share/xxu_description/package.dsv
[0.259s] -- Up-to-date symlink: /home/naiwu/xxu_2026/xxu_nav_2026/install/xxu_description/share/ament_index/resource_index/packages/xxu_description
[0.259s] -- Up-to-date symlink: /home/naiwu/xxu_2026/xxu_nav_2026/install/xxu_description/share/xxu_description/cmake/xxu_descriptionConfig.cmake
[0.259s] -- Up-to-date symlink: /home/naiwu/xxu_2026/xxu_nav_2026/install/xxu_description/share/xxu_description/cmake/xxu_descriptionConfig-version.cmake
[0.259s] -- Up-to-date symlink: /home/naiwu/xxu_2026/xxu_nav_2026/install/xxu_description/share/xxu_description/package.xml
[0.260s] Invoked command in '/home/naiwu/xxu_2026/xxu_nav_2026/build/xxu_description' returned '0': CMAKE_PREFIX_PATH=${CMAKE_PREFIX_PATH}:/opt/ros/jazzy DEBUGINFOD_URLS=https://debuginfod.ubuntu.com /usr/bin/cmake --install /home/naiwu/xxu_2026/xxu_nav_2026/build/xxu_description
