-- The C compiler identification is GNU 13.3.0
-- The CXX compiler identification is GNU 13.3.0
-- Detecting C compiler ABI info
-- Detecting C compiler ABI info - done
-- Check for working C compiler: /usr/bin/cc - skipped
-- Detecting C compile features
-- Detecting C compile features - done
-- Detecting CXX compiler ABI info
-- Detecting CXX compiler ABI info - done
-- Check for working CXX compiler: /usr/bin/c++ - skipped
-- Detecting CXX compile features
-- Detecting CXX compile features - done
-- Found ament_cmake_auto: 2.5.5 (/opt/ros/jazzy/share/ament_cmake_auto/cmake)
-- Found Python3: /usr/bin/python3 (found version "3.12.3") found components: Interpreter 
-- Override CMake install command with custom implementation using symlinks instead of copying resources
-- Found OpenMP_C: -fopenmp (found version "4.5") 
-- Found OpenMP_CXX: -fopenmp (found version "4.5") 
-- Found OpenMP: TRUE (found version "4.5")  
-- Found rclcpp: 28.1.16 (/opt/ros/jazzy/share/rclcpp/cmake)
-- Found rosidl_generator_c: 4.6.7 (/opt/ros/jazzy/share/rosidl_generator_c/cmake)
-- Found rosidl_generator_cpp: 4.6.7 (/opt/ros/jazzy/share/rosidl_generator_cpp/cmake)
-- Using all available rosidl_typesupport_c: rosidl_typesupport_fastrtps_c;rosidl_typesupport_introspection_c
-- Using all available rosidl_typesupport_cpp: rosidl_typesupport_fastrtps_cpp;rosidl_typesupport_introspection_cpp
-- Found rmw_implementation_cmake: 7.3.3 (/opt/ros/jazzy/share/rmw_implementation_cmake/cmake)
-- Found rmw_fastrtps_cpp: 8.4.3 (/opt/ros/jazzy/share/rmw_fastrtps_cpp/cmake)
-- Found OpenSSL: /usr/lib/x86_64-linux-gnu/libcrypto.so (found version "3.0.13")  
-- Found FastRTPS: /opt/ros/jazzy/include (Required is at least version "2.13") 
-- Using RMW implementation 'rmw_fastrtps_cpp' as default
-- Found rclcpp_components: 28.1.16 (/opt/ros/jazzy/share/rclcpp_components/cmake)
-- Found rclpy: 7.1.9 (/opt/ros/jazzy/share/rclpy/cmake)
-- Found sensor_msgs: 5.3.6 (/opt/ros/jazzy/share/sensor_msgs/cmake)
-- Found nav_msgs: 5.3.6 (/opt/ros/jazzy/share/nav_msgs/cmake)
-- Found tf2_ros: 0.36.19 (/opt/ros/jazzy/share/tf2_ros/cmake)
-- Found tf2_geometry_msgs: 0.36.19 (/opt/ros/jazzy/share/tf2_geometry_msgs/cmake)
-- Found eigen3_cmake_module: 0.3.0 (/opt/ros/jazzy/share/eigen3_cmake_module/cmake)
-- Found Eigen3: TRUE (found version "3.4.0") 
-- Ensuring Eigen3 include directory is part of orocos-kdl CMake target
-- Found std_srvs: 5.3.6 (/opt/ros/jazzy/share/std_srvs/cmake)
-- livox_ros_driver2 not found. Building without Livox custom message support.
-- Found ament_lint_auto: 0.17.4 (/opt/ros/jazzy/share/ament_lint_auto/cmake)
-- Added test 'cppcheck' to perform static code analysis on C / C++ code
-- Configured cppcheck include dirs: /home/naiwu/xxu_2026/xxu_nav_2026/src/small_point_lio/include;/home/naiwu/xxu_2026/xxu_nav_2026/src/small_point_lio/3rdparty;/home/naiwu/xxu_2026/xxu_nav_2026/src/small_point_lio/src
-- Configured cppcheck exclude dirs and/or files: 
-- Added test 'cpplint' to check C / C++ code against the Google style
-- Configured cpplint exclude dirs and/or files: 
-- Added test 'flake8' to check Python code syntax and style conventions
-- Configured 'flake8' exclude dirs and/or files: 
-- Added test 'lint_cmake' to check CMake code style
-- Added test 'pep257' to check Python code against some of the docstring style conventions in PEP 257
-- Added test 'xmllint' to check XML markup files
-- Configuring done (1.3s)
-- Generating done (0.0s)
-- Build files have been written to: /home/naiwu/xxu_2026/xxu_nav_2026/build/small_point_lio
[ 21%] Building C object CMakeFiles/small_point_lio.dir/3rdparty/liblzf/lzf_d.c.o
[ 21%] Building CXX object CMakeFiles/small_point_lio_node.dir/rclcpp_components/node_main_small_point_lio_node.cpp.o
[ 28%] Building CXX object CMakeFiles/small_point_lio.dir/cmake_pch.hxx.gch
[ 21%] Building C object CMakeFiles/small_point_lio.dir/3rdparty/liblzf/lzf_c.c.o
[ 35%] Linking CXX executable small_point_lio_node
[ 35%] Built target small_point_lio_node
[ 57%] Building CXX object CMakeFiles/small_point_lio.dir/src/small_point_lio/estimator.cpp.o
[ 57%] Building CXX object CMakeFiles/small_point_lio.dir/src/util/pointcloud_mapping.cpp.o
[ 57%] Building CXX object CMakeFiles/small_point_lio.dir/src/small_point_lio/small_point_lio.cpp.o
[ 64%] Building CXX object CMakeFiles/small_point_lio.dir/src/small_point_lio/preprocess.cpp.o
[ 71%] Building CXX object CMakeFiles/small_point_lio.dir/src/util/voxelgrid_sampling.cpp.o
[ 78%] Building CXX object CMakeFiles/small_point_lio.dir/src/small_point_lio_node.cpp.o
[ 92%] Building CXX object CMakeFiles/small_point_lio.dir/src/io/pcd_io.cpp.o
[ 92%] Building CXX object CMakeFiles/small_point_lio.dir/src/small_point_lio/parameters.cpp.o
In file included from [01m[K/usr/lib/gcc/x86_64-linux-gnu/13/include/immintrin.h:43[m[K,
                 from [01m[K/usr/include/eigen3/Eigen/src/Core/util/ConfigureVectorization.h:361[m[K,
                 from [01m[K/usr/include/eigen3/Eigen/Core:22[m[K,
                 from [01m[K/home/naiwu/xxu_2026/xxu_nav_2026/src/small_point_lio/include/pch.h:22[m[K,
                 from [01m[K/home/naiwu/xxu_2026/xxu_nav_2026/build/small_point_lio/CMakeFiles/small_point_lio.dir/cmake_pch.hxx:5[m[K,
                 from [01m[K<command-line>[m[K:
In function ‘[01m[K__m256d[01;32m[K _mm256_loadu_pd[m[K(const double*)[m[K’,
    inlined from ‘[01m[KPacket Eigen::internal::[01;32m[Kploadu[m[K(const typename unpacket_traits<T>::type*) [35m[K[with Packet = __vector(4) double][m[K[m[K’ at [01m[K/usr/include/eigen3/Eigen/src/Core/arch/AVX/PacketMath.h:582:129[m[K,
    inlined from ‘[01m[KPacket Eigen::internal::[01;32m[Kploadt[m[K(const typename unpacket_traits<T>::type*) [35m[K[with Packet = __vector(4) double; int Alignment = 0][m[K[m[K’ at [01m[K/usr/include/eigen3/Eigen/src/Core/GenericPacketMath.h:969:26[m[K,
    inlined from ‘[01m[KPacketType Eigen::internal::evaluator<Eigen::PlainObjectBase<Derived> >::[01;32m[Kpacket[m[K(Eigen::Index, Eigen::Index) const [35m[K[with int LoadMode = 0; PacketType = __vector(4) double; Derived = Eigen::Matrix<double, 3, 1>][m[K[m[K’ at [01m[K/usr/include/eigen3/Eigen/src/Core/CoreEvaluators.h:238:42[m[K,
    inlined from ‘[01m[KPacketType Eigen::internal::unary_evaluator<Eigen::Transpose<Derived>, Eigen::internal::IndexBased>::[01;32m[Kpacket[m[K(Eigen::Index, Eigen::Index) const [35m[K[with int LoadMode = 0; PacketType = __vector(4) double; ArgType = Eigen::Matrix<double, 3, 1>][m[K[m[K’ at [01m[K/usr/include/eigen3/Eigen/src/Core/CoreEvaluators.h:350:58[m[K,
    inlined from ‘[01m[Kvoid Eigen::internal::generic_dense_assignment_kernel<DstEvaluatorTypeT, SrcEvaluatorTypeT, Functor, Version>::[01;32m[KassignPacket[m[K(Eigen::Index, Eigen::Index) [35m[K[with int StoreMode = 32; int LoadMode = 0; PacketType = __vector(4) double; DstEvaluatorTypeT = Eigen::internal::evaluator<Eigen::Block<Eigen::Matrix<double, 1, 12>, -1, -1, false> >; SrcEvaluatorTypeT = Eigen::internal::evaluator<Eigen::Transpose<Eigen::Matrix<double, 3, 1> > >; Functor = Eigen::internal::assign_op<double, double>; int Version = 0][m[K[m[K’ at [01m[K/usr/include/eigen3/Eigen/src/Core/AssignEvaluator.h:675:116[m[K,
    inlined from ‘[01m[Kvoid Eigen::internal::generic_dense_assignment_kernel<DstEvaluatorTypeT, SrcEvaluatorTypeT, Functor, Version>::[01;32m[KassignPacketByOuterInner[m[K(Eigen::Index, Eigen::Index) [35m[K[with int StoreMode = 32; int LoadMode = 0; PacketType = __vector(4) double; DstEvaluatorTypeT = Eigen::internal::evaluator<Eigen::Block<Eigen::Matrix<double, 1, 12>, -1, -1, false> >; SrcEvaluatorTypeT = Eigen::internal::evaluator<Eigen::Transpose<Eigen::Matrix<double, 3, 1> > >; Functor = Eigen::internal::assign_op<double, double>; int Version = 0][m[K[m[K’ at [01m[K/usr/include/eigen3/Eigen/src/Core/AssignEvaluator.h:689:48[m[K,
    inlined from ‘[01m[Kstatic void Eigen::internal::dense_assignment_loop<Kernel, 4, 0>::[01;32m[Krun[m[K(Kernel&) [35m[K[with Kernel = Eigen::internal::generic_dense_assignment_kernel<Eigen::internal::evaluator<Eigen::Block<Eigen::Matrix<double, 1, 12>, -1, -1, false> >, Eigen::internal::evaluator<Eigen::Transpose<Eigen::Matrix<double, 3, 1> > >, Eigen::internal::assign_op<double, double>, 0>][m[K[m[K’ at [01m[K/usr/include/eigen3/Eigen/src/Core/AssignEvaluator.h:572:86[m[K,
    inlined from ‘[01m[Kvoid Eigen::internal::[01;32m[Kcall_dense_assignment_loop[m[K(DstXprType&, const SrcXprType&, const Functor&) [35m[K[with DstXprType = Eigen::Block<Eigen::Matrix<double, 1, 12>, -1, -1, false>; SrcXprType = Eigen::Transpose<Eigen::Matrix<double, 3, 1> >; Functor = assign_op<double, double>][m[K[m[K’ at [01m[K/usr/include/eigen3/Eigen/src/Core/AssignEvaluator.h:785:37[m[K,
    inlined from ‘[01m[Kstatic void Eigen::internal::Assignment<DstXprType, SrcXprType, Functor, Eigen::internal::Dense2Dense, Weak>::[01;32m[Krun[m[K(DstXprType&, const SrcXprType&, const Functor&) [35m[K[with DstXprType = Eigen::Block<Eigen::Matrix<double, 1, 12>, -1, -1, false>; SrcXprType = Eigen::Transpose<Eigen::Matrix<double, 3, 1> >; Functor = Eigen::internal::assign_op<double, double>; Weak = void][m[K[m[K’ at [01m[K/usr/include/eigen3/Eigen/src/Core/AssignEvaluator.h:954:31[m[K,
    inlined from ‘[01m[Kvoid Eigen::internal::[01;32m[Kcall_assignment_no_alias[m[K(Dst&, const Src&, const Func&) [35m[K[with Dst = Eigen::Block<Eigen::Matrix<double, 1, 12>, -1, -1, false>; Src = Eigen::Transpose<Eigen::Matrix<double, 3, 1> >; Func = assign_op<double, double>][m[K[m[K’ at [01m[K/usr/include/eigen3/Eigen/src/Core/AssignEvaluator.h:890:49[m[K,
    inlined from ‘[01m[Kvoid Eigen::internal::[01;32m[Kcall_assignment[m[K(Dst&, const Src&, const Func&, typename enable_if<(! evaluator_assume_aliasing<Src>::value), void*>::type) [35m[K[with Dst = Eigen::Block<Eigen::Matrix<double, 1, 12>, -1, -1, false>; Src = Eigen::Transpose<Eigen::Matrix<double, 3, 1> >; Func = assign_op<double, double>][m[K[m[K’ at [01m[K/usr/include/eigen3/Eigen/src/Core/AssignEvaluator.h:858:27[m[K,
    inlined from ‘[01m[Kvoid Eigen::internal::[01;32m[Kcall_assignment[m[K(Dst&, const Src&) [35m[K[with Dst = Eigen::Block<Eigen::Matrix<double, 1, 12>, -1, -1, false>; Src = Eigen::Transpose<Eigen::Matrix<double, 3, 1> >][m[K[m[K’ at [01m[K/usr/include/eigen3/Eigen/src/Core/AssignEvaluator.h:836:18[m[K,
    inlined from ‘[01m[KDerived& Eigen::MatrixBase<Derived>::[01;32m[Koperator=[m[K(const Eigen::DenseBase<OtherDerived>&) [35m[K[with OtherDerived = Eigen::Transpose<Eigen::Matrix<double, 3, 1> >; Derived = Eigen::Block<Eigen::Matrix<double, 1, 12>, -1, -1, false>][m[K[m[K’ at [01m[K/usr/include/eigen3/Eigen/src/Core/Assign.h:66:28[m[K,
    inlined from ‘[01m[KEigen::CommaInitializer<MatrixType>::[01;32m[KCommaInitializer[m[K(XprType&, const Eigen::DenseBase<OtherDerived>&) [35m[K[with OtherDerived = Eigen::Transpose<Eigen::Matrix<double, 3, 1> >; XprType = Eigen::Matrix<double, 1, 12>][m[K[m[K’ at [01m[K/usr/include/eigen3/Eigen/src/Core/CommaInitializer.h:48:51[m[K,
    inlined from ‘[01m[KEigen::CommaInitializer<Derived> Eigen::DenseBase<Derived>::[01;32m[Koperator<<[m[K(const Eigen::DenseBase<OtherDerived>&) [35m[K[with OtherDerived = Eigen::Transpose<Eigen::Matrix<double, 3, 1> >; Derived = Eigen::Matrix<double, 1, 12>][m[K[m[K’ at [01m[K/usr/include/eigen3/Eigen/src/Core/CommaInitializer.h:159:72[m[K,
    inlined from ‘[01m[Kvoid small_point_lio::Estimator::[01;32m[Kh_point[m[K(const small_point_lio::state&, small_point_lio::point_measurement_result&)[m[K’ at [01m[K/home/naiwu/xxu_2026/xxu_nav_2026/src/small_point_lio/src/small_point_lio/estimator.cpp:104:34[m[K:
[01m[K/usr/lib/gcc/x86_64-linux-gnu/13/include/avxintrin.h:893:24:[m[K [01;35m[Kwarning: [m[Karray subscript ‘[01m[K__m256d_u[0][m[K’ is partly outside array bounds of ‘[01m[KEigen::Matrix<double, 3, 1> [1][m[K’ [[01;35m[K-Warray-bounds=[m[K]
  893 |   return *(__m256d_u *)[01;35m[K__P[m[K;
      |                        [01;35m[K^~~[m[K
[01m[K/home/naiwu/xxu_2026/xxu_nav_2026/src/small_point_lio/src/small_point_lio/estimator.cpp:[m[K In member function ‘[01m[Kvoid small_point_lio::Estimator::[01;32m[Kh_point[m[K(const small_point_lio::state&, small_point_lio::point_measurement_result&)[m[K’:
[01m[K/home/naiwu/xxu_2026/xxu_nav_2026/src/small_point_lio/src/small_point_lio/estimator.cpp:101:52:[m[K [01;36m[Knote: [m[Kat offset [0, 16] into object ‘[01m[Knormal0[m[K’ of size 24
  101 |             Eigen::Matrix<state::value_type, 3, 1> [01;36m[Knormal0[m[K = normal.cast<state::value_type>();
      |                                                    [01;36m[K^~~~~~~[m[K
In function ‘[01m[K__m256d[01;32m[K _mm256_loadu_pd[m[K(const double*)[m[K’,
    inlined from ‘[01m[KPacket Eigen::internal::[01;32m[Kploadu[m[K(const typename unpacket_traits<T>::type*) [35m[K[with Packet = __vector(4) double][m[K[m[K’ at [01m[K/usr/include/eigen3/Eigen/src/Core/arch/AVX/PacketMath.h:582:129[m[K,
    inlined from ‘[01m[KPacket Eigen::internal::[01;32m[Kploadt[m[K(const typename unpacket_traits<T>::type*) [35m[K[with Packet = __vector(4) double; int Alignment = 0][m[K[m[K’ at [01m[K/usr/include/eigen3/Eigen/src/Core/GenericPacketMath.h:969:26[m[K,
    inlined from ‘[01m[KPacketType Eigen::internal::evaluator<Eigen::PlainObjectBase<Derived> >::[01;32m[Kpacket[m[K(Eigen::Index, Eigen::Index) const [35m[K[with int LoadMode = 0; PacketType = __vector(4) double; Derived = Eigen::Matrix<double, 3, 1>][m[K[m[K’ at [01m[K/usr/include/eigen3/Eigen/src/Core/CoreEvaluators.h:238:42[m[K,
    inlined from ‘[01m[KPacketType Eigen::internal::unary_evaluator<Eigen::Transpose<Derived>, Eigen::internal::IndexBased>::[01;32m[Kpacket[m[K(Eigen::Index, Eigen::Index) const [35m[K[with int LoadMode = 0; PacketType = __vector(4) double; ArgType = Eigen::Matrix<double, 3, 1>][m[K[m[K’ at [01m[K/usr/include/eigen3/Eigen/src/Core/CoreEvaluators.h:350:58[m[K,
    inlined from ‘[01m[Kvoid Eigen::internal::generic_dense_assignment_kernel<DstEvaluatorTypeT, SrcEvaluatorTypeT, Functor, Version>::[01;32m[KassignPacket[m[K(Eigen::Index, Eigen::Index) [35m[K[with int StoreMode = 32; int LoadMode = 0; PacketType = __vector(4) double; DstEvaluatorTypeT = Eigen::internal::evaluator<Eigen::Block<Eigen::Matrix<double, 1, 12>, -1, -1, false> >; SrcEvaluatorTypeT = Eigen::internal::evaluator<Eigen::Transpose<Eigen::Matrix<double, 3, 1> > >; Functor = Eigen::internal::assign_op<double, double>; int Version = 0][m[K[m[K’ at [01m[K/usr/include/eigen3/Eigen/src/Core/AssignEvaluator.h:675:116[m[K,
    inlined from ‘[01m[Kvoid Eigen::internal::generic_dense_assignment_kernel<DstEvaluatorTypeT, SrcEvaluatorTypeT, Functor, Version>::[01;32m[KassignPacketByOuterInner[m[K(Eigen::Index, Eigen::Index) [35m[K[with int StoreMode = 32; int LoadMode = 0; PacketType = __vector(4) double; DstEvaluatorTypeT = Eigen::internal::evaluator<Eigen::Block<Eigen::Matrix<double, 1, 12>, -1, -1, false> >; SrcEvaluatorTypeT = Eigen::internal::evaluator<Eigen::Transpose<Eigen::Matrix<double, 3, 1> > >; Functor = Eigen::internal::assign_op<double, double>; int Version = 0][m[K[m[K’ at [01m[K/usr/include/eigen3/Eigen/src/Core/AssignEvaluator.h:689:48[m[K,
    inlined from ‘[01m[Kstatic void Eigen::internal::dense_assignment_loop<Kernel, 4, 0>::[01;32m[Krun[m[K(Kernel&) [35m[K[with Kernel = Eigen::internal::generic_dense_assignment_kernel<Eigen::internal::evaluator<Eigen::Block<Eigen::Matrix<double, 1, 12>, -1, -1, false> >, Eigen::internal::evaluator<Eigen::Transpose<Eigen::Matrix<double, 3, 1> > >, Eigen::internal::assign_op<double, double>, 0>][m[K[m[K’ at [01m[K/usr/include/eigen3/Eigen/src/Core/AssignEvaluator.h:572:86[m[K,
    inlined from ‘[01m[Kvoid Eigen::internal::[01;32m[Kcall_dense_assignment_loop[m[K(DstXprType&, const SrcXprType&, const Functor&) [35m[K[with DstXprType = Eigen::Block<Eigen::Matrix<double, 1, 12>, -1, -1, false>; SrcXprType = Eigen::Transpose<Eigen::Matrix<double, 3, 1> >; Functor = assign_op<double, double>][m[K[m[K’ at [01m[K/usr/include/eigen3/Eigen/src/Core/AssignEvaluator.h:785:37[m[K,
    inlined from ‘[01m[Kstatic void Eigen::internal::Assignment<DstXprType, SrcXprType, Functor, Eigen::internal::Dense2Dense, Weak>::[01;32m[Krun[m[K(DstXprType&, const SrcXprType&, const Functor&) [35m[K[with DstXprType = Eigen::Block<Eigen::Matrix<double, 1, 12>, -1, -1, false>; SrcXprType = Eigen::Transpose<Eigen::Matrix<double, 3, 1> >; Functor = Eigen::internal::assign_op<double, double>; Weak = void][m[K[m[K’ at [01m[K/usr/include/eigen3/Eigen/src/Core/AssignEvaluator.h:954:31[m[K,
    inlined from ‘[01m[Kvoid Eigen::internal::[01;32m[Kcall_assignment_no_alias[m[K(Dst&, const Src&, const Func&) [35m[K[with Dst = Eigen::Block<Eigen::Matrix<double, 1, 12>, -1, -1, false>; Src = Eigen::Transpose<Eigen::Matrix<double, 3, 1> >; Func = assign_op<double, double>][m[K[m[K’ at [01m[K/usr/include/eigen3/Eigen/src/Core/AssignEvaluator.h:890:49[m[K,
    inlined from ‘[01m[Kvoid Eigen::internal::[01;32m[Kcall_assignment[m[K(Dst&, const Src&, const Func&, typename enable_if<(! evaluator_assume_aliasing<Src>::value), void*>::type) [35m[K[with Dst = Eigen::Block<Eigen::Matrix<double, 1, 12>, -1, -1, false>; Src = Eigen::Transpose<Eigen::Matrix<double, 3, 1> >; Func = assign_op<double, double>][m[K[m[K’ at [01m[K/usr/include/eigen3/Eigen/src/Core/AssignEvaluator.h:858:27[m[K,
    inlined from ‘[01m[Kvoid Eigen::internal::[01;32m[Kcall_assignment[m[K(Dst&, const Src&) [35m[K[with Dst = Eigen::Block<Eigen::Matrix<double, 1, 12>, -1, -1, false>; Src = Eigen::Transpose<Eigen::Matrix<double, 3, 1> >][m[K[m[K’ at [01m[K/usr/include/eigen3/Eigen/src/Core/AssignEvaluator.h:836:18[m[K,
    inlined from ‘[01m[KDerived& Eigen::MatrixBase<Derived>::[01;32m[Koperator=[m[K(const Eigen::DenseBase<OtherDerived>&) [35m[K[with OtherDerived = Eigen::Transpose<Eigen::Matrix<double, 3, 1> >; Derived = Eigen::Block<Eigen::Matrix<double, 1, 12>, -1, -1, false>][m[K[m[K’ at [01m[K/usr/include/eigen3/Eigen/src/Core/Assign.h:66:28[m[K,
    inlined from ‘[01m[KEigen::CommaInitializer<MatrixType>::[01;32m[KCommaInitializer[m[K(XprType&, const Eigen::DenseBase<OtherDerived>&) [35m[K[with OtherDerived = Eigen::Transpose<Eigen::Matrix<double, 3, 1> >; XprType = Eigen::Matrix<double, 1, 12>][m[K[m[K’ at [01m[K/usr/include/eigen3/Eigen/src/Core/CommaInitializer.h:48:51[m[K,
    inlined from ‘[01m[KEigen::CommaInitializer<Derived> Eigen::DenseBase<Derived>::[01;32m[Koperator<<[m[K(const Eigen::DenseBase<OtherDerived>&) [35m[K[with OtherDerived = Eigen::Transpose<Eigen::Matrix<double, 3, 1> >; Derived = Eigen::Matrix<double, 1, 12>][m[K[m[K’ at [01m[K/usr/include/eigen3/Eigen/src/Core/CommaInitializer.h:159:72[m[K,
    inlined from ‘[01m[Kvoid small_point_lio::Estimator::[01;32m[Kh_point[m[K(const small_point_lio::state&, small_point_lio::point_measurement_result&)[m[K’ at [01m[K/home/naiwu/xxu_2026/xxu_nav_2026/src/small_point_lio/src/small_point_lio/estimator.cpp:99:34[m[K:
[01m[K/usr/lib/gcc/x86_64-linux-gnu/13/include/avxintrin.h:893:24:[m[K [01;35m[Kwarning: [m[Karray subscript ‘[01m[K__m256d_u[0][m[K’ is partly outside array bounds of ‘[01m[KEigen::Matrix<double, 3, 1> [1][m[K’ [[01;35m[K-Warray-bounds=[m[K]
  893 |   return *(__m256d_u *)[01;35m[K__P[m[K;
      |                        [01;35m[K^~~[m[K
[01m[K/home/naiwu/xxu_2026/xxu_nav_2026/src/small_point_lio/src/small_point_lio/estimator.cpp:[m[K In member function ‘[01m[Kvoid small_point_lio::Estimator::[01;32m[Kh_point[m[K(const small_point_lio::state&, small_point_lio::point_measurement_result&)[m[K’:
[01m[K/home/naiwu/xxu_2026/xxu_nav_2026/src/small_point_lio/src/small_point_lio/estimator.cpp:94:52:[m[K [01;36m[Knote: [m[Kat offset [0, 16] into object ‘[01m[Knormal0[m[K’ of size 24
   94 |             Eigen::Matrix<state::value_type, 3, 1> [01;36m[Knormal0[m[K = normal.cast<state::value_type>();
      |                                                    [01;36m[K^~~~~~~[m[K
[100%] Linking CXX shared library libsmall_point_lio.so
[100%] Built target small_point_lio
-- Install configuration: "Release"
-- Execute custom install script
-- Symlinking: /home/naiwu/xxu_2026/xxu_nav_2026/install/small_point_lio/lib/small_point_lio/small_point_lio_node
-- Symlinking: /home/naiwu/xxu_2026/xxu_nav_2026/install/small_point_lio/include/small_point_lio/param_deliver.h.in
-- Symlinking: /home/naiwu/xxu_2026/xxu_nav_2026/install/small_point_lio/include/small_point_lio/pch.h
-- Symlinking: /home/naiwu/xxu_2026/xxu_nav_2026/install/small_point_lio/share/small_point_lio/environment/library_path.sh
-- Symlinking: /home/naiwu/xxu_2026/xxu_nav_2026/install/small_point_lio/share/small_point_lio/environment/library_path.dsv
-- Symlinking: /home/naiwu/xxu_2026/xxu_nav_2026/install/small_point_lio/lib/libsmall_point_lio.so
-- Symlinking: /home/naiwu/xxu_2026/xxu_nav_2026/install/small_point_lio/share/small_point_lio/config/mid360.yaml
-- Symlinking: /home/naiwu/xxu_2026/xxu_nav_2026/install/small_point_lio/share/small_point_lio/config/unilidar_l2.yaml
-- Symlinking: /home/naiwu/xxu_2026/xxu_nav_2026/install/small_point_lio/share/small_point_lio/config/xxu_gazebo_mid360.yaml
-- Symlinking: /home/naiwu/xxu_2026/xxu_nav_2026/install/small_point_lio/share/small_point_lio/launch/small_point_lio.launch.py
-- Symlinking: /home/naiwu/xxu_2026/xxu_nav_2026/install/small_point_lio/share/ament_index/resource_index/package_run_dependencies/small_point_lio
-- Symlinking: /home/naiwu/xxu_2026/xxu_nav_2026/install/small_point_lio/share/ament_index/resource_index/parent_prefix_path/small_point_lio
-- Symlinking: /home/naiwu/xxu_2026/xxu_nav_2026/install/small_point_lio/share/small_point_lio/environment/ament_prefix_path.sh
-- Symlinking: /home/naiwu/xxu_2026/xxu_nav_2026/install/small_point_lio/share/small_point_lio/environment/ament_prefix_path.dsv
-- Symlinking: /home/naiwu/xxu_2026/xxu_nav_2026/install/small_point_lio/share/small_point_lio/environment/path.sh
-- Symlinking: /home/naiwu/xxu_2026/xxu_nav_2026/install/small_point_lio/share/small_point_lio/environment/path.dsv
-- Symlinking: /home/naiwu/xxu_2026/xxu_nav_2026/install/small_point_lio/share/small_point_lio/local_setup.bash
-- Symlinking: /home/naiwu/xxu_2026/xxu_nav_2026/install/small_point_lio/share/small_point_lio/local_setup.sh
-- Symlinking: /home/naiwu/xxu_2026/xxu_nav_2026/install/small_point_lio/share/small_point_lio/local_setup.zsh
-- Symlinking: /home/naiwu/xxu_2026/xxu_nav_2026/install/small_point_lio/share/small_point_lio/local_setup.dsv
-- Symlinking: /home/naiwu/xxu_2026/xxu_nav_2026/install/small_point_lio/share/small_point_lio/package.dsv
-- Symlinking: /home/naiwu/xxu_2026/xxu_nav_2026/install/small_point_lio/share/ament_index/resource_index/packages/small_point_lio
-- Symlinking: /home/naiwu/xxu_2026/xxu_nav_2026/install/small_point_lio/share/ament_index/resource_index/rclcpp_components/small_point_lio
-- Symlinking: /home/naiwu/xxu_2026/xxu_nav_2026/install/small_point_lio/share/small_point_lio/cmake/ament_cmake_export_include_directories-extras.cmake
-- Symlinking: /home/naiwu/xxu_2026/xxu_nav_2026/install/small_point_lio/share/small_point_lio/cmake/ament_cmake_export_libraries-extras.cmake
-- Symlinking: /home/naiwu/xxu_2026/xxu_nav_2026/install/small_point_lio/share/small_point_lio/cmake/small_point_lioConfig.cmake
-- Symlinking: /home/naiwu/xxu_2026/xxu_nav_2026/install/small_point_lio/share/small_point_lio/cmake/small_point_lioConfig-version.cmake
-- Symlinking: /home/naiwu/xxu_2026/xxu_nav_2026/install/small_point_lio/share/small_point_lio/package.xml
