[0.011s] Invoking command in '/home/naiwu/xxu_2026/xxu_nav_2026/build/small_point_lio': CMAKE_PREFIX_PATH=${CMAKE_PREFIX_PATH}:/opt/ros/jazzy DEBUGINFOD_URLS=https://debuginfod.ubuntu.com /usr/bin/cmake /home/naiwu/xxu_2026/xxu_nav_2026/src/small_point_lio -DAMENT_CMAKE_SYMLINK_INSTALL=1 -DCMAKE_INSTALL_PREFIX=/home/naiwu/xxu_2026/xxu_nav_2026/install/small_point_lio
[0.046s] -- The C compiler identification is GNU 13.3.0
[0.083s] -- The CXX compiler identification is GNU 13.3.0
[0.095s] -- Detecting C compiler ABI info
[0.156s] -- Detecting C compiler ABI info - done
[0.163s] -- Check for working C compiler: /usr/bin/cc - skipped
[0.163s] -- Detecting C compile features
[0.163s] -- Detecting C compile features - done
[0.170s] -- Detecting CXX compiler ABI info
[0.239s] -- Detecting CXX compiler ABI info - done
[0.245s] -- Check for working CXX compiler: /usr/bin/c++ - skipped
[0.246s] -- Detecting CXX compile features
[0.246s] -- Detecting CXX compile features - done
[0.249s] -- Found ament_cmake_auto: 2.5.5 (/opt/ros/jazzy/share/ament_cmake_auto/cmake)
[0.359s] -- Found Python3: /usr/bin/python3 (found version "3.12.3") found components: Interpreter 
[0.406s] -- Override CMake install command with custom implementation using symlinks instead of copying resources
[0.643s] -- Found OpenMP_C: -fopenmp (found version "4.5") 
[0.712s] -- Found OpenMP_CXX: -fopenmp (found version "4.5") 
[0.712s] -- Found OpenMP: TRUE (found version "4.5")  
[0.716s] -- Found rclcpp: 28.1.16 (/opt/ros/jazzy/share/rclcpp/cmake)
[0.755s] -- Found rosidl_generator_c: 4.6.7 (/opt/ros/jazzy/share/rosidl_generator_c/cmake)
[0.768s] -- Found rosidl_generator_cpp: 4.6.7 (/opt/ros/jazzy/share/rosidl_generator_cpp/cmake)
[0.783s] -- Using all available rosidl_typesupport_c: rosidl_typesupport_fastrtps_c;rosidl_typesupport_introspection_c
[0.800s] -- Using all available rosidl_typesupport_cpp: rosidl_typesupport_fastrtps_cpp;rosidl_typesupport_introspection_cpp
[0.866s] -- Found rmw_implementation_cmake: 7.3.3 (/opt/ros/jazzy/share/rmw_implementation_cmake/cmake)
[0.868s] -- Found rmw_fastrtps_cpp: 8.4.3 (/opt/ros/jazzy/share/rmw_fastrtps_cpp/cmake)
[0.931s] -- Found OpenSSL: /usr/lib/x86_64-linux-gnu/libcrypto.so (found version "3.0.13")  
[0.947s] -- Found FastRTPS: /opt/ros/jazzy/include (Required is at least version "2.13") 
[0.966s] -- Using RMW implementation 'rmw_fastrtps_cpp' as default
[1.024s] -- Found rclcpp_components: 28.1.16 (/opt/ros/jazzy/share/rclcpp_components/cmake)
[1.055s] -- Found rclpy: 7.1.9 (/opt/ros/jazzy/share/rclpy/cmake)
[1.057s] -- Found sensor_msgs: 5.3.6 (/opt/ros/jazzy/share/sensor_msgs/cmake)
[1.106s] -- Found nav_msgs: 5.3.6 (/opt/ros/jazzy/share/nav_msgs/cmake)
[1.128s] -- Found tf2_ros: 0.36.19 (/opt/ros/jazzy/share/tf2_ros/cmake)
[1.206s] -- Found tf2_geometry_msgs: 0.36.19 (/opt/ros/jazzy/share/tf2_geometry_msgs/cmake)
[1.216s] -- Found eigen3_cmake_module: 0.3.0 (/opt/ros/jazzy/share/eigen3_cmake_module/cmake)
[1.217s] -- Found Eigen3: TRUE (found version "3.4.0") 
[1.217s] -- Ensuring Eigen3 include directory is part of orocos-kdl CMake target
[1.221s] -- Found std_srvs: 5.3.6 (/opt/ros/jazzy/share/std_srvs/cmake)
[1.240s] -- livox_ros_driver2 not found. Building without Livox custom message support.
[1.245s] -- Found ament_lint_auto: 0.17.4 (/opt/ros/jazzy/share/ament_lint_auto/cmake)
[1.327s] -- Added test 'cppcheck' to perform static code analysis on C / C++ code
[1.327s] -- Configured cppcheck include dirs: /home/naiwu/xxu_2026/xxu_nav_2026/src/small_point_lio/include;/home/naiwu/xxu_2026/xxu_nav_2026/src/small_point_lio/3rdparty;/home/naiwu/xxu_2026/xxu_nav_2026/src/small_point_lio/src
[1.327s] -- Configured cppcheck exclude dirs and/or files: 
[1.329s] -- Added test 'cpplint' to check C / C++ code against the Google style
[1.329s] -- Configured cpplint exclude dirs and/or files: 
[1.330s] -- Added test 'flake8' to check Python code syntax and style conventions
[1.330s] -- Configured 'flake8' exclude dirs and/or files: 
[1.330s] -- Added test 'lint_cmake' to check CMake code style
[1.331s] -- Added test 'pep257' to check Python code against some of the docstring style conventions in PEP 257
[1.331s] -- Added test 'xmllint' to check XML markup files
[1.333s] -- Configuring done (1.3s)
[1.346s] -- Generating done (0.0s)
[1.349s] -- Build files have been written to: /home/naiwu/xxu_2026/xxu_nav_2026/build/small_point_lio
[1.357s] Invoked command in '/home/naiwu/xxu_2026/xxu_nav_2026/build/small_point_lio' returned '0': CMAKE_PREFIX_PATH=${CMAKE_PREFIX_PATH}:/opt/ros/jazzy DEBUGINFOD_URLS=https://debuginfod.ubuntu.com /usr/bin/cmake /home/naiwu/xxu_2026/xxu_nav_2026/src/small_point_lio -DAMENT_CMAKE_SYMLINK_INSTALL=1 -DCMAKE_INSTALL_PREFIX=/home/naiwu/xxu_2026/xxu_nav_2026/install/small_point_lio
[1.357s] Invoking command in '/home/naiwu/xxu_2026/xxu_nav_2026/build/small_point_lio': CMAKE_PREFIX_PATH=${CMAKE_PREFIX_PATH}:/opt/ros/jazzy DEBUGINFOD_URLS=https://debuginfod.ubuntu.com /usr/bin/cmake --build /home/naiwu/xxu_2026/xxu_nav_2026/build/small_point_lio -- -j24 -l24
[1.393s] [ 21%] Building C object CMakeFiles/small_point_lio.dir/3rdparty/liblzf/lzf_d.c.o
[1.393s] [ 21%] Building CXX object CMakeFiles/small_point_lio_node.dir/rclcpp_components/node_main_small_point_lio_node.cpp.o
[1.393s] [ 28%] Building CXX object CMakeFiles/small_point_lio.dir/cmake_pch.hxx.gch
[1.393s] [ 21%] Building C object CMakeFiles/small_point_lio.dir/3rdparty/liblzf/lzf_c.c.o
[3.981s] [ 35%] Linking CXX executable small_point_lio_node
[4.053s] [ 35%] Built target small_point_lio_node
[9.119s] [ 57%] Building CXX object CMakeFiles/small_point_lio.dir/src/small_point_lio/estimator.cpp.o
[9.119s] [ 57%] Building CXX object CMakeFiles/small_point_lio.dir/src/util/pointcloud_mapping.cpp.o
[9.119s] [ 57%] Building CXX object CMakeFiles/small_point_lio.dir/src/small_point_lio/small_point_lio.cpp.o
[9.119s] [ 64%] Building CXX object CMakeFiles/small_point_lio.dir/src/small_point_lio/preprocess.cpp.o
[9.119s] [ 71%] Building CXX object CMakeFiles/small_point_lio.dir/src/util/voxelgrid_sampling.cpp.o
[9.119s] [ 78%] Building CXX object CMakeFiles/small_point_lio.dir/src/small_point_lio_node.cpp.o
[9.120s] [ 92%] Building CXX object CMakeFiles/small_point_lio.dir/src/io/pcd_io.cpp.o
[9.120s] [ 92%] Building CXX object CMakeFiles/small_point_lio.dir/src/small_point_lio/parameters.cpp.o
[14.062s] In file included from [01m[K/usr/lib/gcc/x86_64-linux-gnu/13/include/immintrin.h:43[m[K,
[14.062s]                  from [01m[K/usr/include/eigen3/Eigen/src/Core/util/ConfigureVectorization.h:361[m[K,
[14.062s]                  from [01m[K/usr/include/eigen3/Eigen/Core:22[m[K,
[14.062s]                  from [01m[K/home/naiwu/xxu_2026/xxu_nav_2026/src/small_point_lio/include/pch.h:22[m[K,
[14.062s]                  from [01m[K/home/naiwu/xxu_2026/xxu_nav_2026/build/small_point_lio/CMakeFiles/small_point_lio.dir/cmake_pch.hxx:5[m[K,
[14.063s]                  from [01m[K<command-line>[m[K:
[14.063s] In function ‘[01m[K__m256d[01;32m[K _mm256_loadu_pd[m[K(const double*)[m[K’,
[14.063s]     inlined from ‘[01m[KPacket Eigen::internal::[01;32m[Kploadu[m[K(const typename unpacket_traits<T>::type*) [35m[K[with Packet = __vector(4) double][m[K[m[K’ at [01m[K/usr/include/eigen3/Eigen/src/Core/arch/AVX/PacketMath.h:582:129[m[K,
[14.063s]     inlined from ‘[01m[KPacket Eigen::internal::[01;32m[Kploadt[m[K(const typename unpacket_traits<T>::type*) [35m[K[with Packet = __vector(4) double; int Alignment = 0][m[K[m[K’ at [01m[K/usr/include/eigen3/Eigen/src/Core/GenericPacketMath.h:969:26[m[K,
[14.063s]     inlined from ‘[01m[KPacketType Eigen::internal::evaluator<Eigen::PlainObjectBase<Derived> >::[01;32m[Kpacket[m[K(Eigen::Index, Eigen::Index) const [35m[K[with int LoadMode = 0; PacketType = __vector(4) double; Derived = Eigen::Matrix<double, 3, 1>][m[K[m[K’ at [01m[K/usr/include/eigen3/Eigen/src/Core/CoreEvaluators.h:238:42[m[K,
[14.063s]     inlined from ‘[01m[KPacketType Eigen::internal::unary_evaluator<Eigen::Transpose<Derived>, Eigen::internal::IndexBased>::[01;32m[Kpacket[m[K(Eigen::Index, Eigen::Index) const [35m[K[with int LoadMode = 0; PacketType = __vector(4) double; ArgType = Eigen::Matrix<double, 3, 1>][m[K[m[K’ at [01m[K/usr/include/eigen3/Eigen/src/Core/CoreEvaluators.h:350:58[m[K,
[14.063s]     inlined from ‘[01m[Kvoid Eigen::internal::generic_dense_assignment_kernel<DstEvaluatorTypeT, SrcEvaluatorTypeT, Functor, Version>::[01;32m[KassignPacket[m[K(Eigen::Index, Eigen::Index) [35m[K[with int StoreMode = 32; int LoadMode = 0; PacketType = __vector(4) double; DstEvaluatorTypeT = Eigen::internal::evaluator<Eigen::Block<Eigen::Matrix<double, 1, 12>, -1, -1, false> >; SrcEvaluatorTypeT = Eigen::internal::evaluator<Eigen::Transpose<Eigen::Matrix<double, 3, 1> > >; Functor = Eigen::internal::assign_op<double, double>; int Version = 0][m[K[m[K’ at [01m[K/usr/include/eigen3/Eigen/src/Core/AssignEvaluator.h:675:116[m[K,
[14.063s]     inlined from ‘[01m[Kvoid Eigen::internal::generic_dense_assignment_kernel<DstEvaluatorTypeT, SrcEvaluatorTypeT, Functor, Version>::[01;32m[KassignPacketByOuterInner[m[K(Eigen::Index, Eigen::Index) [35m[K[with int StoreMode = 32; int LoadMode = 0; PacketType = __vector(4) double; DstEvaluatorTypeT = Eigen::internal::evaluator<Eigen::Block<Eigen::Matrix<double, 1, 12>, -1, -1, false> >; SrcEvaluatorTypeT = Eigen::internal::evaluator<Eigen::Transpose<Eigen::Matrix<double, 3, 1> > >; Functor = Eigen::internal::assign_op<double, double>; int Version = 0][m[K[m[K’ at [01m[K/usr/include/eigen3/Eigen/src/Core/AssignEvaluator.h:689:48[m[K,
[14.063s]     inlined from ‘[01m[Kstatic void Eigen::internal::dense_assignment_loop<Kernel, 4, 0>::[01;32m[Krun[m[K(Kernel&) [35m[K[with Kernel = Eigen::internal::generic_dense_assignment_kernel<Eigen::internal::evaluator<Eigen::Block<Eigen::Matrix<double, 1, 12>, -1, -1, false> >, Eigen::internal::evaluator<Eigen::Transpose<Eigen::Matrix<double, 3, 1> > >, Eigen::internal::assign_op<double, double>, 0>][m[K[m[K’ at [01m[K/usr/include/eigen3/Eigen/src/Core/AssignEvaluator.h:572:86[m[K,
[14.063s]     inlined from ‘[01m[Kvoid Eigen::internal::[01;32m[Kcall_dense_assignment_loop[m[K(DstXprType&, const SrcXprType&, const Functor&) [35m[K[with DstXprType = Eigen::Block<Eigen::Matrix<double, 1, 12>, -1, -1, false>; SrcXprType = Eigen::Transpose<Eigen::Matrix<double, 3, 1> >; Functor = assign_op<double, double>][m[K[m[K’ at [01m[K/usr/include/eigen3/Eigen/src/Core/AssignEvaluator.h:785:37[m[K,
[14.063s]     inlined from ‘[01m[Kstatic void Eigen::internal::Assignment<DstXprType, SrcXprType, Functor, Eigen::internal::Dense2Dense, Weak>::[01;32m[Krun[m[K(DstXprType&, const SrcXprType&, const Functor&) [35m[K[with DstXprType = Eigen::Block<Eigen::Matrix<double, 1, 12>, -1, -1, false>; SrcXprType = Eigen::Transpose<Eigen::Matrix<double, 3, 1> >; Functor = Eigen::internal::assign_op<double, double>; Weak = void][m[K[m[K’ at [01m[K/usr/include/eigen3/Eigen/src/Core/AssignEvaluator.h:954:31[m[K,
[14.063s]     inlined from ‘[01m[Kvoid Eigen::internal::[01;32m[Kcall_assignment_no_alias[m[K(Dst&, const Src&, const Func&) [35m[K[with Dst = Eigen::Block<Eigen::Matrix<double, 1, 12>, -1, -1, false>; Src = Eigen::Transpose<Eigen::Matrix<double, 3, 1> >; Func = assign_op<double, double>][m[K[m[K’ at [01m[K/usr/include/eigen3/Eigen/src/Core/AssignEvaluator.h:890:49[m[K,
[14.063s]     inlined from ‘[01m[Kvoid Eigen::internal::[01;32m[Kcall_assignment[m[K(Dst&, const Src&, const Func&, typename enable_if<(! evaluator_assume_aliasing<Src>::value), void*>::type) [35m[K[with Dst = Eigen::Block<Eigen::Matrix<double, 1, 12>, -1, -1, false>; Src = Eigen::Transpose<Eigen::Matrix<double, 3, 1> >; Func = assign_op<double, double>][m[K[m[K’ at [01m[K/usr/include/eigen3/Eigen/src/Core/AssignEvaluator.h:858:27[m[K,
[14.063s]     inlined from ‘[01m[Kvoid Eigen::internal::[01;32m[Kcall_assignment[m[K(Dst&, const Src&) [35m[K[with Dst = Eigen::Block<Eigen::Matrix<double, 1, 12>, -1, -1, false>; Src = Eigen::Transpose<Eigen::Matrix<double, 3, 1> >][m[K[m[K’ at [01m[K/usr/include/eigen3/Eigen/src/Core/AssignEvaluator.h:836:18[m[K,
[14.063s]     inlined from ‘[01m[KDerived& Eigen::MatrixBase<Derived>::[01;32m[Koperator=[m[K(const Eigen::DenseBase<OtherDerived>&) [35m[K[with OtherDerived = Eigen::Transpose<Eigen::Matrix<double, 3, 1> >; Derived = Eigen::Block<Eigen::Matrix<double, 1, 12>, -1, -1, false>][m[K[m[K’ at [01m[K/usr/include/eigen3/Eigen/src/Core/Assign.h:66:28[m[K,
[14.063s]     inlined from ‘[01m[KEigen::CommaInitializer<MatrixType>::[01;32m[KCommaInitializer[m[K(XprType&, const Eigen::DenseBase<OtherDerived>&) [35m[K[with OtherDerived = Eigen::Transpose<Eigen::Matrix<double, 3, 1> >; XprType = Eigen::Matrix<double, 1, 12>][m[K[m[K’ at [01m[K/usr/include/eigen3/Eigen/src/Core/CommaInitializer.h:48:51[m[K,
[14.063s]     inlined from ‘[01m[KEigen::CommaInitializer<Derived> Eigen::DenseBase<Derived>::[01;32m[Koperator<<[m[K(const Eigen::DenseBase<OtherDerived>&) [35m[K[with OtherDerived = Eigen::Transpose<Eigen::Matrix<double, 3, 1> >; Derived = Eigen::Matrix<double, 1, 12>][m[K[m[K’ at [01m[K/usr/include/eigen3/Eigen/src/Core/CommaInitializer.h:159:72[m[K,
[14.063s]     inlined from ‘[01m[Kvoid small_point_lio::Estimator::[01;32m[Kh_point[m[K(const small_point_lio::state&, small_point_lio::point_measurement_result&)[m[K’ at [01m[K/home/naiwu/xxu_2026/xxu_nav_2026/src/small_point_lio/src/small_point_lio/estimator.cpp:104:34[m[K:
[14.063s] [01m[K/usr/lib/gcc/x86_64-linux-gnu/13/include/avxintrin.h:893:24:[m[K [01;35m[Kwarning: [m[Karray subscript ‘[01m[K__m256d_u[0][m[K’ is partly outside array bounds of ‘[01m[KEigen::Matrix<double, 3, 1> [1][m[K’ [[01;35m[K-Warray-bounds=[m[K]
[14.063s]   893 |   return *(__m256d_u *)[01;35m[K__P[m[K;
[14.063s]       |                        [01;35m[K^~~[m[K
[14.063s] [01m[K/home/naiwu/xxu_2026/xxu_nav_2026/src/small_point_lio/src/small_point_lio/estimator.cpp:[m[K In member function ‘[01m[Kvoid small_point_lio::Estimator::[01;32m[Kh_point[m[K(const small_point_lio::state&, small_point_lio::point_measurement_result&)[m[K’:
[14.063s] [01m[K/home/naiwu/xxu_2026/xxu_nav_2026/src/small_point_lio/src/small_point_lio/estimator.cpp:101:52:[m[K [01;36m[Knote: [m[Kat offset [0, 16] into object ‘[01m[Knormal0[m[K’ of size 24
[14.063s]   101 |             Eigen::Matrix<state::value_type, 3, 1> [01;36m[Knormal0[m[K = normal.cast<state::value_type>();
[14.063s]       |                                                    [01;36m[K^~~~~~~[m[K
[14.063s] In function ‘[01m[K__m256d[01;32m[K _mm256_loadu_pd[m[K(const double*)[m[K’,
[14.063s]     inlined from ‘[01m[KPacket Eigen::internal::[01;32m[Kploadu[m[K(const typename unpacket_traits<T>::type*) [35m[K[with Packet = __vector(4) double][m[K[m[K’ at [01m[K/usr/include/eigen3/Eigen/src/Core/arch/AVX/PacketMath.h:582:129[m[K,
[14.064s]     inlined from ‘[01m[KPacket Eigen::internal::[01;32m[Kploadt[m[K(const typename unpacket_traits<T>::type*) [35m[K[with Packet = __vector(4) double; int Alignment = 0][m[K[m[K’ at [01m[K/usr/include/eigen3/Eigen/src/Core/GenericPacketMath.h:969:26[m[K,
[14.064s]     inlined from ‘[01m[KPacketType Eigen::internal::evaluator<Eigen::PlainObjectBase<Derived> >::[01;32m[Kpacket[m[K(Eigen::Index, Eigen::Index) const [35m[K[with int LoadMode = 0; PacketType = __vector(4) double; Derived = Eigen::Matrix<double, 3, 1>][m[K[m[K’ at [01m[K/usr/include/eigen3/Eigen/src/Core/CoreEvaluators.h:238:42[m[K,
[14.064s]     inlined from ‘[01m[KPacketType Eigen::internal::unary_evaluator<Eigen::Transpose<Derived>, Eigen::internal::IndexBased>::[01;32m[Kpacket[m[K(Eigen::Index, Eigen::Index) const [35m[K[with int LoadMode = 0; PacketType = __vector(4) double; ArgType = Eigen::Matrix<double, 3, 1>][m[K[m[K’ at [01m[K/usr/include/eigen3/Eigen/src/Core/CoreEvaluators.h:350:58[m[K,
[14.064s]     inlined from ‘[01m[Kvoid Eigen::internal::generic_dense_assignment_kernel<DstEvaluatorTypeT, SrcEvaluatorTypeT, Functor, Version>::[01;32m[KassignPacket[m[K(Eigen::Index, Eigen::Index) [35m[K[with int StoreMode = 32; int LoadMode = 0; PacketType = __vector(4) double; DstEvaluatorTypeT = Eigen::internal::evaluator<Eigen::Block<Eigen::Matrix<double, 1, 12>, -1, -1, false> >; SrcEvaluatorTypeT = Eigen::internal::evaluator<Eigen::Transpose<Eigen::Matrix<double, 3, 1> > >; Functor = Eigen::internal::assign_op<double, double>; int Version = 0][m[K[m[K’ at [01m[K/usr/include/eigen3/Eigen/src/Core/AssignEvaluator.h:675:116[m[K,
[14.064s]     inlined from ‘[01m[Kvoid Eigen::internal::generic_dense_assignment_kernel<DstEvaluatorTypeT, SrcEvaluatorTypeT, Functor, Version>::[01;32m[KassignPacketByOuterInner[m[K(Eigen::Index, Eigen::Index) [35m[K[with int StoreMode = 32; int LoadMode = 0; PacketType = __vector(4) double; DstEvaluatorTypeT = Eigen::internal::evaluator<Eigen::Block<Eigen::Matrix<double, 1, 12>, -1, -1, false> >; SrcEvaluatorTypeT = Eigen::internal::evaluator<Eigen::Transpose<Eigen::Matrix<double, 3, 1> > >; Functor = Eigen::internal::assign_op<double, double>; int Version = 0][m[K[m[K’ at [01m[K/usr/include/eigen3/Eigen/src/Core/AssignEvaluator.h:689:48[m[K,
[14.064s]     inlined from ‘[01m[Kstatic void Eigen::internal::dense_assignment_loop<Kernel, 4, 0>::[01;32m[Krun[m[K(Kernel&) [35m[K[with Kernel = Eigen::internal::generic_dense_assignment_kernel<Eigen::internal::evaluator<Eigen::Block<Eigen::Matrix<double, 1, 12>, -1, -1, false> >, Eigen::internal::evaluator<Eigen::Transpose<Eigen::Matrix<double, 3, 1> > >, Eigen::internal::assign_op<double, double>, 0>][m[K[m[K’ at [01m[K/usr/include/eigen3/Eigen/src/Core/AssignEvaluator.h:572:86[m[K,
[14.064s]     inlined from ‘[01m[Kvoid Eigen::internal::[01;32m[Kcall_dense_assignment_loop[m[K(DstXprType&, const SrcXprType&, const Functor&) [35m[K[with DstXprType = Eigen::Block<Eigen::Matrix<double, 1, 12>, -1, -1, false>; SrcXprType = Eigen::Transpose<Eigen::Matrix<double, 3, 1> >; Functor = assign_op<double, double>][m[K[m[K’ at [01m[K/usr/include/eigen3/Eigen/src/Core/AssignEvaluator.h:785:37[m[K,
[14.064s]     inlined from ‘[01m[Kstatic void Eigen::internal::Assignment<DstXprType, SrcXprType, Functor, Eigen::internal::Dense2Dense, Weak>::[01;32m[Krun[m[K(DstXprType&, const SrcXprType&, const Functor&) [35m[K[with DstXprType = Eigen::Block<Eigen::Matrix<double, 1, 12>, -1, -1, false>; SrcXprType = Eigen::Transpose<Eigen::Matrix<double, 3, 1> >; Functor = Eigen::internal::assign_op<double, double>; Weak = void][m[K[m[K’ at [01m[K/usr/include/eigen3/Eigen/src/Core/AssignEvaluator.h:954:31[m[K,
[14.064s]     inlined from ‘[01m[Kvoid Eigen::internal::[01;32m[Kcall_assignment_no_alias[m[K(Dst&, const Src&, const Func&) [35m[K[with Dst = Eigen::Block<Eigen::Matrix<double, 1, 12>, -1, -1, false>; Src = Eigen::Transpose<Eigen::Matrix<double, 3, 1> >; Func = assign_op<double, double>][m[K[m[K’ at [01m[K/usr/include/eigen3/Eigen/src/Core/AssignEvaluator.h:890:49[m[K,
[14.064s]     inlined from ‘[01m[Kvoid Eigen::internal::[01;32m[Kcall_assignment[m[K(Dst&, const Src&, const Func&, typename enable_if<(! evaluator_assume_aliasing<Src>::value), void*>::type) [35m[K[with Dst = Eigen::Block<Eigen::Matrix<double, 1, 12>, -1, -1, false>; Src = Eigen::Transpose<Eigen::Matrix<double, 3, 1> >; Func = assign_op<double, double>][m[K[m[K’ at [01m[K/usr/include/eigen3/Eigen/src/Core/AssignEvaluator.h:858:27[m[K,
[14.064s]     inlined from ‘[01m[Kvoid Eigen::internal::[01;32m[Kcall_assignment[m[K(Dst&, const Src&) [35m[K[with Dst = Eigen::Block<Eigen::Matrix<double, 1, 12>, -1, -1, false>; Src = Eigen::Transpose<Eigen::Matrix<double, 3, 1> >][m[K[m[K’ at [01m[K/usr/include/eigen3/Eigen/src/Core/AssignEvaluator.h:836:18[m[K,
[14.064s]     inlined from ‘[01m[KDerived& Eigen::MatrixBase<Derived>::[01;32m[Koperator=[m[K(const Eigen::DenseBase<OtherDerived>&) [35m[K[with OtherDerived = Eigen::Transpose<Eigen::Matrix<double, 3, 1> >; Derived = Eigen::Block<Eigen::Matrix<double, 1, 12>, -1, -1, false>][m[K[m[K’ at [01m[K/usr/include/eigen3/Eigen/src/Core/Assign.h:66:28[m[K,
[14.064s]     inlined from ‘[01m[KEigen::CommaInitializer<MatrixType>::[01;32m[KCommaInitializer[m[K(XprType&, const Eigen::DenseBase<OtherDerived>&) [35m[K[with OtherDerived = Eigen::Transpose<Eigen::Matrix<double, 3, 1> >; XprType = Eigen::Matrix<double, 1, 12>][m[K[m[K’ at [01m[K/usr/include/eigen3/Eigen/src/Core/CommaInitializer.h:48:51[m[K,
[14.064s]     inlined from ‘[01m[KEigen::CommaInitializer<Derived> Eigen::DenseBase<Derived>::[01;32m[Koperator<<[m[K(const Eigen::DenseBase<OtherDerived>&) [35m[K[with OtherDerived = Eigen::Transpose<Eigen::Matrix<double, 3, 1> >; Derived = Eigen::Matrix<double, 1, 12>][m[K[m[K’ at [01m[K/usr/include/eigen3/Eigen/src/Core/CommaInitializer.h:159:72[m[K,
[14.064s]     inlined from ‘[01m[Kvoid small_point_lio::Estimator::[01;32m[Kh_point[m[K(const small_point_lio::state&, small_point_lio::point_measurement_result&)[m[K’ at [01m[K/home/naiwu/xxu_2026/xxu_nav_2026/src/small_point_lio/src/small_point_lio/estimator.cpp:99:34[m[K:
[14.064s] [01m[K/usr/lib/gcc/x86_64-linux-gnu/13/include/avxintrin.h:893:24:[m[K [01;35m[Kwarning: [m[Karray subscript ‘[01m[K__m256d_u[0][m[K’ is partly outside array bounds of ‘[01m[KEigen::Matrix<double, 3, 1> [1][m[K’ [[01;35m[K-Warray-bounds=[m[K]
[14.064s]   893 |   return *(__m256d_u *)[01;35m[K__P[m[K;
[14.064s]       |                        [01;35m[K^~~[m[K
[14.064s] [01m[K/home/naiwu/xxu_2026/xxu_nav_2026/src/small_point_lio/src/small_point_lio/estimator.cpp:[m[K In member function ‘[01m[Kvoid small_point_lio::Estimator::[01;32m[Kh_point[m[K(const small_point_lio::state&, small_point_lio::point_measurement_result&)[m[K’:
[14.064s] [01m[K/home/naiwu/xxu_2026/xxu_nav_2026/src/small_point_lio/src/small_point_lio/estimator.cpp:94:52:[m[K [01;36m[Knote: [m[Kat offset [0, 16] into object ‘[01m[Knormal0[m[K’ of size 24
[14.064s]    94 |             Eigen::Matrix<state::value_type, 3, 1> [01;36m[Knormal0[m[K = normal.cast<state::value_type>();
[14.064s]       |                                                    [01;36m[K^~~~~~~[m[K
[24.780s] [100%] Linking CXX shared library libsmall_point_lio.so
[24.915s] [100%] Built target small_point_lio
[24.924s] Invoked command in '/home/naiwu/xxu_2026/xxu_nav_2026/build/small_point_lio' returned '0': CMAKE_PREFIX_PATH=${CMAKE_PREFIX_PATH}:/opt/ros/jazzy DEBUGINFOD_URLS=https://debuginfod.ubuntu.com /usr/bin/cmake --build /home/naiwu/xxu_2026/xxu_nav_2026/build/small_point_lio -- -j24 -l24
[24.925s] Invoking command in '/home/naiwu/xxu_2026/xxu_nav_2026/build/small_point_lio': CMAKE_PREFIX_PATH=${CMAKE_PREFIX_PATH}:/opt/ros/jazzy DEBUGINFOD_URLS=https://debuginfod.ubuntu.com /usr/bin/cmake --install /home/naiwu/xxu_2026/xxu_nav_2026/build/small_point_lio
[24.930s] -- Install configuration: "Release"
[24.930s] -- Execute custom install script
[24.930s] -- Symlinking: /home/naiwu/xxu_2026/xxu_nav_2026/install/small_point_lio/lib/small_point_lio/small_point_lio_node
[24.936s] -- Symlinking: /home/naiwu/xxu_2026/xxu_nav_2026/install/small_point_lio/include/small_point_lio/param_deliver.h.in
[24.941s] -- Symlinking: /home/naiwu/xxu_2026/xxu_nav_2026/install/small_point_lio/include/small_point_lio/pch.h
[24.948s] -- Symlinking: /home/naiwu/xxu_2026/xxu_nav_2026/install/small_point_lio/share/small_point_lio/environment/library_path.sh
[24.955s] -- Symlinking: /home/naiwu/xxu_2026/xxu_nav_2026/install/small_point_lio/share/small_point_lio/environment/library_path.dsv
[24.961s] -- Symlinking: /home/naiwu/xxu_2026/xxu_nav_2026/install/small_point_lio/lib/libsmall_point_lio.so
[24.966s] -- Symlinking: /home/naiwu/xxu_2026/xxu_nav_2026/install/small_point_lio/share/small_point_lio/config/mid360.yaml
[24.971s] -- Symlinking: /home/naiwu/xxu_2026/xxu_nav_2026/install/small_point_lio/share/small_point_lio/config/unilidar_l2.yaml
[24.976s] -- Symlinking: /home/naiwu/xxu_2026/xxu_nav_2026/install/small_point_lio/share/small_point_lio/config/xxu_gazebo_mid360.yaml
[24.982s] -- Symlinking: /home/naiwu/xxu_2026/xxu_nav_2026/install/small_point_lio/share/small_point_lio/launch/small_point_lio.launch.py
[24.987s] -- Symlinking: /home/naiwu/xxu_2026/xxu_nav_2026/install/small_point_lio/share/ament_index/resource_index/package_run_dependencies/small_point_lio
[24.992s] -- Symlinking: /home/naiwu/xxu_2026/xxu_nav_2026/install/small_point_lio/share/ament_index/resource_index/parent_prefix_path/small_point_lio
[24.998s] -- Symlinking: /home/naiwu/xxu_2026/xxu_nav_2026/install/small_point_lio/share/small_point_lio/environment/ament_prefix_path.sh
[25.005s] -- Symlinking: /home/naiwu/xxu_2026/xxu_nav_2026/install/small_point_lio/share/small_point_lio/environment/ament_prefix_path.dsv
[25.010s] -- Symlinking: /home/naiwu/xxu_2026/xxu_nav_2026/install/small_point_lio/share/small_point_lio/environment/path.sh
[25.015s] -- Symlinking: /home/naiwu/xxu_2026/xxu_nav_2026/install/small_point_lio/share/small_point_lio/environment/path.dsv
[25.020s] -- Symlinking: /home/naiwu/xxu_2026/xxu_nav_2026/install/small_point_lio/share/small_point_lio/local_setup.bash
[25.026s] -- Symlinking: /home/naiwu/xxu_2026/xxu_nav_2026/install/small_point_lio/share/small_point_lio/local_setup.sh
[25.031s] -- Symlinking: /home/naiwu/xxu_2026/xxu_nav_2026/install/small_point_lio/share/small_point_lio/local_setup.zsh
[25.036s] -- Symlinking: /home/naiwu/xxu_2026/xxu_nav_2026/install/small_point_lio/share/small_point_lio/local_setup.dsv
[25.041s] -- Symlinking: /home/naiwu/xxu_2026/xxu_nav_2026/install/small_point_lio/share/small_point_lio/package.dsv
[25.046s] -- Symlinking: /home/naiwu/xxu_2026/xxu_nav_2026/install/small_point_lio/share/ament_index/resource_index/packages/small_point_lio
[25.053s] -- Symlinking: /home/naiwu/xxu_2026/xxu_nav_2026/install/small_point_lio/share/ament_index/resource_index/rclcpp_components/small_point_lio
[25.058s] -- Symlinking: /home/naiwu/xxu_2026/xxu_nav_2026/install/small_point_lio/share/small_point_lio/cmake/ament_cmake_export_include_directories-extras.cmake
[25.063s] -- Symlinking: /home/naiwu/xxu_2026/xxu_nav_2026/install/small_point_lio/share/small_point_lio/cmake/ament_cmake_export_libraries-extras.cmake
[25.068s] -- Symlinking: /home/naiwu/xxu_2026/xxu_nav_2026/install/small_point_lio/share/small_point_lio/cmake/small_point_lioConfig.cmake
[25.074s] -- Symlinking: /home/naiwu/xxu_2026/xxu_nav_2026/install/small_point_lio/share/small_point_lio/cmake/small_point_lioConfig-version.cmake
[25.079s] -- Symlinking: /home/naiwu/xxu_2026/xxu_nav_2026/install/small_point_lio/share/small_point_lio/package.xml
[25.086s] Invoked command in '/home/naiwu/xxu_2026/xxu_nav_2026/build/small_point_lio' returned '0': CMAKE_PREFIX_PATH=${CMAKE_PREFIX_PATH}:/opt/ros/jazzy DEBUGINFOD_URLS=https://debuginfod.ubuntu.com /usr/bin/cmake --install /home/naiwu/xxu_2026/xxu_nav_2026/build/small_point_lio
