[0.007s] Invoking command in '/home/naiwu/xxu_2026/xxu_nav_2026/build/xxu_livox_sim': CMAKE_PREFIX_PATH=${CMAKE_PREFIX_PATH}:/opt/ros/jazzy DEBUGINFOD_URLS=https://debuginfod.ubuntu.com /usr/bin/cmake /home/naiwu/xxu_2026/xxu_nav_2026/src/xxu_livox_sim -DCMAKE_INSTALL_PREFIX=/home/naiwu/xxu_2026/xxu_nav_2026/install/xxu_livox_sim
[0.018s] -- Found ament_cmake: 2.5.5 (/opt/ros/jazzy/share/ament_cmake/cmake)
[0.148s] -- Override CMake install command with custom implementation using symlinks instead of copying resources
[0.152s] -- Found rclcpp: 28.1.16 (/opt/ros/jazzy/share/rclcpp/cmake)
[0.176s] -- Found rosidl_generator_c: 4.6.7 (/opt/ros/jazzy/share/rosidl_generator_c/cmake)
[0.183s] -- Found rosidl_generator_cpp: 4.6.7 (/opt/ros/jazzy/share/rosidl_generator_cpp/cmake)
[0.191s] -- Using all available rosidl_typesupport_c: rosidl_typesupport_fastrtps_c;rosidl_typesupport_introspection_c
[0.201s] -- Using all available rosidl_typesupport_cpp: rosidl_typesupport_fastrtps_cpp;rosidl_typesupport_introspection_cpp
[0.250s] -- Found rmw_implementation_cmake: 7.3.3 (/opt/ros/jazzy/share/rmw_implementation_cmake/cmake)
[0.252s] -- Found rmw_fastrtps_cpp: 8.4.3 (/opt/ros/jazzy/share/rmw_fastrtps_cpp/cmake)
[0.307s] -- Using RMW implementation 'rmw_fastrtps_cpp' as default
[0.382s] -- Found sensor_msgs: 5.3.6 (/opt/ros/jazzy/share/sensor_msgs/cmake)
[0.422s] -- Looking for gz-sim8 -- found version 8.10.0
[0.428s] -- Searching for dependencies of gz-sim8
[0.429s] -- Looking for sdformat14 -- found version 14.8.0
[0.429s] -- Searching for dependencies of sdformat14
[0.433s] -- Checking for module 'tinyxml2'
[0.450s] --   Found tinyxml2, version 10.0.0
[0.473s] -- Looking for gz-math7 -- found version 7.5.2
[0.473s] -- Searching for dependencies of gz-math7
[0.474s] -- Looking for gz-utils2 -- found version 2.2.1
[0.474s] -- Searching for dependencies of gz-utils2
[0.476s] -- Looking for gz-utils2 -- found version 2.2.1
[0.476s] -- Searching for dependencies of gz-utils2
[0.476s] -- Searching for <gz-utils2> component [cli]
[0.477s] -- Looking for gz-utils2-cli -- found version 2.2.1
[0.477s] -- Searching for dependencies of gz-utils2-cli
[0.479s] -- Looking for gz-plugin2 -- found version 2.0.4
[0.479s] -- Searching for dependencies of gz-plugin2
[0.479s] -- Looking for gz-utils2 -- found version 2.2.1
[0.480s] -- Searching for <gz-plugin2> component [loader]
[0.481s] -- Looking for gz-plugin2-loader -- found version 2.0.4
[0.481s] -- Searching for dependencies of gz-plugin2-loader
[0.481s] -- Searching for <gz-plugin2> component [register]
[0.482s] -- Looking for gz-plugin2-register -- found version 2.0.4
[0.482s] -- Searching for dependencies of gz-plugin2-register
[0.484s] -- Looking for gz-transport13 -- found version 13.5.0
[0.484s] -- Searching for dependencies of gz-transport13
[0.514s] -- Config-file not installed for ZeroMQ -- checking for pkg-config
[0.517s] -- Checking for module 'libzmq >= 4'
[0.529s] --   Found libzmq, version 4.3.5
[0.566s] -- Checking for module 'uuid'
[0.578s] --   Found uuid, version 2.39.3
[0.603s] -- Looking for gz-utils2 -- found version 2.2.1
[0.603s] -- Looking for gz-msgs10 -- found version 10.3.2
[0.604s] -- Searching for dependencies of gz-msgs10
[0.619s] -- Looking for gz-utils2 -- found version 2.2.1
[0.619s] -- Looking for gz-math7 -- found version 7.5.2
[0.627s] -- Searching for <gz-transport13> component [log]
[0.627s] -- Looking for gz-transport13-log -- found version 13.5.0
[0.627s] -- Searching for dependencies of gz-transport13-log
[0.627s] -- Searching for <gz-transport13> component [parameters]
[0.628s] -- Looking for gz-transport13-parameters -- found version 13.5.0
[0.628s] -- Searching for dependencies of gz-transport13-parameters
[0.629s] -- Looking for gz-msgs10 -- found version 10.3.2
[0.630s] -- Looking for gz-common5 -- found version 5.7.1
[0.630s] -- Searching for dependencies of gz-common5
[0.632s] -- Looking for gz-utils2 -- found version 2.2.1
[0.632s] -- Looking for dlfcn.h - found
[0.632s] -- Looking for libdl - found
[0.639s] -- Searching for <gz-common5> component [av]
[0.640s] -- Looking for gz-common5-av -- found version 5.7.1
[0.640s] -- Searching for dependencies of gz-common5-av
[0.645s] -- Checking for module 'libswscale'
[0.657s] --   Found libswscale, version 7.5.100
[0.688s] -- Checking for module 'libavdevice >= 56.4.100'
[0.700s] --   Found libavdevice, version 60.3.100
[0.739s] -- Checking for module 'libavformat'
[0.749s] --   Found libavformat, version 60.16.100
[0.782s] -- Checking for module 'libavcodec'
[0.793s] --   Found libavcodec, version 60.31.102
[0.824s] -- Checking for module 'libavutil'
[0.835s] --   Found libavutil, version 58.29.100
[0.861s] -- Searching for <gz-common5> component [events]
[0.862s] -- Looking for gz-common5-events -- found version 5.7.1
[0.863s] -- Searching for dependencies of gz-common5-events
[0.863s] -- Looking for gz-math7 -- found version 7.5.2
[0.863s] -- Searching for <gz-common5> component [graphics]
[0.864s] -- Looking for gz-common5-graphics -- found version 5.7.1
[0.864s] -- Searching for dependencies of gz-common5-graphics
[0.865s] -- Looking for gz-math7 -- found version 7.5.2
[0.867s] -- Searching for <gz-common5> component [io]
[0.867s] -- Looking for gz-common5-io -- found version 5.7.1
[0.868s] -- Searching for dependencies of gz-common5-io
[0.868s] -- Searching for <gz-common5> component [profiler]
[0.868s] -- Looking for gz-common5-profiler -- found version 5.7.1
[0.868s] -- Searching for dependencies of gz-common5-profiler
[0.869s] -- Looking for gz-fuel_tools9 -- found version 9.1.1
[0.870s] -- Searching for dependencies of gz-fuel_tools9
[0.905s] -- Checking for module 'jsoncpp'
[0.915s] --   Found jsoncpp, version 1.9.5
[0.952s] -- Checking for module 'yaml-0.1'
[0.963s] --   Found yaml-0.1, version 0.2.5
[0.994s] -- Checking for module 'libzip'
[1.007s] --   Found libzip, version 1.7.3
[1.034s] -- Looking for gz-utils2 -- found version 2.2.1
[1.034s] -- Looking for gz-common5 -- found version 5.7.1
[1.034s] -- Searching for dependencies of gz-common5
[1.034s] -- Looking for gz-utils2 -- found version 2.2.1
[1.034s] -- Looking for dlfcn.h - found
[1.034s] -- Looking for libdl - found
[1.039s] -- Searching for <gz-common5> component [testing]
[1.040s] -- Looking for gz-common5-testing -- found version 5.7.1
[1.040s] -- Searching for dependencies of gz-common5-testing
[1.041s] -- Looking for gz-math7 -- found version 7.5.2
[1.041s] -- Looking for gz-msgs10 -- found version 10.3.2
[1.042s] -- Looking for gz-gui8 -- found version 8.4.0
[1.042s] -- Searching for dependencies of gz-gui8
[1.061s] -- Looking for gz-utils2 -- found version 2.2.1
[1.061s] -- Looking for gz-math7 -- found version 7.5.2
[1.061s] -- Looking for gz-common5 -- found version 5.7.1
[1.061s] -- Looking for gz-plugin2 -- found version 2.0.4
[1.061s] -- Looking for gz-transport13 -- found version 13.5.0
[1.062s] -- Looking for gz-rendering8 -- found version 8.2.3
[1.062s] -- Searching for dependencies of gz-rendering8
[1.062s] -- Looking for gz-math7 -- found version 7.5.2
[1.062s] -- Searching for dependencies of gz-math7
[1.062s] -- Looking for gz-utils2 -- found version 2.2.1
[1.063s] -- Searching for <gz-math7> component [eigen3]
[1.063s] -- Looking for gz-math7-eigen3 -- found version 7.5.2
[1.063s] -- Searching for dependencies of gz-math7-eigen3
[1.065s] -- Looking for gz-common5 -- found version 5.7.1
[1.065s] -- Searching for dependencies of gz-common5
[1.065s] -- Looking for gz-utils2 -- found version 2.2.1
[1.065s] -- Looking for dlfcn.h - found
[1.065s] -- Looking for libdl - found
[1.071s] -- Searching for <gz-common5> component [graphics]
[1.071s] -- Searching for <gz-common5> component [events]
[1.071s] -- Searching for <gz-common5> component [geospatial]
[1.072s] -- Looking for gz-common5-geospatial -- found version 5.7.1
[1.072s] -- Searching for dependencies of gz-common5-geospatial
[1.072s] -- Looking for gz-math7 -- found version 7.5.2
[1.072s] -- Looking for gz-common5 -- found version 5.7.1
[1.073s] -- Looking for gz-plugin2 -- found version 2.0.4
[1.073s] -- Searching for dependencies of gz-plugin2
[1.073s] -- Looking for gz-utils2 -- found version 2.2.1
[1.073s] -- Searching for <gz-plugin2> component [all]
[1.074s] -- Looking for all libraries of gz-plugin2 -- found version 2.0.4
[1.074s] -- Looking for gz-plugin2 -- found version 2.0.4
[1.075s] -- Looking for gz-utils2 -- found version 2.2.1
[1.078s] -- Looking for gz-msgs10 -- found version 10.3.2
[1.095s] -- Looking for gz-physics7 -- found version 7.6.0
[1.095s] -- Searching for dependencies of gz-physics7
[1.095s] -- Looking for gz-common5 -- found version 5.7.1
[1.095s] -- Looking for gz-math7 -- found version 7.5.2
[1.096s] -- Looking for gz-plugin2 -- found version 2.0.4
[1.096s] -- Looking for gz-utils2 -- found version 2.2.1
[1.097s] -- Searching for <gz-physics7> component [heightmap]
[1.097s] -- Looking for gz-physics7-heightmap -- found version 7.6.0
[1.097s] -- Searching for dependencies of gz-physics7-heightmap
[1.098s] -- Looking for gz-common5 -- found version 5.7.1
[1.098s] -- Searching for <gz-physics7> component [mesh]
[1.098s] -- Looking for gz-physics7-mesh -- found version 7.6.0
[1.098s] -- Searching for dependencies of gz-physics7-mesh
[1.099s] -- Looking for gz-common5 -- found version 5.7.1
[1.099s] -- Searching for <gz-physics7> component [sdf]
[1.100s] -- Looking for gz-physics7-sdf -- found version 7.6.0
[1.100s] -- Searching for dependencies of gz-physics7-sdf
[1.100s] -- Looking for sdformat14 -- found version 14.8.0
[1.101s] -- Looking for gz-sensors8 -- found version 8.2.2
[1.101s] -- Searching for dependencies of gz-sensors8
[1.116s] -- Looking for gz-math7 -- found version 7.5.2
[1.116s] -- Looking for gz-common5 -- found version 5.7.1
[1.116s] -- Looking for gz-transport13 -- found version 13.5.0
[1.116s] -- Looking for gz-rendering8 -- found version 8.2.3
[1.116s] -- Looking for gz-msgs10 -- found version 10.3.2
[1.117s] -- Looking for sdformat14 -- found version 14.8.0
[1.118s] -- Searching for <gz-sensors8> component [air_pressure]
[1.118s] -- Looking for gz-sensors8-air_pressure -- found version 8.2.2
[1.118s] -- Searching for dependencies of gz-sensors8-air_pressure
[1.119s] -- Searching for <gz-sensors8> component [air_speed]
[1.119s] -- Looking for gz-sensors8-air_speed -- found version 8.2.2
[1.119s] -- Searching for dependencies of gz-sensors8-air_speed
[1.120s] -- Searching for <gz-sensors8> component [altimeter]
[1.120s] -- Looking for gz-sensors8-altimeter -- found version 8.2.2
[1.120s] -- Searching for dependencies of gz-sensors8-altimeter
[1.121s] -- Searching for <gz-sensors8> component [imu]
[1.121s] -- Looking for gz-sensors8-imu -- found version 8.2.2
[1.121s] -- Searching for dependencies of gz-sensors8-imu
[1.122s] -- Searching for <gz-sensors8> component [force_torque]
[1.122s] -- Looking for gz-sensors8-force_torque -- found version 8.2.2
[1.122s] -- Searching for dependencies of gz-sensors8-force_torque
[1.123s] -- Searching for <gz-sensors8> component [logical_camera]
[1.123s] -- Looking for gz-sensors8-logical_camera -- found version 8.2.2
[1.123s] -- Searching for dependencies of gz-sensors8-logical_camera
[1.124s] -- Searching for <gz-sensors8> component [magnetometer]
[1.124s] -- Looking for gz-sensors8-magnetometer -- found version 8.2.2
[1.124s] -- Searching for dependencies of gz-sensors8-magnetometer
[1.124s] -- Searching for <gz-sensors8> component [navsat]
[1.125s] -- Looking for gz-sensors8-navsat -- found version 8.2.2
[1.125s] -- Searching for dependencies of gz-sensors8-navsat
[1.125s] -- Searching for <gz-sensors8> component [dvl]
[1.126s] -- Looking for gz-sensors8-dvl -- found version 8.2.2
[1.126s] -- Searching for dependencies of gz-sensors8-dvl
[1.126s] -- Looking for gz-sensors8 -- found version 8.2.2
[1.126s] -- Searching for dependencies of gz-sensors8
[1.142s] -- Looking for gz-math7 -- found version 7.5.2
[1.142s] -- Looking for gz-common5 -- found version 5.7.1
[1.142s] -- Looking for gz-transport13 -- found version 13.5.0
[1.142s] -- Looking for gz-rendering8 -- found version 8.2.3
[1.142s] -- Looking for gz-msgs10 -- found version 10.3.2
[1.143s] -- Looking for sdformat14 -- found version 14.8.0
[1.143s] -- Searching for <gz-sensors8> component [rendering]
[1.143s] -- Looking for gz-sensors8-rendering -- found version 8.2.2
[1.143s] -- Searching for dependencies of gz-sensors8-rendering
[1.145s] -- Searching for <gz-sensors8> component [rendering]
[1.145s] -- Searching for <gz-sensors8> component [lidar]
[1.145s] -- Looking for gz-sensors8-lidar -- found version 8.2.2
[1.145s] -- Searching for dependencies of gz-sensors8-lidar
[1.145s] -- Looking for gz-sensors8 -- found version 8.2.2
[1.146s] -- Searching for <gz-sensors8> component [gpu_lidar]
[1.146s] -- Looking for gz-sensors8-gpu_lidar -- found version 8.2.2
[1.146s] -- Searching for dependencies of gz-sensors8-gpu_lidar
[1.147s] -- Looking for gz-sensors8 -- found version 8.2.2
[1.147s] -- Searching for <gz-sensors8> component [camera]
[1.148s] -- Looking for gz-sensors8-camera -- found version 8.2.2
[1.148s] -- Searching for dependencies of gz-sensors8-camera
[1.148s] -- Looking for gz-sensors8 -- found version 8.2.2
[1.148s] -- Searching for <gz-sensors8> component [boundingbox_camera]
[1.149s] -- Looking for gz-sensors8-boundingbox_camera -- found version 8.2.2
[1.149s] -- Searching for dependencies of gz-sensors8-boundingbox_camera
[1.149s] -- Searching for <gz-sensors8> component [segmentation_camera]
[1.150s] -- Looking for gz-sensors8-segmentation_camera -- found version 8.2.2
[1.150s] -- Searching for dependencies of gz-sensors8-segmentation_camera
[1.150s] -- Searching for <gz-sensors8> component [depth_camera]
[1.151s] -- Looking for gz-sensors8-depth_camera -- found version 8.2.2
[1.151s] -- Searching for dependencies of gz-sensors8-depth_camera
[1.151s] -- Looking for gz-sensors8 -- found version 8.2.2
[1.152s] -- Searching for <gz-sensors8> component [rgbd_camera]
[1.152s] -- Looking for gz-sensors8-rgbd_camera -- found version 8.2.2
[1.152s] -- Searching for dependencies of gz-sensors8-rgbd_camera
[1.152s] -- Looking for gz-sensors8 -- found version 8.2.2
[1.153s] -- Searching for <gz-sensors8> component [thermal_camera]
[1.153s] -- Looking for gz-sensors8-thermal_camera -- found version 8.2.2
[1.153s] -- Searching for dependencies of gz-sensors8-thermal_camera
[1.153s] -- Looking for gz-sensors8 -- found version 8.2.2
[1.154s] -- Searching for <gz-sensors8> component [wide_angle_camera]
[1.154s] -- Looking for gz-sensors8-wide_angle_camera -- found version 8.2.2
[1.154s] -- Searching for dependencies of gz-sensors8-wide_angle_camera
[1.155s] -- Looking for gz-rendering8 -- found version 8.2.3
[1.155s] -- Looking for gz-math7 -- found version 7.5.2
[1.156s] -- Looking for gz-utils2 -- found version 2.2.1
[1.172s] -- Looking for gz-msgs10 -- found version 10.3.2
[1.173s] -- Looking for gz-transport13 -- found version 13.5.0
[1.173s] -- Looking for gz-plugin2 -- found version 2.0.4
[1.175s] -- Found ament_lint_auto: 0.17.4 (/opt/ros/jazzy/share/ament_lint_auto/cmake)
[1.233s] -- Added test 'cppcheck' to perform static code analysis on C / C++ code
[1.234s] -- Configured cppcheck include dirs: 
[1.234s] -- Configured cppcheck exclude dirs and/or files: 
[1.234s] -- Added test 'lint_cmake' to check CMake code style
[1.234s] -- Added test 'uncrustify' to check C / C++ code style
[1.234s] -- Configured uncrustify additional arguments: 
[1.234s] -- Added test 'xmllint' to check XML markup files
[1.235s] -- Configuring done (1.2s)
[1.252s] -- Generating done (0.0s)
[1.255s] -- Build files have been written to: /home/naiwu/xxu_2026/xxu_nav_2026/build/xxu_livox_sim
[1.263s] Invoked command in '/home/naiwu/xxu_2026/xxu_nav_2026/build/xxu_livox_sim' returned '0': CMAKE_PREFIX_PATH=${CMAKE_PREFIX_PATH}:/opt/ros/jazzy DEBUGINFOD_URLS=https://debuginfod.ubuntu.com /usr/bin/cmake /home/naiwu/xxu_2026/xxu_nav_2026/src/xxu_livox_sim -DCMAKE_INSTALL_PREFIX=/home/naiwu/xxu_2026/xxu_nav_2026/install/xxu_livox_sim
[1.264s] Invoking command in '/home/naiwu/xxu_2026/xxu_nav_2026/build/xxu_livox_sim': CMAKE_PREFIX_PATH=${CMAKE_PREFIX_PATH}:/opt/ros/jazzy DEBUGINFOD_URLS=https://debuginfod.ubuntu.com /usr/bin/cmake --build /home/naiwu/xxu_2026/xxu_nav_2026/build/xxu_livox_sim -- -j24 -l24
[1.311s] [ 50%] Built target livox_pointcloud_shaper
[1.315s] [ 75%] Building CXX object CMakeFiles/livox_mid360_system.dir/src/livox_mid360_system.cpp.o
[3.708s] [100%] Linking CXX shared library liblivox_mid360_system.so
[3.842s] [100%] Built target livox_mid360_system
[3.850s] Invoked command in '/home/naiwu/xxu_2026/xxu_nav_2026/build/xxu_livox_sim' returned '0': CMAKE_PREFIX_PATH=${CMAKE_PREFIX_PATH}:/opt/ros/jazzy DEBUGINFOD_URLS=https://debuginfod.ubuntu.com /usr/bin/cmake --build /home/naiwu/xxu_2026/xxu_nav_2026/build/xxu_livox_sim -- -j24 -l24
[3.858s] Invoking command in '/home/naiwu/xxu_2026/xxu_nav_2026/build/xxu_livox_sim': CMAKE_PREFIX_PATH=${CMAKE_PREFIX_PATH}:/opt/ros/jazzy DEBUGINFOD_URLS=https://debuginfod.ubuntu.com /usr/bin/cmake --install /home/naiwu/xxu_2026/xxu_nav_2026/build/xxu_livox_sim
[3.863s] -- Install configuration: ""
[3.863s] -- Execute custom install script
[3.863s] -- Up-to-date symlink: /home/naiwu/xxu_2026/xxu_nav_2026/install/xxu_livox_sim/lib/xxu_livox_sim/livox_pointcloud_shaper
[3.863s] -- Up-to-date symlink: /home/naiwu/xxu_2026/xxu_nav_2026/install/xxu_livox_sim/lib/xxu_livox_sim/liblivox_mid360_system.so
[3.863s] -- Up-to-date symlink: /home/naiwu/xxu_2026/xxu_nav_2026/install/xxu_livox_sim/share/xxu_livox_sim/config/mid360.csv
[3.864s] -- Up-to-date symlink: /home/naiwu/xxu_2026/xxu_nav_2026/install/xxu_livox_sim/share/ament_index/resource_index/package_run_dependencies/xxu_livox_sim
[3.864s] -- Up-to-date symlink: /home/naiwu/xxu_2026/xxu_nav_2026/install/xxu_livox_sim/share/ament_index/resource_index/parent_prefix_path/xxu_livox_sim
[3.864s] -- Up-to-date symlink: /home/naiwu/xxu_2026/xxu_nav_2026/install/xxu_livox_sim/share/xxu_livox_sim/environment/ament_prefix_path.sh
[3.864s] -- Up-to-date symlink: /home/naiwu/xxu_2026/xxu_nav_2026/install/xxu_livox_sim/share/xxu_livox_sim/environment/ament_prefix_path.dsv
[3.864s] -- Up-to-date symlink: /home/naiwu/xxu_2026/xxu_nav_2026/install/xxu_livox_sim/share/xxu_livox_sim/environment/path.sh
[3.864s] -- Up-to-date symlink: /home/naiwu/xxu_2026/xxu_nav_2026/install/xxu_livox_sim/share/xxu_livox_sim/environment/path.dsv
[3.864s] -- Up-to-date symlink: /home/naiwu/xxu_2026/xxu_nav_2026/install/xxu_livox_sim/share/xxu_livox_sim/local_setup.bash
[3.864s] -- Up-to-date symlink: /home/naiwu/xxu_2026/xxu_nav_2026/install/xxu_livox_sim/share/xxu_livox_sim/local_setup.sh
[3.864s] -- Up-to-date symlink: /home/naiwu/xxu_2026/xxu_nav_2026/install/xxu_livox_sim/share/xxu_livox_sim/local_setup.zsh
[3.864s] -- Up-to-date symlink: /home/naiwu/xxu_2026/xxu_nav_2026/install/xxu_livox_sim/share/xxu_livox_sim/local_setup.dsv
[3.864s] -- Symlinking: /home/naiwu/xxu_2026/xxu_nav_2026/install/xxu_livox_sim/share/xxu_livox_sim/package.dsv
[3.870s] -- Up-to-date symlink: /home/naiwu/xxu_2026/xxu_nav_2026/install/xxu_livox_sim/share/ament_index/resource_index/packages/xxu_livox_sim
[3.870s] -- Up-to-date symlink: /home/naiwu/xxu_2026/xxu_nav_2026/install/xxu_livox_sim/share/xxu_livox_sim/cmake/xxu_livox_simConfig.cmake
[3.870s] -- Up-to-date symlink: /home/naiwu/xxu_2026/xxu_nav_2026/install/xxu_livox_sim/share/xxu_livox_sim/cmake/xxu_livox_simConfig-version.cmake
[3.870s] -- Up-to-date symlink: /home/naiwu/xxu_2026/xxu_nav_2026/install/xxu_livox_sim/share/xxu_livox_sim/package.xml
[3.871s] Invoked command in '/home/naiwu/xxu_2026/xxu_nav_2026/build/xxu_livox_sim' returned '0': CMAKE_PREFIX_PATH=${CMAKE_PREFIX_PATH}:/opt/ros/jazzy DEBUGINFOD_URLS=https://debuginfod.ubuntu.com /usr/bin/cmake --install /home/naiwu/xxu_2026/xxu_nav_2026/build/xxu_livox_sim
