[0.103s] DEBUG:colcon:Command line arguments: ['/usr/bin/colcon', 'build', '--symlink-install', '--packages-select', 'explore_lite']
[0.103s] DEBUG:colcon:Parsed command line arguments: Namespace(log_base=None, log_level=None, verb_name='build', build_base='build', install_base='install', merge_install=False, symlink_install=True, test_result_base=None, continue_on_error=False, executor='parallel', parallel_workers=24, event_handlers=None, ignore_user_meta=False, metas=['./colcon.meta'], base_paths=['.'], packages_ignore=None, packages_ignore_regex=None, paths=None, packages_up_to=None, packages_up_to_regex=None, packages_above=None, packages_above_and_dependencies=None, packages_above_depth=None, packages_select_by_dep=None, packages_skip_by_dep=None, packages_skip_up_to=None, packages_select_build_failed=False, packages_skip_build_finished=False, packages_select_test_failures=False, packages_skip_test_passed=False, packages_select=['explore_lite'], packages_skip=None, packages_select_regex=None, packages_skip_regex=None, packages_start=None, packages_end=None, allow_overriding=[], cmake_args=None, cmake_target=None, cmake_target_skip_unavailable=False, cmake_clean_cache=False, cmake_clean_first=False, cmake_force_configure=False, ament_cmake_args=None, catkin_cmake_args=None, catkin_skip_building_tests=False, verb_parser=<colcon_defaults.argument_parser.defaults.DefaultArgumentsDecorator object at 0x72d2bd87ce00>, verb_extension=<colcon_core.verb.build.BuildVerb object at 0x72d2be8a6480>, main=<bound method BuildVerb.main of <colcon_core.verb.build.BuildVerb object at 0x72d2be8a6480>>)
[0.143s] Level 1:colcon.colcon_core.package_discovery:discover_packages(colcon_meta) check parameters
[0.143s] Level 1:colcon.colcon_core.package_discovery:discover_packages(recursive) check parameters
[0.143s] Level 1:colcon.colcon_core.package_discovery:discover_packages(ignore) check parameters
[0.143s] Level 1:colcon.colcon_core.package_discovery:discover_packages(path) check parameters
[0.143s] Level 1:colcon.colcon_core.package_discovery:discover_packages(colcon_meta) discover
[0.143s] Level 1:colcon.colcon_core.package_discovery:discover_packages(recursive) discover
[0.143s] INFO:colcon.colcon_core.package_discovery:Crawling recursively for packages in '/home/naiwu/xxu_2026/xxu_nav_2026'
[0.143s] Level 1:colcon.colcon_core.package_identification:_identify(.) by extensions ['ignore', 'ignore_ament_install']
[0.143s] Level 1:colcon.colcon_core.package_identification:_identify(.) by extension 'ignore'
[0.143s] Level 1:colcon.colcon_core.package_identification:_identify(.) by extension 'ignore_ament_install'
[0.143s] Level 1:colcon.colcon_core.package_identification:_identify(.) by extensions ['colcon_pkg']
[0.143s] Level 1:colcon.colcon_core.package_identification:_identify(.) by extension 'colcon_pkg'
[0.143s] Level 1:colcon.colcon_core.package_identification:_identify(.) by extensions ['colcon_meta']
[0.143s] Level 1:colcon.colcon_core.package_identification:_identify(.) by extension 'colcon_meta'
[0.143s] Level 1:colcon.colcon_core.package_identification:_identify(.) by extensions ['ros']
[0.143s] Level 1:colcon.colcon_core.package_identification:_identify(.) by extension 'ros'
[0.165s] Level 1:colcon.colcon_core.package_identification:_identify(.) by extensions ['cmake', 'python']
[0.165s] Level 1:colcon.colcon_core.package_identification:_identify(.) by extension 'cmake'
[0.165s] Level 1:colcon.colcon_core.package_identification:_identify(.) by extension 'python'
[0.165s] Level 1:colcon.colcon_core.package_identification:_identify(.) by extensions ['python_setup_py']
[0.165s] Level 1:colcon.colcon_core.package_identification:_identify(.) by extension 'python_setup_py'
[0.165s] Level 1:colcon.colcon_core.package_identification:_identify(build) by extensions ['ignore', 'ignore_ament_install']
[0.165s] Level 1:colcon.colcon_core.package_identification:_identify(build) by extension 'ignore'
[0.165s] Level 1:colcon.colcon_core.package_identification:_identify(build) ignored
[0.165s] Level 1:colcon.colcon_core.package_identification:_identify(install) by extensions ['ignore', 'ignore_ament_install']
[0.165s] Level 1:colcon.colcon_core.package_identification:_identify(install) by extension 'ignore'
[0.165s] Level 1:colcon.colcon_core.package_identification:_identify(install) ignored
[0.165s] Level 1:colcon.colcon_core.package_identification:_identify(log) by extensions ['ignore', 'ignore_ament_install']
[0.165s] Level 1:colcon.colcon_core.package_identification:_identify(log) by extension 'ignore'
[0.165s] Level 1:colcon.colcon_core.package_identification:_identify(log) ignored
[0.165s] Level 1:colcon.colcon_core.package_identification:_identify(src) by extensions ['ignore', 'ignore_ament_install']
[0.165s] Level 1:colcon.colcon_core.package_identification:_identify(src) by extension 'ignore'
[0.165s] Level 1:colcon.colcon_core.package_identification:_identify(src) by extension 'ignore_ament_install'
[0.165s] Level 1:colcon.colcon_core.package_identification:_identify(src) by extensions ['colcon_pkg']
[0.165s] Level 1:colcon.colcon_core.package_identification:_identify(src) by extension 'colcon_pkg'
[0.166s] Level 1:colcon.colcon_core.package_identification:_identify(src) by extensions ['colcon_meta']
[0.166s] Level 1:colcon.colcon_core.package_identification:_identify(src) by extension 'colcon_meta'
[0.166s] Level 1:colcon.colcon_core.package_identification:_identify(src) by extensions ['ros']
[0.166s] Level 1:colcon.colcon_core.package_identification:_identify(src) by extension 'ros'
[0.166s] Level 1:colcon.colcon_core.package_identification:_identify(src) by extensions ['cmake', 'python']
[0.166s] Level 1:colcon.colcon_core.package_identification:_identify(src) by extension 'cmake'
[0.166s] Level 1:colcon.colcon_core.package_identification:_identify(src) by extension 'python'
[0.166s] Level 1:colcon.colcon_core.package_identification:_identify(src) by extensions ['python_setup_py']
[0.166s] Level 1:colcon.colcon_core.package_identification:_identify(src) by extension 'python_setup_py'
[0.166s] Level 1:colcon.colcon_core.package_identification:_identify(src/cpp_lidar_filter) by extensions ['ignore', 'ignore_ament_install']
[0.166s] Level 1:colcon.colcon_core.package_identification:_identify(src/cpp_lidar_filter) by extension 'ignore'
[0.166s] Level 1:colcon.colcon_core.package_identification:_identify(src/cpp_lidar_filter) by extension 'ignore_ament_install'
[0.166s] Level 1:colcon.colcon_core.package_identification:_identify(src/cpp_lidar_filter) by extensions ['colcon_pkg']
[0.166s] Level 1:colcon.colcon_core.package_identification:_identify(src/cpp_lidar_filter) by extension 'colcon_pkg'
[0.166s] Level 1:colcon.colcon_core.package_identification:_identify(src/cpp_lidar_filter) by extensions ['colcon_meta']
[0.166s] Level 1:colcon.colcon_core.package_identification:_identify(src/cpp_lidar_filter) by extension 'colcon_meta'
[0.166s] Level 1:colcon.colcon_core.package_identification:_identify(src/cpp_lidar_filter) by extensions ['ros']
[0.166s] Level 1:colcon.colcon_core.package_identification:_identify(src/cpp_lidar_filter) by extension 'ros'
[0.166s] Level 1:colcon.colcon_core.package_identification:_identify(src/cpp_lidar_filter) by extensions ['cmake', 'python']
[0.166s] Level 1:colcon.colcon_core.package_identification:_identify(src/cpp_lidar_filter) by extension 'cmake'
[0.166s] Level 1:colcon.colcon_core.package_identification:_identify(src/cpp_lidar_filter) by extension 'python'
[0.166s] Level 1:colcon.colcon_core.package_identification:_identify(src/cpp_lidar_filter) by extensions ['python_setup_py']
[0.166s] Level 1:colcon.colcon_core.package_identification:_identify(src/cpp_lidar_filter) by extension 'python_setup_py'
[0.166s] Level 1:colcon.colcon_core.package_identification:_identify(src/m-explore-ros2) by extensions ['ignore', 'ignore_ament_install']
[0.166s] Level 1:colcon.colcon_core.package_identification:_identify(src/m-explore-ros2) by extension 'ignore'
[0.166s] Level 1:colcon.colcon_core.package_identification:_identify(src/m-explore-ros2) by extension 'ignore_ament_install'
[0.166s] Level 1:colcon.colcon_core.package_identification:_identify(src/m-explore-ros2) by extensions ['colcon_pkg']
[0.166s] Level 1:colcon.colcon_core.package_identification:_identify(src/m-explore-ros2) by extension 'colcon_pkg'
[0.166s] Level 1:colcon.colcon_core.package_identification:_identify(src/m-explore-ros2) by extensions ['colcon_meta']
[0.166s] Level 1:colcon.colcon_core.package_identification:_identify(src/m-explore-ros2) by extension 'colcon_meta'
[0.166s] Level 1:colcon.colcon_core.package_identification:_identify(src/m-explore-ros2) by extensions ['ros']
[0.166s] Level 1:colcon.colcon_core.package_identification:_identify(src/m-explore-ros2) by extension 'ros'
[0.167s] Level 1:colcon.colcon_core.package_identification:_identify(src/m-explore-ros2) by extensions ['cmake', 'python']
[0.167s] Level 1:colcon.colcon_core.package_identification:_identify(src/m-explore-ros2) by extension 'cmake'
[0.167s] Level 1:colcon.colcon_core.package_identification:_identify(src/m-explore-ros2) by extension 'python'
[0.167s] Level 1:colcon.colcon_core.package_identification:_identify(src/m-explore-ros2) by extensions ['python_setup_py']
[0.167s] Level 1:colcon.colcon_core.package_identification:_identify(src/m-explore-ros2) by extension 'python_setup_py'
[0.167s] Level 1:colcon.colcon_core.package_identification:_identify(src/m-explore-ros2/explore) by extensions ['ignore', 'ignore_ament_install']
[0.167s] Level 1:colcon.colcon_core.package_identification:_identify(src/m-explore-ros2/explore) by extension 'ignore'
[0.167s] Level 1:colcon.colcon_core.package_identification:_identify(src/m-explore-ros2/explore) by extension 'ignore_ament_install'
[0.167s] Level 1:colcon.colcon_core.package_identification:_identify(src/m-explore-ros2/explore) by extensions ['colcon_pkg']
[0.167s] Level 1:colcon.colcon_core.package_identification:_identify(src/m-explore-ros2/explore) by extension 'colcon_pkg'
[0.167s] Level 1:colcon.colcon_core.package_identification:_identify(src/m-explore-ros2/explore) by extensions ['colcon_meta']
[0.167s] Level 1:colcon.colcon_core.package_identification:_identify(src/m-explore-ros2/explore) by extension 'colcon_meta'
[0.167s] Level 1:colcon.colcon_core.package_identification:_identify(src/m-explore-ros2/explore) by extensions ['ros']
[0.167s] Level 1:colcon.colcon_core.package_identification:_identify(src/m-explore-ros2/explore) by extension 'ros'
[0.169s] DEBUG:colcon.colcon_core.package_identification:Package 'src/m-explore-ros2/explore' with type 'ros.ament_cmake' and name 'explore_lite'
[0.169s] Level 1:colcon.colcon_core.package_identification:_identify(src/m-explore-ros2/explore_lite_msgs) by extensions ['ignore', 'ignore_ament_install']
[0.170s] Level 1:colcon.colcon_core.package_identification:_identify(src/m-explore-ros2/explore_lite_msgs) by extension 'ignore'
[0.170s] Level 1:colcon.colcon_core.package_identification:_identify(src/m-explore-ros2/explore_lite_msgs) by extension 'ignore_ament_install'
[0.170s] Level 1:colcon.colcon_core.package_identification:_identify(src/m-explore-ros2/explore_lite_msgs) by extensions ['colcon_pkg']
[0.170s] Level 1:colcon.colcon_core.package_identification:_identify(src/m-explore-ros2/explore_lite_msgs) by extension 'colcon_pkg'
[0.170s] Level 1:colcon.colcon_core.package_identification:_identify(src/m-explore-ros2/explore_lite_msgs) by extensions ['colcon_meta']
[0.170s] Level 1:colcon.colcon_core.package_identification:_identify(src/m-explore-ros2/explore_lite_msgs) by extension 'colcon_meta'
[0.170s] Level 1:colcon.colcon_core.package_identification:_identify(src/m-explore-ros2/explore_lite_msgs) by extensions ['ros']
[0.170s] Level 1:colcon.colcon_core.package_identification:_identify(src/m-explore-ros2/explore_lite_msgs) by extension 'ros'
[0.170s] DEBUG:colcon.colcon_core.package_identification:Package 'src/m-explore-ros2/explore_lite_msgs' with type 'ros.ament_cmake' and name 'explore_lite_msgs'
[0.170s] Level 1:colcon.colcon_core.package_identification:_identify(src/m-explore-ros2/map_merge) by extensions ['ignore', 'ignore_ament_install']
[0.170s] Level 1:colcon.colcon_core.package_identification:_identify(src/m-explore-ros2/map_merge) by extension 'ignore'
[0.170s] Level 1:colcon.colcon_core.package_identification:_identify(src/m-explore-ros2/map_merge) by extension 'ignore_ament_install'
[0.170s] Level 1:colcon.colcon_core.package_identification:_identify(src/m-explore-ros2/map_merge) by extensions ['colcon_pkg']
[0.170s] Level 1:colcon.colcon_core.package_identification:_identify(src/m-explore-ros2/map_merge) by extension 'colcon_pkg'
[0.170s] Level 1:colcon.colcon_core.package_identification:_identify(src/m-explore-ros2/map_merge) by extensions ['colcon_meta']
[0.170s] Level 1:colcon.colcon_core.package_identification:_identify(src/m-explore-ros2/map_merge) by extension 'colcon_meta'
[0.170s] Level 1:colcon.colcon_core.package_identification:_identify(src/m-explore-ros2/map_merge) by extensions ['ros']
[0.170s] Level 1:colcon.colcon_core.package_identification:_identify(src/m-explore-ros2/map_merge) by extension 'ros'
[0.171s] DEBUG:colcon.colcon_core.package_identification:Package 'src/m-explore-ros2/map_merge' with type 'ros.ament_cmake' and name 'multirobot_map_merge'
[0.171s] Level 1:colcon.colcon_core.package_identification:_identify(src/pointcloud_to_laserscan) by extensions ['ignore', 'ignore_ament_install']
[0.171s] Level 1:colcon.colcon_core.package_identification:_identify(src/pointcloud_to_laserscan) by extension 'ignore'
[0.171s] Level 1:colcon.colcon_core.package_identification:_identify(src/pointcloud_to_laserscan) by extension 'ignore_ament_install'
[0.171s] Level 1:colcon.colcon_core.package_identification:_identify(src/pointcloud_to_laserscan) by extensions ['colcon_pkg']
[0.171s] Level 1:colcon.colcon_core.package_identification:_identify(src/pointcloud_to_laserscan) by extension 'colcon_pkg'
[0.171s] Level 1:colcon.colcon_core.package_identification:_identify(src/pointcloud_to_laserscan) by extensions ['colcon_meta']
[0.171s] Level 1:colcon.colcon_core.package_identification:_identify(src/pointcloud_to_laserscan) by extension 'colcon_meta'
[0.171s] Level 1:colcon.colcon_core.package_identification:_identify(src/pointcloud_to_laserscan) by extensions ['ros']
[0.171s] Level 1:colcon.colcon_core.package_identification:_identify(src/pointcloud_to_laserscan) by extension 'ros'
[0.172s] DEBUG:colcon.colcon_core.package_identification:Package 'src/pointcloud_to_laserscan' with type 'ros.ament_cmake' and name 'pointcloud_to_laserscan'
[0.172s] Level 1:colcon.colcon_core.package_identification:_identify(src/small_point_lio) by extensions ['ignore', 'ignore_ament_install']
[0.172s] Level 1:colcon.colcon_core.package_identification:_identify(src/small_point_lio) by extension 'ignore'
[0.172s] Level 1:colcon.colcon_core.package_identification:_identify(src/small_point_lio) by extension 'ignore_ament_install'
[0.172s] Level 1:colcon.colcon_core.package_identification:_identify(src/small_point_lio) by extensions ['colcon_pkg']
[0.172s] Level 1:colcon.colcon_core.package_identification:_identify(src/small_point_lio) by extension 'colcon_pkg'
[0.173s] Level 1:colcon.colcon_core.package_identification:_identify(src/small_point_lio) by extensions ['colcon_meta']
[0.173s] Level 1:colcon.colcon_core.package_identification:_identify(src/small_point_lio) by extension 'colcon_meta'
[0.173s] Level 1:colcon.colcon_core.package_identification:_identify(src/small_point_lio) by extensions ['ros']
[0.173s] Level 1:colcon.colcon_core.package_identification:_identify(src/small_point_lio) by extension 'ros'
[0.173s] DEBUG:colcon.colcon_core.package_identification:Package 'src/small_point_lio' with type 'ros.ament_cmake' and name 'small_point_lio'
[0.173s] Level 1:colcon.colcon_core.package_identification:_identify(src/xxu_chassis_controller) by extensions ['ignore', 'ignore_ament_install']
[0.173s] Level 1:colcon.colcon_core.package_identification:_identify(src/xxu_chassis_controller) by extension 'ignore'
[0.173s] Level 1:colcon.colcon_core.package_identification:_identify(src/xxu_chassis_controller) by extension 'ignore_ament_install'
[0.173s] Level 1:colcon.colcon_core.package_identification:_identify(src/xxu_chassis_controller) by extensions ['colcon_pkg']
[0.173s] Level 1:colcon.colcon_core.package_identification:_identify(src/xxu_chassis_controller) by extension 'colcon_pkg'
[0.173s] Level 1:colcon.colcon_core.package_identification:_identify(src/xxu_chassis_controller) by extensions ['colcon_meta']
[0.173s] Level 1:colcon.colcon_core.package_identification:_identify(src/xxu_chassis_controller) by extension 'colcon_meta'
[0.174s] Level 1:colcon.colcon_core.package_identification:_identify(src/xxu_chassis_controller) by extensions ['ros']
[0.174s] Level 1:colcon.colcon_core.package_identification:_identify(src/xxu_chassis_controller) by extension 'ros'
[0.174s] DEBUG:colcon.colcon_core.package_identification:Package 'src/xxu_chassis_controller' with type 'ros.ament_cmake' and name 'xxu_chassis_controller'
[0.174s] Level 1:colcon.colcon_core.package_identification:_identify(src/xxu_description) by extensions ['ignore', 'ignore_ament_install']
[0.174s] Level 1:colcon.colcon_core.package_identification:_identify(src/xxu_description) by extension 'ignore'
[0.174s] Level 1:colcon.colcon_core.package_identification:_identify(src/xxu_description) by extension 'ignore_ament_install'
[0.174s] Level 1:colcon.colcon_core.package_identification:_identify(src/xxu_description) by extensions ['colcon_pkg']
[0.174s] Level 1:colcon.colcon_core.package_identification:_identify(src/xxu_description) by extension 'colcon_pkg'
[0.174s] Level 1:colcon.colcon_core.package_identification:_identify(src/xxu_description) by extensions ['colcon_meta']
[0.174s] Level 1:colcon.colcon_core.package_identification:_identify(src/xxu_description) by extension 'colcon_meta'
[0.174s] Level 1:colcon.colcon_core.package_identification:_identify(src/xxu_description) by extensions ['ros']
[0.174s] Level 1:colcon.colcon_core.package_identification:_identify(src/xxu_description) by extension 'ros'
[0.175s] DEBUG:colcon.colcon_core.package_identification:Package 'src/xxu_description' with type 'ros.ament_cmake' and name 'xxu_description'
[0.175s] Level 1:colcon.colcon_core.package_identification:_identify(src/xxu_livox_sim) by extensions ['ignore', 'ignore_ament_install']
[0.175s] Level 1:colcon.colcon_core.package_identification:_identify(src/xxu_livox_sim) by extension 'ignore'
[0.175s] Level 1:colcon.colcon_core.package_identification:_identify(src/xxu_livox_sim) by extension 'ignore_ament_install'
[0.175s] Level 1:colcon.colcon_core.package_identification:_identify(src/xxu_livox_sim) by extensions ['colcon_pkg']
[0.175s] Level 1:colcon.colcon_core.package_identification:_identify(src/xxu_livox_sim) by extension 'colcon_pkg'
[0.175s] Level 1:colcon.colcon_core.package_identification:_identify(src/xxu_livox_sim) by extensions ['colcon_meta']
[0.175s] Level 1:colcon.colcon_core.package_identification:_identify(src/xxu_livox_sim) by extension 'colcon_meta'
[0.175s] Level 1:colcon.colcon_core.package_identification:_identify(src/xxu_livox_sim) by extensions ['ros']
[0.175s] Level 1:colcon.colcon_core.package_identification:_identify(src/xxu_livox_sim) by extension 'ros'
[0.176s] DEBUG:colcon.colcon_core.package_identification:Package 'src/xxu_livox_sim' with type 'ros.ament_cmake' and name 'xxu_livox_sim'
[0.176s] Level 1:colcon.colcon_core.package_identification:_identify(src/xxu_pointcloud_processing) by extensions ['ignore', 'ignore_ament_install']
[0.176s] Level 1:colcon.colcon_core.package_identification:_identify(src/xxu_pointcloud_processing) by extension 'ignore'
[0.176s] Level 1:colcon.colcon_core.package_identification:_identify(src/xxu_pointcloud_processing) by extension 'ignore_ament_install'
[0.176s] Level 1:colcon.colcon_core.package_identification:_identify(src/xxu_pointcloud_processing) by extensions ['colcon_pkg']
[0.176s] Level 1:colcon.colcon_core.package_identification:_identify(src/xxu_pointcloud_processing) by extension 'colcon_pkg'
[0.176s] Level 1:colcon.colcon_core.package_identification:_identify(src/xxu_pointcloud_processing) by extensions ['colcon_meta']
[0.176s] Level 1:colcon.colcon_core.package_identification:_identify(src/xxu_pointcloud_processing) by extension 'colcon_meta'
[0.176s] Level 1:colcon.colcon_core.package_identification:_identify(src/xxu_pointcloud_processing) by extensions ['ros']
[0.176s] Level 1:colcon.colcon_core.package_identification:_identify(src/xxu_pointcloud_processing) by extension 'ros'
[0.176s] DEBUG:colcon.colcon_core.package_identification:Package 'src/xxu_pointcloud_processing' with type 'ros.ament_cmake' and name 'xxu_pointcloud_processing'
[0.176s] Level 1:colcon.colcon_core.package_identification:_identify(src/xxu_slam_toolbox) by extensions ['ignore', 'ignore_ament_install']
[0.177s] Level 1:colcon.colcon_core.package_identification:_identify(src/xxu_slam_toolbox) by extension 'ignore'
[0.177s] Level 1:colcon.colcon_core.package_identification:_identify(src/xxu_slam_toolbox) by extension 'ignore_ament_install'
[0.177s] Level 1:colcon.colcon_core.package_identification:_identify(src/xxu_slam_toolbox) by extensions ['colcon_pkg']
[0.177s] Level 1:colcon.colcon_core.package_identification:_identify(src/xxu_slam_toolbox) by extension 'colcon_pkg'
[0.177s] Level 1:colcon.colcon_core.package_identification:_identify(src/xxu_slam_toolbox) by extensions ['colcon_meta']
[0.177s] Level 1:colcon.colcon_core.package_identification:_identify(src/xxu_slam_toolbox) by extension 'colcon_meta'
[0.177s] Level 1:colcon.colcon_core.package_identification:_identify(src/xxu_slam_toolbox) by extensions ['ros']
[0.177s] Level 1:colcon.colcon_core.package_identification:_identify(src/xxu_slam_toolbox) by extension 'ros'
[0.177s] DEBUG:colcon.colcon_core.package_identification:Package 'src/xxu_slam_toolbox' with type 'ros.ament_cmake' and name 'xxu_slam_toolbox'
[0.177s] Level 1:colcon.colcon_core.package_discovery:discover_packages(recursive) using defaults
[0.177s] Level 1:colcon.colcon_core.package_discovery:discover_packages(ignore) discover
[0.177s] Level 1:colcon.colcon_core.package_discovery:discover_packages(ignore) using defaults
[0.177s] Level 1:colcon.colcon_core.package_discovery:discover_packages(path) discover
[0.177s] Level 1:colcon.colcon_core.package_discovery:discover_packages(path) using defaults
[0.195s] INFO:colcon.colcon_core.package_selection:Skipping not selected package 'explore_lite_msgs' in 'src/m-explore-ros2/explore_lite_msgs'
[0.196s] INFO:colcon.colcon_core.package_selection:Skipping not selected package 'multirobot_map_merge' in 'src/m-explore-ros2/map_merge'
[0.196s] INFO:colcon.colcon_core.package_selection:Skipping not selected package 'pointcloud_to_laserscan' in 'src/pointcloud_to_laserscan'
[0.196s] INFO:colcon.colcon_core.package_selection:Skipping not selected package 'small_point_lio' in 'src/small_point_lio'
[0.196s] INFO:colcon.colcon_core.package_selection:Skipping not selected package 'xxu_chassis_controller' in 'src/xxu_chassis_controller'
[0.196s] INFO:colcon.colcon_core.package_selection:Skipping not selected package 'xxu_livox_sim' in 'src/xxu_livox_sim'
[0.196s] INFO:colcon.colcon_core.package_selection:Skipping not selected package 'xxu_pointcloud_processing' in 'src/xxu_pointcloud_processing'
[0.196s] INFO:colcon.colcon_core.package_selection:Skipping not selected package 'xxu_description' in 'src/xxu_description'
[0.196s] INFO:colcon.colcon_core.package_selection:Skipping not selected package 'xxu_slam_toolbox' in 'src/xxu_slam_toolbox'
[0.196s] Level 1:colcon.colcon_core.package_discovery:discover_packages(prefix_path) check parameters
[0.196s] Level 1:colcon.colcon_core.package_discovery:discover_packages(prefix_path) discover
[0.198s] DEBUG:colcon.colcon_installed_package_information.package_discovery:Found 10 installed packages in /home/naiwu/xxu_2026/xxu_nav_2026/install
[0.200s] DEBUG:colcon.colcon_installed_package_information.package_discovery:Found 481 installed packages in /opt/ros/jazzy
[0.201s] Level 1:colcon.colcon_core.package_discovery:discover_packages(prefix_path) using defaults
[0.256s] WARNING:colcon.colcon_core.package_selection:Some selected packages are already built in one or more underlay workspaces:
	'explore_lite' is in: /home/naiwu/xxu_2026/xxu_nav_2026/install/explore_lite
If a package in a merged underlay workspace is overridden and it installs headers, then all packages in the overlay must sort their include directories by workspace order. Failure to do so may result in build failures or undefined behavior at run time.
If the overridden package is used by another package in any underlay, then the overriding package in the overlay must be API and ABI compatible or undefined behavior at run time may occur.

If you understand the risks and want to override a package anyways, add the following to the command line:
	--allow-overriding explore_lite

This may be promoted to an error in a future release of colcon-override-check.
[0.256s] Level 5:colcon.colcon_core.verb:set package 'explore_lite' build argument 'cmake_args' from command line to 'None'
[0.257s] Level 5:colcon.colcon_core.verb:set package 'explore_lite' build argument 'cmake_target' from command line to 'None'
[0.257s] Level 5:colcon.colcon_core.verb:set package 'explore_lite' build argument 'cmake_target_skip_unavailable' from command line to 'False'
[0.257s] Level 5:colcon.colcon_core.verb:set package 'explore_lite' build argument 'cmake_clean_cache' from command line to 'False'
[0.257s] Level 5:colcon.colcon_core.verb:set package 'explore_lite' build argument 'cmake_clean_first' from command line to 'False'
[0.257s] Level 5:colcon.colcon_core.verb:set package 'explore_lite' build argument 'cmake_force_configure' from command line to 'False'
[0.257s] Level 5:colcon.colcon_core.verb:set package 'explore_lite' build argument 'ament_cmake_args' from command line to 'None'
[0.257s] Level 5:colcon.colcon_core.verb:set package 'explore_lite' build argument 'catkin_cmake_args' from command line to 'None'
[0.257s] Level 5:colcon.colcon_core.verb:set package 'explore_lite' build argument 'catkin_skip_building_tests' from command line to 'False'
[0.257s] DEBUG:colcon.colcon_core.verb:Building package 'explore_lite' with the following arguments: {'ament_cmake_args': None, 'build_base': '/home/naiwu/xxu_2026/xxu_nav_2026/build/explore_lite', 'catkin_cmake_args': None, 'catkin_skip_building_tests': False, 'cmake_args': None, 'cmake_clean_cache': False, 'cmake_clean_first': False, 'cmake_force_configure': False, 'cmake_target': None, 'cmake_target_skip_unavailable': False, 'install_base': '/home/naiwu/xxu_2026/xxu_nav_2026/install/explore_lite', 'merge_install': False, 'path': '/home/naiwu/xxu_2026/xxu_nav_2026/src/m-explore-ros2/explore', 'symlink_install': True, 'test_result_base': None}
[0.257s] INFO:colcon.colcon_core.executor:Executing jobs using 'parallel' executor
[0.257s] DEBUG:colcon.colcon_parallel_executor.executor.parallel:run_until_complete
[0.258s] INFO:colcon.colcon_ros.task.ament_cmake.build:Building ROS package in '/home/naiwu/xxu_2026/xxu_nav_2026/src/m-explore-ros2/explore' with build type 'ament_cmake'
[0.258s] INFO:colcon.colcon_cmake.task.cmake.build:Building CMake package in '/home/naiwu/xxu_2026/xxu_nav_2026/src/m-explore-ros2/explore'
[0.260s] INFO:colcon.colcon_core.plugin_system:Skipping extension 'colcon_core.shell.bat': Not used on non-Windows systems
[0.260s] INFO:colcon.colcon_core.shell:Skip shell extension 'powershell' for command environment: Not usable outside of PowerShell
[0.260s] DEBUG:colcon.colcon_core.shell:Skip shell extension 'dsv' for command environment
[0.270s] DEBUG:colcon.colcon_core.event_handler.log_command:Invoking command in '/home/naiwu/xxu_2026/xxu_nav_2026/build/explore_lite': CMAKE_PREFIX_PATH=/home/naiwu/xxu_2026/xxu_nav_2026/install/explore_lite_msgs:/home/naiwu/xxu_2026/xxu_nav_2026/install/xxu_slam_toolbox:/home/naiwu/xxu_2026/xxu_nav_2026/install/xxu_description:/home/naiwu/xxu_2026/xxu_nav_2026/install/xxu_pointcloud_processing:/home/naiwu/xxu_2026/xxu_nav_2026/install/xxu_livox_sim:/home/naiwu/xxu_2026/xxu_nav_2026/install/xxu_chassis_controller:/home/naiwu/xxu_2026/xxu_nav_2026/install/small_point_lio:/home/naiwu/xxu_2026/xxu_nav_2026/install/pointcloud_to_laserscan:/home/naiwu/xxu_2026/xxu_nav_2026/install/multirobot_map_merge:/home/naiwu/xxu_2026/xxu_nav_2026/install/explore_lite:/opt/ros/jazzy/opt/gz_sim_vendor:/opt/ros/jazzy/opt/gz_sensors_vendor:/opt/ros/jazzy/opt/gz_physics_vendor:/opt/ros/jazzy/opt/sdformat_vendor:/opt/ros/jazzy/opt/gz_gui_vendor:/opt/ros/jazzy/opt/gz_transport_vendor:/opt/ros/jazzy/opt/gz_rendering_vendor:/opt/ros/jazzy/opt/gz_plugin_vendor:/opt/ros/jazzy/opt/gz_fuel_tools_vendor:/opt/ros/jazzy/opt/gz_msgs_vendor:/opt/ros/jazzy/opt/gz_common_vendor:/opt/ros/jazzy/opt/gz_math_vendor:/opt/ros/jazzy/opt/gz_utils_vendor:/opt/ros/jazzy/opt/gz_tools_vendor:/opt/ros/jazzy/opt/gz_ogre_next_vendor:/opt/ros/jazzy/opt/gz_dartsim_vendor:/opt/ros/jazzy/opt/gz_cmake_vendor:/opt/ros/jazzy DEBUGINFOD_URLS=https://debuginfod.ubuntu.com LD_LIBRARY_PATH=/home/naiwu/xxu_2026/xxu_nav_2026/install/explore_lite_msgs/lib:/home/naiwu/xxu_2026/xxu_nav_2026/install/small_point_lio/lib:/home/naiwu/xxu_2026/xxu_nav_2026/install/pointcloud_to_laserscan/lib:/home/naiwu/xxu_2026/xxu_nav_2026/install/multirobot_map_merge/lib:/opt/ros/jazzy/opt/gz_sim_vendor/lib:/opt/ros/jazzy/opt/gz_sensors_vendor/lib:/opt/ros/jazzy/opt/gz_physics_vendor/lib:/opt/ros/jazzy/opt/sdformat_vendor/lib:/opt/ros/jazzy/opt/rviz_ogre_vendor/lib:/opt/ros/jazzy/lib/x86_64-linux-gnu:/opt/ros/jazzy/opt/gz_gui_vendor/lib:/opt/ros/jazzy/opt/gz_transport_vendor/lib:/opt/ros/jazzy/opt/gz_rendering_vendor/lib:/opt/ros/jazzy/opt/gz_plugin_vendor/lib:/opt/ros/jazzy/opt/gz_fuel_tools_vendor/lib:/opt/ros/jazzy/opt/gz_msgs_vendor/lib:/opt/ros/jazzy/opt/gz_common_vendor/lib:/opt/ros/jazzy/opt/gz_math_vendor/lib:/opt/ros/jazzy/opt/gz_utils_vendor/lib:/opt/ros/jazzy/opt/gz_tools_vendor/lib:/opt/ros/jazzy/opt/gz_ogre_next_vendor/lib:/opt/ros/jazzy/opt/gz_dartsim_vendor/lib:/opt/ros/jazzy/opt/gz_cmake_vendor/lib:/opt/ros/jazzy/lib /usr/bin/cmake --build /home/naiwu/xxu_2026/xxu_nav_2026/build/explore_lite -- -j24 -l24
[11.155s] DEBUG:colcon.colcon_core.event_handler.log_command:Invoked command in '/home/naiwu/xxu_2026/xxu_nav_2026/build/explore_lite' returned '0': CMAKE_PREFIX_PATH=/home/naiwu/xxu_2026/xxu_nav_2026/install/explore_lite_msgs:/home/naiwu/xxu_2026/xxu_nav_2026/install/xxu_slam_toolbox:/home/naiwu/xxu_2026/xxu_nav_2026/install/xxu_description:/home/naiwu/xxu_2026/xxu_nav_2026/install/xxu_pointcloud_processing:/home/naiwu/xxu_2026/xxu_nav_2026/install/xxu_livox_sim:/home/naiwu/xxu_2026/xxu_nav_2026/install/xxu_chassis_controller:/home/naiwu/xxu_2026/xxu_nav_2026/install/small_point_lio:/home/naiwu/xxu_2026/xxu_nav_2026/install/pointcloud_to_laserscan:/home/naiwu/xxu_2026/xxu_nav_2026/install/multirobot_map_merge:/home/naiwu/xxu_2026/xxu_nav_2026/install/explore_lite:/opt/ros/jazzy/opt/gz_sim_vendor:/opt/ros/jazzy/opt/gz_sensors_vendor:/opt/ros/jazzy/opt/gz_physics_vendor:/opt/ros/jazzy/opt/sdformat_vendor:/opt/ros/jazzy/opt/gz_gui_vendor:/opt/ros/jazzy/opt/gz_transport_vendor:/opt/ros/jazzy/opt/gz_rendering_vendor:/opt/ros/jazzy/opt/gz_plugin_vendor:/opt/ros/jazzy/opt/gz_fuel_tools_vendor:/opt/ros/jazzy/opt/gz_msgs_vendor:/opt/ros/jazzy/opt/gz_common_vendor:/opt/ros/jazzy/opt/gz_math_vendor:/opt/ros/jazzy/opt/gz_utils_vendor:/opt/ros/jazzy/opt/gz_tools_vendor:/opt/ros/jazzy/opt/gz_ogre_next_vendor:/opt/ros/jazzy/opt/gz_dartsim_vendor:/opt/ros/jazzy/opt/gz_cmake_vendor:/opt/ros/jazzy DEBUGINFOD_URLS=https://debuginfod.ubuntu.com LD_LIBRARY_PATH=/home/naiwu/xxu_2026/xxu_nav_2026/install/explore_lite_msgs/lib:/home/naiwu/xxu_2026/xxu_nav_2026/install/small_point_lio/lib:/home/naiwu/xxu_2026/xxu_nav_2026/install/pointcloud_to_laserscan/lib:/home/naiwu/xxu_2026/xxu_nav_2026/install/multirobot_map_merge/lib:/opt/ros/jazzy/opt/gz_sim_vendor/lib:/opt/ros/jazzy/opt/gz_sensors_vendor/lib:/opt/ros/jazzy/opt/gz_physics_vendor/lib:/opt/ros/jazzy/opt/sdformat_vendor/lib:/opt/ros/jazzy/opt/rviz_ogre_vendor/lib:/opt/ros/jazzy/lib/x86_64-linux-gnu:/opt/ros/jazzy/opt/gz_gui_vendor/lib:/opt/ros/jazzy/opt/gz_transport_vendor/lib:/opt/ros/jazzy/opt/gz_rendering_vendor/lib:/opt/ros/jazzy/opt/gz_plugin_vendor/lib:/opt/ros/jazzy/opt/gz_fuel_tools_vendor/lib:/opt/ros/jazzy/opt/gz_msgs_vendor/lib:/opt/ros/jazzy/opt/gz_common_vendor/lib:/opt/ros/jazzy/opt/gz_math_vendor/lib:/opt/ros/jazzy/opt/gz_utils_vendor/lib:/opt/ros/jazzy/opt/gz_tools_vendor/lib:/opt/ros/jazzy/opt/gz_ogre_next_vendor/lib:/opt/ros/jazzy/opt/gz_dartsim_vendor/lib:/opt/ros/jazzy/opt/gz_cmake_vendor/lib:/opt/ros/jazzy/lib /usr/bin/cmake --build /home/naiwu/xxu_2026/xxu_nav_2026/build/explore_lite -- -j24 -l24
[11.163s] DEBUG:colcon.colcon_core.event_handler.log_command:Invoking command in '/home/naiwu/xxu_2026/xxu_nav_2026/build/explore_lite': CMAKE_PREFIX_PATH=/home/naiwu/xxu_2026/xxu_nav_2026/install/explore_lite_msgs:/home/naiwu/xxu_2026/xxu_nav_2026/install/xxu_slam_toolbox:/home/naiwu/xxu_2026/xxu_nav_2026/install/xxu_description:/home/naiwu/xxu_2026/xxu_nav_2026/install/xxu_pointcloud_processing:/home/naiwu/xxu_2026/xxu_nav_2026/install/xxu_livox_sim:/home/naiwu/xxu_2026/xxu_nav_2026/install/xxu_chassis_controller:/home/naiwu/xxu_2026/xxu_nav_2026/install/small_point_lio:/home/naiwu/xxu_2026/xxu_nav_2026/install/pointcloud_to_laserscan:/home/naiwu/xxu_2026/xxu_nav_2026/install/multirobot_map_merge:/home/naiwu/xxu_2026/xxu_nav_2026/install/explore_lite:/opt/ros/jazzy/opt/gz_sim_vendor:/opt/ros/jazzy/opt/gz_sensors_vendor:/opt/ros/jazzy/opt/gz_physics_vendor:/opt/ros/jazzy/opt/sdformat_vendor:/opt/ros/jazzy/opt/gz_gui_vendor:/opt/ros/jazzy/opt/gz_transport_vendor:/opt/ros/jazzy/opt/gz_rendering_vendor:/opt/ros/jazzy/opt/gz_plugin_vendor:/opt/ros/jazzy/opt/gz_fuel_tools_vendor:/opt/ros/jazzy/opt/gz_msgs_vendor:/opt/ros/jazzy/opt/gz_common_vendor:/opt/ros/jazzy/opt/gz_math_vendor:/opt/ros/jazzy/opt/gz_utils_vendor:/opt/ros/jazzy/opt/gz_tools_vendor:/opt/ros/jazzy/opt/gz_ogre_next_vendor:/opt/ros/jazzy/opt/gz_dartsim_vendor:/opt/ros/jazzy/opt/gz_cmake_vendor:/opt/ros/jazzy DEBUGINFOD_URLS=https://debuginfod.ubuntu.com LD_LIBRARY_PATH=/home/naiwu/xxu_2026/xxu_nav_2026/install/explore_lite_msgs/lib:/home/naiwu/xxu_2026/xxu_nav_2026/install/small_point_lio/lib:/home/naiwu/xxu_2026/xxu_nav_2026/install/pointcloud_to_laserscan/lib:/home/naiwu/xxu_2026/xxu_nav_2026/install/multirobot_map_merge/lib:/opt/ros/jazzy/opt/gz_sim_vendor/lib:/opt/ros/jazzy/opt/gz_sensors_vendor/lib:/opt/ros/jazzy/opt/gz_physics_vendor/lib:/opt/ros/jazzy/opt/sdformat_vendor/lib:/opt/ros/jazzy/opt/rviz_ogre_vendor/lib:/opt/ros/jazzy/lib/x86_64-linux-gnu:/opt/ros/jazzy/opt/gz_gui_vendor/lib:/opt/ros/jazzy/opt/gz_transport_vendor/lib:/opt/ros/jazzy/opt/gz_rendering_vendor/lib:/opt/ros/jazzy/opt/gz_plugin_vendor/lib:/opt/ros/jazzy/opt/gz_fuel_tools_vendor/lib:/opt/ros/jazzy/opt/gz_msgs_vendor/lib:/opt/ros/jazzy/opt/gz_common_vendor/lib:/opt/ros/jazzy/opt/gz_math_vendor/lib:/opt/ros/jazzy/opt/gz_utils_vendor/lib:/opt/ros/jazzy/opt/gz_tools_vendor/lib:/opt/ros/jazzy/opt/gz_ogre_next_vendor/lib:/opt/ros/jazzy/opt/gz_dartsim_vendor/lib:/opt/ros/jazzy/opt/gz_cmake_vendor/lib:/opt/ros/jazzy/lib /usr/bin/cmake --install /home/naiwu/xxu_2026/xxu_nav_2026/build/explore_lite
[11.179s] Level 1:colcon.colcon_core.environment:create_environment_scripts_only(explore_lite)
[11.180s] DEBUG:colcon.colcon_core.event_handler.log_command:Invoked command in '/home/naiwu/xxu_2026/xxu_nav_2026/build/explore_lite' returned '0': CMAKE_PREFIX_PATH=/home/naiwu/xxu_2026/xxu_nav_2026/install/explore_lite_msgs:/home/naiwu/xxu_2026/xxu_nav_2026/install/xxu_slam_toolbox:/home/naiwu/xxu_2026/xxu_nav_2026/install/xxu_description:/home/naiwu/xxu_2026/xxu_nav_2026/install/xxu_pointcloud_processing:/home/naiwu/xxu_2026/xxu_nav_2026/install/xxu_livox_sim:/home/naiwu/xxu_2026/xxu_nav_2026/install/xxu_chassis_controller:/home/naiwu/xxu_2026/xxu_nav_2026/install/small_point_lio:/home/naiwu/xxu_2026/xxu_nav_2026/install/pointcloud_to_laserscan:/home/naiwu/xxu_2026/xxu_nav_2026/install/multirobot_map_merge:/home/naiwu/xxu_2026/xxu_nav_2026/install/explore_lite:/opt/ros/jazzy/opt/gz_sim_vendor:/opt/ros/jazzy/opt/gz_sensors_vendor:/opt/ros/jazzy/opt/gz_physics_vendor:/opt/ros/jazzy/opt/sdformat_vendor:/opt/ros/jazzy/opt/gz_gui_vendor:/opt/ros/jazzy/opt/gz_transport_vendor:/opt/ros/jazzy/opt/gz_rendering_vendor:/opt/ros/jazzy/opt/gz_plugin_vendor:/opt/ros/jazzy/opt/gz_fuel_tools_vendor:/opt/ros/jazzy/opt/gz_msgs_vendor:/opt/ros/jazzy/opt/gz_common_vendor:/opt/ros/jazzy/opt/gz_math_vendor:/opt/ros/jazzy/opt/gz_utils_vendor:/opt/ros/jazzy/opt/gz_tools_vendor:/opt/ros/jazzy/opt/gz_ogre_next_vendor:/opt/ros/jazzy/opt/gz_dartsim_vendor:/opt/ros/jazzy/opt/gz_cmake_vendor:/opt/ros/jazzy DEBUGINFOD_URLS=https://debuginfod.ubuntu.com LD_LIBRARY_PATH=/home/naiwu/xxu_2026/xxu_nav_2026/install/explore_lite_msgs/lib:/home/naiwu/xxu_2026/xxu_nav_2026/install/small_point_lio/lib:/home/naiwu/xxu_2026/xxu_nav_2026/install/pointcloud_to_laserscan/lib:/home/naiwu/xxu_2026/xxu_nav_2026/install/multirobot_map_merge/lib:/opt/ros/jazzy/opt/gz_sim_vendor/lib:/opt/ros/jazzy/opt/gz_sensors_vendor/lib:/opt/ros/jazzy/opt/gz_physics_vendor/lib:/opt/ros/jazzy/opt/sdformat_vendor/lib:/opt/ros/jazzy/opt/rviz_ogre_vendor/lib:/opt/ros/jazzy/lib/x86_64-linux-gnu:/opt/ros/jazzy/opt/gz_gui_vendor/lib:/opt/ros/jazzy/opt/gz_transport_vendor/lib:/opt/ros/jazzy/opt/gz_rendering_vendor/lib:/opt/ros/jazzy/opt/gz_plugin_vendor/lib:/opt/ros/jazzy/opt/gz_fuel_tools_vendor/lib:/opt/ros/jazzy/opt/gz_msgs_vendor/lib:/opt/ros/jazzy/opt/gz_common_vendor/lib:/opt/ros/jazzy/opt/gz_math_vendor/lib:/opt/ros/jazzy/opt/gz_utils_vendor/lib:/opt/ros/jazzy/opt/gz_tools_vendor/lib:/opt/ros/jazzy/opt/gz_ogre_next_vendor/lib:/opt/ros/jazzy/opt/gz_dartsim_vendor/lib:/opt/ros/jazzy/opt/gz_cmake_vendor/lib:/opt/ros/jazzy/lib /usr/bin/cmake --install /home/naiwu/xxu_2026/xxu_nav_2026/build/explore_lite
[11.182s] Level 1:colcon.colcon_core.environment:checking '/home/naiwu/xxu_2026/xxu_nav_2026/install/explore_lite' for CMake module files
[11.183s] Level 1:colcon.colcon_core.environment:checking '/home/naiwu/xxu_2026/xxu_nav_2026/install/explore_lite' for CMake config files
[11.183s] Level 1:colcon.colcon_core.shell:create_environment_hook('explore_lite', 'cmake_prefix_path')
[11.183s] INFO:colcon.colcon_core.shell:Creating environment hook '/home/naiwu/xxu_2026/xxu_nav_2026/install/explore_lite/share/explore_lite/hook/cmake_prefix_path.ps1'
[11.183s] INFO:colcon.colcon_core.shell:Creating environment descriptor '/home/naiwu/xxu_2026/xxu_nav_2026/install/explore_lite/share/explore_lite/hook/cmake_prefix_path.dsv'
[11.184s] INFO:colcon.colcon_core.shell:Creating environment hook '/home/naiwu/xxu_2026/xxu_nav_2026/install/explore_lite/share/explore_lite/hook/cmake_prefix_path.sh'
[11.185s] Level 1:colcon.colcon_core.environment:checking '/home/naiwu/xxu_2026/xxu_nav_2026/install/explore_lite/lib'
[11.185s] Level 1:colcon.colcon_core.environment:checking '/home/naiwu/xxu_2026/xxu_nav_2026/install/explore_lite/bin'
[11.185s] Level 1:colcon.colcon_core.environment:checking '/home/naiwu/xxu_2026/xxu_nav_2026/install/explore_lite/lib/pkgconfig/explore_lite.pc'
[11.185s] Level 1:colcon.colcon_core.environment:checking '/home/naiwu/xxu_2026/xxu_nav_2026/install/explore_lite/lib/python3.12/site-packages'
[11.185s] Level 1:colcon.colcon_core.environment:checking '/home/naiwu/xxu_2026/xxu_nav_2026/install/explore_lite/bin'
[11.185s] INFO:colcon.colcon_core.shell:Creating package script '/home/naiwu/xxu_2026/xxu_nav_2026/install/explore_lite/share/explore_lite/package.ps1'
[11.186s] INFO:colcon.colcon_core.shell:Creating package descriptor '/home/naiwu/xxu_2026/xxu_nav_2026/install/explore_lite/share/explore_lite/package.dsv'
[11.187s] INFO:colcon.colcon_core.shell:Creating package script '/home/naiwu/xxu_2026/xxu_nav_2026/install/explore_lite/share/explore_lite/package.sh'
[11.187s] INFO:colcon.colcon_core.shell:Creating package script '/home/naiwu/xxu_2026/xxu_nav_2026/install/explore_lite/share/explore_lite/package.bash'
[11.188s] INFO:colcon.colcon_core.shell:Creating package script '/home/naiwu/xxu_2026/xxu_nav_2026/install/explore_lite/share/explore_lite/package.zsh'
[11.189s] Level 1:colcon.colcon_core.environment:create_file_with_runtime_dependencies(/home/naiwu/xxu_2026/xxu_nav_2026/install/explore_lite/share/colcon-core/packages/explore_lite)
[11.189s] Level 1:colcon.colcon_core.environment:create_environment_scripts_only(explore_lite)
[11.189s] Level 1:colcon.colcon_core.environment:checking '/home/naiwu/xxu_2026/xxu_nav_2026/install/explore_lite' for CMake module files
[11.189s] Level 1:colcon.colcon_core.environment:checking '/home/naiwu/xxu_2026/xxu_nav_2026/install/explore_lite' for CMake config files
[11.190s] Level 1:colcon.colcon_core.shell:create_environment_hook('explore_lite', 'cmake_prefix_path')
[11.190s] INFO:colcon.colcon_core.shell:Creating environment hook '/home/naiwu/xxu_2026/xxu_nav_2026/install/explore_lite/share/explore_lite/hook/cmake_prefix_path.ps1'
[11.190s] INFO:colcon.colcon_core.shell:Creating environment descriptor '/home/naiwu/xxu_2026/xxu_nav_2026/install/explore_lite/share/explore_lite/hook/cmake_prefix_path.dsv'
[11.190s] INFO:colcon.colcon_core.shell:Creating environment hook '/home/naiwu/xxu_2026/xxu_nav_2026/install/explore_lite/share/explore_lite/hook/cmake_prefix_path.sh'
[11.190s] Level 1:colcon.colcon_core.environment:checking '/home/naiwu/xxu_2026/xxu_nav_2026/install/explore_lite/lib'
[11.190s] Level 1:colcon.colcon_core.environment:checking '/home/naiwu/xxu_2026/xxu_nav_2026/install/explore_lite/bin'
[11.190s] Level 1:colcon.colcon_core.environment:checking '/home/naiwu/xxu_2026/xxu_nav_2026/install/explore_lite/lib/pkgconfig/explore_lite.pc'
[11.191s] Level 1:colcon.colcon_core.environment:checking '/home/naiwu/xxu_2026/xxu_nav_2026/install/explore_lite/lib/python3.12/site-packages'
[11.191s] Level 1:colcon.colcon_core.environment:checking '/home/naiwu/xxu_2026/xxu_nav_2026/install/explore_lite/bin'
[11.191s] INFO:colcon.colcon_core.shell:Creating package script '/home/naiwu/xxu_2026/xxu_nav_2026/install/explore_lite/share/explore_lite/package.ps1'
[11.191s] INFO:colcon.colcon_core.shell:Creating package descriptor '/home/naiwu/xxu_2026/xxu_nav_2026/install/explore_lite/share/explore_lite/package.dsv'
[11.191s] INFO:colcon.colcon_core.shell:Creating package script '/home/naiwu/xxu_2026/xxu_nav_2026/install/explore_lite/share/explore_lite/package.sh'
[11.192s] INFO:colcon.colcon_core.shell:Creating package script '/home/naiwu/xxu_2026/xxu_nav_2026/install/explore_lite/share/explore_lite/package.bash'
[11.192s] INFO:colcon.colcon_core.shell:Creating package script '/home/naiwu/xxu_2026/xxu_nav_2026/install/explore_lite/share/explore_lite/package.zsh'
[11.192s] Level 1:colcon.colcon_core.environment:create_file_with_runtime_dependencies(/home/naiwu/xxu_2026/xxu_nav_2026/install/explore_lite/share/colcon-core/packages/explore_lite)
[11.192s] DEBUG:colcon.colcon_parallel_executor.executor.parallel:closing loop
[11.193s] DEBUG:colcon.colcon_parallel_executor.executor.parallel:loop closed
[11.193s] DEBUG:colcon.colcon_parallel_executor.executor.parallel:run_until_complete finished with '0'
[11.193s] DEBUG:colcon.colcon_core.event_reactor:joining thread
[11.198s] INFO:colcon.colcon_core.plugin_system:Skipping extension 'colcon_notification.desktop_notification.terminal_notifier': Not used on non-Darwin systems
[11.198s] INFO:colcon.colcon_core.plugin_system:Skipping extension 'colcon_notification.desktop_notification.win32': Not used on non-Windows systems
[11.198s] INFO:colcon.colcon_notification.desktop_notification:Sending desktop notification using 'notify2'
[11.236s] DEBUG:colcon.colcon_core.event_reactor:joined thread
[11.236s] INFO:colcon.colcon_core.shell:Creating prefix script '/home/naiwu/xxu_2026/xxu_nav_2026/install/local_setup.ps1'
[11.237s] INFO:colcon.colcon_core.shell:Creating prefix util module '/home/naiwu/xxu_2026/xxu_nav_2026/install/_local_setup_util_ps1.py'
[11.238s] INFO:colcon.colcon_core.shell:Creating prefix chain script '/home/naiwu/xxu_2026/xxu_nav_2026/install/setup.ps1'
[11.239s] INFO:colcon.colcon_core.shell:Creating prefix script '/home/naiwu/xxu_2026/xxu_nav_2026/install/local_setup.sh'
[11.239s] INFO:colcon.colcon_core.shell:Creating prefix util module '/home/naiwu/xxu_2026/xxu_nav_2026/install/_local_setup_util_sh.py'
[11.240s] INFO:colcon.colcon_core.shell:Creating prefix chain script '/home/naiwu/xxu_2026/xxu_nav_2026/install/setup.sh'
[11.241s] INFO:colcon.colcon_core.shell:Creating prefix script '/home/naiwu/xxu_2026/xxu_nav_2026/install/local_setup.bash'
[11.242s] INFO:colcon.colcon_core.shell:Creating prefix chain script '/home/naiwu/xxu_2026/xxu_nav_2026/install/setup.bash'
[11.243s] INFO:colcon.colcon_core.shell:Creating prefix script '/home/naiwu/xxu_2026/xxu_nav_2026/install/local_setup.zsh'
[11.244s] INFO:colcon.colcon_core.shell:Creating prefix chain script '/home/naiwu/xxu_2026/xxu_nav_2026/install/setup.zsh'
