-- Found ament_cmake: 2.5.5 (/opt/ros/jazzy/share/ament_cmake/cmake)
-- Override CMake install command with custom implementation using symlinks instead of copying resources
-- Found rclcpp: 28.1.16 (/opt/ros/jazzy/share/rclcpp/cmake)
-- Found rosidl_generator_c: 4.6.7 (/opt/ros/jazzy/share/rosidl_generator_c/cmake)
-- Found rosidl_generator_cpp: 4.6.7 (/opt/ros/jazzy/share/rosidl_generator_cpp/cmake)
-- Using all available rosidl_typesupport_c: rosidl_typesupport_fastrtps_c;rosidl_typesupport_introspection_c
-- Using all available rosidl_typesupport_cpp: rosidl_typesupport_fastrtps_cpp;rosidl_typesupport_introspection_cpp
-- Found rmw_implementation_cmake: 7.3.3 (/opt/ros/jazzy/share/rmw_implementation_cmake/cmake)
-- Found rmw_fastrtps_cpp: 8.4.3 (/opt/ros/jazzy/share/rmw_fastrtps_cpp/cmake)
-- Using RMW implementation 'rmw_fastrtps_cpp' as default
-- Found sensor_msgs: 5.3.6 (/opt/ros/jazzy/share/sensor_msgs/cmake)
-- Found tf2_ros: 0.36.19 (/opt/ros/jazzy/share/tf2_ros/cmake)
-- Found ament_lint_auto: 0.17.4 (/opt/ros/jazzy/share/ament_lint_auto/cmake)
-- Added test 'cppcheck' to perform static code analysis on C / C++ code
-- Configured cppcheck include dirs: 
-- Configured cppcheck exclude dirs and/or files: 
-- Added test 'lint_cmake' to check CMake code style
-- Added test 'uncrustify' to check C / C++ code style
-- Configured uncrustify additional arguments: 
-- Added test 'xmllint' to check XML markup files
-- Configuring done (0.5s)
-- Generating done (0.0s)
-- Build files have been written to: /home/naiwu/xxu_2026/xxu_nav_2026/build/xxu_pointcloud_processing
[ 50%] Linking CXX executable pointcloud_processor
[100%] Built target pointcloud_processor
-- Install configuration: ""
-- Execute custom install script
-- Symlinking: /home/naiwu/xxu_2026/xxu_nav_2026/install/xxu_pointcloud_processing/lib/xxu_pointcloud_processing/pointcloud_processor
-- Symlinking: /home/naiwu/xxu_2026/xxu_nav_2026/install/xxu_pointcloud_processing/share/ament_index/resource_index/package_run_dependencies/xxu_pointcloud_processing
-- Symlinking: /home/naiwu/xxu_2026/xxu_nav_2026/install/xxu_pointcloud_processing/share/ament_index/resource_index/parent_prefix_path/xxu_pointcloud_processing
-- Symlinking: /home/naiwu/xxu_2026/xxu_nav_2026/install/xxu_pointcloud_processing/share/xxu_pointcloud_processing/environment/ament_prefix_path.sh
-- Symlinking: /home/naiwu/xxu_2026/xxu_nav_2026/install/xxu_pointcloud_processing/share/xxu_pointcloud_processing/environment/ament_prefix_path.dsv
-- Symlinking: /home/naiwu/xxu_2026/xxu_nav_2026/install/xxu_pointcloud_processing/share/xxu_pointcloud_processing/environment/path.sh
-- Symlinking: /home/naiwu/xxu_2026/xxu_nav_2026/install/xxu_pointcloud_processing/share/xxu_pointcloud_processing/environment/path.dsv
-- Symlinking: /home/naiwu/xxu_2026/xxu_nav_2026/install/xxu_pointcloud_processing/share/xxu_pointcloud_processing/local_setup.bash
-- Symlinking: /home/naiwu/xxu_2026/xxu_nav_2026/install/xxu_pointcloud_processing/share/xxu_pointcloud_processing/local_setup.sh
-- Symlinking: /home/naiwu/xxu_2026/xxu_nav_2026/install/xxu_pointcloud_processing/share/xxu_pointcloud_processing/local_setup.zsh
-- Symlinking: /home/naiwu/xxu_2026/xxu_nav_2026/install/xxu_pointcloud_processing/share/xxu_pointcloud_processing/local_setup.dsv
-- Symlinking: /home/naiwu/xxu_2026/xxu_nav_2026/install/xxu_pointcloud_processing/share/xxu_pointcloud_processing/package.dsv
-- Symlinking: /home/naiwu/xxu_2026/xxu_nav_2026/install/xxu_pointcloud_processing/share/ament_index/resource_index/packages/xxu_pointcloud_processing
-- Symlinking: /home/naiwu/xxu_2026/xxu_nav_2026/install/xxu_pointcloud_processing/share/xxu_pointcloud_processing/cmake/xxu_pointcloud_processingConfig.cmake
-- Symlinking: /home/naiwu/xxu_2026/xxu_nav_2026/install/xxu_pointcloud_processing/share/xxu_pointcloud_processing/cmake/xxu_pointcloud_processingConfig-version.cmake
-- Symlinking: /home/naiwu/xxu_2026/xxu_nav_2026/install/xxu_pointcloud_processing/share/xxu_pointcloud_processing/package.xml
