[0.008s] Invoking command in '/home/naiwu/xxu_2026/xxu_nav_2026/build/xxu_pointcloud_processing': CMAKE_PREFIX_PATH=${CMAKE_PREFIX_PATH}:/opt/ros/jazzy DEBUGINFOD_URLS=https://debuginfod.ubuntu.com /usr/bin/cmake /home/naiwu/xxu_2026/xxu_nav_2026/src/xxu_pointcloud_processing -DAMENT_CMAKE_SYMLINK_INSTALL=1 -DCMAKE_INSTALL_PREFIX=/home/naiwu/xxu_2026/xxu_nav_2026/install/xxu_pointcloud_processing
[0.016s] -- Found ament_cmake: 2.5.5 (/opt/ros/jazzy/share/ament_cmake/cmake)
[0.153s] -- Override CMake install command with custom implementation using symlinks instead of copying resources
[0.157s] -- Found rclcpp: 28.1.16 (/opt/ros/jazzy/share/rclcpp/cmake)
[0.178s] -- Found rosidl_generator_c: 4.6.7 (/opt/ros/jazzy/share/rosidl_generator_c/cmake)
[0.184s] -- Found rosidl_generator_cpp: 4.6.7 (/opt/ros/jazzy/share/rosidl_generator_cpp/cmake)
[0.193s] -- Using all available rosidl_typesupport_c: rosidl_typesupport_fastrtps_c;rosidl_typesupport_introspection_c
[0.204s] -- Using all available rosidl_typesupport_cpp: rosidl_typesupport_fastrtps_cpp;rosidl_typesupport_introspection_cpp
[0.252s] -- Found rmw_implementation_cmake: 7.3.3 (/opt/ros/jazzy/share/rmw_implementation_cmake/cmake)
[0.252s] -- Found rmw_fastrtps_cpp: 8.4.3 (/opt/ros/jazzy/share/rmw_fastrtps_cpp/cmake)
[0.307s] -- Using RMW implementation 'rmw_fastrtps_cpp' as default
[0.355s] -- Found sensor_msgs: 5.3.6 (/opt/ros/jazzy/share/sensor_msgs/cmake)
[0.395s] -- Found tf2_ros: 0.36.19 (/opt/ros/jazzy/share/tf2_ros/cmake)
[0.488s] -- Found ament_lint_auto: 0.17.4 (/opt/ros/jazzy/share/ament_lint_auto/cmake)
[0.556s] -- Added test 'cppcheck' to perform static code analysis on C / C++ code
[0.556s] -- Configured cppcheck include dirs: 
[0.556s] -- Configured cppcheck exclude dirs and/or files: 
[0.556s] -- Added test 'lint_cmake' to check CMake code style
[0.556s] -- Added test 'uncrustify' to check C / C++ code style
[0.556s] -- Configured uncrustify additional arguments: 
[0.557s] -- Added test 'xmllint' to check XML markup files
[0.557s] -- Configuring done (0.5s)
[0.569s] -- Generating done (0.0s)
[0.572s] -- Build files have been written to: /home/naiwu/xxu_2026/xxu_nav_2026/build/xxu_pointcloud_processing
[0.578s] Invoked command in '/home/naiwu/xxu_2026/xxu_nav_2026/build/xxu_pointcloud_processing' returned '0': CMAKE_PREFIX_PATH=${CMAKE_PREFIX_PATH}:/opt/ros/jazzy DEBUGINFOD_URLS=https://debuginfod.ubuntu.com /usr/bin/cmake /home/naiwu/xxu_2026/xxu_nav_2026/src/xxu_pointcloud_processing -DAMENT_CMAKE_SYMLINK_INSTALL=1 -DCMAKE_INSTALL_PREFIX=/home/naiwu/xxu_2026/xxu_nav_2026/install/xxu_pointcloud_processing
[0.578s] Invoking command in '/home/naiwu/xxu_2026/xxu_nav_2026/build/xxu_pointcloud_processing': CMAKE_PREFIX_PATH=${CMAKE_PREFIX_PATH}:/opt/ros/jazzy DEBUGINFOD_URLS=https://debuginfod.ubuntu.com /usr/bin/cmake --build /home/naiwu/xxu_2026/xxu_nav_2026/build/xxu_pointcloud_processing -- -j24 -l24
[0.626s] [ 50%] Linking CXX executable pointcloud_processor
[0.849s] [100%] Built target pointcloud_processor
[0.857s] Invoked command in '/home/naiwu/xxu_2026/xxu_nav_2026/build/xxu_pointcloud_processing' returned '0': CMAKE_PREFIX_PATH=${CMAKE_PREFIX_PATH}:/opt/ros/jazzy DEBUGINFOD_URLS=https://debuginfod.ubuntu.com /usr/bin/cmake --build /home/naiwu/xxu_2026/xxu_nav_2026/build/xxu_pointcloud_processing -- -j24 -l24
[0.858s] Invoking command in '/home/naiwu/xxu_2026/xxu_nav_2026/build/xxu_pointcloud_processing': CMAKE_PREFIX_PATH=${CMAKE_PREFIX_PATH}:/opt/ros/jazzy DEBUGINFOD_URLS=https://debuginfod.ubuntu.com /usr/bin/cmake --install /home/naiwu/xxu_2026/xxu_nav_2026/build/xxu_pointcloud_processing
[0.863s] -- Install configuration: ""
[0.863s] -- Execute custom install script
[0.864s] -- Symlinking: /home/naiwu/xxu_2026/xxu_nav_2026/install/xxu_pointcloud_processing/lib/xxu_pointcloud_processing/pointcloud_processor
[0.870s] -- Symlinking: /home/naiwu/xxu_2026/xxu_nav_2026/install/xxu_pointcloud_processing/share/ament_index/resource_index/package_run_dependencies/xxu_pointcloud_processing
[0.876s] -- Symlinking: /home/naiwu/xxu_2026/xxu_nav_2026/install/xxu_pointcloud_processing/share/ament_index/resource_index/parent_prefix_path/xxu_pointcloud_processing
[0.883s] -- Symlinking: /home/naiwu/xxu_2026/xxu_nav_2026/install/xxu_pointcloud_processing/share/xxu_pointcloud_processing/environment/ament_prefix_path.sh
[0.889s] -- Symlinking: /home/naiwu/xxu_2026/xxu_nav_2026/install/xxu_pointcloud_processing/share/xxu_pointcloud_processing/environment/ament_prefix_path.dsv
[0.895s] -- Symlinking: /home/naiwu/xxu_2026/xxu_nav_2026/install/xxu_pointcloud_processing/share/xxu_pointcloud_processing/environment/path.sh
[0.901s] -- Symlinking: /home/naiwu/xxu_2026/xxu_nav_2026/install/xxu_pointcloud_processing/share/xxu_pointcloud_processing/environment/path.dsv
[0.907s] -- Symlinking: /home/naiwu/xxu_2026/xxu_nav_2026/install/xxu_pointcloud_processing/share/xxu_pointcloud_processing/local_setup.bash
[0.913s] -- Symlinking: /home/naiwu/xxu_2026/xxu_nav_2026/install/xxu_pointcloud_processing/share/xxu_pointcloud_processing/local_setup.sh
[0.919s] -- Symlinking: /home/naiwu/xxu_2026/xxu_nav_2026/install/xxu_pointcloud_processing/share/xxu_pointcloud_processing/local_setup.zsh
[0.925s] -- Symlinking: /home/naiwu/xxu_2026/xxu_nav_2026/install/xxu_pointcloud_processing/share/xxu_pointcloud_processing/local_setup.dsv
[0.931s] -- Symlinking: /home/naiwu/xxu_2026/xxu_nav_2026/install/xxu_pointcloud_processing/share/xxu_pointcloud_processing/package.dsv
[0.938s] -- Symlinking: /home/naiwu/xxu_2026/xxu_nav_2026/install/xxu_pointcloud_processing/share/ament_index/resource_index/packages/xxu_pointcloud_processing
[0.944s] -- Symlinking: /home/naiwu/xxu_2026/xxu_nav_2026/install/xxu_pointcloud_processing/share/xxu_pointcloud_processing/cmake/xxu_pointcloud_processingConfig.cmake
[0.950s] -- Symlinking: /home/naiwu/xxu_2026/xxu_nav_2026/install/xxu_pointcloud_processing/share/xxu_pointcloud_processing/cmake/xxu_pointcloud_processingConfig-version.cmake
[0.957s] -- Symlinking: /home/naiwu/xxu_2026/xxu_nav_2026/install/xxu_pointcloud_processing/share/xxu_pointcloud_processing/package.xml
[0.962s] Invoked command in '/home/naiwu/xxu_2026/xxu_nav_2026/build/xxu_pointcloud_processing' returned '0': CMAKE_PREFIX_PATH=${CMAKE_PREFIX_PATH}:/opt/ros/jazzy DEBUGINFOD_URLS=https://debuginfod.ubuntu.com /usr/bin/cmake --install /home/naiwu/xxu_2026/xxu_nav_2026/build/xxu_pointcloud_processing
