[0.012s] Invoking command in '/home/naiwu/xxu_2026/xxu_nav_2026/build/xxu_livox_sim': CMAKE_PREFIX_PATH=${CMAKE_PREFIX_PATH}:/opt/ros/jazzy DEBUGINFOD_URLS=https://debuginfod.ubuntu.com /usr/bin/cmake /home/naiwu/xxu_2026/xxu_nav_2026/src/xxu_livox_sim -DAMENT_CMAKE_SYMLINK_INSTALL=1 -DCMAKE_INSTALL_PREFIX=/home/naiwu/xxu_2026/xxu_nav_2026/install/xxu_livox_sim
[0.040s] -- Found ament_cmake: 2.5.5 (/opt/ros/jazzy/share/ament_cmake/cmake)
[0.185s] -- Override CMake install command with custom implementation using symlinks instead of copying resources
[0.190s] -- Found rclcpp: 28.1.16 (/opt/ros/jazzy/share/rclcpp/cmake)
[0.209s] -- Found rosidl_generator_c: 4.6.7 (/opt/ros/jazzy/share/rosidl_generator_c/cmake)
[0.214s] -- Found rosidl_generator_cpp: 4.6.7 (/opt/ros/jazzy/share/rosidl_generator_cpp/cmake)
[0.220s] -- Using all available rosidl_typesupport_c: rosidl_typesupport_fastrtps_c;rosidl_typesupport_introspection_c
[0.228s] -- Using all available rosidl_typesupport_cpp: rosidl_typesupport_fastrtps_cpp;rosidl_typesupport_introspection_cpp
[0.264s] -- Found rmw_implementation_cmake: 7.3.3 (/opt/ros/jazzy/share/rmw_implementation_cmake/cmake)
[0.265s] -- Found rmw_fastrtps_cpp: 8.4.3 (/opt/ros/jazzy/share/rmw_fastrtps_cpp/cmake)
[0.322s] -- Using RMW implementation 'rmw_fastrtps_cpp' as default
[0.370s] -- Found sensor_msgs: 5.3.6 (/opt/ros/jazzy/share/sensor_msgs/cmake)
[0.411s] -- Looking for gz-sim8 -- found version 8.10.0
[0.418s] -- Searching for dependencies of gz-sim8
[0.419s] -- Looking for sdformat14 -- found version 14.8.0
[0.419s] -- Searching for dependencies of sdformat14
[0.423s] -- Checking for module 'tinyxml2'
[0.439s] --   Found tinyxml2, version 10.0.0
[0.461s] -- Looking for gz-math7 -- found version 7.5.2
[0.461s] -- Searching for dependencies of gz-math7
[0.462s] -- Looking for gz-utils2 -- found version 2.2.1
[0.462s] -- Searching for dependencies of gz-utils2
[0.464s] -- Looking for gz-utils2 -- found version 2.2.1
[0.464s] -- Searching for dependencies of gz-utils2
[0.464s] -- Searching for <gz-utils2> component [cli]
[0.465s] -- Looking for gz-utils2-cli -- found version 2.2.1
[0.465s] -- Searching for dependencies of gz-utils2-cli
[0.467s] -- Looking for gz-plugin2 -- found version 2.0.4
[0.467s] -- Searching for dependencies of gz-plugin2
[0.467s] -- Looking for gz-utils2 -- found version 2.2.1
[0.468s] -- Searching for <gz-plugin2> component [loader]
[0.469s] -- Looking for gz-plugin2-loader -- found version 2.0.4
[0.469s] -- Searching for dependencies of gz-plugin2-loader
[0.470s] -- Searching for <gz-plugin2> component [register]
[0.470s] -- Looking for gz-plugin2-register -- found version 2.0.4
[0.470s] -- Searching for dependencies of gz-plugin2-register
[0.472s] -- Looking for gz-transport13 -- found version 13.5.0
[0.472s] -- Searching for dependencies of gz-transport13
[0.500s] -- Config-file not installed for ZeroMQ -- checking for pkg-config
[0.504s] -- Checking for module 'libzmq >= 4'
[0.516s] --   Found libzmq, version 4.3.5
[0.551s] -- Checking for module 'uuid'
[0.562s] --   Found uuid, version 2.39.3
[0.586s] -- Looking for gz-utils2 -- found version 2.2.1
[0.587s] -- Looking for gz-msgs10 -- found version 10.3.2
[0.587s] -- Searching for dependencies of gz-msgs10
[0.600s] -- Looking for gz-utils2 -- found version 2.2.1
[0.600s] -- Looking for gz-math7 -- found version 7.5.2
[0.607s] -- Searching for <gz-transport13> component [log]
[0.607s] -- Looking for gz-transport13-log -- found version 13.5.0
[0.607s] -- Searching for dependencies of gz-transport13-log
[0.608s] -- Searching for <gz-transport13> component [parameters]
[0.608s] -- Looking for gz-transport13-parameters -- found version 13.5.0
[0.608s] -- Searching for dependencies of gz-transport13-parameters
[0.609s] -- Looking for gz-msgs10 -- found version 10.3.2
[0.610s] -- Looking for gz-common5 -- found version 5.7.1
[0.610s] -- Searching for dependencies of gz-common5
[0.610s] -- Looking for gz-utils2 -- found version 2.2.1
[0.610s] -- Looking for dlfcn.h - found
[0.610s] -- Looking for libdl - found
[0.617s] -- Searching for <gz-common5> component [av]
[0.618s] -- Looking for gz-common5-av -- found version 5.7.1
[0.618s] -- Searching for dependencies of gz-common5-av
[0.623s] -- Checking for module 'libswscale'
[0.635s] --   Found libswscale, version 7.5.100
[0.665s] -- Checking for module 'libavdevice >= 56.4.100'
[0.675s] --   Found libavdevice, version 60.3.100
[0.714s] -- Checking for module 'libavformat'
[0.724s] --   Found libavformat, version 60.16.100
[0.754s] -- Checking for module 'libavcodec'
[0.764s] --   Found libavcodec, version 60.31.102
[0.796s] -- Checking for module 'libavutil'
[0.807s] --   Found libavutil, version 58.29.100
[0.831s] -- Searching for <gz-common5> component [events]
[0.832s] -- Looking for gz-common5-events -- found version 5.7.1
[0.832s] -- Searching for dependencies of gz-common5-events
[0.832s] -- Looking for gz-math7 -- found version 7.5.2
[0.833s] -- Searching for <gz-common5> component [graphics]
[0.833s] -- Looking for gz-common5-graphics -- found version 5.7.1
[0.833s] -- Searching for dependencies of gz-common5-graphics
[0.833s] -- Looking for gz-math7 -- found version 7.5.2
[0.836s] -- Searching for <gz-common5> component [io]
[0.836s] -- Looking for gz-common5-io -- found version 5.7.1
[0.836s] -- Searching for dependencies of gz-common5-io
[0.837s] -- Searching for <gz-common5> component [profiler]
[0.838s] -- Looking for gz-common5-profiler -- found version 5.7.1
[0.838s] -- Searching for dependencies of gz-common5-profiler
[0.839s] -- Looking for gz-fuel_tools9 -- found version 9.1.1
[0.839s] -- Searching for dependencies of gz-fuel_tools9
[0.871s] -- Checking for module 'jsoncpp'
[0.883s] --   Found jsoncpp, version 1.9.5
[0.919s] -- Checking for module 'yaml-0.1'
[0.930s] --   Found yaml-0.1, version 0.2.5
[0.960s] -- Checking for module 'libzip'
[0.970s] --   Found libzip, version 1.7.3
[0.996s] -- Looking for gz-utils2 -- found version 2.2.1
[0.996s] -- Looking for gz-common5 -- found version 5.7.1
[0.996s] -- Searching for dependencies of gz-common5
[0.996s] -- Looking for gz-utils2 -- found version 2.2.1
[0.996s] -- Looking for dlfcn.h - found
[0.996s] -- Looking for libdl - found
[1.002s] -- Searching for <gz-common5> component [testing]
[1.003s] -- Looking for gz-common5-testing -- found version 5.7.1
[1.003s] -- Searching for dependencies of gz-common5-testing
[1.004s] -- Looking for gz-math7 -- found version 7.5.2
[1.004s] -- Looking for gz-msgs10 -- found version 10.3.2
[1.006s] -- Looking for gz-gui8 -- found version 8.4.0
[1.006s] -- Searching for dependencies of gz-gui8
[1.025s] -- Looking for gz-utils2 -- found version 2.2.1
[1.025s] -- Looking for gz-math7 -- found version 7.5.2
[1.025s] -- Looking for gz-common5 -- found version 5.7.1
[1.025s] -- Looking for gz-plugin2 -- found version 2.0.4
[1.026s] -- Looking for gz-transport13 -- found version 13.5.0
[1.026s] -- Looking for gz-rendering8 -- found version 8.2.3
[1.026s] -- Searching for dependencies of gz-rendering8
[1.027s] -- Looking for gz-math7 -- found version 7.5.2
[1.027s] -- Searching for dependencies of gz-math7
[1.027s] -- Looking for gz-utils2 -- found version 2.2.1
[1.027s] -- Searching for <gz-math7> component [eigen3]
[1.028s] -- Looking for gz-math7-eigen3 -- found version 7.5.2
[1.028s] -- Searching for dependencies of gz-math7-eigen3
[1.029s] -- Looking for gz-common5 -- found version 5.7.1
[1.029s] -- Searching for dependencies of gz-common5
[1.029s] -- Looking for gz-utils2 -- found version 2.2.1
[1.029s] -- Looking for dlfcn.h - found
[1.029s] -- Looking for libdl - found
[1.035s] -- Searching for <gz-common5> component [graphics]
[1.035s] -- Searching for <gz-common5> component [events]
[1.035s] -- Searching for <gz-common5> component [geospatial]
[1.036s] -- Looking for gz-common5-geospatial -- found version 5.7.1
[1.036s] -- Searching for dependencies of gz-common5-geospatial
[1.036s] -- Looking for gz-math7 -- found version 7.5.2
[1.037s] -- Looking for gz-common5 -- found version 5.7.1
[1.038s] -- Looking for gz-plugin2 -- found version 2.0.4
[1.038s] -- Searching for dependencies of gz-plugin2
[1.038s] -- Looking for gz-utils2 -- found version 2.2.1
[1.038s] -- Searching for <gz-plugin2> component [all]
[1.039s] -- Looking for all libraries of gz-plugin2 -- found version 2.0.4
[1.039s] -- Looking for gz-plugin2 -- found version 2.0.4
[1.040s] -- Looking for gz-utils2 -- found version 2.2.1
[1.044s] -- Looking for gz-msgs10 -- found version 10.3.2
[1.062s] -- Looking for gz-physics7 -- found version 7.6.0
[1.062s] -- Searching for dependencies of gz-physics7
[1.063s] -- Looking for gz-common5 -- found version 5.7.1
[1.063s] -- Looking for gz-math7 -- found version 7.5.2
[1.063s] -- Looking for gz-plugin2 -- found version 2.0.4
[1.063s] -- Looking for gz-utils2 -- found version 2.2.1
[1.064s] -- Searching for <gz-physics7> component [heightmap]
[1.065s] -- Looking for gz-physics7-heightmap -- found version 7.6.0
[1.065s] -- Searching for dependencies of gz-physics7-heightmap
[1.065s] -- Looking for gz-common5 -- found version 5.7.1
[1.065s] -- Searching for <gz-physics7> component [mesh]
[1.066s] -- Looking for gz-physics7-mesh -- found version 7.6.0
[1.066s] -- Searching for dependencies of gz-physics7-mesh
[1.066s] -- Looking for gz-common5 -- found version 5.7.1
[1.066s] -- Searching for <gz-physics7> component [sdf]
[1.067s] -- Looking for gz-physics7-sdf -- found version 7.6.0
[1.067s] -- Searching for dependencies of gz-physics7-sdf
[1.067s] -- Looking for sdformat14 -- found version 14.8.0
[1.068s] -- Looking for gz-sensors8 -- found version 8.2.2
[1.068s] -- Searching for dependencies of gz-sensors8
[1.084s] -- Looking for gz-math7 -- found version 7.5.2
[1.084s] -- Looking for gz-common5 -- found version 5.7.1
[1.084s] -- Looking for gz-transport13 -- found version 13.5.0
[1.084s] -- Looking for gz-rendering8 -- found version 8.2.3
[1.084s] -- Looking for gz-msgs10 -- found version 10.3.2
[1.085s] -- Looking for sdformat14 -- found version 14.8.0
[1.085s] -- Searching for <gz-sensors8> component [air_pressure]
[1.086s] -- Looking for gz-sensors8-air_pressure -- found version 8.2.2
[1.086s] -- Searching for dependencies of gz-sensors8-air_pressure
[1.087s] -- Searching for <gz-sensors8> component [air_speed]
[1.087s] -- Looking for gz-sensors8-air_speed -- found version 8.2.2
[1.087s] -- Searching for dependencies of gz-sensors8-air_speed
[1.087s] -- Searching for <gz-sensors8> component [altimeter]
[1.088s] -- Looking for gz-sensors8-altimeter -- found version 8.2.2
[1.088s] -- Searching for dependencies of gz-sensors8-altimeter
[1.088s] -- Searching for <gz-sensors8> component [imu]
[1.089s] -- Looking for gz-sensors8-imu -- found version 8.2.2
[1.089s] -- Searching for dependencies of gz-sensors8-imu
[1.089s] -- Searching for <gz-sensors8> component [force_torque]
[1.090s] -- Looking for gz-sensors8-force_torque -- found version 8.2.2
[1.090s] -- Searching for dependencies of gz-sensors8-force_torque
[1.090s] -- Searching for <gz-sensors8> component [logical_camera]
[1.091s] -- Looking for gz-sensors8-logical_camera -- found version 8.2.2
[1.091s] -- Searching for dependencies of gz-sensors8-logical_camera
[1.091s] -- Searching for <gz-sensors8> component [magnetometer]
[1.091s] -- Looking for gz-sensors8-magnetometer -- found version 8.2.2
[1.092s] -- Searching for dependencies of gz-sensors8-magnetometer
[1.092s] -- Searching for <gz-sensors8> component [navsat]
[1.092s] -- Looking for gz-sensors8-navsat -- found version 8.2.2
[1.092s] -- Searching for dependencies of gz-sensors8-navsat
[1.093s] -- Searching for <gz-sensors8> component [dvl]
[1.093s] -- Looking for gz-sensors8-dvl -- found version 8.2.2
[1.093s] -- Searching for dependencies of gz-sensors8-dvl
[1.094s] -- Looking for gz-sensors8 -- found version 8.2.2
[1.094s] -- Searching for dependencies of gz-sensors8
[1.106s] -- Looking for gz-math7 -- found version 7.5.2
[1.106s] -- Looking for gz-common5 -- found version 5.7.1
[1.106s] -- Looking for gz-transport13 -- found version 13.5.0
[1.106s] -- Looking for gz-rendering8 -- found version 8.2.3
[1.107s] -- Looking for gz-msgs10 -- found version 10.3.2
[1.107s] -- Looking for sdformat14 -- found version 14.8.0
[1.107s] -- Searching for <gz-sensors8> component [rendering]
[1.108s] -- Looking for gz-sensors8-rendering -- found version 8.2.2
[1.108s] -- Searching for dependencies of gz-sensors8-rendering
[1.109s] -- Searching for <gz-sensors8> component [rendering]
[1.109s] -- Searching for <gz-sensors8> component [lidar]
[1.110s] -- Looking for gz-sensors8-lidar -- found version 8.2.2
[1.110s] -- Searching for dependencies of gz-sensors8-lidar
[1.110s] -- Looking for gz-sensors8 -- found version 8.2.2
[1.110s] -- Searching for <gz-sensors8> component [gpu_lidar]
[1.111s] -- Looking for gz-sensors8-gpu_lidar -- found version 8.2.2
[1.111s] -- Searching for dependencies of gz-sensors8-gpu_lidar
[1.111s] -- Looking for gz-sensors8 -- found version 8.2.2
[1.112s] -- Searching for <gz-sensors8> component [camera]
[1.112s] -- Looking for gz-sensors8-camera -- found version 8.2.2
[1.112s] -- Searching for dependencies of gz-sensors8-camera
[1.113s] -- Looking for gz-sensors8 -- found version 8.2.2
[1.113s] -- Searching for <gz-sensors8> component [boundingbox_camera]
[1.113s] -- Looking for gz-sensors8-boundingbox_camera -- found version 8.2.2
[1.114s] -- Searching for dependencies of gz-sensors8-boundingbox_camera
[1.114s] -- Searching for <gz-sensors8> component [segmentation_camera]
[1.115s] -- Looking for gz-sensors8-segmentation_camera -- found version 8.2.2
[1.115s] -- Searching for dependencies of gz-sensors8-segmentation_camera
[1.115s] -- Searching for <gz-sensors8> component [depth_camera]
[1.116s] -- Looking for gz-sensors8-depth_camera -- found version 8.2.2
[1.116s] -- Searching for dependencies of gz-sensors8-depth_camera
[1.116s] -- Looking for gz-sensors8 -- found version 8.2.2
[1.117s] -- Searching for <gz-sensors8> component [rgbd_camera]
[1.117s] -- Looking for gz-sensors8-rgbd_camera -- found version 8.2.2
[1.117s] -- Searching for dependencies of gz-sensors8-rgbd_camera
[1.117s] -- Looking for gz-sensors8 -- found version 8.2.2
[1.118s] -- Searching for <gz-sensors8> component [thermal_camera]
[1.118s] -- Looking for gz-sensors8-thermal_camera -- found version 8.2.2
[1.118s] -- Searching for dependencies of gz-sensors8-thermal_camera
[1.118s] -- Looking for gz-sensors8 -- found version 8.2.2
[1.119s] -- Searching for <gz-sensors8> component [wide_angle_camera]
[1.119s] -- Looking for gz-sensors8-wide_angle_camera -- found version 8.2.2
[1.119s] -- Searching for dependencies of gz-sensors8-wide_angle_camera
[1.120s] -- Looking for gz-rendering8 -- found version 8.2.3
[1.120s] -- Looking for gz-math7 -- found version 7.5.2
[1.120s] -- Looking for gz-utils2 -- found version 2.2.1
[1.134s] -- Looking for gz-msgs10 -- found version 10.3.2
[1.134s] -- Looking for gz-transport13 -- found version 13.5.0
[1.134s] -- Looking for gz-plugin2 -- found version 2.0.4
[1.135s] -- Found ament_lint_auto: 0.17.4 (/opt/ros/jazzy/share/ament_lint_auto/cmake)
[1.187s] -- Added test 'cppcheck' to perform static code analysis on C / C++ code
[1.187s] -- Configured cppcheck include dirs: 
[1.187s] -- Configured cppcheck exclude dirs and/or files: 
[1.187s] -- Added test 'lint_cmake' to check CMake code style
[1.187s] -- Added test 'uncrustify' to check C / C++ code style
[1.187s] -- Configured uncrustify additional arguments: 
[1.187s] -- Added test 'xmllint' to check XML markup files
[1.188s] -- Configuring done (1.2s)
[1.201s] -- Generating done (0.0s)
[1.204s] -- Build files have been written to: /home/naiwu/xxu_2026/xxu_nav_2026/build/xxu_livox_sim
