[0.008s] Invoking command in '/home/naiwu/xxu_2026/xxu_nav_2026/build/xxu_livox_sim': CMAKE_PREFIX_PATH=${CMAKE_PREFIX_PATH}:/opt/ros/jazzy DEBUGINFOD_URLS=https://debuginfod.ubuntu.com /usr/bin/cmake --build /home/naiwu/xxu_2026/xxu_nav_2026/build/xxu_livox_sim -- -j24 -l24
[0.028s] -- Found ament_cmake: 2.5.5 (/opt/ros/jazzy/share/ament_cmake/cmake)
[0.182s] -- Found rclcpp: 28.1.16 (/opt/ros/jazzy/share/rclcpp/cmake)
[0.200s] -- Found rosidl_generator_c: 4.6.7 (/opt/ros/jazzy/share/rosidl_generator_c/cmake)
[0.205s] -- Found rosidl_generator_cpp: 4.6.7 (/opt/ros/jazzy/share/rosidl_generator_cpp/cmake)
[0.213s] -- Using all available rosidl_typesupport_c: rosidl_typesupport_fastrtps_c;rosidl_typesupport_introspection_c
[0.222s] -- Using all available rosidl_typesupport_cpp: rosidl_typesupport_fastrtps_cpp;rosidl_typesupport_introspection_cpp
[0.270s] -- Found rmw_implementation_cmake: 7.3.3 (/opt/ros/jazzy/share/rmw_implementation_cmake/cmake)
[0.271s] -- Found rmw_fastrtps_cpp: 8.4.3 (/opt/ros/jazzy/share/rmw_fastrtps_cpp/cmake)
[0.322s] -- Using RMW implementation 'rmw_fastrtps_cpp' as default
[0.376s] -- Found sensor_msgs: 5.3.6 (/opt/ros/jazzy/share/sensor_msgs/cmake)
[0.421s] -- Looking for gz-sim8 -- found version 8.10.0
[0.425s] -- Searching for dependencies of gz-sim8
[0.425s] -- Looking for sdformat14 -- found version 14.8.0
[0.425s] -- Searching for dependencies of sdformat14
[0.428s] -- Checking for module 'tinyxml2'
[0.439s] --   Found tinyxml2, version 10.0.0
[0.461s] -- Looking for gz-math7 -- found version 7.5.2
[0.461s] -- Searching for dependencies of gz-math7
[0.461s] -- Looking for gz-utils2 -- found version 2.2.1
[0.461s] -- Searching for dependencies of gz-utils2
[0.463s] -- Looking for gz-utils2 -- found version 2.2.1
[0.463s] -- Searching for dependencies of gz-utils2
[0.464s] -- Searching for <gz-utils2> component [cli]
[0.464s] -- Looking for gz-utils2-cli -- found version 2.2.1
[0.464s] -- Searching for dependencies of gz-utils2-cli
[0.465s] -- Looking for gz-plugin2 -- found version 2.0.4
[0.465s] -- Searching for dependencies of gz-plugin2
[0.466s] -- Looking for gz-utils2 -- found version 2.2.1
[0.466s] -- Searching for <gz-plugin2> component [loader]
[0.467s] -- Looking for gz-plugin2-loader -- found version 2.0.4
[0.467s] -- Searching for dependencies of gz-plugin2-loader
[0.468s] -- Searching for <gz-plugin2> component [register]
[0.468s] -- Looking for gz-plugin2-register -- found version 2.0.4
[0.468s] -- Searching for dependencies of gz-plugin2-register
[0.470s] -- Looking for gz-transport13 -- found version 13.5.0
[0.470s] -- Searching for dependencies of gz-transport13
[0.497s] -- Config-file not installed for ZeroMQ -- checking for pkg-config
[0.500s] -- Checking for module 'libzmq >= 4'
[0.512s] --   Found libzmq, version 4.3.5
[0.542s] -- Checking for module 'uuid'
[0.551s] --   Found uuid, version 2.39.3
[0.577s] -- Looking for gz-utils2 -- found version 2.2.1
[0.577s] -- Looking for gz-msgs10 -- found version 10.3.2
[0.577s] -- Searching for dependencies of gz-msgs10
[0.595s] -- Looking for gz-utils2 -- found version 2.2.1
[0.595s] -- Looking for gz-math7 -- found version 7.5.2
[0.604s] -- Searching for <gz-transport13> component [log]
[0.605s] -- Looking for gz-transport13-log -- found version 13.5.0
[0.605s] -- Searching for dependencies of gz-transport13-log
[0.606s] -- Searching for <gz-transport13> component [parameters]
[0.606s] -- Looking for gz-transport13-parameters -- found version 13.5.0
[0.606s] -- Searching for dependencies of gz-transport13-parameters
[0.607s] -- Looking for gz-msgs10 -- found version 10.3.2
[0.607s] -- Looking for gz-common5 -- found version 5.7.1
[0.607s] -- Searching for dependencies of gz-common5
[0.608s] -- Looking for gz-utils2 -- found version 2.2.1
[0.608s] -- Looking for dlfcn.h - found
[0.608s] -- Looking for libdl - found
[0.615s] -- Searching for <gz-common5> component [av]
[0.615s] -- Looking for gz-common5-av -- found version 5.7.1
[0.615s] -- Searching for dependencies of gz-common5-av
[0.618s] -- Checking for module 'libswscale'
[0.629s] --   Found libswscale, version 7.5.100
[0.658s] -- Checking for module 'libavdevice >= 56.4.100'
[0.669s] --   Found libavdevice, version 60.3.100
[0.705s] -- Checking for module 'libavformat'
[0.717s] --   Found libavformat, version 60.16.100
[0.748s] -- Checking for module 'libavcodec'
[0.759s] --   Found libavcodec, version 60.31.102
[0.788s] -- Checking for module 'libavutil'
[0.796s] --   Found libavutil, version 58.29.100
[0.830s] -- Searching for <gz-common5> component [events]
[0.830s] -- Looking for gz-common5-events -- found version 5.7.1
[0.830s] -- Searching for dependencies of gz-common5-events
[0.830s] -- Looking for gz-math7 -- found version 7.5.2
[0.831s] -- Searching for <gz-common5> component [graphics]
[0.831s] -- Looking for gz-common5-graphics -- found version 5.7.1
[0.831s] -- Searching for dependencies of gz-common5-graphics
[0.832s] -- Looking for gz-math7 -- found version 7.5.2
[0.834s] -- Searching for <gz-common5> component [io]
[0.834s] -- Looking for gz-common5-io -- found version 5.7.1
[0.834s] -- Searching for dependencies of gz-common5-io
[0.835s] -- Searching for <gz-common5> component [profiler]
[0.835s] -- Looking for gz-common5-profiler -- found version 5.7.1
[0.835s] -- Searching for dependencies of gz-common5-profiler
[0.836s] -- Looking for gz-fuel_tools9 -- found version 9.1.1
[0.836s] -- Searching for dependencies of gz-fuel_tools9
[0.871s] -- Checking for module 'jsoncpp'
[0.881s] --   Found jsoncpp, version 1.9.5
[0.921s] -- Checking for module 'yaml-0.1'
[0.936s] --   Found yaml-0.1, version 0.2.5
[0.969s] -- Checking for module 'libzip'
[0.980s] --   Found libzip, version 1.7.3
[1.003s] -- Looking for gz-utils2 -- found version 2.2.1
[1.003s] -- Looking for gz-common5 -- found version 5.7.1
[1.003s] -- Searching for dependencies of gz-common5
[1.004s] -- Looking for gz-utils2 -- found version 2.2.1
[1.004s] -- Looking for dlfcn.h - found
[1.004s] -- Looking for libdl - found
[1.010s] -- Searching for <gz-common5> component [testing]
[1.011s] -- Looking for gz-common5-testing -- found version 5.7.1
[1.011s] -- Searching for dependencies of gz-common5-testing
[1.012s] -- Looking for gz-math7 -- found version 7.5.2
[1.012s] -- Looking for gz-msgs10 -- found version 10.3.2
[1.013s] -- Looking for gz-gui8 -- found version 8.4.0
[1.013s] -- Searching for dependencies of gz-gui8
[1.036s] -- Looking for gz-utils2 -- found version 2.2.1
[1.036s] -- Looking for gz-math7 -- found version 7.5.2
[1.037s] -- Looking for gz-common5 -- found version 5.7.1
[1.037s] -- Looking for gz-plugin2 -- found version 2.0.4
[1.038s] -- Looking for gz-transport13 -- found version 13.5.0
[1.038s] -- Looking for gz-rendering8 -- found version 8.2.3
[1.038s] -- Searching for dependencies of gz-rendering8
[1.039s] -- Looking for gz-math7 -- found version 7.5.2
[1.039s] -- Searching for dependencies of gz-math7
[1.039s] -- Looking for gz-utils2 -- found version 2.2.1
[1.039s] -- Searching for <gz-math7> component [eigen3]
[1.040s] -- Looking for gz-math7-eigen3 -- found version 7.5.2
[1.040s] -- Searching for dependencies of gz-math7-eigen3
[1.042s] -- Looking for gz-common5 -- found version 5.7.1
[1.042s] -- Searching for dependencies of gz-common5
[1.042s] -- Looking for gz-utils2 -- found version 2.2.1
[1.042s] -- Looking for dlfcn.h - found
[1.043s] -- Looking for libdl - found
[1.050s] -- Searching for <gz-common5> component [graphics]
[1.050s] -- Searching for <gz-common5> component [events]
[1.050s] -- Searching for <gz-common5> component [geospatial]
[1.050s] -- Looking for gz-common5-geospatial -- found version 5.7.1
[1.051s] -- Searching for dependencies of gz-common5-geospatial
[1.051s] -- Looking for gz-math7 -- found version 7.5.2
[1.052s] -- Looking for gz-common5 -- found version 5.7.1
[1.053s] -- Looking for gz-plugin2 -- found version 2.0.4
[1.054s] -- Searching for dependencies of gz-plugin2
[1.054s] -- Looking for gz-utils2 -- found version 2.2.1
[1.054s] -- Searching for <gz-plugin2> component [all]
[1.055s] -- Looking for all libraries of gz-plugin2 -- found version 2.0.4
[1.055s] -- Looking for gz-plugin2 -- found version 2.0.4
[1.057s] -- Looking for gz-utils2 -- found version 2.2.1
[1.062s] -- Looking for gz-msgs10 -- found version 10.3.2
[1.082s] -- Looking for gz-physics7 -- found version 7.6.0
[1.082s] -- Searching for dependencies of gz-physics7
[1.082s] -- Looking for gz-common5 -- found version 5.7.1
[1.082s] -- Looking for gz-math7 -- found version 7.5.2
[1.083s] -- Looking for gz-plugin2 -- found version 2.0.4
[1.083s] -- Looking for gz-utils2 -- found version 2.2.1
[1.084s] -- Searching for <gz-physics7> component [heightmap]
[1.085s] -- Looking for gz-physics7-heightmap -- found version 7.6.0
[1.085s] -- Searching for dependencies of gz-physics7-heightmap
[1.086s] -- Looking for gz-common5 -- found version 5.7.1
[1.086s] -- Searching for <gz-physics7> component [mesh]
[1.087s] -- Looking for gz-physics7-mesh -- found version 7.6.0
[1.087s] -- Searching for dependencies of gz-physics7-mesh
[1.087s] -- Looking for gz-common5 -- found version 5.7.1
[1.087s] -- Searching for <gz-physics7> component [sdf]
[1.088s] -- Looking for gz-physics7-sdf -- found version 7.6.0
[1.088s] -- Searching for dependencies of gz-physics7-sdf
[1.088s] -- Looking for sdformat14 -- found version 14.8.0
[1.089s] -- Looking for gz-sensors8 -- found version 8.2.2
[1.089s] -- Searching for dependencies of gz-sensors8
[1.106s] -- Looking for gz-math7 -- found version 7.5.2
[1.106s] -- Looking for gz-common5 -- found version 5.7.1
[1.107s] -- Looking for gz-transport13 -- found version 13.5.0
[1.107s] -- Looking for gz-rendering8 -- found version 8.2.3
[1.107s] -- Looking for gz-msgs10 -- found version 10.3.2
[1.107s] -- Looking for sdformat14 -- found version 14.8.0
[1.108s] -- Searching for <gz-sensors8> component [air_pressure]
[1.108s] -- Looking for gz-sensors8-air_pressure -- found version 8.2.2
[1.108s] -- Searching for dependencies of gz-sensors8-air_pressure
[1.109s] -- Searching for <gz-sensors8> component [air_speed]
[1.109s] -- Looking for gz-sensors8-air_speed -- found version 8.2.2
[1.109s] -- Searching for dependencies of gz-sensors8-air_speed
[1.110s] -- Searching for <gz-sensors8> component [altimeter]
[1.110s] -- Looking for gz-sensors8-altimeter -- found version 8.2.2
[1.110s] -- Searching for dependencies of gz-sensors8-altimeter
[1.110s] -- Searching for <gz-sensors8> component [imu]
[1.111s] -- Looking for gz-sensors8-imu -- found version 8.2.2
[1.111s] -- Searching for dependencies of gz-sensors8-imu
[1.111s] -- Searching for <gz-sensors8> component [force_torque]
[1.112s] -- Looking for gz-sensors8-force_torque -- found version 8.2.2
[1.112s] -- Searching for dependencies of gz-sensors8-force_torque
[1.112s] -- Searching for <gz-sensors8> component [logical_camera]
[1.113s] -- Looking for gz-sensors8-logical_camera -- found version 8.2.2
[1.113s] -- Searching for dependencies of gz-sensors8-logical_camera
[1.114s] -- Searching for <gz-sensors8> component [magnetometer]
[1.114s] -- Looking for gz-sensors8-magnetometer -- found version 8.2.2
[1.114s] -- Searching for dependencies of gz-sensors8-magnetometer
[1.115s] -- Searching for <gz-sensors8> component [navsat]
[1.115s] -- Looking for gz-sensors8-navsat -- found version 8.2.2
[1.115s] -- Searching for dependencies of gz-sensors8-navsat
[1.116s] -- Searching for <gz-sensors8> component [dvl]
[1.116s] -- Looking for gz-sensors8-dvl -- found version 8.2.2
[1.116s] -- Searching for dependencies of gz-sensors8-dvl
[1.116s] -- Looking for gz-sensors8 -- found version 8.2.2
[1.117s] -- Searching for dependencies of gz-sensors8
[1.131s] -- Looking for gz-math7 -- found version 7.5.2
[1.131s] -- Looking for gz-common5 -- found version 5.7.1
[1.131s] -- Looking for gz-transport13 -- found version 13.5.0
[1.131s] -- Looking for gz-rendering8 -- found version 8.2.3
[1.132s] -- Looking for gz-msgs10 -- found version 10.3.2
[1.132s] -- Looking for sdformat14 -- found version 14.8.0
[1.132s] -- Searching for <gz-sensors8> component [rendering]
[1.132s] -- Looking for gz-sensors8-rendering -- found version 8.2.2
[1.133s] -- Searching for dependencies of gz-sensors8-rendering
[1.134s] -- Searching for <gz-sensors8> component [rendering]
[1.134s] -- Searching for <gz-sensors8> component [lidar]
[1.134s] -- Looking for gz-sensors8-lidar -- found version 8.2.2
[1.135s] -- Searching for dependencies of gz-sensors8-lidar
[1.135s] -- Looking for gz-sensors8 -- found version 8.2.2
[1.135s] -- Searching for <gz-sensors8> component [gpu_lidar]
[1.136s] -- Looking for gz-sensors8-gpu_lidar -- found version 8.2.2
[1.136s] -- Searching for dependencies of gz-sensors8-gpu_lidar
[1.136s] -- Looking for gz-sensors8 -- found version 8.2.2
[1.137s] -- Searching for <gz-sensors8> component [camera]
[1.137s] -- Looking for gz-sensors8-camera -- found version 8.2.2
[1.137s] -- Searching for dependencies of gz-sensors8-camera
[1.138s] -- Looking for gz-sensors8 -- found version 8.2.2
[1.138s] -- Searching for <gz-sensors8> component [boundingbox_camera]
[1.139s] -- Looking for gz-sensors8-boundingbox_camera -- found version 8.2.2
[1.139s] -- Searching for dependencies of gz-sensors8-boundingbox_camera
[1.139s] -- Searching for <gz-sensors8> component [segmentation_camera]
[1.140s] -- Looking for gz-sensors8-segmentation_camera -- found version 8.2.2
[1.140s] -- Searching for dependencies of gz-sensors8-segmentation_camera
[1.140s] -- Searching for <gz-sensors8> component [depth_camera]
[1.141s] -- Looking for gz-sensors8-depth_camera -- found version 8.2.2
[1.141s] -- Searching for dependencies of gz-sensors8-depth_camera
[1.141s] -- Looking for gz-sensors8 -- found version 8.2.2
[1.142s] -- Searching for <gz-sensors8> component [rgbd_camera]
[1.143s] -- Looking for gz-sensors8-rgbd_camera -- found version 8.2.2
[1.143s] -- Searching for dependencies of gz-sensors8-rgbd_camera
[1.143s] -- Looking for gz-sensors8 -- found version 8.2.2
[1.144s] -- Searching for <gz-sensors8> component [thermal_camera]
[1.145s] -- Looking for gz-sensors8-thermal_camera -- found version 8.2.2
[1.145s] -- Searching for dependencies of gz-sensors8-thermal_camera
[1.145s] -- Looking for gz-sensors8 -- found version 8.2.2
[1.146s] -- Searching for <gz-sensors8> component [wide_angle_camera]
[1.147s] -- Looking for gz-sensors8-wide_angle_camera -- found version 8.2.2
[1.147s] -- Searching for dependencies of gz-sensors8-wide_angle_camera
[1.148s] -- Looking for gz-rendering8 -- found version 8.2.3
[1.148s] -- Looking for gz-math7 -- found version 7.5.2
[1.149s] -- Looking for gz-utils2 -- found version 2.2.1
[1.168s] -- Looking for gz-msgs10 -- found version 10.3.2
[1.169s] -- Looking for gz-transport13 -- found version 13.5.0
[1.169s] -- Looking for gz-plugin2 -- found version 2.0.4
[1.170s] -- Found ament_lint_auto: 0.17.4 (/opt/ros/jazzy/share/ament_lint_auto/cmake)
[1.242s] -- Added test 'cppcheck' to perform static code analysis on C / C++ code
[1.242s] -- Configured cppcheck include dirs: 
[1.242s] -- Configured cppcheck exclude dirs and/or files: 
[1.242s] -- Added test 'lint_cmake' to check CMake code style
[1.242s] -- Added test 'uncrustify' to check C / C++ code style
[1.242s] -- Configured uncrustify additional arguments: 
[1.243s] -- Added test 'xmllint' to check XML markup files
[1.243s] -- Configuring done (1.2s)
[1.264s] -- Generating done (0.0s)
[1.270s] -- Build files have been written to: /home/naiwu/xxu_2026/xxu_nav_2026/build/xxu_livox_sim
[1.311s] [100%] Built target livox_pointcloud_shaper
[1.311s] [100%] Built target livox_mid360_system
[1.318s] Invoked command in '/home/naiwu/xxu_2026/xxu_nav_2026/build/xxu_livox_sim' returned '0': CMAKE_PREFIX_PATH=${CMAKE_PREFIX_PATH}:/opt/ros/jazzy DEBUGINFOD_URLS=https://debuginfod.ubuntu.com /usr/bin/cmake --build /home/naiwu/xxu_2026/xxu_nav_2026/build/xxu_livox_sim -- -j24 -l24
[1.325s] Invoking command in '/home/naiwu/xxu_2026/xxu_nav_2026/build/xxu_livox_sim': CMAKE_PREFIX_PATH=${CMAKE_PREFIX_PATH}:/opt/ros/jazzy DEBUGINFOD_URLS=https://debuginfod.ubuntu.com /usr/bin/cmake --install /home/naiwu/xxu_2026/xxu_nav_2026/build/xxu_livox_sim
[1.331s] -- Install configuration: ""
[1.331s] -- Up-to-date: /home/naiwu/xxu_2026/xxu_nav_2026/install/xxu_livox_sim/lib/xxu_livox_sim/livox_pointcloud_shaper
[1.331s] -- Up-to-date: /home/naiwu/xxu_2026/xxu_nav_2026/install/xxu_livox_sim/lib/xxu_livox_sim/liblivox_mid360_system.so
[1.331s] -- Up-to-date: /home/naiwu/xxu_2026/xxu_nav_2026/install/xxu_livox_sim/share/xxu_livox_sim/config
[1.331s] -- Up-to-date: /home/naiwu/xxu_2026/xxu_nav_2026/install/xxu_livox_sim/share/xxu_livox_sim/config/mid360.csv
[1.331s] -- Installing: /home/naiwu/xxu_2026/xxu_nav_2026/install/xxu_livox_sim/share/ament_index/resource_index/package_run_dependencies/xxu_livox_sim
[1.331s] -- Up-to-date: /home/naiwu/xxu_2026/xxu_nav_2026/install/xxu_livox_sim/share/ament_index/resource_index/parent_prefix_path/xxu_livox_sim
[1.332s] -- Up-to-date: /home/naiwu/xxu_2026/xxu_nav_2026/install/xxu_livox_sim/share/xxu_livox_sim/environment/ament_prefix_path.sh
[1.332s] -- Up-to-date: /home/naiwu/xxu_2026/xxu_nav_2026/install/xxu_livox_sim/share/xxu_livox_sim/environment/ament_prefix_path.dsv
[1.332s] -- Up-to-date: /home/naiwu/xxu_2026/xxu_nav_2026/install/xxu_livox_sim/share/xxu_livox_sim/environment/path.sh
[1.332s] -- Up-to-date: /home/naiwu/xxu_2026/xxu_nav_2026/install/xxu_livox_sim/share/xxu_livox_sim/environment/path.dsv
[1.332s] -- Up-to-date: /home/naiwu/xxu_2026/xxu_nav_2026/install/xxu_livox_sim/share/xxu_livox_sim/local_setup.bash
[1.332s] -- Up-to-date: /home/naiwu/xxu_2026/xxu_nav_2026/install/xxu_livox_sim/share/xxu_livox_sim/local_setup.sh
[1.332s] -- Up-to-date: /home/naiwu/xxu_2026/xxu_nav_2026/install/xxu_livox_sim/share/xxu_livox_sim/local_setup.zsh
[1.332s] -- Up-to-date: /home/naiwu/xxu_2026/xxu_nav_2026/install/xxu_livox_sim/share/xxu_livox_sim/local_setup.dsv
[1.332s] -- Installing: /home/naiwu/xxu_2026/xxu_nav_2026/install/xxu_livox_sim/share/xxu_livox_sim/package.dsv
[1.332s] -- Up-to-date: /home/naiwu/xxu_2026/xxu_nav_2026/install/xxu_livox_sim/share/ament_index/resource_index/packages/xxu_livox_sim
[1.332s] -- Up-to-date: /home/naiwu/xxu_2026/xxu_nav_2026/install/xxu_livox_sim/share/xxu_livox_sim/cmake/xxu_livox_simConfig.cmake
[1.332s] -- Up-to-date: /home/naiwu/xxu_2026/xxu_nav_2026/install/xxu_livox_sim/share/xxu_livox_sim/cmake/xxu_livox_simConfig-version.cmake
[1.332s] -- Installing: /home/naiwu/xxu_2026/xxu_nav_2026/install/xxu_livox_sim/share/xxu_livox_sim/package.xml
[1.333s] Invoked command in '/home/naiwu/xxu_2026/xxu_nav_2026/build/xxu_livox_sim' returned '0': CMAKE_PREFIX_PATH=${CMAKE_PREFIX_PATH}:/opt/ros/jazzy DEBUGINFOD_URLS=https://debuginfod.ubuntu.com /usr/bin/cmake --install /home/naiwu/xxu_2026/xxu_nav_2026/build/xxu_livox_sim
