[0.007s] Invoking command in '/home/naiwu/xxu_2026/xxu_nav_2026/build/explore_lite': AMENT_PREFIX_PATH=/home/naiwu/xxu_2026/xxu_nav_2026/install/explore_lite_msgs:${AMENT_PREFIX_PATH} CMAKE_PREFIX_PATH=/home/naiwu/xxu_2026/xxu_nav_2026/install/explore_lite_msgs:/opt/ros/jazzy/opt/gz_sim_vendor:/opt/ros/jazzy/opt/gz_sensors_vendor:/opt/ros/jazzy/opt/gz_physics_vendor:/opt/ros/jazzy/opt/sdformat_vendor:/opt/ros/jazzy/opt/gz_gui_vendor:/opt/ros/jazzy/opt/gz_transport_vendor:/opt/ros/jazzy/opt/gz_rendering_vendor:/opt/ros/jazzy/opt/gz_plugin_vendor:/opt/ros/jazzy/opt/gz_fuel_tools_vendor:/opt/ros/jazzy/opt/gz_msgs_vendor:/opt/ros/jazzy/opt/gz_common_vendor:/opt/ros/jazzy/opt/gz_math_vendor:/opt/ros/jazzy/opt/gz_utils_vendor:/opt/ros/jazzy/opt/gz_tools_vendor:/opt/ros/jazzy/opt/gz_ogre_next_vendor:/opt/ros/jazzy/opt/gz_dartsim_vendor:/opt/ros/jazzy/opt/gz_cmake_vendor:/opt/ros/jazzy DEBUGINFOD_URLS=https://debuginfod.ubuntu.com LD_LIBRARY_PATH=/home/naiwu/xxu_2026/xxu_nav_2026/install/explore_lite_msgs/lib:${LD_LIBRARY_PATH} PYTHONPATH=/home/naiwu/xxu_2026/xxu_nav_2026/install/explore_lite_msgs/lib/python3.12/site-packages:${PYTHONPATH} /usr/bin/cmake /home/naiwu/xxu_2026/xxu_nav_2026/src/m-explore-ros2/explore -DCMAKE_INSTALL_PREFIX=/home/naiwu/xxu_2026/xxu_nav_2026/install/explore_lite
[0.041s] -- The C compiler identification is GNU 13.3.0
[0.086s] -- The CXX compiler identification is GNU 13.3.0
[0.098s] -- Detecting C compiler ABI info
[0.158s] -- Detecting C compiler ABI info - done
[0.164s] -- Check for working C compiler: /usr/bin/cc - skipped
[0.164s] -- Detecting C compile features
[0.164s] -- Detecting C compile features - done
[0.171s] -- Detecting CXX compiler ABI info
[0.237s] -- Detecting CXX compiler ABI info - done
[0.243s] -- Check for working CXX compiler: /usr/bin/c++ - skipped
[0.243s] -- Detecting CXX compile features
[0.243s] -- Detecting CXX compile features - done
[0.244s] -- BuilD for ROS2: jazzy
[0.246s] -- Found ament_cmake: 2.5.5 (/opt/ros/jazzy/share/ament_cmake/cmake)
[0.345s] -- Found Python3: /usr/bin/python3 (found version "3.12.3") found components: Interpreter 
[0.419s] -- Found rclcpp: 28.1.16 (/opt/ros/jazzy/share/rclcpp/cmake)
[0.454s] -- Found rosidl_generator_c: 4.6.7 (/opt/ros/jazzy/share/rosidl_generator_c/cmake)
[0.467s] -- Found rosidl_generator_cpp: 4.6.7 (/opt/ros/jazzy/share/rosidl_generator_cpp/cmake)
[0.480s] -- Using all available rosidl_typesupport_c: rosidl_typesupport_fastrtps_c;rosidl_typesupport_introspection_c
[0.494s] -- Using all available rosidl_typesupport_cpp: rosidl_typesupport_fastrtps_cpp;rosidl_typesupport_introspection_cpp
[0.556s] -- Found rmw_implementation_cmake: 7.3.3 (/opt/ros/jazzy/share/rmw_implementation_cmake/cmake)
[0.558s] -- Found rmw_fastrtps_cpp: 8.4.3 (/opt/ros/jazzy/share/rmw_fastrtps_cpp/cmake)
[0.627s] -- Found OpenSSL: /usr/lib/x86_64-linux-gnu/libcrypto.so (found version "3.0.13")  
[0.640s] -- Found FastRTPS: /opt/ros/jazzy/include (Required is at least version "2.13") 
[0.658s] -- Using RMW implementation 'rmw_fastrtps_cpp' as default
[0.712s] -- Found std_msgs: 5.3.6 (/opt/ros/jazzy/share/std_msgs/cmake)
[0.724s] -- Found sensor_msgs: 5.3.6 (/opt/ros/jazzy/share/sensor_msgs/cmake)
[0.757s] -- Found tf2_ros: 0.36.19 (/opt/ros/jazzy/share/tf2_ros/cmake)
[0.869s] -- Found tf2_geometry_msgs: 0.36.19 (/opt/ros/jazzy/share/tf2_geometry_msgs/cmake)
[0.884s] -- Found eigen3_cmake_module: 0.3.0 (/opt/ros/jazzy/share/eigen3_cmake_module/cmake)
[0.885s] -- Found Eigen3: TRUE (found version "3.4.0") 
[0.885s] -- Ensuring Eigen3 include directory is part of orocos-kdl CMake target
[0.889s] -- Found nav2_msgs: 1.3.10 (/opt/ros/jazzy/share/nav2_msgs/cmake)
[0.982s] -- Found map_msgs: 2.4.1 (/opt/ros/jazzy/share/map_msgs/cmake)
[1.006s] -- Found visualization_msgs: 5.3.6 (/opt/ros/jazzy/share/visualization_msgs/cmake)
[1.030s] -- Found nav2_costmap_2d: 1.3.10 (/opt/ros/jazzy/share/nav2_costmap_2d/cmake)
[1.148s] -- Found explore_lite_msgs: 1.0.0 (/home/naiwu/xxu_2026/xxu_nav_2026/install/explore_lite_msgs/share/explore_lite_msgs/cmake)
[1.157s] -- Found ament_lint_auto: 0.17.4 (/opt/ros/jazzy/share/ament_lint_auto/cmake)
[1.221s] -- Found ament_cmake_gtest: 2.5.5 (/opt/ros/jazzy/share/ament_cmake_gtest/cmake)
[1.224s] -- Found gtest sources under '/opt/ros/jazzy/src/gtest_vendor': C++ tests using 'Google Test' will be built
[1.228s] -- Performing Test CMAKE_HAVE_LIBC_PTHREAD
[1.294s] -- Performing Test CMAKE_HAVE_LIBC_PTHREAD - Success
[1.295s] -- Found Threads: TRUE  
[1.298s] -- Added test 'cppcheck' to perform static code analysis on C / C++ code
[1.298s] -- Configured cppcheck include dirs: /home/naiwu/xxu_2026/xxu_nav_2026/src/m-explore-ros2/explore/include;$<BUILD_INTERFACE:/home/naiwu/xxu_2026/xxu_nav_2026/src/m-explore-ros2/explore/include>
[1.298s] -- Configured cppcheck exclude dirs and/or files: 
[1.299s] -- Added test 'flake8' to check Python code syntax and style conventions
[1.299s] -- Configured 'flake8' exclude dirs and/or files: 
[1.299s] -- Added test 'lint_cmake' to check CMake code style
[1.300s] -- Added test 'pep257' to check Python code against some of the docstring style conventions in PEP 257
[1.300s] -- Added test 'uncrustify' to check C / C++ code style
[1.300s] -- Configured uncrustify additional arguments: 
[1.301s] -- Added test 'xmllint' to check XML markup files
[1.302s] -- Configuring done (1.3s)
[1.317s] -- Generating done (0.0s)
[1.321s] -- Build files have been written to: /home/naiwu/xxu_2026/xxu_nav_2026/build/explore_lite
[1.329s] Invoked command in '/home/naiwu/xxu_2026/xxu_nav_2026/build/explore_lite' returned '0': AMENT_PREFIX_PATH=/home/naiwu/xxu_2026/xxu_nav_2026/install/explore_lite_msgs:${AMENT_PREFIX_PATH} CMAKE_PREFIX_PATH=/home/naiwu/xxu_2026/xxu_nav_2026/install/explore_lite_msgs:/opt/ros/jazzy/opt/gz_sim_vendor:/opt/ros/jazzy/opt/gz_sensors_vendor:/opt/ros/jazzy/opt/gz_physics_vendor:/opt/ros/jazzy/opt/sdformat_vendor:/opt/ros/jazzy/opt/gz_gui_vendor:/opt/ros/jazzy/opt/gz_transport_vendor:/opt/ros/jazzy/opt/gz_rendering_vendor:/opt/ros/jazzy/opt/gz_plugin_vendor:/opt/ros/jazzy/opt/gz_fuel_tools_vendor:/opt/ros/jazzy/opt/gz_msgs_vendor:/opt/ros/jazzy/opt/gz_common_vendor:/opt/ros/jazzy/opt/gz_math_vendor:/opt/ros/jazzy/opt/gz_utils_vendor:/opt/ros/jazzy/opt/gz_tools_vendor:/opt/ros/jazzy/opt/gz_ogre_next_vendor:/opt/ros/jazzy/opt/gz_dartsim_vendor:/opt/ros/jazzy/opt/gz_cmake_vendor:/opt/ros/jazzy DEBUGINFOD_URLS=https://debuginfod.ubuntu.com LD_LIBRARY_PATH=/home/naiwu/xxu_2026/xxu_nav_2026/install/explore_lite_msgs/lib:${LD_LIBRARY_PATH} PYTHONPATH=/home/naiwu/xxu_2026/xxu_nav_2026/install/explore_lite_msgs/lib/python3.12/site-packages:${PYTHONPATH} /usr/bin/cmake /home/naiwu/xxu_2026/xxu_nav_2026/src/m-explore-ros2/explore -DCMAKE_INSTALL_PREFIX=/home/naiwu/xxu_2026/xxu_nav_2026/install/explore_lite
[1.330s] Invoking command in '/home/naiwu/xxu_2026/xxu_nav_2026/build/explore_lite': AMENT_PREFIX_PATH=/home/naiwu/xxu_2026/xxu_nav_2026/install/explore_lite_msgs:${AMENT_PREFIX_PATH} CMAKE_PREFIX_PATH=/home/naiwu/xxu_2026/xxu_nav_2026/install/explore_lite_msgs:/opt/ros/jazzy/opt/gz_sim_vendor:/opt/ros/jazzy/opt/gz_sensors_vendor:/opt/ros/jazzy/opt/gz_physics_vendor:/opt/ros/jazzy/opt/sdformat_vendor:/opt/ros/jazzy/opt/gz_gui_vendor:/opt/ros/jazzy/opt/gz_transport_vendor:/opt/ros/jazzy/opt/gz_rendering_vendor:/opt/ros/jazzy/opt/gz_plugin_vendor:/opt/ros/jazzy/opt/gz_fuel_tools_vendor:/opt/ros/jazzy/opt/gz_msgs_vendor:/opt/ros/jazzy/opt/gz_common_vendor:/opt/ros/jazzy/opt/gz_math_vendor:/opt/ros/jazzy/opt/gz_utils_vendor:/opt/ros/jazzy/opt/gz_tools_vendor:/opt/ros/jazzy/opt/gz_ogre_next_vendor:/opt/ros/jazzy/opt/gz_dartsim_vendor:/opt/ros/jazzy/opt/gz_cmake_vendor:/opt/ros/jazzy DEBUGINFOD_URLS=https://debuginfod.ubuntu.com LD_LIBRARY_PATH=/home/naiwu/xxu_2026/xxu_nav_2026/install/explore_lite_msgs/lib:${LD_LIBRARY_PATH} PYTHONPATH=/home/naiwu/xxu_2026/xxu_nav_2026/install/explore_lite_msgs/lib/python3.12/site-packages:${PYTHONPATH} /usr/bin/cmake --build /home/naiwu/xxu_2026/xxu_nav_2026/build/explore_lite -- -j24 -l24
[1.367s] [ 20%] Building CXX object gtest/CMakeFiles/gtest.dir/src/gtest-all.cc.o
[1.367s] [ 20%] Building CXX object gtest/CMakeFiles/gtest_main.dir/src/gtest_main.cc.o
[1.367s] [ 30%] Building CXX object CMakeFiles/explore.dir/src/costmap_client.cpp.o
[1.367s] [ 40%] Building CXX object CMakeFiles/explore.dir/src/explore.cpp.o
[1.368s] [ 50%] Building CXX object CMakeFiles/explore.dir/src/frontier_search.cpp.o
[1.764s] [ 60%] Linking CXX static library libgtest_main.a
[1.819s] [ 60%] Built target gtest_main
[3.550s] [ 70%] Linking CXX static library libgtest.a
[3.614s] [ 70%] Built target gtest
[3.634s] [ 80%] Building CXX object CMakeFiles/test_explore.dir/test/test_explore.cpp.o
[4.242s] [ 90%] Linking CXX executable test_explore
[4.325s] [ 90%] Built target test_explore
[9.217s] [100%] Linking CXX executable explore
[9.727s] [100%] Built target explore
[9.734s] Invoked command in '/home/naiwu/xxu_2026/xxu_nav_2026/build/explore_lite' returned '0': AMENT_PREFIX_PATH=/home/naiwu/xxu_2026/xxu_nav_2026/install/explore_lite_msgs:${AMENT_PREFIX_PATH} CMAKE_PREFIX_PATH=/home/naiwu/xxu_2026/xxu_nav_2026/install/explore_lite_msgs:/opt/ros/jazzy/opt/gz_sim_vendor:/opt/ros/jazzy/opt/gz_sensors_vendor:/opt/ros/jazzy/opt/gz_physics_vendor:/opt/ros/jazzy/opt/sdformat_vendor:/opt/ros/jazzy/opt/gz_gui_vendor:/opt/ros/jazzy/opt/gz_transport_vendor:/opt/ros/jazzy/opt/gz_rendering_vendor:/opt/ros/jazzy/opt/gz_plugin_vendor:/opt/ros/jazzy/opt/gz_fuel_tools_vendor:/opt/ros/jazzy/opt/gz_msgs_vendor:/opt/ros/jazzy/opt/gz_common_vendor:/opt/ros/jazzy/opt/gz_math_vendor:/opt/ros/jazzy/opt/gz_utils_vendor:/opt/ros/jazzy/opt/gz_tools_vendor:/opt/ros/jazzy/opt/gz_ogre_next_vendor:/opt/ros/jazzy/opt/gz_dartsim_vendor:/opt/ros/jazzy/opt/gz_cmake_vendor:/opt/ros/jazzy DEBUGINFOD_URLS=https://debuginfod.ubuntu.com LD_LIBRARY_PATH=/home/naiwu/xxu_2026/xxu_nav_2026/install/explore_lite_msgs/lib:${LD_LIBRARY_PATH} PYTHONPATH=/home/naiwu/xxu_2026/xxu_nav_2026/install/explore_lite_msgs/lib/python3.12/site-packages:${PYTHONPATH} /usr/bin/cmake --build /home/naiwu/xxu_2026/xxu_nav_2026/build/explore_lite -- -j24 -l24
[9.735s] Invoking command in '/home/naiwu/xxu_2026/xxu_nav_2026/build/explore_lite': AMENT_PREFIX_PATH=/home/naiwu/xxu_2026/xxu_nav_2026/install/explore_lite_msgs:${AMENT_PREFIX_PATH} CMAKE_PREFIX_PATH=/home/naiwu/xxu_2026/xxu_nav_2026/install/explore_lite_msgs:/opt/ros/jazzy/opt/gz_sim_vendor:/opt/ros/jazzy/opt/gz_sensors_vendor:/opt/ros/jazzy/opt/gz_physics_vendor:/opt/ros/jazzy/opt/sdformat_vendor:/opt/ros/jazzy/opt/gz_gui_vendor:/opt/ros/jazzy/opt/gz_transport_vendor:/opt/ros/jazzy/opt/gz_rendering_vendor:/opt/ros/jazzy/opt/gz_plugin_vendor:/opt/ros/jazzy/opt/gz_fuel_tools_vendor:/opt/ros/jazzy/opt/gz_msgs_vendor:/opt/ros/jazzy/opt/gz_common_vendor:/opt/ros/jazzy/opt/gz_math_vendor:/opt/ros/jazzy/opt/gz_utils_vendor:/opt/ros/jazzy/opt/gz_tools_vendor:/opt/ros/jazzy/opt/gz_ogre_next_vendor:/opt/ros/jazzy/opt/gz_dartsim_vendor:/opt/ros/jazzy/opt/gz_cmake_vendor:/opt/ros/jazzy DEBUGINFOD_URLS=https://debuginfod.ubuntu.com LD_LIBRARY_PATH=/home/naiwu/xxu_2026/xxu_nav_2026/install/explore_lite_msgs/lib:${LD_LIBRARY_PATH} PYTHONPATH=/home/naiwu/xxu_2026/xxu_nav_2026/install/explore_lite_msgs/lib/python3.12/site-packages:${PYTHONPATH} /usr/bin/cmake --install /home/naiwu/xxu_2026/xxu_nav_2026/build/explore_lite
[9.739s] -- Install configuration: ""
[9.739s] -- Installing: /home/naiwu/xxu_2026/xxu_nav_2026/install/explore_lite/include/explore/
[9.739s] -- Installing: /home/naiwu/xxu_2026/xxu_nav_2026/install/explore_lite/include/explore//explore.h
[9.739s] -- Installing: /home/naiwu/xxu_2026/xxu_nav_2026/install/explore_lite/include/explore//frontier_search.h
[9.739s] -- Installing: /home/naiwu/xxu_2026/xxu_nav_2026/install/explore_lite/include/explore//costmap_client.h
[9.739s] -- Installing: /home/naiwu/xxu_2026/xxu_nav_2026/install/explore_lite/include/explore//costmap_tools.h
[9.739s] -- Installing: /home/naiwu/xxu_2026/xxu_nav_2026/install/explore_lite/share/explore_lite/config
[9.739s] -- Installing: /home/naiwu/xxu_2026/xxu_nav_2026/install/explore_lite/share/explore_lite/config/params.yaml
[9.739s] -- Installing: /home/naiwu/xxu_2026/xxu_nav_2026/install/explore_lite/share/explore_lite/config/params_costmap.yaml
[9.739s] -- Installing: /home/naiwu/xxu_2026/xxu_nav_2026/install/explore_lite/share/explore_lite/launch
[9.739s] -- Installing: /home/naiwu/xxu_2026/xxu_nav_2026/install/explore_lite/share/explore_lite/launch/explore.launch.py
[9.739s] -- Installing: /home/naiwu/xxu_2026/xxu_nav_2026/install/explore_lite/lib/explore_lite/explore
[9.745s] -- Set non-toolchain portion of runtime path of "/home/naiwu/xxu_2026/xxu_nav_2026/install/explore_lite/lib/explore_lite/explore" to ""
[9.745s] -- Installing: /home/naiwu/xxu_2026/xxu_nav_2026/install/explore_lite/share/ament_index/resource_index/package_run_dependencies/explore_lite
[9.745s] -- Installing: /home/naiwu/xxu_2026/xxu_nav_2026/install/explore_lite/share/ament_index/resource_index/parent_prefix_path/explore_lite
[9.745s] -- Installing: /home/naiwu/xxu_2026/xxu_nav_2026/install/explore_lite/share/explore_lite/environment/ament_prefix_path.sh
[9.745s] -- Installing: /home/naiwu/xxu_2026/xxu_nav_2026/install/explore_lite/share/explore_lite/environment/ament_prefix_path.dsv
[9.745s] -- Installing: /home/naiwu/xxu_2026/xxu_nav_2026/install/explore_lite/share/explore_lite/environment/path.sh
[9.745s] -- Installing: /home/naiwu/xxu_2026/xxu_nav_2026/install/explore_lite/share/explore_lite/environment/path.dsv
[9.745s] -- Installing: /home/naiwu/xxu_2026/xxu_nav_2026/install/explore_lite/share/explore_lite/local_setup.bash
[9.745s] -- Installing: /home/naiwu/xxu_2026/xxu_nav_2026/install/explore_lite/share/explore_lite/local_setup.sh
[9.745s] -- Installing: /home/naiwu/xxu_2026/xxu_nav_2026/install/explore_lite/share/explore_lite/local_setup.zsh
[9.745s] -- Installing: /home/naiwu/xxu_2026/xxu_nav_2026/install/explore_lite/share/explore_lite/local_setup.dsv
[9.745s] -- Installing: /home/naiwu/xxu_2026/xxu_nav_2026/install/explore_lite/share/explore_lite/package.dsv
[9.745s] -- Installing: /home/naiwu/xxu_2026/xxu_nav_2026/install/explore_lite/share/ament_index/resource_index/packages/explore_lite
[9.745s] -- Installing: /home/naiwu/xxu_2026/xxu_nav_2026/install/explore_lite/share/explore_lite/cmake/ament_cmake_export_dependencies-extras.cmake
[9.745s] -- Installing: /home/naiwu/xxu_2026/xxu_nav_2026/install/explore_lite/share/explore_lite/cmake/ament_cmake_export_include_directories-extras.cmake
[9.745s] -- Installing: /home/naiwu/xxu_2026/xxu_nav_2026/install/explore_lite/share/explore_lite/cmake/explore_liteConfig.cmake
[9.745s] -- Installing: /home/naiwu/xxu_2026/xxu_nav_2026/install/explore_lite/share/explore_lite/cmake/explore_liteConfig-version.cmake
[9.745s] -- Installing: /home/naiwu/xxu_2026/xxu_nav_2026/install/explore_lite/share/explore_lite/package.xml
[9.746s] Invoked command in '/home/naiwu/xxu_2026/xxu_nav_2026/build/explore_lite' returned '0': AMENT_PREFIX_PATH=/home/naiwu/xxu_2026/xxu_nav_2026/install/explore_lite_msgs:${AMENT_PREFIX_PATH} CMAKE_PREFIX_PATH=/home/naiwu/xxu_2026/xxu_nav_2026/install/explore_lite_msgs:/opt/ros/jazzy/opt/gz_sim_vendor:/opt/ros/jazzy/opt/gz_sensors_vendor:/opt/ros/jazzy/opt/gz_physics_vendor:/opt/ros/jazzy/opt/sdformat_vendor:/opt/ros/jazzy/opt/gz_gui_vendor:/opt/ros/jazzy/opt/gz_transport_vendor:/opt/ros/jazzy/opt/gz_rendering_vendor:/opt/ros/jazzy/opt/gz_plugin_vendor:/opt/ros/jazzy/opt/gz_fuel_tools_vendor:/opt/ros/jazzy/opt/gz_msgs_vendor:/opt/ros/jazzy/opt/gz_common_vendor:/opt/ros/jazzy/opt/gz_math_vendor:/opt/ros/jazzy/opt/gz_utils_vendor:/opt/ros/jazzy/opt/gz_tools_vendor:/opt/ros/jazzy/opt/gz_ogre_next_vendor:/opt/ros/jazzy/opt/gz_dartsim_vendor:/opt/ros/jazzy/opt/gz_cmake_vendor:/opt/ros/jazzy DEBUGINFOD_URLS=https://debuginfod.ubuntu.com LD_LIBRARY_PATH=/home/naiwu/xxu_2026/xxu_nav_2026/install/explore_lite_msgs/lib:${LD_LIBRARY_PATH} PYTHONPATH=/home/naiwu/xxu_2026/xxu_nav_2026/install/explore_lite_msgs/lib/python3.12/site-packages:${PYTHONPATH} /usr/bin/cmake --install /home/naiwu/xxu_2026/xxu_nav_2026/build/explore_lite
