-- The C compiler identification is GNU 13.3.0
-- The CXX compiler identification is GNU 13.3.0
-- Detecting C compiler ABI info
-- Detecting C compiler ABI info - done
-- Check for working C compiler: /usr/bin/cc - skipped
-- Detecting C compile features
-- Detecting C compile features - done
-- Detecting CXX compiler ABI info
-- Detecting CXX compiler ABI info - done
-- Check for working CXX compiler: /usr/bin/c++ - skipped
-- Detecting CXX compile features
-- Detecting CXX compile features - done
-- Found ament_cmake: 2.5.5 (/opt/ros/jazzy/share/ament_cmake/cmake)
-- Found Python3: /usr/bin/python3 (found version "3.12.3") found components: Interpreter 
-- Found ament_lint_auto: 0.17.4 (/opt/ros/jazzy/share/ament_lint_auto/cmake)
-- Added test 'flake8' to check Python code syntax and style conventions
-- Configured 'flake8' exclude dirs and/or files: 
-- Added test 'lint_cmake' to check CMake code style
-- Added test 'pep257' to check Python code against some of the docstring style conventions in PEP 257
-- Added test 'xmllint' to check XML markup files
-- Configuring done (0.5s)
-- Generating done (0.0s)
-- Build files have been written to: /home/naiwu/xxu_2026/xxu_nav_2026/build/xxu_description
-- Install configuration: ""
-- Up-to-date: /home/naiwu/xxu_2026/xxu_nav_2026/install/xxu_description/share/xxu_description/config
-- Up-to-date: /home/naiwu/xxu_2026/xxu_nav_2026/install/xxu_description/share/xxu_description/launch
-- Up-to-date: /home/naiwu/xxu_2026/xxu_nav_2026/install/xxu_description/share/xxu_description/meshes
-- Up-to-date: /home/naiwu/xxu_2026/xxu_nav_2026/install/xxu_description/share/xxu_description/rviz
-- Up-to-date: /home/naiwu/xxu_2026/xxu_nav_2026/install/xxu_description/share/xxu_description/urdf
-- Up-to-date: /home/naiwu/xxu_2026/xxu_nav_2026/install/xxu_description/share/xxu_description/urdf/plugins
-- Up-to-date: /home/naiwu/xxu_2026/xxu_nav_2026/install/xxu_description/share/xxu_description/worlds
-- Installing: /home/naiwu/xxu_2026/xxu_nav_2026/install/xxu_description/share/xxu_description/package.dsv
