[0.022s] Invoking command in '/home/naiwu/xxu_2026/xxu_nav_2026/build/xxu_livox_sim': CMAKE_PREFIX_PATH=${CMAKE_PREFIX_PATH}:/opt/ros/jazzy DEBUGINFOD_URLS=https://debuginfod.ubuntu.com /usr/bin/cmake /home/naiwu/xxu_2026/xxu_nav_2026/src/xxu_livox_sim -DAMENT_CMAKE_SYMLINK_INSTALL=1 -DCMAKE_INSTALL_PREFIX=/home/naiwu/xxu_2026/xxu_nav_2026/install/xxu_livox_sim
[0.030s] -- Found ament_cmake: 2.5.5 (/opt/ros/jazzy/share/ament_cmake/cmake)
[0.168s] -- Override CMake install command with custom implementation using symlinks instead of copying resources
[0.175s] -- Found rclcpp: 28.1.16 (/opt/ros/jazzy/share/rclcpp/cmake)
[0.206s] -- Found rosidl_generator_c: 4.6.7 (/opt/ros/jazzy/share/rosidl_generator_c/cmake)
[0.214s] -- Found rosidl_generator_cpp: 4.6.7 (/opt/ros/jazzy/share/rosidl_generator_cpp/cmake)
[0.224s] -- Using all available rosidl_typesupport_c: rosidl_typesupport_fastrtps_c;rosidl_typesupport_introspection_c
[0.235s] -- Using all available rosidl_typesupport_cpp: rosidl_typesupport_fastrtps_cpp;rosidl_typesupport_introspection_cpp
[0.289s] -- Found rmw_implementation_cmake: 7.3.3 (/opt/ros/jazzy/share/rmw_implementation_cmake/cmake)
[0.291s] -- Found rmw_fastrtps_cpp: 8.4.3 (/opt/ros/jazzy/share/rmw_fastrtps_cpp/cmake)
[0.347s] -- Using RMW implementation 'rmw_fastrtps_cpp' as default
[0.405s] -- Found sensor_msgs: 5.3.6 (/opt/ros/jazzy/share/sensor_msgs/cmake)
[0.445s] -- Looking for gz-sim8 -- found version 8.10.0
[0.451s] -- Searching for dependencies of gz-sim8
[0.452s] -- Looking for sdformat14 -- found version 14.8.0
[0.452s] -- Searching for dependencies of sdformat14
[0.457s] -- Checking for module 'tinyxml2'
[0.472s] --   Found tinyxml2, version 10.0.0
[0.498s] -- Looking for gz-math7 -- found version 7.5.2
[0.498s] -- Searching for dependencies of gz-math7
[0.499s] -- Looking for gz-utils2 -- found version 2.2.1
[0.499s] -- Searching for dependencies of gz-utils2
[0.500s] -- Looking for gz-utils2 -- found version 2.2.1
[0.500s] -- Searching for dependencies of gz-utils2
[0.500s] -- Searching for <gz-utils2> component [cli]
[0.501s] -- Looking for gz-utils2-cli -- found version 2.2.1
[0.501s] -- Searching for dependencies of gz-utils2-cli
[0.503s] -- Looking for gz-plugin2 -- found version 2.0.4
[0.503s] -- Searching for dependencies of gz-plugin2
[0.503s] -- Looking for gz-utils2 -- found version 2.2.1
[0.504s] -- Searching for <gz-plugin2> component [loader]
[0.504s] -- Looking for gz-plugin2-loader -- found version 2.0.4
[0.504s] -- Searching for dependencies of gz-plugin2-loader
[0.505s] -- Searching for <gz-plugin2> component [register]
[0.505s] -- Looking for gz-plugin2-register -- found version 2.0.4
[0.505s] -- Searching for dependencies of gz-plugin2-register
[0.507s] -- Looking for gz-transport13 -- found version 13.5.0
[0.507s] -- Searching for dependencies of gz-transport13
[0.535s] -- Config-file not installed for ZeroMQ -- checking for pkg-config
[0.539s] -- Checking for module 'libzmq >= 4'
[0.550s] --   Found libzmq, version 4.3.5
[0.583s] -- Checking for module 'uuid'
[0.592s] --   Found uuid, version 2.39.3
[0.615s] -- Looking for gz-utils2 -- found version 2.2.1
[0.615s] -- Looking for gz-msgs10 -- found version 10.3.2
[0.616s] -- Searching for dependencies of gz-msgs10
[0.636s] -- Looking for gz-utils2 -- found version 2.2.1
[0.637s] -- Looking for gz-math7 -- found version 7.5.2
[0.644s] -- Searching for <gz-transport13> component [log]
[0.645s] -- Looking for gz-transport13-log -- found version 13.5.0
[0.645s] -- Searching for dependencies of gz-transport13-log
[0.646s] -- Searching for <gz-transport13> component [parameters]
[0.646s] -- Looking for gz-transport13-parameters -- found version 13.5.0
[0.646s] -- Searching for dependencies of gz-transport13-parameters
[0.647s] -- Looking for gz-msgs10 -- found version 10.3.2
[0.648s] -- Looking for gz-common5 -- found version 5.7.1
[0.648s] -- Searching for dependencies of gz-common5
[0.648s] -- Looking for gz-utils2 -- found version 2.2.1
[0.648s] -- Looking for dlfcn.h - found
[0.648s] -- Looking for libdl - found
[0.654s] -- Searching for <gz-common5> component [av]
[0.654s] -- Looking for gz-common5-av -- found version 5.7.1
[0.654s] -- Searching for dependencies of gz-common5-av
[0.659s] -- Checking for module 'libswscale'
[0.671s] --   Found libswscale, version 7.5.100
[0.702s] -- Checking for module 'libavdevice >= 56.4.100'
[0.716s] --   Found libavdevice, version 60.3.100
[0.764s] -- Checking for module 'libavformat'
[0.778s] --   Found libavformat, version 60.16.100
[0.813s] -- Checking for module 'libavcodec'
[0.825s] --   Found libavcodec, version 60.31.102
[0.857s] -- Checking for module 'libavutil'
[0.870s] --   Found libavutil, version 58.29.100
[0.897s] -- Searching for <gz-common5> component [events]
[0.898s] -- Looking for gz-common5-events -- found version 5.7.1
[0.898s] -- Searching for dependencies of gz-common5-events
[0.898s] -- Looking for gz-math7 -- found version 7.5.2
[0.899s] -- Searching for <gz-common5> component [graphics]
[0.899s] -- Looking for gz-common5-graphics -- found version 5.7.1
[0.899s] -- Searching for dependencies of gz-common5-graphics
[0.899s] -- Looking for gz-math7 -- found version 7.5.2
[0.902s] -- Searching for <gz-common5> component [io]
[0.902s] -- Looking for gz-common5-io -- found version 5.7.1
[0.902s] -- Searching for dependencies of gz-common5-io
[0.903s] -- Searching for <gz-common5> component [profiler]
[0.903s] -- Looking for gz-common5-profiler -- found version 5.7.1
[0.903s] -- Searching for dependencies of gz-common5-profiler
[0.905s] -- Looking for gz-fuel_tools9 -- found version 9.1.1
[0.905s] -- Searching for dependencies of gz-fuel_tools9
[0.942s] -- Checking for module 'jsoncpp'
[0.955s] --   Found jsoncpp, version 1.9.5
[0.994s] -- Checking for module 'yaml-0.1'
[1.006s] --   Found yaml-0.1, version 0.2.5
[1.038s] -- Checking for module 'libzip'
[1.051s] --   Found libzip, version 1.7.3
[1.077s] -- Looking for gz-utils2 -- found version 2.2.1
[1.078s] -- Looking for gz-common5 -- found version 5.7.1
[1.078s] -- Searching for dependencies of gz-common5
[1.078s] -- Looking for gz-utils2 -- found version 2.2.1
[1.078s] -- Looking for dlfcn.h - found
[1.078s] -- Looking for libdl - found
[1.084s] -- Searching for <gz-common5> component [testing]
[1.085s] -- Looking for gz-common5-testing -- found version 5.7.1
[1.085s] -- Searching for dependencies of gz-common5-testing
[1.086s] -- Looking for gz-math7 -- found version 7.5.2
[1.086s] -- Looking for gz-msgs10 -- found version 10.3.2
[1.088s] -- Looking for gz-gui8 -- found version 8.4.0
[1.088s] -- Searching for dependencies of gz-gui8
[1.107s] -- Looking for gz-utils2 -- found version 2.2.1
[1.107s] -- Looking for gz-math7 -- found version 7.5.2
[1.108s] -- Looking for gz-common5 -- found version 5.7.1
[1.108s] -- Looking for gz-plugin2 -- found version 2.0.4
[1.108s] -- Looking for gz-transport13 -- found version 13.5.0
[1.110s] -- Looking for gz-rendering8 -- found version 8.2.3
[1.110s] -- Searching for dependencies of gz-rendering8
[1.110s] -- Looking for gz-math7 -- found version 7.5.2
[1.110s] -- Searching for dependencies of gz-math7
[1.110s] -- Looking for gz-utils2 -- found version 2.2.1
[1.110s] -- Searching for <gz-math7> component [eigen3]
[1.111s] -- Looking for gz-math7-eigen3 -- found version 7.5.2
[1.111s] -- Searching for dependencies of gz-math7-eigen3
[1.112s] -- Looking for gz-common5 -- found version 5.7.1
[1.112s] -- Searching for dependencies of gz-common5
[1.112s] -- Looking for gz-utils2 -- found version 2.2.1
[1.112s] -- Looking for dlfcn.h - found
[1.112s] -- Looking for libdl - found
[1.118s] -- Searching for <gz-common5> component [graphics]
[1.118s] -- Searching for <gz-common5> component [events]
[1.118s] -- Searching for <gz-common5> component [geospatial]
[1.119s] -- Looking for gz-common5-geospatial -- found version 5.7.1
[1.119s] -- Searching for dependencies of gz-common5-geospatial
[1.119s] -- Looking for gz-math7 -- found version 7.5.2
[1.120s] -- Looking for gz-common5 -- found version 5.7.1
[1.121s] -- Looking for gz-plugin2 -- found version 2.0.4
[1.121s] -- Searching for dependencies of gz-plugin2
[1.121s] -- Looking for gz-utils2 -- found version 2.2.1
[1.121s] -- Searching for <gz-plugin2> component [all]
[1.122s] -- Looking for all libraries of gz-plugin2 -- found version 2.0.4
[1.122s] -- Looking for gz-plugin2 -- found version 2.0.4
[1.123s] -- Looking for gz-utils2 -- found version 2.2.1
[1.126s] -- Looking for gz-msgs10 -- found version 10.3.2
[1.144s] -- Looking for gz-physics7 -- found version 7.6.0
[1.144s] -- Searching for dependencies of gz-physics7
[1.145s] -- Looking for gz-common5 -- found version 5.7.1
[1.145s] -- Looking for gz-math7 -- found version 7.5.2
[1.145s] -- Looking for gz-plugin2 -- found version 2.0.4
[1.145s] -- Looking for gz-utils2 -- found version 2.2.1
[1.146s] -- Searching for <gz-physics7> component [heightmap]
[1.147s] -- Looking for gz-physics7-heightmap -- found version 7.6.0
[1.147s] -- Searching for dependencies of gz-physics7-heightmap
[1.147s] -- Looking for gz-common5 -- found version 5.7.1
[1.147s] -- Searching for <gz-physics7> component [mesh]
[1.148s] -- Looking for gz-physics7-mesh -- found version 7.6.0
[1.148s] -- Searching for dependencies of gz-physics7-mesh
[1.148s] -- Looking for gz-common5 -- found version 5.7.1
[1.148s] -- Searching for <gz-physics7> component [sdf]
[1.149s] -- Looking for gz-physics7-sdf -- found version 7.6.0
[1.149s] -- Searching for dependencies of gz-physics7-sdf
[1.149s] -- Looking for sdformat14 -- found version 14.8.0
[1.150s] -- Looking for gz-sensors8 -- found version 8.2.2
[1.150s] -- Searching for dependencies of gz-sensors8
[1.163s] -- Looking for gz-math7 -- found version 7.5.2
[1.163s] -- Looking for gz-common5 -- found version 5.7.1
[1.164s] -- Looking for gz-transport13 -- found version 13.5.0
[1.164s] -- Looking for gz-rendering8 -- found version 8.2.3
[1.164s] -- Looking for gz-msgs10 -- found version 10.3.2
[1.164s] -- Looking for sdformat14 -- found version 14.8.0
[1.165s] -- Searching for <gz-sensors8> component [air_pressure]
[1.165s] -- Looking for gz-sensors8-air_pressure -- found version 8.2.2
[1.166s] -- Searching for dependencies of gz-sensors8-air_pressure
[1.166s] -- Searching for <gz-sensors8> component [air_speed]
[1.166s] -- Looking for gz-sensors8-air_speed -- found version 8.2.2
[1.166s] -- Searching for dependencies of gz-sensors8-air_speed
[1.167s] -- Searching for <gz-sensors8> component [altimeter]
[1.167s] -- Looking for gz-sensors8-altimeter -- found version 8.2.2
[1.167s] -- Searching for dependencies of gz-sensors8-altimeter
[1.168s] -- Searching for <gz-sensors8> component [imu]
[1.168s] -- Looking for gz-sensors8-imu -- found version 8.2.2
[1.168s] -- Searching for dependencies of gz-sensors8-imu
[1.169s] -- Searching for <gz-sensors8> component [force_torque]
[1.169s] -- Looking for gz-sensors8-force_torque -- found version 8.2.2
[1.169s] -- Searching for dependencies of gz-sensors8-force_torque
[1.170s] -- Searching for <gz-sensors8> component [logical_camera]
[1.170s] -- Looking for gz-sensors8-logical_camera -- found version 8.2.2
[1.170s] -- Searching for dependencies of gz-sensors8-logical_camera
[1.171s] -- Searching for <gz-sensors8> component [magnetometer]
[1.172s] -- Looking for gz-sensors8-magnetometer -- found version 8.2.2
[1.172s] -- Searching for dependencies of gz-sensors8-magnetometer
[1.172s] -- Searching for <gz-sensors8> component [navsat]
[1.173s] -- Looking for gz-sensors8-navsat -- found version 8.2.2
[1.173s] -- Searching for dependencies of gz-sensors8-navsat
[1.174s] -- Searching for <gz-sensors8> component [dvl]
[1.174s] -- Looking for gz-sensors8-dvl -- found version 8.2.2
[1.174s] -- Searching for dependencies of gz-sensors8-dvl
[1.174s] -- Looking for gz-sensors8 -- found version 8.2.2
[1.175s] -- Searching for dependencies of gz-sensors8
[1.193s] -- Looking for gz-math7 -- found version 7.5.2
[1.193s] -- Looking for gz-common5 -- found version 5.7.1
[1.193s] -- Looking for gz-transport13 -- found version 13.5.0
[1.193s] -- Looking for gz-rendering8 -- found version 8.2.3
[1.193s] -- Looking for gz-msgs10 -- found version 10.3.2
[1.194s] -- Looking for sdformat14 -- found version 14.8.0
[1.194s] -- Searching for <gz-sensors8> component [rendering]
[1.195s] -- Looking for gz-sensors8-rendering -- found version 8.2.2
[1.195s] -- Searching for dependencies of gz-sensors8-rendering
[1.196s] -- Searching for <gz-sensors8> component [rendering]
[1.196s] -- Searching for <gz-sensors8> component [lidar]
[1.196s] -- Looking for gz-sensors8-lidar -- found version 8.2.2
[1.196s] -- Searching for dependencies of gz-sensors8-lidar
[1.196s] -- Looking for gz-sensors8 -- found version 8.2.2
[1.197s] -- Searching for <gz-sensors8> component [gpu_lidar]
[1.197s] -- Looking for gz-sensors8-gpu_lidar -- found version 8.2.2
[1.197s] -- Searching for dependencies of gz-sensors8-gpu_lidar
[1.197s] -- Looking for gz-sensors8 -- found version 8.2.2
[1.198s] -- Searching for <gz-sensors8> component [camera]
[1.198s] -- Looking for gz-sensors8-camera -- found version 8.2.2
[1.198s] -- Searching for dependencies of gz-sensors8-camera
[1.199s] -- Looking for gz-sensors8 -- found version 8.2.2
[1.199s] -- Searching for <gz-sensors8> component [boundingbox_camera]
[1.200s] -- Looking for gz-sensors8-boundingbox_camera -- found version 8.2.2
[1.200s] -- Searching for dependencies of gz-sensors8-boundingbox_camera
[1.200s] -- Searching for <gz-sensors8> component [segmentation_camera]
[1.201s] -- Looking for gz-sensors8-segmentation_camera -- found version 8.2.2
[1.201s] -- Searching for dependencies of gz-sensors8-segmentation_camera
[1.201s] -- Searching for <gz-sensors8> component [depth_camera]
[1.202s] -- Looking for gz-sensors8-depth_camera -- found version 8.2.2
[1.202s] -- Searching for dependencies of gz-sensors8-depth_camera
[1.202s] -- Looking for gz-sensors8 -- found version 8.2.2
[1.202s] -- Searching for <gz-sensors8> component [rgbd_camera]
[1.203s] -- Looking for gz-sensors8-rgbd_camera -- found version 8.2.2
[1.203s] -- Searching for dependencies of gz-sensors8-rgbd_camera
[1.203s] -- Looking for gz-sensors8 -- found version 8.2.2
[1.204s] -- Searching for <gz-sensors8> component [thermal_camera]
[1.204s] -- Looking for gz-sensors8-thermal_camera -- found version 8.2.2
[1.204s] -- Searching for dependencies of gz-sensors8-thermal_camera
[1.204s] -- Looking for gz-sensors8 -- found version 8.2.2
[1.205s] -- Searching for <gz-sensors8> component [wide_angle_camera]
[1.205s] -- Looking for gz-sensors8-wide_angle_camera -- found version 8.2.2
[1.205s] -- Searching for dependencies of gz-sensors8-wide_angle_camera
[1.206s] -- Looking for gz-rendering8 -- found version 8.2.3
[1.206s] -- Looking for gz-math7 -- found version 7.5.2
[1.206s] -- Looking for gz-utils2 -- found version 2.2.1
[1.220s] -- Looking for gz-msgs10 -- found version 10.3.2
[1.220s] -- Looking for gz-transport13 -- found version 13.5.0
[1.221s] -- Looking for gz-plugin2 -- found version 2.0.4
[1.222s] -- Found ament_lint_auto: 0.17.4 (/opt/ros/jazzy/share/ament_lint_auto/cmake)
[1.281s] -- Added test 'cppcheck' to perform static code analysis on C / C++ code
[1.281s] -- Configured cppcheck include dirs: 
[1.281s] -- Configured cppcheck exclude dirs and/or files: 
[1.281s] -- Added test 'lint_cmake' to check CMake code style
[1.281s] -- Added test 'uncrustify' to check C / C++ code style
[1.281s] -- Configured uncrustify additional arguments: 
[1.281s] -- Added test 'xmllint' to check XML markup files
[1.282s] -- Configuring done (1.3s)
[1.302s] -- Generating done (0.0s)
[1.306s] -- Build files have been written to: /home/naiwu/xxu_2026/xxu_nav_2026/build/xxu_livox_sim
[1.314s] Invoked command in '/home/naiwu/xxu_2026/xxu_nav_2026/build/xxu_livox_sim' returned '0': CMAKE_PREFIX_PATH=${CMAKE_PREFIX_PATH}:/opt/ros/jazzy DEBUGINFOD_URLS=https://debuginfod.ubuntu.com /usr/bin/cmake /home/naiwu/xxu_2026/xxu_nav_2026/src/xxu_livox_sim -DAMENT_CMAKE_SYMLINK_INSTALL=1 -DCMAKE_INSTALL_PREFIX=/home/naiwu/xxu_2026/xxu_nav_2026/install/xxu_livox_sim
[1.314s] Invoking command in '/home/naiwu/xxu_2026/xxu_nav_2026/build/xxu_livox_sim': CMAKE_PREFIX_PATH=${CMAKE_PREFIX_PATH}:/opt/ros/jazzy DEBUGINFOD_URLS=https://debuginfod.ubuntu.com /usr/bin/cmake --build /home/naiwu/xxu_2026/xxu_nav_2026/build/xxu_livox_sim -- -j24 -l24
[1.359s] [ 50%] Built target livox_pointcloud_shaper
[1.368s] [100%] Built target livox_mid360_system
[1.374s] Invoked command in '/home/naiwu/xxu_2026/xxu_nav_2026/build/xxu_livox_sim' returned '0': CMAKE_PREFIX_PATH=${CMAKE_PREFIX_PATH}:/opt/ros/jazzy DEBUGINFOD_URLS=https://debuginfod.ubuntu.com /usr/bin/cmake --build /home/naiwu/xxu_2026/xxu_nav_2026/build/xxu_livox_sim -- -j24 -l24
[1.375s] Invoking command in '/home/naiwu/xxu_2026/xxu_nav_2026/build/xxu_livox_sim': CMAKE_PREFIX_PATH=${CMAKE_PREFIX_PATH}:/opt/ros/jazzy DEBUGINFOD_URLS=https://debuginfod.ubuntu.com /usr/bin/cmake --install /home/naiwu/xxu_2026/xxu_nav_2026/build/xxu_livox_sim
[1.381s] -- Install configuration: ""
[1.381s] -- Execute custom install script
[1.381s] -- Up-to-date symlink: /home/naiwu/xxu_2026/xxu_nav_2026/install/xxu_livox_sim/lib/xxu_livox_sim/livox_pointcloud_shaper
[1.381s] -- Up-to-date symlink: /home/naiwu/xxu_2026/xxu_nav_2026/install/xxu_livox_sim/lib/xxu_livox_sim/liblivox_mid360_system.so
[1.381s] -- Up-to-date symlink: /home/naiwu/xxu_2026/xxu_nav_2026/install/xxu_livox_sim/share/xxu_livox_sim/config/mid360.csv
[1.381s] -- Up-to-date symlink: /home/naiwu/xxu_2026/xxu_nav_2026/install/xxu_livox_sim/share/ament_index/resource_index/package_run_dependencies/xxu_livox_sim
[1.381s] -- Up-to-date symlink: /home/naiwu/xxu_2026/xxu_nav_2026/install/xxu_livox_sim/share/ament_index/resource_index/parent_prefix_path/xxu_livox_sim
[1.381s] -- Up-to-date symlink: /home/naiwu/xxu_2026/xxu_nav_2026/install/xxu_livox_sim/share/xxu_livox_sim/environment/ament_prefix_path.sh
[1.382s] -- Up-to-date symlink: /home/naiwu/xxu_2026/xxu_nav_2026/install/xxu_livox_sim/share/xxu_livox_sim/environment/ament_prefix_path.dsv
[1.382s] -- Up-to-date symlink: /home/naiwu/xxu_2026/xxu_nav_2026/install/xxu_livox_sim/share/xxu_livox_sim/environment/path.sh
[1.383s] -- Up-to-date symlink: /home/naiwu/xxu_2026/xxu_nav_2026/install/xxu_livox_sim/share/xxu_livox_sim/environment/path.dsv
[1.383s] -- Up-to-date symlink: /home/naiwu/xxu_2026/xxu_nav_2026/install/xxu_livox_sim/share/xxu_livox_sim/local_setup.bash
[1.383s] -- Up-to-date symlink: /home/naiwu/xxu_2026/xxu_nav_2026/install/xxu_livox_sim/share/xxu_livox_sim/local_setup.sh
[1.383s] -- Up-to-date symlink: /home/naiwu/xxu_2026/xxu_nav_2026/install/xxu_livox_sim/share/xxu_livox_sim/local_setup.zsh
[1.383s] -- Up-to-date symlink: /home/naiwu/xxu_2026/xxu_nav_2026/install/xxu_livox_sim/share/xxu_livox_sim/local_setup.dsv
[1.383s] -- Symlinking: /home/naiwu/xxu_2026/xxu_nav_2026/install/xxu_livox_sim/share/xxu_livox_sim/package.dsv
[1.389s] -- Up-to-date symlink: /home/naiwu/xxu_2026/xxu_nav_2026/install/xxu_livox_sim/share/ament_index/resource_index/packages/xxu_livox_sim
[1.389s] -- Up-to-date symlink: /home/naiwu/xxu_2026/xxu_nav_2026/install/xxu_livox_sim/share/xxu_livox_sim/cmake/xxu_livox_simConfig.cmake
[1.389s] -- Up-to-date symlink: /home/naiwu/xxu_2026/xxu_nav_2026/install/xxu_livox_sim/share/xxu_livox_sim/cmake/xxu_livox_simConfig-version.cmake
[1.389s] -- Up-to-date symlink: /home/naiwu/xxu_2026/xxu_nav_2026/install/xxu_livox_sim/share/xxu_livox_sim/package.xml
[1.390s] Invoked command in '/home/naiwu/xxu_2026/xxu_nav_2026/build/xxu_livox_sim' returned '0': CMAKE_PREFIX_PATH=${CMAKE_PREFIX_PATH}:/opt/ros/jazzy DEBUGINFOD_URLS=https://debuginfod.ubuntu.com /usr/bin/cmake --install /home/naiwu/xxu_2026/xxu_nav_2026/build/xxu_livox_sim
