-- Found ament_cmake: 2.5.5 (/opt/ros/jazzy/share/ament_cmake/cmake)
-- Override CMake install command with custom implementation using symlinks instead of copying resources
-- Found rclcpp: 28.1.16 (/opt/ros/jazzy/share/rclcpp/cmake)
-- Found rosidl_generator_c: 4.6.7 (/opt/ros/jazzy/share/rosidl_generator_c/cmake)
-- Found rosidl_generator_cpp: 4.6.7 (/opt/ros/jazzy/share/rosidl_generator_cpp/cmake)
-- Using all available rosidl_typesupport_c: rosidl_typesupport_fastrtps_c;rosidl_typesupport_introspection_c
-- Using all available rosidl_typesupport_cpp: rosidl_typesupport_fastrtps_cpp;rosidl_typesupport_introspection_cpp
-- Found rmw_implementation_cmake: 7.3.3 (/opt/ros/jazzy/share/rmw_implementation_cmake/cmake)
-- Found rmw_fastrtps_cpp: 8.4.3 (/opt/ros/jazzy/share/rmw_fastrtps_cpp/cmake)
-- Using RMW implementation 'rmw_fastrtps_cpp' as default
-- Found geometry_msgs: 5.3.6 (/opt/ros/jazzy/share/geometry_msgs/cmake)
-- Found image_geometry: 4.1.0 (/opt/ros/jazzy/share/image_geometry/cmake)
-- Found map_msgs: 2.4.1 (/opt/ros/jazzy/share/map_msgs/cmake)
-- Found tf2_geometry_msgs: 0.36.19 (/opt/ros/jazzy/share/tf2_geometry_msgs/cmake)
-- Found eigen3_cmake_module: 0.3.0 (/opt/ros/jazzy/share/eigen3_cmake_module/cmake)
-- Ensuring Eigen3 include directory is part of orocos-kdl CMake target
-- Found ament_lint_auto: 0.17.4 (/opt/ros/jazzy/share/ament_lint_auto/cmake)
-- Found ament_cmake_gtest: 2.5.5 (/opt/ros/jazzy/share/ament_cmake_gtest/cmake)
Checking MD5 sum of /home/naiwu/xxu_2026/xxu_nav_2026/build/multirobot_map_merge/map00.pgm
/home/naiwu/xxu_2026/xxu_nav_2026/build/multirobot_map_merge/map00.pgm: 成功
Checking MD5 sum of /home/naiwu/xxu_2026/xxu_nav_2026/build/multirobot_map_merge/map05.pgm
/home/naiwu/xxu_2026/xxu_nav_2026/build/multirobot_map_merge/map05.pgm: 成功
Checking MD5 sum of /home/naiwu/xxu_2026/xxu_nav_2026/build/multirobot_map_merge/2011-08-09-12-22-52.pgm
/home/naiwu/xxu_2026/xxu_nav_2026/build/multirobot_map_merge/2011-08-09-12-22-52.pgm: 成功
Checking MD5 sum of /home/naiwu/xxu_2026/xxu_nav_2026/build/multirobot_map_merge/2012-01-28-11-12-01.pgm
/home/naiwu/xxu_2026/xxu_nav_2026/build/multirobot_map_merge/2012-01-28-11-12-01.pgm: 成功
-- Found gtest sources under '/opt/ros/jazzy/src/gtest_vendor': C++ tests using 'Google Test' will be built
-- Added test 'cppcheck' to perform static code analysis on C / C++ code
-- Configured cppcheck include dirs: /home/naiwu/xxu_2026/xxu_nav_2026/src/m-explore-ros2/map_merge/include;$<BUILD_INTERFACE:/home/naiwu/xxu_2026/xxu_nav_2026/src/m-explore-ros2/map_merge/include>
-- Configured cppcheck exclude dirs and/or files: 
-- Added test 'flake8' to check Python code syntax and style conventions
-- Configured 'flake8' exclude dirs and/or files: 
-- Added test 'lint_cmake' to check CMake code style
-- Added test 'pep257' to check Python code against some of the docstring style conventions in PEP 257
-- Added test 'uncrustify' to check C / C++ code style
-- Configured uncrustify additional arguments: 
-- Added test 'xmllint' to check XML markup files
-- Configuring done (0.7s)
-- Generating done (0.0s)
-- Build files have been written to: /home/naiwu/xxu_2026/xxu_nav_2026/build/multirobot_map_merge
