[0.006s] Invoking command in '/home/naiwu/xxu_2026/xxu_nav_2026/build/xxu_livox_sim': CMAKE_PREFIX_PATH=${CMAKE_PREFIX_PATH}:/opt/ros/jazzy DEBUGINFOD_URLS=https://debuginfod.ubuntu.com /usr/bin/cmake /home/naiwu/xxu_2026/xxu_nav_2026/src/xxu_livox_sim -DCMAKE_INSTALL_PREFIX=/home/naiwu/xxu_2026/xxu_nav_2026/install/xxu_livox_sim
[0.051s] -- The C compiler identification is GNU 13.3.0
[0.088s] -- The CXX compiler identification is GNU 13.3.0
[0.101s] -- Detecting C compiler ABI info
[0.167s] -- Detecting C compiler ABI info - done
[0.172s] -- Check for working C compiler: /usr/bin/cc - skipped
[0.172s] -- Detecting C compile features
[0.173s] -- Detecting C compile features - done
[0.180s] -- Detecting CXX compiler ABI info
[0.250s] -- Detecting CXX compiler ABI info - done
[0.255s] -- Check for working CXX compiler: /usr/bin/c++ - skipped
[0.255s] -- Detecting CXX compile features
[0.256s] -- Detecting CXX compile features - done
[0.258s] -- Found ament_cmake: 2.5.5 (/opt/ros/jazzy/share/ament_cmake/cmake)
[0.366s] -- Found Python3: /usr/bin/python3 (found version "3.12.3") found components: Interpreter 
[0.443s] -- Found rclcpp: 28.1.16 (/opt/ros/jazzy/share/rclcpp/cmake)
[0.474s] -- Found rosidl_generator_c: 4.6.7 (/opt/ros/jazzy/share/rosidl_generator_c/cmake)
[0.485s] -- Found rosidl_generator_cpp: 4.6.7 (/opt/ros/jazzy/share/rosidl_generator_cpp/cmake)
[0.497s] -- Using all available rosidl_typesupport_c: rosidl_typesupport_fastrtps_c;rosidl_typesupport_introspection_c
[0.511s] -- Using all available rosidl_typesupport_cpp: rosidl_typesupport_fastrtps_cpp;rosidl_typesupport_introspection_cpp
[0.565s] -- Found rmw_implementation_cmake: 7.3.3 (/opt/ros/jazzy/share/rmw_implementation_cmake/cmake)
[0.567s] -- Found rmw_fastrtps_cpp: 8.4.3 (/opt/ros/jazzy/share/rmw_fastrtps_cpp/cmake)
[0.634s] -- Found OpenSSL: /usr/lib/x86_64-linux-gnu/libcrypto.so (found version "3.0.13")  
[0.647s] -- Found FastRTPS: /opt/ros/jazzy/include (Required is at least version "2.13") 
[0.664s] -- Using RMW implementation 'rmw_fastrtps_cpp' as default
[0.714s] -- Found sensor_msgs: 5.3.6 (/opt/ros/jazzy/share/sensor_msgs/cmake)
[0.751s] -- Looking for gz-sim8 -- found version 8.10.0
[0.758s] -- Searching for dependencies of gz-sim8
[0.759s] -- Looking for sdformat14 -- found version 14.8.0
[0.759s] -- Searching for dependencies of sdformat14
[0.764s] -- Checking for module 'tinyxml2'
[0.775s] --   Found tinyxml2, version 10.0.0
[0.801s] -- Looking for gz-math7 -- found version 7.5.2
[0.801s] -- Searching for dependencies of gz-math7
[0.803s] -- Looking for gz-utils2 -- found version 2.2.1
[0.803s] -- Searching for dependencies of gz-utils2
[0.804s] -- Looking for gz-utils2 -- found version 2.2.1
[0.804s] -- Searching for dependencies of gz-utils2
[0.804s] -- Searching for <gz-utils2> component [cli]
[0.805s] -- Looking for gz-utils2-cli -- found version 2.2.1
[0.805s] -- Searching for dependencies of gz-utils2-cli
[0.807s] -- Looking for gz-plugin2 -- found version 2.0.4
[0.807s] -- Searching for dependencies of gz-plugin2
[0.807s] -- Looking for gz-utils2 -- found version 2.2.1
[0.808s] -- Searching for <gz-plugin2> component [loader]
[0.809s] -- Looking for gz-plugin2-loader -- found version 2.0.4
[0.809s] -- Searching for dependencies of gz-plugin2-loader
[0.809s] -- Searching for <gz-plugin2> component [register]
[0.810s] -- Looking for gz-plugin2-register -- found version 2.0.4
[0.810s] -- Searching for dependencies of gz-plugin2-register
[0.812s] -- Looking for gz-transport13 -- found version 13.5.0
[0.812s] -- Searching for dependencies of gz-transport13
[0.902s] -- Found Protobuf: /usr/lib/x86_64-linux-gnu/libprotobuf.so (found version "3.21.12") 
[0.911s] -- Config-file not installed for ZeroMQ -- checking for pkg-config
[0.914s] -- Checking for module 'libzmq >= 4'
[0.926s] --   Found libzmq, version 4.3.5
[0.957s] -- Found ZeroMQ: TRUE (Required is at least version "4") 
[0.961s] -- Checking for module 'uuid'
[0.972s] --   Found uuid, version 2.39.3
[0.996s] -- Found UUID: TRUE  
[0.996s] -- Looking for gz-utils2 -- found version 2.2.1
[0.998s] -- Looking for gz-msgs10 -- found version 10.3.2
[0.998s] -- Searching for dependencies of gz-msgs10
[1.010s] -- Looking for gz-utils2 -- found version 2.2.1
[1.011s] -- Looking for gz-math7 -- found version 7.5.2
[1.017s] -- Searching for <gz-transport13> component [log]
[1.019s] -- Looking for gz-transport13-log -- found version 13.5.0
[1.019s] -- Searching for dependencies of gz-transport13-log
[1.019s] -- Searching for <gz-transport13> component [parameters]
[1.021s] -- Looking for gz-transport13-parameters -- found version 13.5.0
[1.021s] -- Searching for dependencies of gz-transport13-parameters
[1.022s] -- Looking for gz-msgs10 -- found version 10.3.2
[1.025s] -- Looking for gz-common5 -- found version 5.7.1
[1.025s] -- Searching for dependencies of gz-common5
[1.025s] -- Looking for gz-utils2 -- found version 2.2.1
[1.025s] -- Looking for dlfcn.h - found
[1.028s] -- Looking for libdl - found
[1.029s] -- Found DL: TRUE  
[1.035s] -- Searching for <gz-common5> component [av]
[1.036s] -- Looking for gz-common5-av -- found version 5.7.1
[1.036s] -- Searching for dependencies of gz-common5-av
[1.040s] -- Checking for module 'libswscale'
[1.052s] --   Found libswscale, version 7.5.100
[1.081s] -- Found SWSCALE: TRUE  
[1.085s] -- Checking for module 'libavdevice >= 56.4.100'
[1.097s] --   Found libavdevice, version 60.3.100
[1.132s] -- Found AVDEVICE: TRUE (Required is at least version "56.4.100") 
[1.136s] -- Checking for module 'libavformat'
[1.148s] --   Found libavformat, version 60.16.100
[1.176s] -- Found AVFORMAT: TRUE  
[1.180s] -- Checking for module 'libavcodec'
[1.191s] --   Found libavcodec, version 60.31.102
[1.220s] -- Found AVCODEC: TRUE  
[1.225s] -- Checking for module 'libavutil'
[1.237s] --   Found libavutil, version 58.29.100
[1.264s] -- Found AVUTIL: TRUE  
[1.265s] -- Searching for <gz-common5> component [events]
[1.266s] -- Looking for gz-common5-events -- found version 5.7.1
[1.266s] -- Searching for dependencies of gz-common5-events
[1.267s] -- Looking for gz-math7 -- found version 7.5.2
[1.267s] -- Searching for <gz-common5> component [graphics]
[1.268s] -- Looking for gz-common5-graphics -- found version 5.7.1
[1.268s] -- Searching for dependencies of gz-common5-graphics
[1.268s] -- Looking for gz-math7 -- found version 7.5.2
[1.272s] -- Found GzAssimp: TRUE (found version "5.3.0") 
[1.272s] -- Searching for <gz-common5> component [io]
[1.273s] -- Looking for gz-common5-io -- found version 5.7.1
[1.273s] -- Searching for dependencies of gz-common5-io
[1.274s] -- Searching for <gz-common5> component [profiler]
[1.275s] -- Looking for gz-common5-profiler -- found version 5.7.1
[1.275s] -- Searching for dependencies of gz-common5-profiler
[1.276s] -- Looking for gz-fuel_tools9 -- found version 9.1.1
[1.276s] -- Searching for dependencies of gz-fuel_tools9
[1.338s] -- Found CURL: /usr/lib/x86_64-linux-gnu/libcurl.so (found version "8.5.0")  
[1.345s] -- Checking for module 'jsoncpp'
[1.356s] --   Found jsoncpp, version 1.9.5
[1.384s] -- Found JSONCPP: TRUE  
[1.396s] -- Checking for module 'yaml-0.1'
[1.407s] --   Found yaml-0.1, version 0.2.5
[1.433s] -- Found YAML: TRUE  
[1.438s] -- Checking for module 'libzip'
[1.449s] --   Found libzip, version 1.7.3
[1.475s] -- Found ZIP: TRUE  
[1.475s] -- Looking for gz-utils2 -- found version 2.2.1
[1.475s] -- Looking for gz-common5 -- found version 5.7.1
[1.475s] -- Searching for dependencies of gz-common5
[1.475s] -- Looking for gz-utils2 -- found version 2.2.1
[1.475s] -- Looking for dlfcn.h - found
[1.476s] -- Looking for libdl - found
[1.481s] -- Searching for <gz-common5> component [testing]
[1.483s] -- Looking for gz-common5-testing -- found version 5.7.1
[1.483s] -- Searching for dependencies of gz-common5-testing
[1.483s] -- Looking for gz-math7 -- found version 7.5.2
[1.484s] -- Looking for gz-msgs10 -- found version 10.3.2
[1.485s] -- Looking for gz-gui8 -- found version 8.4.0
[1.485s] -- Searching for dependencies of gz-gui8
[1.504s] -- Looking for gz-utils2 -- found version 2.2.1
[1.504s] -- Looking for gz-math7 -- found version 7.5.2
[1.504s] -- Looking for gz-common5 -- found version 5.7.1
[1.504s] -- Looking for gz-plugin2 -- found version 2.0.4
[1.505s] -- Looking for gz-transport13 -- found version 13.5.0
[1.506s] -- Looking for gz-rendering8 -- found version 8.2.3
[1.506s] -- Searching for dependencies of gz-rendering8
[1.506s] -- Looking for gz-math7 -- found version 7.5.2
[1.506s] -- Searching for dependencies of gz-math7
[1.507s] -- Looking for gz-utils2 -- found version 2.2.1
[1.507s] -- Searching for <gz-math7> component [eigen3]
[1.508s] -- Looking for gz-math7-eigen3 -- found version 7.5.2
[1.508s] -- Searching for dependencies of gz-math7-eigen3
[1.515s] -- Looking for gz-common5 -- found version 5.7.1
[1.515s] -- Searching for dependencies of gz-common5
[1.515s] -- Looking for gz-utils2 -- found version 2.2.1
[1.515s] -- Looking for dlfcn.h - found
[1.515s] -- Looking for libdl - found
[1.520s] -- Searching for <gz-common5> component [graphics]
[1.521s] -- Searching for <gz-common5> component [events]
[1.521s] -- Searching for <gz-common5> component [geospatial]
[1.522s] -- Looking for gz-common5-geospatial -- found version 5.7.1
[1.522s] -- Searching for dependencies of gz-common5-geospatial
[1.522s] -- Looking for gz-math7 -- found version 7.5.2
[1.522s] -- Looking for gz-common5 -- found version 5.7.1
[1.523s] -- Looking for gz-plugin2 -- found version 2.0.4
[1.523s] -- Searching for dependencies of gz-plugin2
[1.523s] -- Looking for gz-utils2 -- found version 2.2.1
[1.523s] -- Searching for <gz-plugin2> component [all]
[1.524s] -- Looking for all libraries of gz-plugin2 -- found version 2.0.4
[1.524s] -- Looking for gz-plugin2 -- found version 2.0.4
[1.525s] -- Looking for gz-utils2 -- found version 2.2.1
[1.532s] -- Found OpenGL: /usr/lib/x86_64-linux-gnu/libOpenGL.so  found components: OpenGL 
[1.533s] -- Looking for gz-msgs10 -- found version 10.3.2
[1.550s] -- Looking for gz-physics7 -- found version 7.6.0
[1.550s] -- Searching for dependencies of gz-physics7
[1.550s] -- Looking for gz-common5 -- found version 5.7.1
[1.551s] -- Looking for gz-math7 -- found version 7.5.2
[1.551s] -- Looking for gz-plugin2 -- found version 2.0.4
[1.551s] -- Looking for gz-utils2 -- found version 2.2.1
[1.552s] -- Searching for <gz-physics7> component [heightmap]
[1.553s] -- Looking for gz-physics7-heightmap -- found version 7.6.0
[1.553s] -- Searching for dependencies of gz-physics7-heightmap
[1.553s] -- Looking for gz-common5 -- found version 5.7.1
[1.554s] -- Searching for <gz-physics7> component [mesh]
[1.554s] -- Looking for gz-physics7-mesh -- found version 7.6.0
[1.554s] -- Searching for dependencies of gz-physics7-mesh
[1.555s] -- Looking for gz-common5 -- found version 5.7.1
[1.555s] -- Searching for <gz-physics7> component [sdf]
[1.556s] -- Looking for gz-physics7-sdf -- found version 7.6.0
[1.556s] -- Searching for dependencies of gz-physics7-sdf
[1.556s] -- Looking for sdformat14 -- found version 14.8.0
[1.557s] -- Looking for gz-sensors8 -- found version 8.2.2
[1.557s] -- Searching for dependencies of gz-sensors8
[1.571s] -- Looking for gz-math7 -- found version 7.5.2
[1.571s] -- Looking for gz-common5 -- found version 5.7.1
[1.572s] -- Looking for gz-transport13 -- found version 13.5.0
[1.572s] -- Looking for gz-rendering8 -- found version 8.2.3
[1.572s] -- Looking for gz-msgs10 -- found version 10.3.2
[1.572s] -- Looking for sdformat14 -- found version 14.8.0
[1.573s] -- Searching for <gz-sensors8> component [air_pressure]
[1.574s] -- Looking for gz-sensors8-air_pressure -- found version 8.2.2
[1.574s] -- Searching for dependencies of gz-sensors8-air_pressure
[1.574s] -- Searching for <gz-sensors8> component [air_speed]
[1.575s] -- Looking for gz-sensors8-air_speed -- found version 8.2.2
[1.575s] -- Searching for dependencies of gz-sensors8-air_speed
[1.576s] -- Searching for <gz-sensors8> component [altimeter]
[1.576s] -- Looking for gz-sensors8-altimeter -- found version 8.2.2
[1.576s] -- Searching for dependencies of gz-sensors8-altimeter
[1.577s] -- Searching for <gz-sensors8> component [imu]
[1.578s] -- Looking for gz-sensors8-imu -- found version 8.2.2
[1.578s] -- Searching for dependencies of gz-sensors8-imu
[1.578s] -- Searching for <gz-sensors8> component [force_torque]
[1.579s] -- Looking for gz-sensors8-force_torque -- found version 8.2.2
[1.579s] -- Searching for dependencies of gz-sensors8-force_torque
[1.579s] -- Searching for <gz-sensors8> component [logical_camera]
[1.580s] -- Looking for gz-sensors8-logical_camera -- found version 8.2.2
[1.580s] -- Searching for dependencies of gz-sensors8-logical_camera
[1.580s] -- Searching for <gz-sensors8> component [magnetometer]
[1.581s] -- Looking for gz-sensors8-magnetometer -- found version 8.2.2
[1.581s] -- Searching for dependencies of gz-sensors8-magnetometer
[1.581s] -- Searching for <gz-sensors8> component [navsat]
[1.582s] -- Looking for gz-sensors8-navsat -- found version 8.2.2
[1.582s] -- Searching for dependencies of gz-sensors8-navsat
[1.583s] -- Searching for <gz-sensors8> component [dvl]
[1.583s] -- Looking for gz-sensors8-dvl -- found version 8.2.2
[1.584s] -- Searching for dependencies of gz-sensors8-dvl
[1.584s] -- Looking for gz-sensors8 -- found version 8.2.2
[1.584s] -- Searching for dependencies of gz-sensors8
[1.599s] -- Looking for gz-math7 -- found version 7.5.2
[1.599s] -- Looking for gz-common5 -- found version 5.7.1
[1.599s] -- Looking for gz-transport13 -- found version 13.5.0
[1.600s] -- Looking for gz-rendering8 -- found version 8.2.3
[1.600s] -- Looking for gz-msgs10 -- found version 10.3.2
[1.600s] -- Looking for sdformat14 -- found version 14.8.0
[1.600s] -- Searching for <gz-sensors8> component [rendering]
[1.602s] -- Looking for gz-sensors8-rendering -- found version 8.2.2
[1.602s] -- Searching for dependencies of gz-sensors8-rendering
[1.604s] -- Searching for <gz-sensors8> component [rendering]
[1.604s] -- Searching for <gz-sensors8> component [lidar]
[1.605s] -- Looking for gz-sensors8-lidar -- found version 8.2.2
[1.605s] -- Searching for dependencies of gz-sensors8-lidar
[1.605s] -- Looking for gz-sensors8 -- found version 8.2.2
[1.605s] -- Searching for <gz-sensors8> component [gpu_lidar]
[1.606s] -- Looking for gz-sensors8-gpu_lidar -- found version 8.2.2
[1.606s] -- Searching for dependencies of gz-sensors8-gpu_lidar
[1.607s] -- Looking for gz-sensors8 -- found version 8.2.2
[1.607s] -- Searching for <gz-sensors8> component [camera]
[1.608s] -- Looking for gz-sensors8-camera -- found version 8.2.2
[1.608s] -- Searching for dependencies of gz-sensors8-camera
[1.608s] -- Looking for gz-sensors8 -- found version 8.2.2
[1.608s] -- Searching for <gz-sensors8> component [boundingbox_camera]
[1.609s] -- Looking for gz-sensors8-boundingbox_camera -- found version 8.2.2
[1.609s] -- Searching for dependencies of gz-sensors8-boundingbox_camera
[1.609s] -- Searching for <gz-sensors8> component [segmentation_camera]
[1.610s] -- Looking for gz-sensors8-segmentation_camera -- found version 8.2.2
[1.610s] -- Searching for dependencies of gz-sensors8-segmentation_camera
[1.611s] -- Searching for <gz-sensors8> component [depth_camera]
[1.611s] -- Looking for gz-sensors8-depth_camera -- found version 8.2.2
[1.611s] -- Searching for dependencies of gz-sensors8-depth_camera
[1.612s] -- Looking for gz-sensors8 -- found version 8.2.2
[1.612s] -- Searching for <gz-sensors8> component [rgbd_camera]
[1.613s] -- Looking for gz-sensors8-rgbd_camera -- found version 8.2.2
[1.613s] -- Searching for dependencies of gz-sensors8-rgbd_camera
[1.613s] -- Looking for gz-sensors8 -- found version 8.2.2
[1.613s] -- Searching for <gz-sensors8> component [thermal_camera]
[1.614s] -- Looking for gz-sensors8-thermal_camera -- found version 8.2.2
[1.614s] -- Searching for dependencies of gz-sensors8-thermal_camera
[1.614s] -- Looking for gz-sensors8 -- found version 8.2.2
[1.615s] -- Searching for <gz-sensors8> component [wide_angle_camera]
[1.615s] -- Looking for gz-sensors8-wide_angle_camera -- found version 8.2.2
[1.616s] -- Searching for dependencies of gz-sensors8-wide_angle_camera
[1.616s] -- Looking for gz-rendering8 -- found version 8.2.3
[1.616s] -- Looking for gz-math7 -- found version 7.5.2
[1.617s] -- Looking for gz-utils2 -- found version 2.2.1
[1.632s] -- Looking for gz-msgs10 -- found version 10.3.2
[1.633s] -- Looking for gz-transport13 -- found version 13.5.0
[1.633s] -- Looking for gz-plugin2 -- found version 2.0.4
[1.636s] -- Found ament_lint_auto: 0.17.4 (/opt/ros/jazzy/share/ament_lint_auto/cmake)
[1.704s] -- Added test 'cppcheck' to perform static code analysis on C / C++ code
[1.704s] -- Configured cppcheck include dirs: 
[1.704s] -- Configured cppcheck exclude dirs and/or files: 
[1.704s] -- Added test 'lint_cmake' to check CMake code style
[1.705s] -- Added test 'uncrustify' to check C / C++ code style
[1.705s] -- Configured uncrustify additional arguments: 
[1.705s] -- Added test 'xmllint' to check XML markup files
[1.706s] -- Configuring done (1.7s)
[1.718s] -- Generating done (0.0s)
[1.721s] -- Build files have been written to: /home/naiwu/xxu_2026/xxu_nav_2026/build/xxu_livox_sim
[1.731s] Invoked command in '/home/naiwu/xxu_2026/xxu_nav_2026/build/xxu_livox_sim' returned '0': CMAKE_PREFIX_PATH=${CMAKE_PREFIX_PATH}:/opt/ros/jazzy DEBUGINFOD_URLS=https://debuginfod.ubuntu.com /usr/bin/cmake /home/naiwu/xxu_2026/xxu_nav_2026/src/xxu_livox_sim -DCMAKE_INSTALL_PREFIX=/home/naiwu/xxu_2026/xxu_nav_2026/install/xxu_livox_sim
[1.731s] Invoking command in '/home/naiwu/xxu_2026/xxu_nav_2026/build/xxu_livox_sim': CMAKE_PREFIX_PATH=${CMAKE_PREFIX_PATH}:/opt/ros/jazzy DEBUGINFOD_URLS=https://debuginfod.ubuntu.com /usr/bin/cmake --build /home/naiwu/xxu_2026/xxu_nav_2026/build/xxu_livox_sim -- -j24 -l24
[1.776s] [ 75%] Building CXX object CMakeFiles/livox_mid360_system.dir/src/livox_mid360_system.cpp.o
[1.776s] [ 75%] Built target livox_pointcloud_shaper
[4.080s] [100%] Linking CXX shared library liblivox_mid360_system.so
[4.209s] [100%] Built target livox_mid360_system
[4.217s] Invoked command in '/home/naiwu/xxu_2026/xxu_nav_2026/build/xxu_livox_sim' returned '0': CMAKE_PREFIX_PATH=${CMAKE_PREFIX_PATH}:/opt/ros/jazzy DEBUGINFOD_URLS=https://debuginfod.ubuntu.com /usr/bin/cmake --build /home/naiwu/xxu_2026/xxu_nav_2026/build/xxu_livox_sim -- -j24 -l24
[4.224s] Invoking command in '/home/naiwu/xxu_2026/xxu_nav_2026/build/xxu_livox_sim': CMAKE_PREFIX_PATH=${CMAKE_PREFIX_PATH}:/opt/ros/jazzy DEBUGINFOD_URLS=https://debuginfod.ubuntu.com /usr/bin/cmake --install /home/naiwu/xxu_2026/xxu_nav_2026/build/xxu_livox_sim
[4.231s] -- Install configuration: ""
[4.231s] -- Up-to-date: /home/naiwu/xxu_2026/xxu_nav_2026/install/xxu_livox_sim/lib/xxu_livox_sim/livox_pointcloud_shaper
[4.232s] -- Installing: /home/naiwu/xxu_2026/xxu_nav_2026/install/xxu_livox_sim/lib/xxu_livox_sim/liblivox_mid360_system.so
[4.233s] -- Set non-toolchain portion of runtime path of "/home/naiwu/xxu_2026/xxu_nav_2026/install/xxu_livox_sim/lib/xxu_livox_sim/liblivox_mid360_system.so" to ""
[4.233s] -- Up-to-date: /home/naiwu/xxu_2026/xxu_nav_2026/install/xxu_livox_sim/share/xxu_livox_sim/config
[4.233s] -- Up-to-date: /home/naiwu/xxu_2026/xxu_nav_2026/install/xxu_livox_sim/share/xxu_livox_sim/config/mid360.csv
[4.234s] -- Up-to-date: /home/naiwu/xxu_2026/xxu_nav_2026/install/xxu_livox_sim/share/ament_index/resource_index/package_run_dependencies/xxu_livox_sim
[4.234s] -- Up-to-date: /home/naiwu/xxu_2026/xxu_nav_2026/install/xxu_livox_sim/share/ament_index/resource_index/parent_prefix_path/xxu_livox_sim
[4.234s] -- Up-to-date: /home/naiwu/xxu_2026/xxu_nav_2026/install/xxu_livox_sim/share/xxu_livox_sim/environment/ament_prefix_path.sh
[4.234s] -- Up-to-date: /home/naiwu/xxu_2026/xxu_nav_2026/install/xxu_livox_sim/share/xxu_livox_sim/environment/ament_prefix_path.dsv
[4.234s] -- Up-to-date: /home/naiwu/xxu_2026/xxu_nav_2026/install/xxu_livox_sim/share/xxu_livox_sim/environment/path.sh
[4.234s] -- Up-to-date: /home/naiwu/xxu_2026/xxu_nav_2026/install/xxu_livox_sim/share/xxu_livox_sim/environment/path.dsv
[4.234s] -- Up-to-date: /home/naiwu/xxu_2026/xxu_nav_2026/install/xxu_livox_sim/share/xxu_livox_sim/local_setup.bash
[4.234s] -- Up-to-date: /home/naiwu/xxu_2026/xxu_nav_2026/install/xxu_livox_sim/share/xxu_livox_sim/local_setup.sh
[4.234s] -- Up-to-date: /home/naiwu/xxu_2026/xxu_nav_2026/install/xxu_livox_sim/share/xxu_livox_sim/local_setup.zsh
[4.234s] -- Up-to-date: /home/naiwu/xxu_2026/xxu_nav_2026/install/xxu_livox_sim/share/xxu_livox_sim/local_setup.dsv
[4.234s] -- Installing: /home/naiwu/xxu_2026/xxu_nav_2026/install/xxu_livox_sim/share/xxu_livox_sim/package.dsv
[4.234s] -- Up-to-date: /home/naiwu/xxu_2026/xxu_nav_2026/install/xxu_livox_sim/share/ament_index/resource_index/packages/xxu_livox_sim
[4.235s] -- Up-to-date: /home/naiwu/xxu_2026/xxu_nav_2026/install/xxu_livox_sim/share/xxu_livox_sim/cmake/xxu_livox_simConfig.cmake
[4.235s] -- Up-to-date: /home/naiwu/xxu_2026/xxu_nav_2026/install/xxu_livox_sim/share/xxu_livox_sim/cmake/xxu_livox_simConfig-version.cmake
[4.235s] -- Up-to-date: /home/naiwu/xxu_2026/xxu_nav_2026/install/xxu_livox_sim/share/xxu_livox_sim/package.xml
[4.235s] Invoked command in '/home/naiwu/xxu_2026/xxu_nav_2026/build/xxu_livox_sim' returned '0': CMAKE_PREFIX_PATH=${CMAKE_PREFIX_PATH}:/opt/ros/jazzy DEBUGINFOD_URLS=https://debuginfod.ubuntu.com /usr/bin/cmake --install /home/naiwu/xxu_2026/xxu_nav_2026/build/xxu_livox_sim
