[0.013s] Invoking command in '/home/naiwu/xxu_2026/xxu_nav_2026/build/small_point_lio': CMAKE_PREFIX_PATH=${CMAKE_PREFIX_PATH}:/opt/ros/jazzy DEBUGINFOD_URLS=https://debuginfod.ubuntu.com /usr/bin/cmake /home/naiwu/xxu_2026/xxu_nav_2026/src/small_point_lio -DAMENT_CMAKE_SYMLINK_INSTALL=1 -DCMAKE_INSTALL_PREFIX=/home/naiwu/xxu_2026/xxu_nav_2026/install/small_point_lio
[0.044s] -- Found ament_cmake_auto: 2.5.5 (/opt/ros/jazzy/share/ament_cmake_auto/cmake)
[0.174s] -- Override CMake install command with custom implementation using symlinks instead of copying resources
[0.182s] -- Found rclcpp: 28.1.16 (/opt/ros/jazzy/share/rclcpp/cmake)
[0.204s] -- Found rosidl_generator_c: 4.6.7 (/opt/ros/jazzy/share/rosidl_generator_c/cmake)
[0.209s] -- Found rosidl_generator_cpp: 4.6.7 (/opt/ros/jazzy/share/rosidl_generator_cpp/cmake)
[0.215s] -- Using all available rosidl_typesupport_c: rosidl_typesupport_fastrtps_c;rosidl_typesupport_introspection_c
[0.223s] -- Using all available rosidl_typesupport_cpp: rosidl_typesupport_fastrtps_cpp;rosidl_typesupport_introspection_cpp
[0.261s] -- Found rmw_implementation_cmake: 7.3.3 (/opt/ros/jazzy/share/rmw_implementation_cmake/cmake)
[0.263s] -- Found rmw_fastrtps_cpp: 8.4.3 (/opt/ros/jazzy/share/rmw_fastrtps_cpp/cmake)
[0.326s] -- Using RMW implementation 'rmw_fastrtps_cpp' as default
[0.373s] -- Found rclcpp_components: 28.1.16 (/opt/ros/jazzy/share/rclcpp_components/cmake)
[0.395s] -- Found rclpy: 7.1.9 (/opt/ros/jazzy/share/rclpy/cmake)
[0.395s] -- Found sensor_msgs: 5.3.6 (/opt/ros/jazzy/share/sensor_msgs/cmake)
[0.431s] -- Found nav_msgs: 5.3.6 (/opt/ros/jazzy/share/nav_msgs/cmake)
[0.448s] -- Found tf2_ros: 0.36.19 (/opt/ros/jazzy/share/tf2_ros/cmake)
[0.513s] -- Found tf2_geometry_msgs: 0.36.19 (/opt/ros/jazzy/share/tf2_geometry_msgs/cmake)
[0.515s] -- Found eigen3_cmake_module: 0.3.0 (/opt/ros/jazzy/share/eigen3_cmake_module/cmake)
[0.516s] -- Ensuring Eigen3 include directory is part of orocos-kdl CMake target
[0.518s] -- Found std_srvs: 5.3.6 (/opt/ros/jazzy/share/std_srvs/cmake)
[0.538s] -- livox_ros_driver2 not found. Building without Livox custom message support.
[0.541s] -- Found ament_lint_auto: 0.17.4 (/opt/ros/jazzy/share/ament_lint_auto/cmake)
[0.607s] -- Added test 'cppcheck' to perform static code analysis on C / C++ code
[0.607s] -- Configured cppcheck include dirs: /home/naiwu/xxu_2026/xxu_nav_2026/src/small_point_lio/include;/home/naiwu/xxu_2026/xxu_nav_2026/src/small_point_lio/3rdparty;/home/naiwu/xxu_2026/xxu_nav_2026/src/small_point_lio/src
[0.607s] -- Configured cppcheck exclude dirs and/or files: 
[0.609s] -- Added test 'cpplint' to check C / C++ code against the Google style
[0.609s] -- Configured cpplint exclude dirs and/or files: 
[0.609s] -- Added test 'flake8' to check Python code syntax and style conventions
[0.609s] -- Configured 'flake8' exclude dirs and/or files: 
[0.610s] -- Added test 'lint_cmake' to check CMake code style
[0.610s] -- Added test 'pep257' to check Python code against some of the docstring style conventions in PEP 257
[0.611s] -- Added test 'xmllint' to check XML markup files
[0.613s] -- Configuring done (0.6s)
[0.635s] -- Generating done (0.0s)
[0.642s] -- Build files have been written to: /home/naiwu/xxu_2026/xxu_nav_2026/build/small_point_lio
[0.650s] Invoked command in '/home/naiwu/xxu_2026/xxu_nav_2026/build/small_point_lio' returned '0': CMAKE_PREFIX_PATH=${CMAKE_PREFIX_PATH}:/opt/ros/jazzy DEBUGINFOD_URLS=https://debuginfod.ubuntu.com /usr/bin/cmake /home/naiwu/xxu_2026/xxu_nav_2026/src/small_point_lio -DAMENT_CMAKE_SYMLINK_INSTALL=1 -DCMAKE_INSTALL_PREFIX=/home/naiwu/xxu_2026/xxu_nav_2026/install/small_point_lio
[0.650s] Invoking command in '/home/naiwu/xxu_2026/xxu_nav_2026/build/small_point_lio': CMAKE_PREFIX_PATH=${CMAKE_PREFIX_PATH}:/opt/ros/jazzy DEBUGINFOD_URLS=https://debuginfod.ubuntu.com /usr/bin/cmake --build /home/naiwu/xxu_2026/xxu_nav_2026/build/small_point_lio -- -j24 -l24
[0.693s] [ 14%] Built target small_point_lio_node
[0.705s] [100%] Built target small_point_lio
[0.714s] Invoked command in '/home/naiwu/xxu_2026/xxu_nav_2026/build/small_point_lio' returned '0': CMAKE_PREFIX_PATH=${CMAKE_PREFIX_PATH}:/opt/ros/jazzy DEBUGINFOD_URLS=https://debuginfod.ubuntu.com /usr/bin/cmake --build /home/naiwu/xxu_2026/xxu_nav_2026/build/small_point_lio -- -j24 -l24
[0.714s] Invoking command in '/home/naiwu/xxu_2026/xxu_nav_2026/build/small_point_lio': CMAKE_PREFIX_PATH=${CMAKE_PREFIX_PATH}:/opt/ros/jazzy DEBUGINFOD_URLS=https://debuginfod.ubuntu.com /usr/bin/cmake --install /home/naiwu/xxu_2026/xxu_nav_2026/build/small_point_lio
[0.719s] -- Install configuration: "Release"
[0.720s] -- Execute custom install script
[0.720s] -- Up-to-date symlink: /home/naiwu/xxu_2026/xxu_nav_2026/install/small_point_lio/lib/small_point_lio/small_point_lio_node
[0.720s] -- Up-to-date symlink: /home/naiwu/xxu_2026/xxu_nav_2026/install/small_point_lio/include/small_point_lio/param_deliver.h.in
[0.720s] -- Up-to-date symlink: /home/naiwu/xxu_2026/xxu_nav_2026/install/small_point_lio/include/small_point_lio/pch.h
[0.720s] -- Up-to-date symlink: /home/naiwu/xxu_2026/xxu_nav_2026/install/small_point_lio/share/small_point_lio/environment/library_path.sh
[0.720s] -- Up-to-date symlink: /home/naiwu/xxu_2026/xxu_nav_2026/install/small_point_lio/share/small_point_lio/environment/library_path.dsv
[0.720s] -- Up-to-date symlink: /home/naiwu/xxu_2026/xxu_nav_2026/install/small_point_lio/lib/libsmall_point_lio.so
[0.720s] -- Up-to-date symlink: /home/naiwu/xxu_2026/xxu_nav_2026/install/small_point_lio/share/small_point_lio/config/mid360.yaml
[0.720s] -- Up-to-date symlink: /home/naiwu/xxu_2026/xxu_nav_2026/install/small_point_lio/share/small_point_lio/config/unilidar_l2.yaml
[0.720s] -- Up-to-date symlink: /home/naiwu/xxu_2026/xxu_nav_2026/install/small_point_lio/share/small_point_lio/config/xxu_gazebo_mid360.yaml
[0.720s] -- Up-to-date symlink: /home/naiwu/xxu_2026/xxu_nav_2026/install/small_point_lio/share/small_point_lio/launch/small_point_lio.launch.py
[0.720s] -- Up-to-date symlink: /home/naiwu/xxu_2026/xxu_nav_2026/install/small_point_lio/share/ament_index/resource_index/package_run_dependencies/small_point_lio
[0.720s] -- Up-to-date symlink: /home/naiwu/xxu_2026/xxu_nav_2026/install/small_point_lio/share/ament_index/resource_index/parent_prefix_path/small_point_lio
[0.720s] -- Up-to-date symlink: /home/naiwu/xxu_2026/xxu_nav_2026/install/small_point_lio/share/small_point_lio/environment/ament_prefix_path.sh
[0.720s] -- Up-to-date symlink: /home/naiwu/xxu_2026/xxu_nav_2026/install/small_point_lio/share/small_point_lio/environment/ament_prefix_path.dsv
[0.721s] -- Up-to-date symlink: /home/naiwu/xxu_2026/xxu_nav_2026/install/small_point_lio/share/small_point_lio/environment/path.sh
[0.721s] -- Up-to-date symlink: /home/naiwu/xxu_2026/xxu_nav_2026/install/small_point_lio/share/small_point_lio/environment/path.dsv
[0.721s] -- Up-to-date symlink: /home/naiwu/xxu_2026/xxu_nav_2026/install/small_point_lio/share/small_point_lio/local_setup.bash
[0.721s] -- Up-to-date symlink: /home/naiwu/xxu_2026/xxu_nav_2026/install/small_point_lio/share/small_point_lio/local_setup.sh
[0.721s] -- Up-to-date symlink: /home/naiwu/xxu_2026/xxu_nav_2026/install/small_point_lio/share/small_point_lio/local_setup.zsh
[0.721s] -- Up-to-date symlink: /home/naiwu/xxu_2026/xxu_nav_2026/install/small_point_lio/share/small_point_lio/local_setup.dsv
[0.721s] -- Symlinking: /home/naiwu/xxu_2026/xxu_nav_2026/install/small_point_lio/share/small_point_lio/package.dsv
[0.728s] -- Up-to-date symlink: /home/naiwu/xxu_2026/xxu_nav_2026/install/small_point_lio/share/ament_index/resource_index/packages/small_point_lio
[0.728s] -- Up-to-date symlink: /home/naiwu/xxu_2026/xxu_nav_2026/install/small_point_lio/share/ament_index/resource_index/rclcpp_components/small_point_lio
[0.728s] -- Up-to-date symlink: /home/naiwu/xxu_2026/xxu_nav_2026/install/small_point_lio/share/small_point_lio/cmake/ament_cmake_export_include_directories-extras.cmake
[0.728s] -- Up-to-date symlink: /home/naiwu/xxu_2026/xxu_nav_2026/install/small_point_lio/share/small_point_lio/cmake/ament_cmake_export_libraries-extras.cmake
[0.728s] -- Up-to-date symlink: /home/naiwu/xxu_2026/xxu_nav_2026/install/small_point_lio/share/small_point_lio/cmake/small_point_lioConfig.cmake
[0.728s] -- Up-to-date symlink: /home/naiwu/xxu_2026/xxu_nav_2026/install/small_point_lio/share/small_point_lio/cmake/small_point_lioConfig-version.cmake
[0.728s] -- Up-to-date symlink: /home/naiwu/xxu_2026/xxu_nav_2026/install/small_point_lio/share/small_point_lio/package.xml
[0.729s] Invoked command in '/home/naiwu/xxu_2026/xxu_nav_2026/build/small_point_lio' returned '0': CMAKE_PREFIX_PATH=${CMAKE_PREFIX_PATH}:/opt/ros/jazzy DEBUGINFOD_URLS=https://debuginfod.ubuntu.com /usr/bin/cmake --install /home/naiwu/xxu_2026/xxu_nav_2026/build/small_point_lio
