[0.021s] Invoking command in '/home/naiwu/xxu_2026/xxu_nav_2026/build/xxu_chassis_controller': CMAKE_PREFIX_PATH=${CMAKE_PREFIX_PATH}:/opt/ros/jazzy DEBUGINFOD_URLS=https://debuginfod.ubuntu.com /usr/bin/cmake --build /home/naiwu/xxu_2026/xxu_nav_2026/build/xxu_chassis_controller -- -j24 -l24
[0.069s] [100%] Built target chassis_controller
[0.094s] Invoked command in '/home/naiwu/xxu_2026/xxu_nav_2026/build/xxu_chassis_controller' returned '0': CMAKE_PREFIX_PATH=${CMAKE_PREFIX_PATH}:/opt/ros/jazzy DEBUGINFOD_URLS=https://debuginfod.ubuntu.com /usr/bin/cmake --build /home/naiwu/xxu_2026/xxu_nav_2026/build/xxu_chassis_controller -- -j24 -l24
[0.095s] Invoking command in '/home/naiwu/xxu_2026/xxu_nav_2026/build/xxu_chassis_controller': CMAKE_PREFIX_PATH=${CMAKE_PREFIX_PATH}:/opt/ros/jazzy DEBUGINFOD_URLS=https://debuginfod.ubuntu.com /usr/bin/cmake --install /home/naiwu/xxu_2026/xxu_nav_2026/build/xxu_chassis_controller
[0.101s] -- Install configuration: ""
[0.102s] -- Execute custom install script
[0.102s] -- Up-to-date symlink: /home/naiwu/xxu_2026/xxu_nav_2026/install/xxu_chassis_controller/lib/xxu_chassis_controller/chassis_controller
[0.102s] -- Up-to-date symlink: /home/naiwu/xxu_2026/xxu_nav_2026/install/xxu_chassis_controller/share/ament_index/resource_index/package_run_dependencies/xxu_chassis_controller
[0.102s] -- Up-to-date symlink: /home/naiwu/xxu_2026/xxu_nav_2026/install/xxu_chassis_controller/share/ament_index/resource_index/parent_prefix_path/xxu_chassis_controller
[0.102s] -- Up-to-date symlink: /home/naiwu/xxu_2026/xxu_nav_2026/install/xxu_chassis_controller/share/xxu_chassis_controller/environment/ament_prefix_path.sh
[0.103s] -- Up-to-date symlink: /home/naiwu/xxu_2026/xxu_nav_2026/install/xxu_chassis_controller/share/xxu_chassis_controller/environment/ament_prefix_path.dsv
[0.103s] -- Up-to-date symlink: /home/naiwu/xxu_2026/xxu_nav_2026/install/xxu_chassis_controller/share/xxu_chassis_controller/environment/path.sh
[0.103s] -- Up-to-date symlink: /home/naiwu/xxu_2026/xxu_nav_2026/install/xxu_chassis_controller/share/xxu_chassis_controller/environment/path.dsv
[0.103s] -- Up-to-date symlink: /home/naiwu/xxu_2026/xxu_nav_2026/install/xxu_chassis_controller/share/xxu_chassis_controller/local_setup.bash
[0.103s] -- Up-to-date symlink: /home/naiwu/xxu_2026/xxu_nav_2026/install/xxu_chassis_controller/share/xxu_chassis_controller/local_setup.sh
[0.103s] -- Up-to-date symlink: /home/naiwu/xxu_2026/xxu_nav_2026/install/xxu_chassis_controller/share/xxu_chassis_controller/local_setup.zsh
[0.103s] -- Up-to-date symlink: /home/naiwu/xxu_2026/xxu_nav_2026/install/xxu_chassis_controller/share/xxu_chassis_controller/local_setup.dsv
[0.103s] -- Symlinking: /home/naiwu/xxu_2026/xxu_nav_2026/install/xxu_chassis_controller/share/xxu_chassis_controller/package.dsv
[0.109s] -- Up-to-date symlink: /home/naiwu/xxu_2026/xxu_nav_2026/install/xxu_chassis_controller/share/ament_index/resource_index/packages/xxu_chassis_controller
[0.109s] -- Up-to-date symlink: /home/naiwu/xxu_2026/xxu_nav_2026/install/xxu_chassis_controller/share/xxu_chassis_controller/cmake/xxu_chassis_controllerConfig.cmake
[0.109s] -- Up-to-date symlink: /home/naiwu/xxu_2026/xxu_nav_2026/install/xxu_chassis_controller/share/xxu_chassis_controller/cmake/xxu_chassis_controllerConfig-version.cmake
[0.109s] -- Up-to-date symlink: /home/naiwu/xxu_2026/xxu_nav_2026/install/xxu_chassis_controller/share/xxu_chassis_controller/package.xml
[0.111s] Invoked command in '/home/naiwu/xxu_2026/xxu_nav_2026/build/xxu_chassis_controller' returned '0': CMAKE_PREFIX_PATH=${CMAKE_PREFIX_PATH}:/opt/ros/jazzy DEBUGINFOD_URLS=https://debuginfod.ubuntu.com /usr/bin/cmake --install /home/naiwu/xxu_2026/xxu_nav_2026/build/xxu_chassis_controller
