[0.137s] DEBUG:colcon:Command line arguments: ['/usr/bin/colcon', 'build', '--packages-select', 'pointcloud_to_laserscan', 'xxu_description', '--event-handlers', 'console_direct+']
[0.137s] DEBUG:colcon:Parsed command line arguments: Namespace(log_base=None, log_level=None, verb_name='build', build_base='build', install_base='install', merge_install=False, symlink_install=False, test_result_base=None, continue_on_error=False, executor='parallel', parallel_workers=24, event_handlers=['console_direct+'], ignore_user_meta=False, metas=['./colcon.meta'], base_paths=['.'], packages_ignore=None, packages_ignore_regex=None, paths=None, packages_up_to=None, packages_up_to_regex=None, packages_above=None, packages_above_and_dependencies=None, packages_above_depth=None, packages_select_by_dep=None, packages_skip_by_dep=None, packages_skip_up_to=None, packages_select_build_failed=False, packages_skip_build_finished=False, packages_select_test_failures=False, packages_skip_test_passed=False, packages_select=['pointcloud_to_laserscan', 'xxu_description'], packages_skip=None, packages_select_regex=None, packages_skip_regex=None, packages_start=None, packages_end=None, allow_overriding=[], cmake_args=None, cmake_target=None, cmake_target_skip_unavailable=False, cmake_clean_cache=False, cmake_clean_first=False, cmake_force_configure=False, ament_cmake_args=None, catkin_cmake_args=None, catkin_skip_building_tests=False, verb_parser=<colcon_defaults.argument_parser.defaults.DefaultArgumentsDecorator object at 0x73301a24c2f0>, verb_extension=<colcon_core.verb.build.BuildVerb object at 0x73301a3bef30>, main=<bound method BuildVerb.main of <colcon_core.verb.build.BuildVerb object at 0x73301a3bef30>>)
[0.182s] Level 1:colcon.colcon_core.package_discovery:discover_packages(colcon_meta) check parameters
[0.182s] Level 1:colcon.colcon_core.package_discovery:discover_packages(recursive) check parameters
[0.182s] Level 1:colcon.colcon_core.package_discovery:discover_packages(ignore) check parameters
[0.182s] Level 1:colcon.colcon_core.package_discovery:discover_packages(path) check parameters
[0.182s] Level 1:colcon.colcon_core.package_discovery:discover_packages(colcon_meta) discover
[0.182s] Level 1:colcon.colcon_core.package_discovery:discover_packages(recursive) discover
[0.182s] INFO:colcon.colcon_core.package_discovery:Crawling recursively for packages in '/home/naiwu/xxu_2026/xxu_nav_2026'
[0.182s] Level 1:colcon.colcon_core.package_identification:_identify(.) by extensions ['ignore', 'ignore_ament_install']
[0.182s] Level 1:colcon.colcon_core.package_identification:_identify(.) by extension 'ignore'
[0.182s] Level 1:colcon.colcon_core.package_identification:_identify(.) by extension 'ignore_ament_install'
[0.183s] Level 1:colcon.colcon_core.package_identification:_identify(.) by extensions ['colcon_pkg']
[0.183s] Level 1:colcon.colcon_core.package_identification:_identify(.) by extension 'colcon_pkg'
[0.183s] Level 1:colcon.colcon_core.package_identification:_identify(.) by extensions ['colcon_meta']
[0.183s] Level 1:colcon.colcon_core.package_identification:_identify(.) by extension 'colcon_meta'
[0.183s] Level 1:colcon.colcon_core.package_identification:_identify(.) by extensions ['ros']
[0.183s] Level 1:colcon.colcon_core.package_identification:_identify(.) by extension 'ros'
[0.206s] Level 1:colcon.colcon_core.package_identification:_identify(.) by extensions ['cmake', 'python']
[0.206s] Level 1:colcon.colcon_core.package_identification:_identify(.) by extension 'cmake'
[0.206s] Level 1:colcon.colcon_core.package_identification:_identify(.) by extension 'python'
[0.206s] Level 1:colcon.colcon_core.package_identification:_identify(.) by extensions ['python_setup_py']
[0.206s] Level 1:colcon.colcon_core.package_identification:_identify(.) by extension 'python_setup_py'
[0.206s] Level 1:colcon.colcon_core.package_identification:_identify(build) by extensions ['ignore', 'ignore_ament_install']
[0.206s] Level 1:colcon.colcon_core.package_identification:_identify(build) by extension 'ignore'
[0.206s] Level 1:colcon.colcon_core.package_identification:_identify(build) ignored
[0.206s] Level 1:colcon.colcon_core.package_identification:_identify(install) by extensions ['ignore', 'ignore_ament_install']
[0.207s] Level 1:colcon.colcon_core.package_identification:_identify(install) by extension 'ignore'
[0.207s] Level 1:colcon.colcon_core.package_identification:_identify(install) ignored
[0.207s] Level 1:colcon.colcon_core.package_identification:_identify(log) by extensions ['ignore', 'ignore_ament_install']
[0.207s] Level 1:colcon.colcon_core.package_identification:_identify(log) by extension 'ignore'
[0.207s] Level 1:colcon.colcon_core.package_identification:_identify(log) ignored
[0.207s] Level 1:colcon.colcon_core.package_identification:_identify(src) by extensions ['ignore', 'ignore_ament_install']
[0.207s] Level 1:colcon.colcon_core.package_identification:_identify(src) by extension 'ignore'
[0.207s] Level 1:colcon.colcon_core.package_identification:_identify(src) by extension 'ignore_ament_install'
[0.207s] Level 1:colcon.colcon_core.package_identification:_identify(src) by extensions ['colcon_pkg']
[0.207s] Level 1:colcon.colcon_core.package_identification:_identify(src) by extension 'colcon_pkg'
[0.207s] Level 1:colcon.colcon_core.package_identification:_identify(src) by extensions ['colcon_meta']
[0.207s] Level 1:colcon.colcon_core.package_identification:_identify(src) by extension 'colcon_meta'
[0.207s] Level 1:colcon.colcon_core.package_identification:_identify(src) by extensions ['ros']
[0.207s] Level 1:colcon.colcon_core.package_identification:_identify(src) by extension 'ros'
[0.207s] Level 1:colcon.colcon_core.package_identification:_identify(src) by extensions ['cmake', 'python']
[0.207s] Level 1:colcon.colcon_core.package_identification:_identify(src) by extension 'cmake'
[0.207s] Level 1:colcon.colcon_core.package_identification:_identify(src) by extension 'python'
[0.207s] Level 1:colcon.colcon_core.package_identification:_identify(src) by extensions ['python_setup_py']
[0.207s] Level 1:colcon.colcon_core.package_identification:_identify(src) by extension 'python_setup_py'
[0.207s] Level 1:colcon.colcon_core.package_identification:_identify(src/cpp_lidar_filter) by extensions ['ignore', 'ignore_ament_install']
[0.207s] Level 1:colcon.colcon_core.package_identification:_identify(src/cpp_lidar_filter) by extension 'ignore'
[0.207s] Level 1:colcon.colcon_core.package_identification:_identify(src/cpp_lidar_filter) by extension 'ignore_ament_install'
[0.207s] Level 1:colcon.colcon_core.package_identification:_identify(src/cpp_lidar_filter) by extensions ['colcon_pkg']
[0.207s] Level 1:colcon.colcon_core.package_identification:_identify(src/cpp_lidar_filter) by extension 'colcon_pkg'
[0.207s] Level 1:colcon.colcon_core.package_identification:_identify(src/cpp_lidar_filter) by extensions ['colcon_meta']
[0.207s] Level 1:colcon.colcon_core.package_identification:_identify(src/cpp_lidar_filter) by extension 'colcon_meta'
[0.207s] Level 1:colcon.colcon_core.package_identification:_identify(src/cpp_lidar_filter) by extensions ['ros']
[0.207s] Level 1:colcon.colcon_core.package_identification:_identify(src/cpp_lidar_filter) by extension 'ros'
[0.207s] Level 1:colcon.colcon_core.package_identification:_identify(src/cpp_lidar_filter) by extensions ['cmake', 'python']
[0.207s] Level 1:colcon.colcon_core.package_identification:_identify(src/cpp_lidar_filter) by extension 'cmake'
[0.208s] Level 1:colcon.colcon_core.package_identification:_identify(src/cpp_lidar_filter) by extension 'python'
[0.208s] Level 1:colcon.colcon_core.package_identification:_identify(src/cpp_lidar_filter) by extensions ['python_setup_py']
[0.208s] Level 1:colcon.colcon_core.package_identification:_identify(src/cpp_lidar_filter) by extension 'python_setup_py'
[0.208s] Level 1:colcon.colcon_core.package_identification:_identify(src/m-explore-ros2) by extensions ['ignore', 'ignore_ament_install']
[0.208s] Level 1:colcon.colcon_core.package_identification:_identify(src/m-explore-ros2) by extension 'ignore'
[0.208s] Level 1:colcon.colcon_core.package_identification:_identify(src/m-explore-ros2) by extension 'ignore_ament_install'
[0.208s] Level 1:colcon.colcon_core.package_identification:_identify(src/m-explore-ros2) by extensions ['colcon_pkg']
[0.208s] Level 1:colcon.colcon_core.package_identification:_identify(src/m-explore-ros2) by extension 'colcon_pkg'
[0.208s] Level 1:colcon.colcon_core.package_identification:_identify(src/m-explore-ros2) by extensions ['colcon_meta']
[0.208s] Level 1:colcon.colcon_core.package_identification:_identify(src/m-explore-ros2) by extension 'colcon_meta'
[0.208s] Level 1:colcon.colcon_core.package_identification:_identify(src/m-explore-ros2) by extensions ['ros']
[0.208s] Level 1:colcon.colcon_core.package_identification:_identify(src/m-explore-ros2) by extension 'ros'
[0.208s] Level 1:colcon.colcon_core.package_identification:_identify(src/m-explore-ros2) by extensions ['cmake', 'python']
[0.208s] Level 1:colcon.colcon_core.package_identification:_identify(src/m-explore-ros2) by extension 'cmake'
[0.208s] Level 1:colcon.colcon_core.package_identification:_identify(src/m-explore-ros2) by extension 'python'
[0.208s] Level 1:colcon.colcon_core.package_identification:_identify(src/m-explore-ros2) by extensions ['python_setup_py']
[0.208s] Level 1:colcon.colcon_core.package_identification:_identify(src/m-explore-ros2) by extension 'python_setup_py'
[0.208s] Level 1:colcon.colcon_core.package_identification:_identify(src/m-explore-ros2/explore) by extensions ['ignore', 'ignore_ament_install']
[0.208s] Level 1:colcon.colcon_core.package_identification:_identify(src/m-explore-ros2/explore) by extension 'ignore'
[0.208s] Level 1:colcon.colcon_core.package_identification:_identify(src/m-explore-ros2/explore) by extension 'ignore_ament_install'
[0.208s] Level 1:colcon.colcon_core.package_identification:_identify(src/m-explore-ros2/explore) by extensions ['colcon_pkg']
[0.208s] Level 1:colcon.colcon_core.package_identification:_identify(src/m-explore-ros2/explore) by extension 'colcon_pkg'
[0.208s] Level 1:colcon.colcon_core.package_identification:_identify(src/m-explore-ros2/explore) by extensions ['colcon_meta']
[0.208s] Level 1:colcon.colcon_core.package_identification:_identify(src/m-explore-ros2/explore) by extension 'colcon_meta'
[0.208s] Level 1:colcon.colcon_core.package_identification:_identify(src/m-explore-ros2/explore) by extensions ['ros']
[0.208s] Level 1:colcon.colcon_core.package_identification:_identify(src/m-explore-ros2/explore) by extension 'ros'
[0.211s] DEBUG:colcon.colcon_core.package_identification:Package 'src/m-explore-ros2/explore' with type 'ros.ament_cmake' and name 'explore_lite'
[0.211s] Level 1:colcon.colcon_core.package_identification:_identify(src/m-explore-ros2/explore_lite_msgs) by extensions ['ignore', 'ignore_ament_install']
[0.211s] Level 1:colcon.colcon_core.package_identification:_identify(src/m-explore-ros2/explore_lite_msgs) by extension 'ignore'
[0.211s] Level 1:colcon.colcon_core.package_identification:_identify(src/m-explore-ros2/explore_lite_msgs) by extension 'ignore_ament_install'
[0.211s] Level 1:colcon.colcon_core.package_identification:_identify(src/m-explore-ros2/explore_lite_msgs) by extensions ['colcon_pkg']
[0.211s] Level 1:colcon.colcon_core.package_identification:_identify(src/m-explore-ros2/explore_lite_msgs) by extension 'colcon_pkg'
[0.211s] Level 1:colcon.colcon_core.package_identification:_identify(src/m-explore-ros2/explore_lite_msgs) by extensions ['colcon_meta']
[0.211s] Level 1:colcon.colcon_core.package_identification:_identify(src/m-explore-ros2/explore_lite_msgs) by extension 'colcon_meta'
[0.211s] Level 1:colcon.colcon_core.package_identification:_identify(src/m-explore-ros2/explore_lite_msgs) by extensions ['ros']
[0.211s] Level 1:colcon.colcon_core.package_identification:_identify(src/m-explore-ros2/explore_lite_msgs) by extension 'ros'
[0.212s] DEBUG:colcon.colcon_core.package_identification:Package 'src/m-explore-ros2/explore_lite_msgs' with type 'ros.ament_cmake' and name 'explore_lite_msgs'
[0.212s] Level 1:colcon.colcon_core.package_identification:_identify(src/m-explore-ros2/map_merge) by extensions ['ignore', 'ignore_ament_install']
[0.212s] Level 1:colcon.colcon_core.package_identification:_identify(src/m-explore-ros2/map_merge) by extension 'ignore'
[0.212s] Level 1:colcon.colcon_core.package_identification:_identify(src/m-explore-ros2/map_merge) by extension 'ignore_ament_install'
[0.212s] Level 1:colcon.colcon_core.package_identification:_identify(src/m-explore-ros2/map_merge) by extensions ['colcon_pkg']
[0.212s] Level 1:colcon.colcon_core.package_identification:_identify(src/m-explore-ros2/map_merge) by extension 'colcon_pkg'
[0.212s] Level 1:colcon.colcon_core.package_identification:_identify(src/m-explore-ros2/map_merge) by extensions ['colcon_meta']
[0.212s] Level 1:colcon.colcon_core.package_identification:_identify(src/m-explore-ros2/map_merge) by extension 'colcon_meta'
[0.212s] Level 1:colcon.colcon_core.package_identification:_identify(src/m-explore-ros2/map_merge) by extensions ['ros']
[0.212s] Level 1:colcon.colcon_core.package_identification:_identify(src/m-explore-ros2/map_merge) by extension 'ros'
[0.213s] DEBUG:colcon.colcon_core.package_identification:Package 'src/m-explore-ros2/map_merge' with type 'ros.ament_cmake' and name 'multirobot_map_merge'
[0.213s] Level 1:colcon.colcon_core.package_identification:_identify(src/pointcloud_to_laserscan) by extensions ['ignore', 'ignore_ament_install']
[0.213s] Level 1:colcon.colcon_core.package_identification:_identify(src/pointcloud_to_laserscan) by extension 'ignore'
[0.213s] Level 1:colcon.colcon_core.package_identification:_identify(src/pointcloud_to_laserscan) by extension 'ignore_ament_install'
[0.213s] Level 1:colcon.colcon_core.package_identification:_identify(src/pointcloud_to_laserscan) by extensions ['colcon_pkg']
[0.214s] Level 1:colcon.colcon_core.package_identification:_identify(src/pointcloud_to_laserscan) by extension 'colcon_pkg'
[0.214s] Level 1:colcon.colcon_core.package_identification:_identify(src/pointcloud_to_laserscan) by extensions ['colcon_meta']
[0.214s] Level 1:colcon.colcon_core.package_identification:_identify(src/pointcloud_to_laserscan) by extension 'colcon_meta'
[0.214s] Level 1:colcon.colcon_core.package_identification:_identify(src/pointcloud_to_laserscan) by extensions ['ros']
[0.214s] Level 1:colcon.colcon_core.package_identification:_identify(src/pointcloud_to_laserscan) by extension 'ros'
[0.215s] DEBUG:colcon.colcon_core.package_identification:Package 'src/pointcloud_to_laserscan' with type 'ros.ament_cmake' and name 'pointcloud_to_laserscan'
[0.215s] Level 1:colcon.colcon_core.package_identification:_identify(src/small_point_lio) by extensions ['ignore', 'ignore_ament_install']
[0.215s] Level 1:colcon.colcon_core.package_identification:_identify(src/small_point_lio) by extension 'ignore'
[0.215s] Level 1:colcon.colcon_core.package_identification:_identify(src/small_point_lio) by extension 'ignore_ament_install'
[0.215s] Level 1:colcon.colcon_core.package_identification:_identify(src/small_point_lio) by extensions ['colcon_pkg']
[0.215s] Level 1:colcon.colcon_core.package_identification:_identify(src/small_point_lio) by extension 'colcon_pkg'
[0.216s] Level 1:colcon.colcon_core.package_identification:_identify(src/small_point_lio) by extensions ['colcon_meta']
[0.216s] Level 1:colcon.colcon_core.package_identification:_identify(src/small_point_lio) by extension 'colcon_meta'
[0.216s] Level 1:colcon.colcon_core.package_identification:_identify(src/small_point_lio) by extensions ['ros']
[0.216s] Level 1:colcon.colcon_core.package_identification:_identify(src/small_point_lio) by extension 'ros'
[0.217s] DEBUG:colcon.colcon_core.package_identification:Package 'src/small_point_lio' with type 'ros.ament_cmake' and name 'small_point_lio'
[0.217s] Level 1:colcon.colcon_core.package_identification:_identify(src/xxu_chassis_controller) by extensions ['ignore', 'ignore_ament_install']
[0.217s] Level 1:colcon.colcon_core.package_identification:_identify(src/xxu_chassis_controller) by extension 'ignore'
[0.217s] Level 1:colcon.colcon_core.package_identification:_identify(src/xxu_chassis_controller) by extension 'ignore_ament_install'
[0.217s] Level 1:colcon.colcon_core.package_identification:_identify(src/xxu_chassis_controller) by extensions ['colcon_pkg']
[0.217s] Level 1:colcon.colcon_core.package_identification:_identify(src/xxu_chassis_controller) by extension 'colcon_pkg'
[0.217s] Level 1:colcon.colcon_core.package_identification:_identify(src/xxu_chassis_controller) by extensions ['colcon_meta']
[0.217s] Level 1:colcon.colcon_core.package_identification:_identify(src/xxu_chassis_controller) by extension 'colcon_meta'
[0.217s] Level 1:colcon.colcon_core.package_identification:_identify(src/xxu_chassis_controller) by extensions ['ros']
[0.217s] Level 1:colcon.colcon_core.package_identification:_identify(src/xxu_chassis_controller) by extension 'ros'
[0.218s] DEBUG:colcon.colcon_core.package_identification:Package 'src/xxu_chassis_controller' with type 'ros.ament_cmake' and name 'xxu_chassis_controller'
[0.218s] Level 1:colcon.colcon_core.package_identification:_identify(src/xxu_description) by extensions ['ignore', 'ignore_ament_install']
[0.218s] Level 1:colcon.colcon_core.package_identification:_identify(src/xxu_description) by extension 'ignore'
[0.218s] Level 1:colcon.colcon_core.package_identification:_identify(src/xxu_description) by extension 'ignore_ament_install'
[0.218s] Level 1:colcon.colcon_core.package_identification:_identify(src/xxu_description) by extensions ['colcon_pkg']
[0.218s] Level 1:colcon.colcon_core.package_identification:_identify(src/xxu_description) by extension 'colcon_pkg'
[0.218s] Level 1:colcon.colcon_core.package_identification:_identify(src/xxu_description) by extensions ['colcon_meta']
[0.218s] Level 1:colcon.colcon_core.package_identification:_identify(src/xxu_description) by extension 'colcon_meta'
[0.218s] Level 1:colcon.colcon_core.package_identification:_identify(src/xxu_description) by extensions ['ros']
[0.218s] Level 1:colcon.colcon_core.package_identification:_identify(src/xxu_description) by extension 'ros'
[0.219s] DEBUG:colcon.colcon_core.package_identification:Package 'src/xxu_description' with type 'ros.ament_cmake' and name 'xxu_description'
[0.219s] Level 1:colcon.colcon_core.package_identification:_identify(src/xxu_livox_sim) by extensions ['ignore', 'ignore_ament_install']
[0.219s] Level 1:colcon.colcon_core.package_identification:_identify(src/xxu_livox_sim) by extension 'ignore'
[0.220s] Level 1:colcon.colcon_core.package_identification:_identify(src/xxu_livox_sim) by extension 'ignore_ament_install'
[0.220s] Level 1:colcon.colcon_core.package_identification:_identify(src/xxu_livox_sim) by extensions ['colcon_pkg']
[0.220s] Level 1:colcon.colcon_core.package_identification:_identify(src/xxu_livox_sim) by extension 'colcon_pkg'
[0.220s] Level 1:colcon.colcon_core.package_identification:_identify(src/xxu_livox_sim) by extensions ['colcon_meta']
[0.220s] Level 1:colcon.colcon_core.package_identification:_identify(src/xxu_livox_sim) by extension 'colcon_meta'
[0.220s] Level 1:colcon.colcon_core.package_identification:_identify(src/xxu_livox_sim) by extensions ['ros']
[0.220s] Level 1:colcon.colcon_core.package_identification:_identify(src/xxu_livox_sim) by extension 'ros'
[0.221s] DEBUG:colcon.colcon_core.package_identification:Package 'src/xxu_livox_sim' with type 'ros.ament_cmake' and name 'xxu_livox_sim'
[0.221s] Level 1:colcon.colcon_core.package_identification:_identify(src/xxu_pointcloud_processing) by extensions ['ignore', 'ignore_ament_install']
[0.221s] Level 1:colcon.colcon_core.package_identification:_identify(src/xxu_pointcloud_processing) by extension 'ignore'
[0.221s] Level 1:colcon.colcon_core.package_identification:_identify(src/xxu_pointcloud_processing) by extension 'ignore_ament_install'
[0.221s] Level 1:colcon.colcon_core.package_identification:_identify(src/xxu_pointcloud_processing) by extensions ['colcon_pkg']
[0.221s] Level 1:colcon.colcon_core.package_identification:_identify(src/xxu_pointcloud_processing) by extension 'colcon_pkg'
[0.221s] Level 1:colcon.colcon_core.package_identification:_identify(src/xxu_pointcloud_processing) by extensions ['colcon_meta']
[0.221s] Level 1:colcon.colcon_core.package_identification:_identify(src/xxu_pointcloud_processing) by extension 'colcon_meta'
[0.221s] Level 1:colcon.colcon_core.package_identification:_identify(src/xxu_pointcloud_processing) by extensions ['ros']
[0.221s] Level 1:colcon.colcon_core.package_identification:_identify(src/xxu_pointcloud_processing) by extension 'ros'
[0.222s] DEBUG:colcon.colcon_core.package_identification:Package 'src/xxu_pointcloud_processing' with type 'ros.ament_cmake' and name 'xxu_pointcloud_processing'
[0.222s] Level 1:colcon.colcon_core.package_identification:_identify(src/xxu_slam_toolbox) by extensions ['ignore', 'ignore_ament_install']
[0.222s] Level 1:colcon.colcon_core.package_identification:_identify(src/xxu_slam_toolbox) by extension 'ignore'
[0.222s] Level 1:colcon.colcon_core.package_identification:_identify(src/xxu_slam_toolbox) by extension 'ignore_ament_install'
[0.222s] Level 1:colcon.colcon_core.package_identification:_identify(src/xxu_slam_toolbox) by extensions ['colcon_pkg']
[0.222s] Level 1:colcon.colcon_core.package_identification:_identify(src/xxu_slam_toolbox) by extension 'colcon_pkg'
[0.222s] Level 1:colcon.colcon_core.package_identification:_identify(src/xxu_slam_toolbox) by extensions ['colcon_meta']
[0.222s] Level 1:colcon.colcon_core.package_identification:_identify(src/xxu_slam_toolbox) by extension 'colcon_meta'
[0.222s] Level 1:colcon.colcon_core.package_identification:_identify(src/xxu_slam_toolbox) by extensions ['ros']
[0.222s] Level 1:colcon.colcon_core.package_identification:_identify(src/xxu_slam_toolbox) by extension 'ros'
[0.223s] DEBUG:colcon.colcon_core.package_identification:Package 'src/xxu_slam_toolbox' with type 'ros.ament_cmake' and name 'xxu_slam_toolbox'
[0.223s] Level 1:colcon.colcon_core.package_discovery:discover_packages(recursive) using defaults
[0.223s] Level 1:colcon.colcon_core.package_discovery:discover_packages(ignore) discover
[0.223s] Level 1:colcon.colcon_core.package_discovery:discover_packages(ignore) using defaults
[0.223s] Level 1:colcon.colcon_core.package_discovery:discover_packages(path) discover
[0.223s] Level 1:colcon.colcon_core.package_discovery:discover_packages(path) using defaults
[0.243s] INFO:colcon.colcon_core.package_selection:Skipping not selected package 'explore_lite_msgs' in 'src/m-explore-ros2/explore_lite_msgs'
[0.243s] INFO:colcon.colcon_core.package_selection:Skipping not selected package 'multirobot_map_merge' in 'src/m-explore-ros2/map_merge'
[0.243s] INFO:colcon.colcon_core.package_selection:Skipping not selected package 'small_point_lio' in 'src/small_point_lio'
[0.243s] INFO:colcon.colcon_core.package_selection:Skipping not selected package 'xxu_chassis_controller' in 'src/xxu_chassis_controller'
[0.243s] INFO:colcon.colcon_core.package_selection:Skipping not selected package 'xxu_livox_sim' in 'src/xxu_livox_sim'
[0.243s] INFO:colcon.colcon_core.package_selection:Skipping not selected package 'xxu_pointcloud_processing' in 'src/xxu_pointcloud_processing'
[0.243s] INFO:colcon.colcon_core.package_selection:Skipping not selected package 'explore_lite' in 'src/m-explore-ros2/explore'
[0.243s] INFO:colcon.colcon_core.package_selection:Skipping not selected package 'xxu_slam_toolbox' in 'src/xxu_slam_toolbox'
[0.243s] Level 1:colcon.colcon_core.package_discovery:discover_packages(prefix_path) check parameters
[0.244s] Level 1:colcon.colcon_core.package_discovery:discover_packages(prefix_path) discover
[0.247s] DEBUG:colcon.colcon_installed_package_information.package_discovery:Found 481 installed packages in /opt/ros/jazzy
[0.249s] Level 1:colcon.colcon_core.package_discovery:discover_packages(prefix_path) using defaults
[0.292s] Level 5:colcon.colcon_core.verb:set package 'pointcloud_to_laserscan' build argument 'cmake_args' from command line to 'None'
[0.292s] Level 5:colcon.colcon_core.verb:set package 'pointcloud_to_laserscan' build argument 'cmake_target' from command line to 'None'
[0.292s] Level 5:colcon.colcon_core.verb:set package 'pointcloud_to_laserscan' build argument 'cmake_target_skip_unavailable' from command line to 'False'
[0.292s] Level 5:colcon.colcon_core.verb:set package 'pointcloud_to_laserscan' build argument 'cmake_clean_cache' from command line to 'False'
[0.292s] Level 5:colcon.colcon_core.verb:set package 'pointcloud_to_laserscan' build argument 'cmake_clean_first' from command line to 'False'
[0.292s] Level 5:colcon.colcon_core.verb:set package 'pointcloud_to_laserscan' build argument 'cmake_force_configure' from command line to 'False'
[0.292s] Level 5:colcon.colcon_core.verb:set package 'pointcloud_to_laserscan' build argument 'ament_cmake_args' from command line to 'None'
[0.292s] Level 5:colcon.colcon_core.verb:set package 'pointcloud_to_laserscan' build argument 'catkin_cmake_args' from command line to 'None'
[0.292s] Level 5:colcon.colcon_core.verb:set package 'pointcloud_to_laserscan' build argument 'catkin_skip_building_tests' from command line to 'False'
[0.292s] DEBUG:colcon.colcon_core.verb:Building package 'pointcloud_to_laserscan' with the following arguments: {'ament_cmake_args': None, 'build_base': '/home/naiwu/xxu_2026/xxu_nav_2026/build/pointcloud_to_laserscan', 'catkin_cmake_args': None, 'catkin_skip_building_tests': False, 'cmake_args': None, 'cmake_clean_cache': False, 'cmake_clean_first': False, 'cmake_force_configure': False, 'cmake_target': None, 'cmake_target_skip_unavailable': False, 'install_base': '/home/naiwu/xxu_2026/xxu_nav_2026/install/pointcloud_to_laserscan', 'merge_install': False, 'path': '/home/naiwu/xxu_2026/xxu_nav_2026/src/pointcloud_to_laserscan', 'symlink_install': False, 'test_result_base': None}
[0.292s] Level 5:colcon.colcon_core.verb:set package 'xxu_description' build argument 'cmake_args' from command line to 'None'
[0.292s] Level 5:colcon.colcon_core.verb:set package 'xxu_description' build argument 'cmake_target' from command line to 'None'
[0.292s] Level 5:colcon.colcon_core.verb:set package 'xxu_description' build argument 'cmake_target_skip_unavailable' from command line to 'False'
[0.292s] Level 5:colcon.colcon_core.verb:set package 'xxu_description' build argument 'cmake_clean_cache' from command line to 'False'
[0.292s] Level 5:colcon.colcon_core.verb:set package 'xxu_description' build argument 'cmake_clean_first' from command line to 'False'
[0.292s] Level 5:colcon.colcon_core.verb:set package 'xxu_description' build argument 'cmake_force_configure' from command line to 'False'
[0.292s] Level 5:colcon.colcon_core.verb:set package 'xxu_description' build argument 'ament_cmake_args' from command line to 'None'
[0.293s] Level 5:colcon.colcon_core.verb:set package 'xxu_description' build argument 'catkin_cmake_args' from command line to 'None'
[0.293s] Level 5:colcon.colcon_core.verb:set package 'xxu_description' build argument 'catkin_skip_building_tests' from command line to 'False'
[0.293s] DEBUG:colcon.colcon_core.verb:Building package 'xxu_description' with the following arguments: {'ament_cmake_args': None, 'build_base': '/home/naiwu/xxu_2026/xxu_nav_2026/build/xxu_description', 'catkin_cmake_args': None, 'catkin_skip_building_tests': False, 'cmake_args': None, 'cmake_clean_cache': False, 'cmake_clean_first': False, 'cmake_force_configure': False, 'cmake_target': None, 'cmake_target_skip_unavailable': False, 'install_base': '/home/naiwu/xxu_2026/xxu_nav_2026/install/xxu_description', 'merge_install': False, 'path': '/home/naiwu/xxu_2026/xxu_nav_2026/src/xxu_description', 'symlink_install': False, 'test_result_base': None}
[0.293s] INFO:colcon.colcon_core.executor:Executing jobs using 'parallel' executor
[0.293s] DEBUG:colcon.colcon_parallel_executor.executor.parallel:run_until_complete
[0.293s] INFO:colcon.colcon_ros.task.ament_cmake.build:Building ROS package in '/home/naiwu/xxu_2026/xxu_nav_2026/src/pointcloud_to_laserscan' with build type 'ament_cmake'
[0.294s] INFO:colcon.colcon_cmake.task.cmake.build:Building CMake package in '/home/naiwu/xxu_2026/xxu_nav_2026/src/pointcloud_to_laserscan'
[0.296s] INFO:colcon.colcon_core.plugin_system:Skipping extension 'colcon_core.shell.bat': Not used on non-Windows systems
[0.296s] INFO:colcon.colcon_core.shell:Skip shell extension 'powershell' for command environment: Not usable outside of PowerShell
[0.296s] DEBUG:colcon.colcon_core.shell:Skip shell extension 'dsv' for command environment
[0.303s] DEBUG:colcon.colcon_core.event_handler.log_command:Invoking command in '/home/naiwu/xxu_2026/xxu_nav_2026/build/pointcloud_to_laserscan': CMAKE_PREFIX_PATH=${CMAKE_PREFIX_PATH}:/opt/ros/jazzy DEBUGINFOD_URLS=https://debuginfod.ubuntu.com /usr/bin/cmake --build /home/naiwu/xxu_2026/xxu_nav_2026/build/pointcloud_to_laserscan -- -j24 -l24
[10.753s] DEBUG:colcon.colcon_core.event_handler.log_command:Invoked command in '/home/naiwu/xxu_2026/xxu_nav_2026/build/pointcloud_to_laserscan' returned '0': CMAKE_PREFIX_PATH=${CMAKE_PREFIX_PATH}:/opt/ros/jazzy DEBUGINFOD_URLS=https://debuginfod.ubuntu.com /usr/bin/cmake --build /home/naiwu/xxu_2026/xxu_nav_2026/build/pointcloud_to_laserscan -- -j24 -l24
[10.762s] DEBUG:colcon.colcon_core.event_handler.log_command:Invoking command in '/home/naiwu/xxu_2026/xxu_nav_2026/build/pointcloud_to_laserscan': CMAKE_PREFIX_PATH=${CMAKE_PREFIX_PATH}:/opt/ros/jazzy DEBUGINFOD_URLS=https://debuginfod.ubuntu.com /usr/bin/cmake --install /home/naiwu/xxu_2026/xxu_nav_2026/build/pointcloud_to_laserscan
[10.778s] Level 1:colcon.colcon_core.environment:create_environment_scripts_only(pointcloud_to_laserscan)
[10.779s] DEBUG:colcon.colcon_core.event_handler.log_command:Invoked command in '/home/naiwu/xxu_2026/xxu_nav_2026/build/pointcloud_to_laserscan' returned '0': CMAKE_PREFIX_PATH=${CMAKE_PREFIX_PATH}:/opt/ros/jazzy DEBUGINFOD_URLS=https://debuginfod.ubuntu.com /usr/bin/cmake --install /home/naiwu/xxu_2026/xxu_nav_2026/build/pointcloud_to_laserscan
[10.782s] Level 1:colcon.colcon_core.environment:checking '/home/naiwu/xxu_2026/xxu_nav_2026/install/pointcloud_to_laserscan' for CMake module files
[10.783s] Level 1:colcon.colcon_core.environment:checking '/home/naiwu/xxu_2026/xxu_nav_2026/install/pointcloud_to_laserscan' for CMake config files
[10.783s] Level 1:colcon.colcon_core.shell:create_environment_hook('pointcloud_to_laserscan', 'cmake_prefix_path')
[10.783s] INFO:colcon.colcon_core.shell:Creating environment hook '/home/naiwu/xxu_2026/xxu_nav_2026/install/pointcloud_to_laserscan/share/pointcloud_to_laserscan/hook/cmake_prefix_path.ps1'
[10.783s] INFO:colcon.colcon_core.shell:Creating environment descriptor '/home/naiwu/xxu_2026/xxu_nav_2026/install/pointcloud_to_laserscan/share/pointcloud_to_laserscan/hook/cmake_prefix_path.dsv'
[10.784s] INFO:colcon.colcon_core.shell:Creating environment hook '/home/naiwu/xxu_2026/xxu_nav_2026/install/pointcloud_to_laserscan/share/pointcloud_to_laserscan/hook/cmake_prefix_path.sh'
[10.785s] Level 1:colcon.colcon_core.environment:checking '/home/naiwu/xxu_2026/xxu_nav_2026/install/pointcloud_to_laserscan/lib'
[10.785s] Level 1:colcon.colcon_core.shell:create_environment_hook('pointcloud_to_laserscan', 'ld_library_path_lib')
[10.785s] INFO:colcon.colcon_core.shell:Creating environment hook '/home/naiwu/xxu_2026/xxu_nav_2026/install/pointcloud_to_laserscan/share/pointcloud_to_laserscan/hook/ld_library_path_lib.ps1'
[10.785s] INFO:colcon.colcon_core.shell:Creating environment descriptor '/home/naiwu/xxu_2026/xxu_nav_2026/install/pointcloud_to_laserscan/share/pointcloud_to_laserscan/hook/ld_library_path_lib.dsv'
[10.786s] INFO:colcon.colcon_core.shell:Creating environment hook '/home/naiwu/xxu_2026/xxu_nav_2026/install/pointcloud_to_laserscan/share/pointcloud_to_laserscan/hook/ld_library_path_lib.sh'
[10.786s] Level 1:colcon.colcon_core.environment:checking '/home/naiwu/xxu_2026/xxu_nav_2026/install/pointcloud_to_laserscan/bin'
[10.786s] Level 1:colcon.colcon_core.environment:checking '/home/naiwu/xxu_2026/xxu_nav_2026/install/pointcloud_to_laserscan/lib/pkgconfig/pointcloud_to_laserscan.pc'
[10.786s] Level 1:colcon.colcon_core.environment:checking '/home/naiwu/xxu_2026/xxu_nav_2026/install/pointcloud_to_laserscan/lib/python3.12/site-packages'
[10.786s] Level 1:colcon.colcon_core.environment:checking '/home/naiwu/xxu_2026/xxu_nav_2026/install/pointcloud_to_laserscan/bin'
[10.786s] INFO:colcon.colcon_core.shell:Creating package script '/home/naiwu/xxu_2026/xxu_nav_2026/install/pointcloud_to_laserscan/share/pointcloud_to_laserscan/package.ps1'
[10.787s] INFO:colcon.colcon_core.shell:Creating package descriptor '/home/naiwu/xxu_2026/xxu_nav_2026/install/pointcloud_to_laserscan/share/pointcloud_to_laserscan/package.dsv'
[10.788s] INFO:colcon.colcon_core.shell:Creating package script '/home/naiwu/xxu_2026/xxu_nav_2026/install/pointcloud_to_laserscan/share/pointcloud_to_laserscan/package.sh'
[10.788s] INFO:colcon.colcon_core.shell:Creating package script '/home/naiwu/xxu_2026/xxu_nav_2026/install/pointcloud_to_laserscan/share/pointcloud_to_laserscan/package.bash'
[10.789s] INFO:colcon.colcon_core.shell:Creating package script '/home/naiwu/xxu_2026/xxu_nav_2026/install/pointcloud_to_laserscan/share/pointcloud_to_laserscan/package.zsh'
[10.790s] Level 1:colcon.colcon_core.environment:create_file_with_runtime_dependencies(/home/naiwu/xxu_2026/xxu_nav_2026/install/pointcloud_to_laserscan/share/colcon-core/packages/pointcloud_to_laserscan)
[10.790s] Level 1:colcon.colcon_core.environment:create_environment_scripts_only(pointcloud_to_laserscan)
[10.790s] Level 1:colcon.colcon_core.environment:checking '/home/naiwu/xxu_2026/xxu_nav_2026/install/pointcloud_to_laserscan' for CMake module files
[10.791s] Level 1:colcon.colcon_core.environment:checking '/home/naiwu/xxu_2026/xxu_nav_2026/install/pointcloud_to_laserscan' for CMake config files
[10.791s] Level 1:colcon.colcon_core.shell:create_environment_hook('pointcloud_to_laserscan', 'cmake_prefix_path')
[10.791s] INFO:colcon.colcon_core.shell:Creating environment hook '/home/naiwu/xxu_2026/xxu_nav_2026/install/pointcloud_to_laserscan/share/pointcloud_to_laserscan/hook/cmake_prefix_path.ps1'
[10.791s] INFO:colcon.colcon_core.shell:Creating environment descriptor '/home/naiwu/xxu_2026/xxu_nav_2026/install/pointcloud_to_laserscan/share/pointcloud_to_laserscan/hook/cmake_prefix_path.dsv'
[10.791s] INFO:colcon.colcon_core.shell:Creating environment hook '/home/naiwu/xxu_2026/xxu_nav_2026/install/pointcloud_to_laserscan/share/pointcloud_to_laserscan/hook/cmake_prefix_path.sh'
[10.792s] Level 1:colcon.colcon_core.environment:checking '/home/naiwu/xxu_2026/xxu_nav_2026/install/pointcloud_to_laserscan/lib'
[10.792s] Level 1:colcon.colcon_core.shell:create_environment_hook('pointcloud_to_laserscan', 'ld_library_path_lib')
[10.792s] INFO:colcon.colcon_core.shell:Creating environment hook '/home/naiwu/xxu_2026/xxu_nav_2026/install/pointcloud_to_laserscan/share/pointcloud_to_laserscan/hook/ld_library_path_lib.ps1'
[10.792s] INFO:colcon.colcon_core.shell:Creating environment descriptor '/home/naiwu/xxu_2026/xxu_nav_2026/install/pointcloud_to_laserscan/share/pointcloud_to_laserscan/hook/ld_library_path_lib.dsv'
[10.792s] INFO:colcon.colcon_core.shell:Creating environment hook '/home/naiwu/xxu_2026/xxu_nav_2026/install/pointcloud_to_laserscan/share/pointcloud_to_laserscan/hook/ld_library_path_lib.sh'
[10.793s] Level 1:colcon.colcon_core.environment:checking '/home/naiwu/xxu_2026/xxu_nav_2026/install/pointcloud_to_laserscan/bin'
[10.793s] Level 1:colcon.colcon_core.environment:checking '/home/naiwu/xxu_2026/xxu_nav_2026/install/pointcloud_to_laserscan/lib/pkgconfig/pointcloud_to_laserscan.pc'
[10.793s] Level 1:colcon.colcon_core.environment:checking '/home/naiwu/xxu_2026/xxu_nav_2026/install/pointcloud_to_laserscan/lib/python3.12/site-packages'
[10.793s] Level 1:colcon.colcon_core.environment:checking '/home/naiwu/xxu_2026/xxu_nav_2026/install/pointcloud_to_laserscan/bin'
[10.793s] INFO:colcon.colcon_core.shell:Creating package script '/home/naiwu/xxu_2026/xxu_nav_2026/install/pointcloud_to_laserscan/share/pointcloud_to_laserscan/package.ps1'
[10.794s] INFO:colcon.colcon_core.shell:Creating package descriptor '/home/naiwu/xxu_2026/xxu_nav_2026/install/pointcloud_to_laserscan/share/pointcloud_to_laserscan/package.dsv'
[10.794s] INFO:colcon.colcon_core.shell:Creating package script '/home/naiwu/xxu_2026/xxu_nav_2026/install/pointcloud_to_laserscan/share/pointcloud_to_laserscan/package.sh'
[10.794s] INFO:colcon.colcon_core.shell:Creating package script '/home/naiwu/xxu_2026/xxu_nav_2026/install/pointcloud_to_laserscan/share/pointcloud_to_laserscan/package.bash'
[10.794s] INFO:colcon.colcon_core.shell:Creating package script '/home/naiwu/xxu_2026/xxu_nav_2026/install/pointcloud_to_laserscan/share/pointcloud_to_laserscan/package.zsh'
[10.795s] Level 1:colcon.colcon_core.environment:create_file_with_runtime_dependencies(/home/naiwu/xxu_2026/xxu_nav_2026/install/pointcloud_to_laserscan/share/colcon-core/packages/pointcloud_to_laserscan)
[10.795s] INFO:colcon.colcon_ros.task.ament_cmake.build:Building ROS package in '/home/naiwu/xxu_2026/xxu_nav_2026/src/xxu_description' with build type 'ament_cmake'
[10.795s] INFO:colcon.colcon_cmake.task.cmake.build:Building CMake package in '/home/naiwu/xxu_2026/xxu_nav_2026/src/xxu_description'
[10.795s] INFO:colcon.colcon_core.shell:Skip shell extension 'powershell' for command environment: Not usable outside of PowerShell
[10.795s] DEBUG:colcon.colcon_core.shell:Skip shell extension 'dsv' for command environment
[10.812s] DEBUG:colcon.colcon_core.event_handler.log_command:Invoking command in '/home/naiwu/xxu_2026/xxu_nav_2026/build/xxu_description': AMENT_PREFIX_PATH=/home/naiwu/xxu_2026/xxu_nav_2026/install/xxu_pointcloud_processing:/home/naiwu/xxu_2026/xxu_nav_2026/install/xxu_livox_sim:/home/naiwu/xxu_2026/xxu_nav_2026/install/xxu_chassis_controller:/home/naiwu/xxu_2026/xxu_nav_2026/install/small_point_lio:/home/naiwu/xxu_2026/xxu_nav_2026/install/pointcloud_to_laserscan:${AMENT_PREFIX_PATH} CMAKE_PREFIX_PATH=/home/naiwu/xxu_2026/xxu_nav_2026/install/xxu_pointcloud_processing:/home/naiwu/xxu_2026/xxu_nav_2026/install/xxu_livox_sim:/home/naiwu/xxu_2026/xxu_nav_2026/install/xxu_chassis_controller:/home/naiwu/xxu_2026/xxu_nav_2026/install/small_point_lio:/home/naiwu/xxu_2026/xxu_nav_2026/install/pointcloud_to_laserscan:/opt/ros/jazzy/opt/gz_sim_vendor:/opt/ros/jazzy/opt/gz_sensors_vendor:/opt/ros/jazzy/opt/gz_physics_vendor:/opt/ros/jazzy/opt/sdformat_vendor:/opt/ros/jazzy/opt/gz_gui_vendor:/opt/ros/jazzy/opt/gz_transport_vendor:/opt/ros/jazzy/opt/gz_rendering_vendor:/opt/ros/jazzy/opt/gz_plugin_vendor:/opt/ros/jazzy/opt/gz_fuel_tools_vendor:/opt/ros/jazzy/opt/gz_msgs_vendor:/opt/ros/jazzy/opt/gz_common_vendor:/opt/ros/jazzy/opt/gz_math_vendor:/opt/ros/jazzy/opt/gz_utils_vendor:/opt/ros/jazzy/opt/gz_tools_vendor:/opt/ros/jazzy/opt/gz_ogre_next_vendor:/opt/ros/jazzy/opt/gz_dartsim_vendor:/opt/ros/jazzy/opt/gz_cmake_vendor:/opt/ros/jazzy DEBUGINFOD_URLS=https://debuginfod.ubuntu.com LD_LIBRARY_PATH=/home/naiwu/xxu_2026/xxu_nav_2026/install/small_point_lio/lib:/home/naiwu/xxu_2026/xxu_nav_2026/install/pointcloud_to_laserscan/lib:${LD_LIBRARY_PATH} /usr/bin/cmake --build /home/naiwu/xxu_2026/xxu_nav_2026/build/xxu_description -- -j24 -l24
[10.844s] DEBUG:colcon.colcon_core.event_handler.log_command:Invoked command in '/home/naiwu/xxu_2026/xxu_nav_2026/build/xxu_description' returned '0': AMENT_PREFIX_PATH=/home/naiwu/xxu_2026/xxu_nav_2026/install/xxu_pointcloud_processing:/home/naiwu/xxu_2026/xxu_nav_2026/install/xxu_livox_sim:/home/naiwu/xxu_2026/xxu_nav_2026/install/xxu_chassis_controller:/home/naiwu/xxu_2026/xxu_nav_2026/install/small_point_lio:/home/naiwu/xxu_2026/xxu_nav_2026/install/pointcloud_to_laserscan:${AMENT_PREFIX_PATH} CMAKE_PREFIX_PATH=/home/naiwu/xxu_2026/xxu_nav_2026/install/xxu_pointcloud_processing:/home/naiwu/xxu_2026/xxu_nav_2026/install/xxu_livox_sim:/home/naiwu/xxu_2026/xxu_nav_2026/install/xxu_chassis_controller:/home/naiwu/xxu_2026/xxu_nav_2026/install/small_point_lio:/home/naiwu/xxu_2026/xxu_nav_2026/install/pointcloud_to_laserscan:/opt/ros/jazzy/opt/gz_sim_vendor:/opt/ros/jazzy/opt/gz_sensors_vendor:/opt/ros/jazzy/opt/gz_physics_vendor:/opt/ros/jazzy/opt/sdformat_vendor:/opt/ros/jazzy/opt/gz_gui_vendor:/opt/ros/jazzy/opt/gz_transport_vendor:/opt/ros/jazzy/opt/gz_rendering_vendor:/opt/ros/jazzy/opt/gz_plugin_vendor:/opt/ros/jazzy/opt/gz_fuel_tools_vendor:/opt/ros/jazzy/opt/gz_msgs_vendor:/opt/ros/jazzy/opt/gz_common_vendor:/opt/ros/jazzy/opt/gz_math_vendor:/opt/ros/jazzy/opt/gz_utils_vendor:/opt/ros/jazzy/opt/gz_tools_vendor:/opt/ros/jazzy/opt/gz_ogre_next_vendor:/opt/ros/jazzy/opt/gz_dartsim_vendor:/opt/ros/jazzy/opt/gz_cmake_vendor:/opt/ros/jazzy DEBUGINFOD_URLS=https://debuginfod.ubuntu.com LD_LIBRARY_PATH=/home/naiwu/xxu_2026/xxu_nav_2026/install/small_point_lio/lib:/home/naiwu/xxu_2026/xxu_nav_2026/install/pointcloud_to_laserscan/lib:${LD_LIBRARY_PATH} /usr/bin/cmake --build /home/naiwu/xxu_2026/xxu_nav_2026/build/xxu_description -- -j24 -l24
[10.845s] DEBUG:colcon.colcon_core.event_handler.log_command:Invoking command in '/home/naiwu/xxu_2026/xxu_nav_2026/build/xxu_description': AMENT_PREFIX_PATH=/home/naiwu/xxu_2026/xxu_nav_2026/install/xxu_pointcloud_processing:/home/naiwu/xxu_2026/xxu_nav_2026/install/xxu_livox_sim:/home/naiwu/xxu_2026/xxu_nav_2026/install/xxu_chassis_controller:/home/naiwu/xxu_2026/xxu_nav_2026/install/small_point_lio:/home/naiwu/xxu_2026/xxu_nav_2026/install/pointcloud_to_laserscan:${AMENT_PREFIX_PATH} CMAKE_PREFIX_PATH=/home/naiwu/xxu_2026/xxu_nav_2026/install/xxu_pointcloud_processing:/home/naiwu/xxu_2026/xxu_nav_2026/install/xxu_livox_sim:/home/naiwu/xxu_2026/xxu_nav_2026/install/xxu_chassis_controller:/home/naiwu/xxu_2026/xxu_nav_2026/install/small_point_lio:/home/naiwu/xxu_2026/xxu_nav_2026/install/pointcloud_to_laserscan:/opt/ros/jazzy/opt/gz_sim_vendor:/opt/ros/jazzy/opt/gz_sensors_vendor:/opt/ros/jazzy/opt/gz_physics_vendor:/opt/ros/jazzy/opt/sdformat_vendor:/opt/ros/jazzy/opt/gz_gui_vendor:/opt/ros/jazzy/opt/gz_transport_vendor:/opt/ros/jazzy/opt/gz_rendering_vendor:/opt/ros/jazzy/opt/gz_plugin_vendor:/opt/ros/jazzy/opt/gz_fuel_tools_vendor:/opt/ros/jazzy/opt/gz_msgs_vendor:/opt/ros/jazzy/opt/gz_common_vendor:/opt/ros/jazzy/opt/gz_math_vendor:/opt/ros/jazzy/opt/gz_utils_vendor:/opt/ros/jazzy/opt/gz_tools_vendor:/opt/ros/jazzy/opt/gz_ogre_next_vendor:/opt/ros/jazzy/opt/gz_dartsim_vendor:/opt/ros/jazzy/opt/gz_cmake_vendor:/opt/ros/jazzy DEBUGINFOD_URLS=https://debuginfod.ubuntu.com LD_LIBRARY_PATH=/home/naiwu/xxu_2026/xxu_nav_2026/install/small_point_lio/lib:/home/naiwu/xxu_2026/xxu_nav_2026/install/pointcloud_to_laserscan/lib:${LD_LIBRARY_PATH} /usr/bin/cmake --install /home/naiwu/xxu_2026/xxu_nav_2026/build/xxu_description
[10.869s] Level 1:colcon.colcon_core.environment:create_environment_scripts_only(xxu_description)
[10.870s] Level 1:colcon.colcon_core.environment:checking '/home/naiwu/xxu_2026/xxu_nav_2026/install/xxu_description' for CMake module files
[10.870s] DEBUG:colcon.colcon_core.event_handler.log_command:Invoked command in '/home/naiwu/xxu_2026/xxu_nav_2026/build/xxu_description' returned '0': AMENT_PREFIX_PATH=/home/naiwu/xxu_2026/xxu_nav_2026/install/xxu_pointcloud_processing:/home/naiwu/xxu_2026/xxu_nav_2026/install/xxu_livox_sim:/home/naiwu/xxu_2026/xxu_nav_2026/install/xxu_chassis_controller:/home/naiwu/xxu_2026/xxu_nav_2026/install/small_point_lio:/home/naiwu/xxu_2026/xxu_nav_2026/install/pointcloud_to_laserscan:${AMENT_PREFIX_PATH} CMAKE_PREFIX_PATH=/home/naiwu/xxu_2026/xxu_nav_2026/install/xxu_pointcloud_processing:/home/naiwu/xxu_2026/xxu_nav_2026/install/xxu_livox_sim:/home/naiwu/xxu_2026/xxu_nav_2026/install/xxu_chassis_controller:/home/naiwu/xxu_2026/xxu_nav_2026/install/small_point_lio:/home/naiwu/xxu_2026/xxu_nav_2026/install/pointcloud_to_laserscan:/opt/ros/jazzy/opt/gz_sim_vendor:/opt/ros/jazzy/opt/gz_sensors_vendor:/opt/ros/jazzy/opt/gz_physics_vendor:/opt/ros/jazzy/opt/sdformat_vendor:/opt/ros/jazzy/opt/gz_gui_vendor:/opt/ros/jazzy/opt/gz_transport_vendor:/opt/ros/jazzy/opt/gz_rendering_vendor:/opt/ros/jazzy/opt/gz_plugin_vendor:/opt/ros/jazzy/opt/gz_fuel_tools_vendor:/opt/ros/jazzy/opt/gz_msgs_vendor:/opt/ros/jazzy/opt/gz_common_vendor:/opt/ros/jazzy/opt/gz_math_vendor:/opt/ros/jazzy/opt/gz_utils_vendor:/opt/ros/jazzy/opt/gz_tools_vendor:/opt/ros/jazzy/opt/gz_ogre_next_vendor:/opt/ros/jazzy/opt/gz_dartsim_vendor:/opt/ros/jazzy/opt/gz_cmake_vendor:/opt/ros/jazzy DEBUGINFOD_URLS=https://debuginfod.ubuntu.com LD_LIBRARY_PATH=/home/naiwu/xxu_2026/xxu_nav_2026/install/small_point_lio/lib:/home/naiwu/xxu_2026/xxu_nav_2026/install/pointcloud_to_laserscan/lib:${LD_LIBRARY_PATH} /usr/bin/cmake --install /home/naiwu/xxu_2026/xxu_nav_2026/build/xxu_description
[10.870s] Level 1:colcon.colcon_core.environment:checking '/home/naiwu/xxu_2026/xxu_nav_2026/install/xxu_description' for CMake config files
[10.871s] Level 1:colcon.colcon_core.shell:create_environment_hook('xxu_description', 'cmake_prefix_path')
[10.871s] INFO:colcon.colcon_core.shell:Creating environment hook '/home/naiwu/xxu_2026/xxu_nav_2026/install/xxu_description/share/xxu_description/hook/cmake_prefix_path.ps1'
[10.872s] INFO:colcon.colcon_core.shell:Creating environment descriptor '/home/naiwu/xxu_2026/xxu_nav_2026/install/xxu_description/share/xxu_description/hook/cmake_prefix_path.dsv'
[10.873s] INFO:colcon.colcon_core.shell:Creating environment hook '/home/naiwu/xxu_2026/xxu_nav_2026/install/xxu_description/share/xxu_description/hook/cmake_prefix_path.sh'
[10.873s] Level 1:colcon.colcon_core.environment:checking '/home/naiwu/xxu_2026/xxu_nav_2026/install/xxu_description/lib'
[10.873s] Level 1:colcon.colcon_core.environment:checking '/home/naiwu/xxu_2026/xxu_nav_2026/install/xxu_description/bin'
[10.873s] Level 1:colcon.colcon_core.environment:checking '/home/naiwu/xxu_2026/xxu_nav_2026/install/xxu_description/lib/pkgconfig/xxu_description.pc'
[10.873s] Level 1:colcon.colcon_core.environment:checking '/home/naiwu/xxu_2026/xxu_nav_2026/install/xxu_description/lib/python3.12/site-packages'
[10.874s] Level 1:colcon.colcon_core.environment:checking '/home/naiwu/xxu_2026/xxu_nav_2026/install/xxu_description/bin'
[10.874s] INFO:colcon.colcon_core.shell:Creating package script '/home/naiwu/xxu_2026/xxu_nav_2026/install/xxu_description/share/xxu_description/package.ps1'
[10.874s] INFO:colcon.colcon_core.shell:Creating package descriptor '/home/naiwu/xxu_2026/xxu_nav_2026/install/xxu_description/share/xxu_description/package.dsv'
[10.874s] INFO:colcon.colcon_core.shell:Creating package script '/home/naiwu/xxu_2026/xxu_nav_2026/install/xxu_description/share/xxu_description/package.sh'
[10.875s] INFO:colcon.colcon_core.shell:Creating package script '/home/naiwu/xxu_2026/xxu_nav_2026/install/xxu_description/share/xxu_description/package.bash'
[10.875s] INFO:colcon.colcon_core.shell:Creating package script '/home/naiwu/xxu_2026/xxu_nav_2026/install/xxu_description/share/xxu_description/package.zsh'
[10.875s] Level 1:colcon.colcon_core.environment:create_file_with_runtime_dependencies(/home/naiwu/xxu_2026/xxu_nav_2026/install/xxu_description/share/colcon-core/packages/xxu_description)
[10.875s] Level 1:colcon.colcon_core.environment:create_environment_scripts_only(xxu_description)
[10.875s] Level 1:colcon.colcon_core.environment:checking '/home/naiwu/xxu_2026/xxu_nav_2026/install/xxu_description' for CMake module files
[10.876s] Level 1:colcon.colcon_core.environment:checking '/home/naiwu/xxu_2026/xxu_nav_2026/install/xxu_description' for CMake config files
[10.876s] Level 1:colcon.colcon_core.shell:create_environment_hook('xxu_description', 'cmake_prefix_path')
[10.876s] INFO:colcon.colcon_core.shell:Creating environment hook '/home/naiwu/xxu_2026/xxu_nav_2026/install/xxu_description/share/xxu_description/hook/cmake_prefix_path.ps1'
[10.876s] INFO:colcon.colcon_core.shell:Creating environment descriptor '/home/naiwu/xxu_2026/xxu_nav_2026/install/xxu_description/share/xxu_description/hook/cmake_prefix_path.dsv'
[10.877s] INFO:colcon.colcon_core.shell:Creating environment hook '/home/naiwu/xxu_2026/xxu_nav_2026/install/xxu_description/share/xxu_description/hook/cmake_prefix_path.sh'
[10.877s] Level 1:colcon.colcon_core.environment:checking '/home/naiwu/xxu_2026/xxu_nav_2026/install/xxu_description/lib'
[10.877s] Level 1:colcon.colcon_core.environment:checking '/home/naiwu/xxu_2026/xxu_nav_2026/install/xxu_description/bin'
[10.877s] Level 1:colcon.colcon_core.environment:checking '/home/naiwu/xxu_2026/xxu_nav_2026/install/xxu_description/lib/pkgconfig/xxu_description.pc'
[10.877s] Level 1:colcon.colcon_core.environment:checking '/home/naiwu/xxu_2026/xxu_nav_2026/install/xxu_description/lib/python3.12/site-packages'
[10.877s] Level 1:colcon.colcon_core.environment:checking '/home/naiwu/xxu_2026/xxu_nav_2026/install/xxu_description/bin'
[10.878s] INFO:colcon.colcon_core.shell:Creating package script '/home/naiwu/xxu_2026/xxu_nav_2026/install/xxu_description/share/xxu_description/package.ps1'
[10.888s] INFO:colcon.colcon_core.shell:Creating package descriptor '/home/naiwu/xxu_2026/xxu_nav_2026/install/xxu_description/share/xxu_description/package.dsv'
[10.888s] INFO:colcon.colcon_core.shell:Creating package script '/home/naiwu/xxu_2026/xxu_nav_2026/install/xxu_description/share/xxu_description/package.sh'
[10.889s] INFO:colcon.colcon_core.shell:Creating package script '/home/naiwu/xxu_2026/xxu_nav_2026/install/xxu_description/share/xxu_description/package.bash'
[10.889s] INFO:colcon.colcon_core.shell:Creating package script '/home/naiwu/xxu_2026/xxu_nav_2026/install/xxu_description/share/xxu_description/package.zsh'
[10.889s] Level 1:colcon.colcon_core.environment:create_file_with_runtime_dependencies(/home/naiwu/xxu_2026/xxu_nav_2026/install/xxu_description/share/colcon-core/packages/xxu_description)
[10.889s] DEBUG:colcon.colcon_parallel_executor.executor.parallel:closing loop
[10.889s] DEBUG:colcon.colcon_parallel_executor.executor.parallel:loop closed
[10.890s] DEBUG:colcon.colcon_parallel_executor.executor.parallel:run_until_complete finished with '0'
[10.890s] DEBUG:colcon.colcon_core.event_reactor:joining thread
[10.896s] INFO:colcon.colcon_core.plugin_system:Skipping extension 'colcon_notification.desktop_notification.terminal_notifier': Not used on non-Darwin systems
[10.896s] INFO:colcon.colcon_core.plugin_system:Skipping extension 'colcon_notification.desktop_notification.win32': Not used on non-Windows systems
[10.896s] INFO:colcon.colcon_notification.desktop_notification:Sending desktop notification using 'notify2'
[10.921s] DEBUG:colcon.colcon_core.event_reactor:joined thread
[10.921s] INFO:colcon.colcon_core.shell:Creating prefix script '/home/naiwu/xxu_2026/xxu_nav_2026/install/local_setup.ps1'
[10.922s] INFO:colcon.colcon_core.shell:Creating prefix util module '/home/naiwu/xxu_2026/xxu_nav_2026/install/_local_setup_util_ps1.py'
[10.923s] INFO:colcon.colcon_core.shell:Creating prefix chain script '/home/naiwu/xxu_2026/xxu_nav_2026/install/setup.ps1'
[10.923s] INFO:colcon.colcon_core.shell:Creating prefix script '/home/naiwu/xxu_2026/xxu_nav_2026/install/local_setup.sh'
[10.924s] INFO:colcon.colcon_core.shell:Creating prefix util module '/home/naiwu/xxu_2026/xxu_nav_2026/install/_local_setup_util_sh.py'
[10.924s] INFO:colcon.colcon_core.shell:Creating prefix chain script '/home/naiwu/xxu_2026/xxu_nav_2026/install/setup.sh'
[10.925s] INFO:colcon.colcon_core.shell:Creating prefix script '/home/naiwu/xxu_2026/xxu_nav_2026/install/local_setup.bash'
[10.926s] INFO:colcon.colcon_core.shell:Creating prefix chain script '/home/naiwu/xxu_2026/xxu_nav_2026/install/setup.bash'
[10.927s] INFO:colcon.colcon_core.shell:Creating prefix script '/home/naiwu/xxu_2026/xxu_nav_2026/install/local_setup.zsh'
[10.927s] INFO:colcon.colcon_core.shell:Creating prefix chain script '/home/naiwu/xxu_2026/xxu_nav_2026/install/setup.zsh'
