[0.007s] Invoking command in '/home/naiwu/xxu_2026/xxu_nav_2026/build/xxu_description': CMAKE_PREFIX_PATH=${CMAKE_PREFIX_PATH}:/opt/ros/jazzy DEBUGINFOD_URLS=https://debuginfod.ubuntu.com /usr/bin/cmake /home/naiwu/xxu_2026/xxu_nav_2026/src/xxu_description -DCMAKE_INSTALL_PREFIX=/home/naiwu/xxu_2026/xxu_nav_2026/install/xxu_description
[0.056s] -- The C compiler identification is GNU 13.3.0
[0.109s] -- The CXX compiler identification is GNU 13.3.0
[0.123s] -- Detecting C compiler ABI info
[0.196s] -- Detecting C compiler ABI info - done
[0.202s] -- Check for working C compiler: /usr/bin/cc - skipped
[0.203s] -- Detecting C compile features
[0.203s] -- Detecting C compile features - done
[0.210s] -- Detecting CXX compiler ABI info
[0.286s] -- Detecting CXX compiler ABI info - done
[0.294s] -- Check for working CXX compiler: /usr/bin/c++ - skipped
[0.294s] -- Detecting CXX compile features
[0.295s] -- Detecting CXX compile features - done
[0.300s] -- Found ament_cmake: 2.5.5 (/opt/ros/jazzy/share/ament_cmake/cmake)
[0.420s] -- Found Python3: /usr/bin/python3 (found version "3.12.3") found components: Interpreter 
[0.531s] -- Found ament_lint_auto: 0.17.4 (/opt/ros/jazzy/share/ament_lint_auto/cmake)
[0.630s] -- Added test 'flake8' to check Python code syntax and style conventions
[0.630s] -- Configured 'flake8' exclude dirs and/or files: 
[0.631s] -- Added test 'lint_cmake' to check CMake code style
[0.632s] -- Added test 'pep257' to check Python code against some of the docstring style conventions in PEP 257
[0.633s] -- Added test 'xmllint' to check XML markup files
[0.634s] -- Configuring done (0.6s)
[0.636s] -- Generating done (0.0s)
[0.637s] -- Build files have been written to: /home/naiwu/xxu_2026/xxu_nav_2026/build/xxu_description
[0.641s] Invoked command in '/home/naiwu/xxu_2026/xxu_nav_2026/build/xxu_description' returned '0': CMAKE_PREFIX_PATH=${CMAKE_PREFIX_PATH}:/opt/ros/jazzy DEBUGINFOD_URLS=https://debuginfod.ubuntu.com /usr/bin/cmake /home/naiwu/xxu_2026/xxu_nav_2026/src/xxu_description -DCMAKE_INSTALL_PREFIX=/home/naiwu/xxu_2026/xxu_nav_2026/install/xxu_description
[0.642s] Invoking command in '/home/naiwu/xxu_2026/xxu_nav_2026/build/xxu_description': CMAKE_PREFIX_PATH=${CMAKE_PREFIX_PATH}:/opt/ros/jazzy DEBUGINFOD_URLS=https://debuginfod.ubuntu.com /usr/bin/cmake --build /home/naiwu/xxu_2026/xxu_nav_2026/build/xxu_description -- -j24 -l24
[0.675s] Invoked command in '/home/naiwu/xxu_2026/xxu_nav_2026/build/xxu_description' returned '0': CMAKE_PREFIX_PATH=${CMAKE_PREFIX_PATH}:/opt/ros/jazzy DEBUGINFOD_URLS=https://debuginfod.ubuntu.com /usr/bin/cmake --build /home/naiwu/xxu_2026/xxu_nav_2026/build/xxu_description -- -j24 -l24
[0.684s] Invoking command in '/home/naiwu/xxu_2026/xxu_nav_2026/build/xxu_description': CMAKE_PREFIX_PATH=${CMAKE_PREFIX_PATH}:/opt/ros/jazzy DEBUGINFOD_URLS=https://debuginfod.ubuntu.com /usr/bin/cmake --install /home/naiwu/xxu_2026/xxu_nav_2026/build/xxu_description
[0.691s] -- Install configuration: ""
[0.691s] -- Installing: /home/naiwu/xxu_2026/xxu_nav_2026/install/xxu_description/share/xxu_description/launch
[0.691s] -- Installing: /home/naiwu/xxu_2026/xxu_nav_2026/install/xxu_description/share/xxu_description/launch/display.launch.py
[0.691s] -- Installing: /home/naiwu/xxu_2026/xxu_nav_2026/install/xxu_description/share/xxu_description/meshes
[0.691s] -- Installing: /home/naiwu/xxu_2026/xxu_nav_2026/install/xxu_description/share/xxu_description/meshes/.gitkeep
[0.691s] -- Installing: /home/naiwu/xxu_2026/xxu_nav_2026/install/xxu_description/share/xxu_description/rviz
[0.691s] -- Installing: /home/naiwu/xxu_2026/xxu_nav_2026/install/xxu_description/share/xxu_description/rviz/display.rviz
[0.691s] -- Installing: /home/naiwu/xxu_2026/xxu_nav_2026/install/xxu_description/share/xxu_description/urdf
[0.691s] -- Installing: /home/naiwu/xxu_2026/xxu_nav_2026/install/xxu_description/share/xxu_description/urdf/xxu.urdf
[0.691s] -- Installing: /home/naiwu/xxu_2026/xxu_nav_2026/install/xxu_description/share/ament_index/resource_index/package_run_dependencies/xxu_description
[0.692s] -- Installing: /home/naiwu/xxu_2026/xxu_nav_2026/install/xxu_description/share/ament_index/resource_index/parent_prefix_path/xxu_description
[0.692s] -- Installing: /home/naiwu/xxu_2026/xxu_nav_2026/install/xxu_description/share/xxu_description/environment/ament_prefix_path.sh
[0.692s] -- Installing: /home/naiwu/xxu_2026/xxu_nav_2026/install/xxu_description/share/xxu_description/environment/ament_prefix_path.dsv
[0.692s] -- Installing: /home/naiwu/xxu_2026/xxu_nav_2026/install/xxu_description/share/xxu_description/environment/path.sh
[0.692s] -- Installing: /home/naiwu/xxu_2026/xxu_nav_2026/install/xxu_description/share/xxu_description/environment/path.dsv
[0.692s] -- Installing: /home/naiwu/xxu_2026/xxu_nav_2026/install/xxu_description/share/xxu_description/local_setup.bash
[0.692s] -- Installing: /home/naiwu/xxu_2026/xxu_nav_2026/install/xxu_description/share/xxu_description/local_setup.sh
[0.693s] -- Installing: /home/naiwu/xxu_2026/xxu_nav_2026/install/xxu_description/share/xxu_description/local_setup.zsh
[0.693s] -- Installing: /home/naiwu/xxu_2026/xxu_nav_2026/install/xxu_description/share/xxu_description/local_setup.dsv
[0.693s] -- Installing: /home/naiwu/xxu_2026/xxu_nav_2026/install/xxu_description/share/xxu_description/package.dsv
[0.693s] -- Installing: /home/naiwu/xxu_2026/xxu_nav_2026/install/xxu_description/share/ament_index/resource_index/packages/xxu_description
[0.693s] -- Installing: /home/naiwu/xxu_2026/xxu_nav_2026/install/xxu_description/share/xxu_description/cmake/xxu_descriptionConfig.cmake
[0.693s] -- Installing: /home/naiwu/xxu_2026/xxu_nav_2026/install/xxu_description/share/xxu_description/cmake/xxu_descriptionConfig-version.cmake
[0.693s] -- Installing: /home/naiwu/xxu_2026/xxu_nav_2026/install/xxu_description/share/xxu_description/package.xml
[0.694s] Invoked command in '/home/naiwu/xxu_2026/xxu_nav_2026/build/xxu_description' returned '0': CMAKE_PREFIX_PATH=${CMAKE_PREFIX_PATH}:/opt/ros/jazzy DEBUGINFOD_URLS=https://debuginfod.ubuntu.com /usr/bin/cmake --install /home/naiwu/xxu_2026/xxu_nav_2026/build/xxu_description
