-- The C compiler identification is GNU 13.3.0
-- The CXX compiler identification is GNU 13.3.0
-- Detecting C compiler ABI info
-- Detecting C compiler ABI info - done
-- Check for working C compiler: /usr/bin/cc - skipped
-- Detecting C compile features
-- Detecting C compile features - done
-- Detecting CXX compiler ABI info
-- Detecting CXX compiler ABI info - done
-- Check for working CXX compiler: /usr/bin/c++ - skipped
-- Detecting CXX compile features
-- Detecting CXX compile features - done
-- Found ament_cmake: 2.5.5 (/opt/ros/jazzy/share/ament_cmake/cmake)
-- Found Python3: /usr/bin/python3 (found version "3.12.3") found components: Interpreter 
-- Found rclcpp: 28.1.16 (/opt/ros/jazzy/share/rclcpp/cmake)
-- Found rosidl_generator_c: 4.6.7 (/opt/ros/jazzy/share/rosidl_generator_c/cmake)
-- Found rosidl_generator_cpp: 4.6.7 (/opt/ros/jazzy/share/rosidl_generator_cpp/cmake)
-- Using all available rosidl_typesupport_c: rosidl_typesupport_fastrtps_c;rosidl_typesupport_introspection_c
-- Using all available rosidl_typesupport_cpp: rosidl_typesupport_fastrtps_cpp;rosidl_typesupport_introspection_cpp
-- Found rmw_implementation_cmake: 7.3.3 (/opt/ros/jazzy/share/rmw_implementation_cmake/cmake)
-- Found rmw_fastrtps_cpp: 8.4.3 (/opt/ros/jazzy/share/rmw_fastrtps_cpp/cmake)
-- Found OpenSSL: /usr/lib/x86_64-linux-gnu/libcrypto.so (found version "3.0.13")  
-- Found FastRTPS: /opt/ros/jazzy/include (Required is at least version "2.13") 
-- Using RMW implementation 'rmw_fastrtps_cpp' as default
-- Found sensor_msgs: 5.3.6 (/opt/ros/jazzy/share/sensor_msgs/cmake)
-- Found tf2_ros: 0.36.19 (/opt/ros/jazzy/share/tf2_ros/cmake)
-- Found ament_lint_auto: 0.17.4 (/opt/ros/jazzy/share/ament_lint_auto/cmake)
-- Added test 'cppcheck' to perform static code analysis on C / C++ code
-- Configured cppcheck include dirs: 
-- Configured cppcheck exclude dirs and/or files: 
-- Added test 'lint_cmake' to check CMake code style
-- Added test 'uncrustify' to check C / C++ code style
-- Configured uncrustify additional arguments: 
-- Added test 'xmllint' to check XML markup files
-- Configuring done (1.3s)
-- Generating done (0.0s)
-- Build files have been written to: /home/naiwu/xxu_2026/build/xxu_pointcloud_processing
[ 50%] Building CXX object CMakeFiles/pointcloud_processor.dir/src/pointcloud_processor.cpp.o
[100%] Linking CXX executable pointcloud_processor
[100%] Built target pointcloud_processor
-- Install configuration: ""
-- Installing: /home/naiwu/xxu_2026/install/xxu_pointcloud_processing/lib/xxu_pointcloud_processing/pointcloud_processor
-- Set non-toolchain portion of runtime path of "/home/naiwu/xxu_2026/install/xxu_pointcloud_processing/lib/xxu_pointcloud_processing/pointcloud_processor" to ""
-- Installing: /home/naiwu/xxu_2026/install/xxu_pointcloud_processing/share/ament_index/resource_index/package_run_dependencies/xxu_pointcloud_processing
-- Installing: /home/naiwu/xxu_2026/install/xxu_pointcloud_processing/share/ament_index/resource_index/parent_prefix_path/xxu_pointcloud_processing
-- Installing: /home/naiwu/xxu_2026/install/xxu_pointcloud_processing/share/xxu_pointcloud_processing/environment/ament_prefix_path.sh
-- Installing: /home/naiwu/xxu_2026/install/xxu_pointcloud_processing/share/xxu_pointcloud_processing/environment/ament_prefix_path.dsv
-- Installing: /home/naiwu/xxu_2026/install/xxu_pointcloud_processing/share/xxu_pointcloud_processing/environment/path.sh
-- Installing: /home/naiwu/xxu_2026/install/xxu_pointcloud_processing/share/xxu_pointcloud_processing/environment/path.dsv
-- Installing: /home/naiwu/xxu_2026/install/xxu_pointcloud_processing/share/xxu_pointcloud_processing/local_setup.bash
-- Installing: /home/naiwu/xxu_2026/install/xxu_pointcloud_processing/share/xxu_pointcloud_processing/local_setup.sh
-- Installing: /home/naiwu/xxu_2026/install/xxu_pointcloud_processing/share/xxu_pointcloud_processing/local_setup.zsh
-- Installing: /home/naiwu/xxu_2026/install/xxu_pointcloud_processing/share/xxu_pointcloud_processing/local_setup.dsv
-- Installing: /home/naiwu/xxu_2026/install/xxu_pointcloud_processing/share/xxu_pointcloud_processing/package.dsv
-- Installing: /home/naiwu/xxu_2026/install/xxu_pointcloud_processing/share/ament_index/resource_index/packages/xxu_pointcloud_processing
-- Installing: /home/naiwu/xxu_2026/install/xxu_pointcloud_processing/share/xxu_pointcloud_processing/cmake/xxu_pointcloud_processingConfig.cmake
-- Installing: /home/naiwu/xxu_2026/install/xxu_pointcloud_processing/share/xxu_pointcloud_processing/cmake/xxu_pointcloud_processingConfig-version.cmake
-- Installing: /home/naiwu/xxu_2026/install/xxu_pointcloud_processing/share/xxu_pointcloud_processing/package.xml
