[0.015s] Invoking command in '/home/naiwu/xxu_2026/xxu_nav_2026/build/explore_lite_msgs': CMAKE_PREFIX_PATH=${CMAKE_PREFIX_PATH}:/opt/ros/jazzy DEBUGINFOD_URLS=https://debuginfod.ubuntu.com /usr/bin/cmake /home/naiwu/xxu_2026/xxu_nav_2026/src/m-explore-ros2/explore_lite_msgs -DAMENT_CMAKE_SYMLINK_INSTALL=1 -DCMAKE_INSTALL_PREFIX=/home/naiwu/xxu_2026/xxu_nav_2026/install/explore_lite_msgs
[0.047s] -- Found ament_cmake: 2.5.5 (/opt/ros/jazzy/share/ament_cmake/cmake)
[0.065s] -- Found Python3: /usr/bin/python3 (found version "3.12.3") found components: Interpreter 
[0.120s] -- Override CMake install command with custom implementation using symlinks instead of copying resources
[0.123s] -- Found rosidl_default_generators: 1.6.0 (/opt/ros/jazzy/share/rosidl_default_generators/cmake)
[0.126s] -- Using all available rosidl_typesupport_c: rosidl_typesupport_fastrtps_c;rosidl_typesupport_introspection_c
[0.159s] -- Using all available rosidl_typesupport_cpp: rosidl_typesupport_fastrtps_cpp;rosidl_typesupport_introspection_cpp
[0.183s] -- Found rosidl_adapter: 4.6.7 (/opt/ros/jazzy/share/rosidl_adapter/cmake)
[0.340s] -- Found ament_cmake_ros: 0.12.0 (/opt/ros/jazzy/share/ament_cmake_ros/cmake)
[0.399s] -- Using all available rosidl_typesupport_c: rosidl_typesupport_fastrtps_c;rosidl_typesupport_introspection_c
[0.486s] -- Using all available rosidl_typesupport_cpp: rosidl_typesupport_fastrtps_cpp;rosidl_typesupport_introspection_cpp
[0.488s] -- Found python_cmake_module: 0.11.1 (/opt/ros/jazzy/share/python_cmake_module/cmake)
[0.665s] -- Found Python3: /usr/bin/python3 (found version "3.12.3") found components: Interpreter Development NumPy Development.Module Development.Embed 
[0.678s] -- Configuring done (0.6s)
[0.712s] -- Generating done (0.0s)
[0.719s] -- Build files have been written to: /home/naiwu/xxu_2026/xxu_nav_2026/build/explore_lite_msgs
[0.723s] Invoked command in '/home/naiwu/xxu_2026/xxu_nav_2026/build/explore_lite_msgs' returned '0': CMAKE_PREFIX_PATH=${CMAKE_PREFIX_PATH}:/opt/ros/jazzy DEBUGINFOD_URLS=https://debuginfod.ubuntu.com /usr/bin/cmake /home/naiwu/xxu_2026/xxu_nav_2026/src/m-explore-ros2/explore_lite_msgs -DAMENT_CMAKE_SYMLINK_INSTALL=1 -DCMAKE_INSTALL_PREFIX=/home/naiwu/xxu_2026/xxu_nav_2026/install/explore_lite_msgs
[0.723s] Invoking command in '/home/naiwu/xxu_2026/xxu_nav_2026/build/explore_lite_msgs': CMAKE_PREFIX_PATH=${CMAKE_PREFIX_PATH}:/opt/ros/jazzy DEBUGINFOD_URLS=https://debuginfod.ubuntu.com /usr/bin/cmake --build /home/naiwu/xxu_2026/xxu_nav_2026/build/explore_lite_msgs -- -j24 -l24
[0.758s] failed to create symbolic link '/home/naiwu/xxu_2026/xxu_nav_2026/build/explore_lite_msgs/ament_cmake_python/explore_lite_msgs/explore_lite_msgs' because existing path cannot be removed: Is a directory
[0.758s] gmake[2]: *** [CMakeFiles/ament_cmake_python_symlink_explore_lite_msgs.dir/build.make:70：CMakeFiles/ament_cmake_python_symlink_explore_lite_msgs] 错误 1
[0.759s] gmake[1]: *** [CMakeFiles/Makefile2:452：CMakeFiles/ament_cmake_python_symlink_explore_lite_msgs.dir/all] 错误 2
[0.759s] gmake[1]: *** 正在等待未完成的任务....
[0.760s] [  2%] Built target explore_lite_msgs__rosidl_generator_type_description
[0.761s] gmake: *** [Makefile:146：all] 错误 2
[0.762s] Invoked command in '/home/naiwu/xxu_2026/xxu_nav_2026/build/explore_lite_msgs' returned '2': CMAKE_PREFIX_PATH=${CMAKE_PREFIX_PATH}:/opt/ros/jazzy DEBUGINFOD_URLS=https://debuginfod.ubuntu.com /usr/bin/cmake --build /home/naiwu/xxu_2026/xxu_nav_2026/build/explore_lite_msgs -- -j24 -l24
