-- Found ament_cmake: 2.5.5 (/opt/ros/jazzy/share/ament_cmake/cmake)
-- Found rclcpp: 28.1.16 (/opt/ros/jazzy/share/rclcpp/cmake)
-- Found rosidl_generator_c: 4.6.7 (/opt/ros/jazzy/share/rosidl_generator_c/cmake)
-- Found rosidl_generator_cpp: 4.6.7 (/opt/ros/jazzy/share/rosidl_generator_cpp/cmake)
-- Using all available rosidl_typesupport_c: rosidl_typesupport_fastrtps_c;rosidl_typesupport_introspection_c
-- Using all available rosidl_typesupport_cpp: rosidl_typesupport_fastrtps_cpp;rosidl_typesupport_introspection_cpp
-- Found rmw_implementation_cmake: 7.3.3 (/opt/ros/jazzy/share/rmw_implementation_cmake/cmake)
-- Found rmw_fastrtps_cpp: 8.4.3 (/opt/ros/jazzy/share/rmw_fastrtps_cpp/cmake)
-- Using RMW implementation 'rmw_fastrtps_cpp' as default
-- Found sensor_msgs: 5.3.6 (/opt/ros/jazzy/share/sensor_msgs/cmake)
-- Looking for gz-sim -- found version 10.1.1
-- Searching for dependencies of gz-sim
-- Looking for sdformat -- found version 16.0.1
-- Searching for dependencies of sdformat
-- Checking for module 'tinyxml2'
--   Found tinyxml2, version 10.0.0
-- Looking for gz-math -- found version 9.0.0
-- Searching for dependencies of gz-math
-- Looking for gz-utils -- found version 4.0.0
-- Searching for dependencies of gz-utils
-- Looking for gz-utils -- found version 4.0.0
-- Searching for dependencies of gz-utils
-- Searching for <gz-utils> component [cli]
-- Looking for gz-utils-cli -- found version 4.0.0
-- Searching for dependencies of gz-utils-cli
-- Looking for gz-plugin -- found version 4.0.0
-- Searching for dependencies of gz-plugin
-- Looking for gz-utils -- found version 4.0.0
-- Searching for <gz-plugin> component [loader]
-- Looking for gz-plugin-loader -- found version 4.0.0
-- Searching for dependencies of gz-plugin-loader
-- Searching for <gz-plugin> component [register]
-- Looking for gz-plugin-register -- found version 4.0.0
-- Searching for dependencies of gz-plugin-register
-- Looking for gz-transport -- found version 15.0.2
-- Searching for dependencies of gz-transport
-- Found Protobuf: /usr/lib/x86_64-linux-gnu/libprotobuf.so (found version "3.21.12") 
-- Config-file not installed for ZeroMQ -- checking for pkg-config
-- Checking for module 'libzmq >= 4'
--   Found libzmq, version 4.3.5
-- Found ZeroMQ: TRUE (Required is at least version "4") 
-- Checking for module 'uuid'
--   Found uuid, version 2.39.3
-- Found UUID: TRUE  
-- Looking for gz-utils -- found version 4.0.0
-- Looking for gz-msgs -- found version 12.0.1
-- Searching for dependencies of gz-msgs
-- Looking for gz-utils -- found version 4.0.0
-- Looking for gz-math -- found version 9.0.0
-- Searching for <gz-transport> component [log]
-- Looking for gz-transport-log -- found version 15.0.2
-- Searching for dependencies of gz-transport-log
-- Searching for <gz-transport> component [parameters]
-- Looking for gz-transport-parameters -- found version 15.0.2
-- Searching for dependencies of gz-transport-parameters
-- Looking for gz-msgs -- found version 12.0.1
-- Looking for gz-common -- found version 7.1.1
-- Searching for dependencies of gz-common
-- Looking for gz-utils -- found version 4.0.0
-- Searching for dependencies of gz-utils
-- Searching for <gz-utils> component [log]
-- Looking for gz-utils-log -- found version 4.0.0
-- Searching for dependencies of gz-utils-log
-- Found Threads: TRUE  
-- Searching for <gz-common> component [av]
-- Looking for gz-common-av -- found version 7.1.1
-- Searching for dependencies of gz-common-av
-- Checking for module 'libswscale'
--   Found libswscale, version 7.5.100
-- Found SWSCALE: TRUE  
-- Checking for module 'libavdevice >= 56.4.100'
--   Found libavdevice, version 60.3.100
-- Found AVDEVICE: TRUE (Required is at least version "56.4.100") 
-- Checking for module 'libavformat'
--   Found libavformat, version 60.16.100
-- Found AVFORMAT: TRUE  
-- Checking for module 'libavcodec'
--   Found libavcodec, version 60.31.102
-- Found AVCODEC: TRUE  
-- Checking for module 'libavutil'
--   Found libavutil, version 58.29.100
-- Found AVUTIL: TRUE  
-- Searching for <gz-common> component [events]
-- Looking for gz-common-events -- found version 7.1.1
-- Searching for dependencies of gz-common-events
-- Looking for gz-math -- found version 9.0.0
-- Searching for <gz-common> component [graphics]
-- Looking for gz-common-graphics -- found version 7.1.1
-- Searching for dependencies of gz-common-graphics
-- Looking for gz-math -- found version 9.0.0
-- Found GzAssimp: TRUE (found version "5.3.0") 
-- Searching for <gz-common> component [io]
-- Looking for gz-common-io -- found version 7.1.1
-- Searching for dependencies of gz-common-io
-- Searching for <gz-common> component [profiler]
-- Looking for gz-common-profiler -- found version 7.1.1
-- Searching for dependencies of gz-common-profiler
-- Searching for <gz-common> component [testing]
-- Looking for gz-common-testing -- found version 7.1.1
-- Searching for dependencies of gz-common-testing
-- Looking for gz-fuel_tools -- found version 11.0.0
-- Searching for dependencies of gz-fuel_tools
-- Found CURL: /usr/lib/x86_64-linux-gnu/libcurl.so (found version "8.5.0")  
-- Checking for module 'jsoncpp'
--   Found jsoncpp, version 1.9.5
-- Found JSONCPP: TRUE  
-- Checking for module 'yaml-0.1'
--   Found yaml-0.1, version 0.2.5
-- Found YAML: TRUE  
-- Checking for module 'libzip'
--   Found libzip, version 1.7.3
-- Found ZIP: TRUE  
-- Looking for gz-utils -- found version 4.0.0
-- Looking for gz-common -- found version 7.1.1
-- Looking for gz-math -- found version 9.0.0
-- Looking for gz-msgs -- found version 12.0.1
-- Looking for gz-gui -- found version 10.0.0
-- Searching for dependencies of gz-gui
-- Looking for gz-utils -- found version 4.0.0
-- Looking for gz-math -- found version 9.0.0
-- Looking for gz-common -- found version 7.1.1
-- Looking for gz-plugin -- found version 4.0.0
-- Looking for gz-transport -- found version 15.0.2
-- Looking for gz-rendering -- found version 10.0.1
-- Searching for dependencies of gz-rendering
-- Looking for gz-math -- found version 9.0.0
-- Searching for dependencies of gz-math
-- Looking for gz-utils -- found version 4.0.0
-- Searching for <gz-math> component [eigen3]
-- Looking for gz-math-eigen3 -- found version 9.0.0
-- Searching for dependencies of gz-math-eigen3
-- Looking for gz-common -- found version 7.1.1
-- Searching for dependencies of gz-common
-- Looking for gz-utils -- found version 4.0.0
-- Searching for <gz-common> component [graphics]
-- Searching for <gz-common> component [events]
-- Searching for <gz-common> component [geospatial]
-- Looking for gz-common-geospatial -- found version 7.1.1
-- Searching for dependencies of gz-common-geospatial
-- Looking for gz-math -- found version 9.0.0
-- Looking for gz-common -- found version 7.1.1
-- Looking for gz-plugin -- found version 4.0.0
-- Searching for dependencies of gz-plugin
-- Looking for gz-utils -- found version 4.0.0
-- Searching for <gz-plugin> component [all]
-- Looking for all libraries of gz-plugin -- found version 4.0.0
-- Looking for gz-plugin -- found version 4.0.0
-- Looking for gz-utils -- found version 4.0.0
-- Found OpenGL: /usr/lib/x86_64-linux-gnu/libOpenGL.so  found components: OpenGL 
-- Looking for gz-msgs -- found version 12.0.1
-- Performing Test HAVE_STDATOMIC
-- Performing Test HAVE_STDATOMIC - Success
-- Found WrapAtomic: TRUE  
-- Found OpenGL: /usr/lib/x86_64-linux-gnu/libOpenGL.so   
-- Found WrapOpenGL: TRUE  
-- Found XKB: /usr/lib/x86_64-linux-gnu/libxkbcommon.so (found suitable version "1.6.0", minimum required is "0.5.0") 
-- Found WrapVulkanHeaders: /usr/include  
-- Looking for gz-physics -- found version 9.1.0
-- Searching for dependencies of gz-physics
-- Looking for gz-common -- found version 7.1.1
-- Looking for gz-math -- found version 9.0.0
-- Looking for gz-plugin -- found version 4.0.0
-- Looking for gz-utils -- found version 4.0.0
-- Searching for <gz-physics> component [heightmap]
-- Looking for gz-physics-heightmap -- found version 9.1.0
-- Searching for dependencies of gz-physics-heightmap
-- Looking for gz-common -- found version 7.1.1
-- Searching for <gz-physics> component [mesh]
-- Looking for gz-physics-mesh -- found version 9.1.0
-- Searching for dependencies of gz-physics-mesh
-- Looking for gz-common -- found version 7.1.1
-- Searching for <gz-physics> component [sdf]
-- Looking for gz-physics-sdf -- found version 9.1.0
-- Searching for dependencies of gz-physics-sdf
-- Looking for sdformat -- found version 16.0.1
-- Looking for gz-sensors -- found version 10.0.1
-- Searching for dependencies of gz-sensors
-- Looking for gz-math -- found version 9.0.0
-- Looking for gz-common -- found version 7.1.1
-- Looking for gz-transport -- found version 15.0.2
-- Looking for gz-rendering -- found version 10.0.1
-- Looking for gz-msgs -- found version 12.0.1
-- Looking for sdformat -- found version 16.0.1
-- Searching for <gz-sensors> component [air_pressure]
-- Looking for gz-sensors-air_pressure -- found version 10.0.1
-- Searching for dependencies of gz-sensors-air_pressure
-- Searching for <gz-sensors> component [air_speed]
-- Looking for gz-sensors-air_speed -- found version 10.0.1
-- Searching for dependencies of gz-sensors-air_speed
-- Searching for <gz-sensors> component [altimeter]
-- Looking for gz-sensors-altimeter -- found version 10.0.1
-- Searching for dependencies of gz-sensors-altimeter
-- Searching for <gz-sensors> component [imu]
-- Looking for gz-sensors-imu -- found version 10.0.1
-- Searching for dependencies of gz-sensors-imu
-- Searching for <gz-sensors> component [force_torque]
-- Looking for gz-sensors-force_torque -- found version 10.0.1
-- Searching for dependencies of gz-sensors-force_torque
-- Searching for <gz-sensors> component [logical_camera]
-- Looking for gz-sensors-logical_camera -- found version 10.0.1
-- Searching for dependencies of gz-sensors-logical_camera
-- Searching for <gz-sensors> component [magnetometer]
-- Looking for gz-sensors-magnetometer -- found version 10.0.1
-- Searching for dependencies of gz-sensors-magnetometer
-- Searching for <gz-sensors> component [navsat]
-- Looking for gz-sensors-navsat -- found version 10.0.1
-- Searching for dependencies of gz-sensors-navsat
-- Searching for <gz-sensors> component [dvl]
-- Looking for gz-sensors-dvl -- found version 10.0.1
-- Searching for dependencies of gz-sensors-dvl
-- Looking for gz-sensors -- found version 10.0.1
-- Searching for dependencies of gz-sensors
-- Looking for gz-math -- found version 9.0.0
-- Looking for gz-common -- found version 7.1.1
-- Looking for gz-transport -- found version 15.0.2
-- Looking for gz-rendering -- found version 10.0.1
-- Looking for gz-msgs -- found version 12.0.1
-- Looking for sdformat -- found version 16.0.1
-- Searching for <gz-sensors> component [rendering]
-- Looking for gz-sensors-rendering -- found version 10.0.1
-- Searching for dependencies of gz-sensors-rendering
-- Searching for <gz-sensors> component [rendering]
-- Searching for <gz-sensors> component [lidar]
-- Looking for gz-sensors-lidar -- found version 10.0.1
-- Searching for dependencies of gz-sensors-lidar
-- Looking for gz-sensors -- found version 10.0.1
-- Searching for <gz-sensors> component [gpu_lidar]
-- Looking for gz-sensors-gpu_lidar -- found version 10.0.1
-- Searching for dependencies of gz-sensors-gpu_lidar
-- Looking for gz-sensors -- found version 10.0.1
-- Searching for <gz-sensors> component [camera]
-- Looking for gz-sensors-camera -- found version 10.0.1
-- Searching for dependencies of gz-sensors-camera
-- Looking for gz-sensors -- found version 10.0.1
-- Searching for <gz-sensors> component [boundingbox_camera]
-- Looking for gz-sensors-boundingbox_camera -- found version 10.0.1
-- Searching for dependencies of gz-sensors-boundingbox_camera
-- Searching for <gz-sensors> component [segmentation_camera]
-- Looking for gz-sensors-segmentation_camera -- found version 10.0.1
-- Searching for dependencies of gz-sensors-segmentation_camera
-- Searching for <gz-sensors> component [depth_camera]
-- Looking for gz-sensors-depth_camera -- found version 10.0.1
-- Searching for dependencies of gz-sensors-depth_camera
-- Looking for gz-sensors -- found version 10.0.1
-- Searching for <gz-sensors> component [rgbd_camera]
-- Looking for gz-sensors-rgbd_camera -- found version 10.0.1
-- Searching for dependencies of gz-sensors-rgbd_camera
-- Looking for gz-sensors -- found version 10.0.1
-- Searching for <gz-sensors> component [thermal_camera]
-- Looking for gz-sensors-thermal_camera -- found version 10.0.1
-- Searching for dependencies of gz-sensors-thermal_camera
-- Looking for gz-sensors -- found version 10.0.1
-- Searching for <gz-sensors> component [wide_angle_camera]
-- Looking for gz-sensors-wide_angle_camera -- found version 10.0.1
-- Searching for dependencies of gz-sensors-wide_angle_camera
-- Looking for gz-rendering -- found version 10.0.1
-- Looking for gz-math -- found version 9.0.0
-- Looking for gz-utils -- found version 4.0.0
-- Looking for gz-msgs -- found version 12.0.1
-- Looking for gz-transport -- found version 15.0.2
-- Looking for gz-plugin -- found version 4.0.0
-- Found ament_lint_auto: 0.17.4 (/opt/ros/jazzy/share/ament_lint_auto/cmake)
-- Added test 'cppcheck' to perform static code analysis on C / C++ code
-- Configured cppcheck include dirs: 
-- Configured cppcheck exclude dirs and/or files: 
-- Added test 'lint_cmake' to check CMake code style
-- Added test 'uncrustify' to check C / C++ code style
-- Configured uncrustify additional arguments: 
-- Added test 'xmllint' to check XML markup files
-- Configuring done (1.6s)
-- Generating done (0.0s)
-- Build files have been written to: /home/naiwu/xxu_2026/xxu_nav_2026/build/xxu_livox_sim
[ 25%] Building CXX object CMakeFiles/livox_mid360_system.dir/src/livox_mid360_system.cpp.o
[ 75%] Built target livox_pointcloud_shaper
