[  2%] Built target explore_lite_msgs__rosidl_generator_type_description
[  2%] Built target ament_cmake_python_symlink_explore_lite_msgs
[ 17%] Built target explore_lite_msgs__rosidl_generator_c
[ 20%] Built target explore_lite_msgs__cpp
[ 29%] Built target explore_lite_msgs__rosidl_typesupport_cpp
[ 38%] Built target explore_lite_msgs__rosidl_typesupport_fastrtps_c
[ 47%] Built target explore_lite_msgs__rosidl_typesupport_introspection_c
[ 55%] Built target explore_lite_msgs__rosidl_typesupport_introspection_cpp
[ 64%] Built target explore_lite_msgs__rosidl_typesupport_c
[ 73%] Built target explore_lite_msgs__rosidl_typesupport_fastrtps_cpp
[ 73%] Built target explore_lite_msgs
[ 76%] Built target explore_lite_msgs__py
[ 82%] Built target explore_lite_msgs__rosidl_generator_py
[ 85%] Linking C shared module rosidl_generator_py/explore_lite_msgs/explore_lite_msgs_s__rosidl_typesupport_fastrtps_c.so
[ 91%] Linking C shared module rosidl_generator_py/explore_lite_msgs/explore_lite_msgs_s__rosidl_typesupport_c.so
[ 91%] Linking C shared module rosidl_generator_py/explore_lite_msgs/explore_lite_msgs_s__rosidl_typesupport_introspection_c.so
[ 97%] Built target explore_lite_msgs_s__rosidl_typesupport_c
[ 97%] Built target explore_lite_msgs_s__rosidl_typesupport_introspection_c
[100%] Built target explore_lite_msgs_s__rosidl_typesupport_fastrtps_c
running egg_info
writing explore_lite_msgs.egg-info/PKG-INFO
writing dependency_links to explore_lite_msgs.egg-info/dependency_links.txt
writing top-level names to explore_lite_msgs.egg-info/top_level.txt
reading manifest file 'explore_lite_msgs.egg-info/SOURCES.txt'
writing manifest file 'explore_lite_msgs.egg-info/SOURCES.txt'
[100%] Built target ament_cmake_python_build_explore_lite_msgs_egg
-- Install configuration: ""
-- Execute custom install script
-- Symlinking: /home/naiwu/xxu_2026/xxu_nav_2026/install/explore_lite_msgs/share/ament_index/resource_index/rosidl_interfaces/explore_lite_msgs
-- Symlinking: /home/naiwu/xxu_2026/xxu_nav_2026/install/explore_lite_msgs/share/explore_lite_msgs/msg/ExploreStatus.json
-- Symlinking: /home/naiwu/xxu_2026/xxu_nav_2026/install/explore_lite_msgs/include/explore_lite_msgs/explore_lite_msgs/msg/detail/explore_status__functions.h
-- Symlinking: /home/naiwu/xxu_2026/xxu_nav_2026/install/explore_lite_msgs/include/explore_lite_msgs/explore_lite_msgs/msg/detail/explore_status__struct.h
-- Symlinking: /home/naiwu/xxu_2026/xxu_nav_2026/install/explore_lite_msgs/include/explore_lite_msgs/explore_lite_msgs/msg/detail/explore_status__type_support.h
-- Symlinking: /home/naiwu/xxu_2026/xxu_nav_2026/install/explore_lite_msgs/include/explore_lite_msgs/explore_lite_msgs/msg/explore_status.h
-- Symlinking: /home/naiwu/xxu_2026/xxu_nav_2026/install/explore_lite_msgs/include/explore_lite_msgs/explore_lite_msgs/msg/rosidl_generator_c__visibility_control.h
-- Symlinking: /home/naiwu/xxu_2026/xxu_nav_2026/install/explore_lite_msgs/share/explore_lite_msgs/environment/library_path.sh
-- Symlinking: /home/naiwu/xxu_2026/xxu_nav_2026/install/explore_lite_msgs/share/explore_lite_msgs/environment/library_path.dsv
-- Symlinking: /home/naiwu/xxu_2026/xxu_nav_2026/install/explore_lite_msgs/include/explore_lite_msgs/explore_lite_msgs/msg/detail/explore_status__rosidl_typesupport_fastrtps_c.h
-- Symlinking: /home/naiwu/xxu_2026/xxu_nav_2026/install/explore_lite_msgs/include/explore_lite_msgs/explore_lite_msgs/msg/rosidl_typesupport_fastrtps_c__visibility_control.h
-- Symlinking: /home/naiwu/xxu_2026/xxu_nav_2026/install/explore_lite_msgs/include/explore_lite_msgs/explore_lite_msgs/msg/detail/explore_status__rosidl_typesupport_introspection_c.h
-- Symlinking: /home/naiwu/xxu_2026/xxu_nav_2026/install/explore_lite_msgs/include/explore_lite_msgs/explore_lite_msgs/msg/rosidl_typesupport_introspection_c__visibility_control.h
-- Symlinking: /home/naiwu/xxu_2026/xxu_nav_2026/install/explore_lite_msgs/include/explore_lite_msgs/explore_lite_msgs/msg/detail/explore_status__builder.hpp
-- Symlinking: /home/naiwu/xxu_2026/xxu_nav_2026/install/explore_lite_msgs/include/explore_lite_msgs/explore_lite_msgs/msg/detail/explore_status__struct.hpp
-- Symlinking: /home/naiwu/xxu_2026/xxu_nav_2026/install/explore_lite_msgs/include/explore_lite_msgs/explore_lite_msgs/msg/detail/explore_status__traits.hpp
-- Symlinking: /home/naiwu/xxu_2026/xxu_nav_2026/install/explore_lite_msgs/include/explore_lite_msgs/explore_lite_msgs/msg/detail/explore_status__type_support.hpp
-- Symlinking: /home/naiwu/xxu_2026/xxu_nav_2026/install/explore_lite_msgs/include/explore_lite_msgs/explore_lite_msgs/msg/explore_status.hpp
-- Symlinking: /home/naiwu/xxu_2026/xxu_nav_2026/install/explore_lite_msgs/include/explore_lite_msgs/explore_lite_msgs/msg/rosidl_generator_cpp__visibility_control.hpp
-- Symlinking: /home/naiwu/xxu_2026/xxu_nav_2026/install/explore_lite_msgs/include/explore_lite_msgs/explore_lite_msgs/msg/detail/explore_status__rosidl_typesupport_fastrtps_cpp.hpp
-- Symlinking: /home/naiwu/xxu_2026/xxu_nav_2026/install/explore_lite_msgs/include/explore_lite_msgs/explore_lite_msgs/msg/rosidl_typesupport_fastrtps_cpp__visibility_control.h
-- Symlinking: /home/naiwu/xxu_2026/xxu_nav_2026/install/explore_lite_msgs/include/explore_lite_msgs/explore_lite_msgs/msg/detail/explore_status__rosidl_typesupport_introspection_cpp.hpp
-- Symlinking: /home/naiwu/xxu_2026/xxu_nav_2026/install/explore_lite_msgs/share/explore_lite_msgs/environment/pythonpath.sh
-- Symlinking: /home/naiwu/xxu_2026/xxu_nav_2026/install/explore_lite_msgs/share/explore_lite_msgs/environment/pythonpath.dsv
-- Symlinking: /home/naiwu/xxu_2026/xxu_nav_2026/install/explore_lite_msgs/lib/python3.12/site-packages/explore_lite_msgs-1.0.0-py3.12.egg-info/PKG-INFO
-- Symlinking: /home/naiwu/xxu_2026/xxu_nav_2026/install/explore_lite_msgs/lib/python3.12/site-packages/explore_lite_msgs-1.0.0-py3.12.egg-info/SOURCES.txt
-- Symlinking: /home/naiwu/xxu_2026/xxu_nav_2026/install/explore_lite_msgs/lib/python3.12/site-packages/explore_lite_msgs-1.0.0-py3.12.egg-info/dependency_links.txt
-- Symlinking: /home/naiwu/xxu_2026/xxu_nav_2026/install/explore_lite_msgs/lib/python3.12/site-packages/explore_lite_msgs-1.0.0-py3.12.egg-info/top_level.txt
-- Symlinking: /home/naiwu/xxu_2026/xxu_nav_2026/install/explore_lite_msgs/lib/python3.12/site-packages/explore_lite_msgs/__init__.py
-- Symlinking: /home/naiwu/xxu_2026/xxu_nav_2026/install/explore_lite_msgs/lib/python3.12/site-packages/explore_lite_msgs/_explore_lite_msgs_s.ep.rosidl_typesupport_c.c
-- Symlinking: /home/naiwu/xxu_2026/xxu_nav_2026/install/explore_lite_msgs/lib/python3.12/site-packages/explore_lite_msgs/_explore_lite_msgs_s.ep.rosidl_typesupport_fastrtps_c.c
-- Symlinking: /home/naiwu/xxu_2026/xxu_nav_2026/install/explore_lite_msgs/lib/python3.12/site-packages/explore_lite_msgs/_explore_lite_msgs_s.ep.rosidl_typesupport_introspection_c.c
-- Symlinking: /home/naiwu/xxu_2026/xxu_nav_2026/install/explore_lite_msgs/lib/python3.12/site-packages/explore_lite_msgs/explore_lite_msgs_s__rosidl_typesupport_c.so
-- Symlinking: /home/naiwu/xxu_2026/xxu_nav_2026/install/explore_lite_msgs/lib/python3.12/site-packages/explore_lite_msgs/explore_lite_msgs_s__rosidl_typesupport_fastrtps_c.so
-- Symlinking: /home/naiwu/xxu_2026/xxu_nav_2026/install/explore_lite_msgs/lib/python3.12/site-packages/explore_lite_msgs/explore_lite_msgs_s__rosidl_typesupport_introspection_c.so
-- Symlinking: /home/naiwu/xxu_2026/xxu_nav_2026/install/explore_lite_msgs/lib/python3.12/site-packages/explore_lite_msgs/msg/__init__.py
-- Symlinking: /home/naiwu/xxu_2026/xxu_nav_2026/install/explore_lite_msgs/lib/python3.12/site-packages/explore_lite_msgs/msg/_explore_status.py
-- Symlinking: /home/naiwu/xxu_2026/xxu_nav_2026/install/explore_lite_msgs/lib/python3.12/site-packages/explore_lite_msgs/msg/_explore_status_s.c
-- Up-to-date symlink: /home/naiwu/xxu_2026/xxu_nav_2026/install/explore_lite_msgs/lib/python3.12/site-packages/explore_lite_msgs/explore_lite_msgs_s__rosidl_typesupport_fastrtps_c.so
-- Up-to-date symlink: /home/naiwu/xxu_2026/xxu_nav_2026/install/explore_lite_msgs/lib/python3.12/site-packages/explore_lite_msgs/explore_lite_msgs_s__rosidl_typesupport_introspection_c.so
-- Up-to-date symlink: /home/naiwu/xxu_2026/xxu_nav_2026/install/explore_lite_msgs/lib/python3.12/site-packages/explore_lite_msgs/explore_lite_msgs_s__rosidl_typesupport_c.so
-- Symlinking: /home/naiwu/xxu_2026/xxu_nav_2026/install/explore_lite_msgs/share/explore_lite_msgs/msg/ExploreStatus.idl
-- Symlinking: /home/naiwu/xxu_2026/xxu_nav_2026/install/explore_lite_msgs/share/explore_lite_msgs/msg/ExploreStatus.msg
-- Symlinking: /home/naiwu/xxu_2026/xxu_nav_2026/install/explore_lite_msgs/share/ament_index/resource_index/package_run_dependencies/explore_lite_msgs
-- Symlinking: /home/naiwu/xxu_2026/xxu_nav_2026/install/explore_lite_msgs/share/ament_index/resource_index/parent_prefix_path/explore_lite_msgs
-- Symlinking: /home/naiwu/xxu_2026/xxu_nav_2026/install/explore_lite_msgs/share/explore_lite_msgs/environment/ament_prefix_path.sh
-- Symlinking: /home/naiwu/xxu_2026/xxu_nav_2026/install/explore_lite_msgs/share/explore_lite_msgs/environment/ament_prefix_path.dsv
-- Symlinking: /home/naiwu/xxu_2026/xxu_nav_2026/install/explore_lite_msgs/share/explore_lite_msgs/environment/path.sh
-- Symlinking: /home/naiwu/xxu_2026/xxu_nav_2026/install/explore_lite_msgs/share/explore_lite_msgs/environment/path.dsv
-- Symlinking: /home/naiwu/xxu_2026/xxu_nav_2026/install/explore_lite_msgs/share/explore_lite_msgs/local_setup.bash
-- Symlinking: /home/naiwu/xxu_2026/xxu_nav_2026/install/explore_lite_msgs/share/explore_lite_msgs/local_setup.sh
-- Symlinking: /home/naiwu/xxu_2026/xxu_nav_2026/install/explore_lite_msgs/share/explore_lite_msgs/local_setup.zsh
-- Symlinking: /home/naiwu/xxu_2026/xxu_nav_2026/install/explore_lite_msgs/share/explore_lite_msgs/local_setup.dsv
-- Symlinking: /home/naiwu/xxu_2026/xxu_nav_2026/install/explore_lite_msgs/share/explore_lite_msgs/package.dsv
-- Symlinking: /home/naiwu/xxu_2026/xxu_nav_2026/install/explore_lite_msgs/share/ament_index/resource_index/packages/explore_lite_msgs
-- Symlinking: /home/naiwu/xxu_2026/xxu_nav_2026/install/explore_lite_msgs/share/explore_lite_msgs/cmake/rosidl_cmake-extras.cmake
-- Symlinking: /home/naiwu/xxu_2026/xxu_nav_2026/install/explore_lite_msgs/share/explore_lite_msgs/cmake/ament_cmake_export_include_directories-extras.cmake
-- Symlinking: /home/naiwu/xxu_2026/xxu_nav_2026/install/explore_lite_msgs/share/explore_lite_msgs/cmake/ament_cmake_export_libraries-extras.cmake
-- Symlinking: /home/naiwu/xxu_2026/xxu_nav_2026/install/explore_lite_msgs/share/explore_lite_msgs/cmake/ament_cmake_export_targets-extras.cmake
-- Symlinking: /home/naiwu/xxu_2026/xxu_nav_2026/install/explore_lite_msgs/share/explore_lite_msgs/cmake/rosidl_cmake_export_typesupport_targets-extras.cmake
-- Symlinking: /home/naiwu/xxu_2026/xxu_nav_2026/install/explore_lite_msgs/share/explore_lite_msgs/cmake/ament_cmake_export_dependencies-extras.cmake
-- Symlinking: /home/naiwu/xxu_2026/xxu_nav_2026/install/explore_lite_msgs/share/explore_lite_msgs/cmake/rosidl_cmake_export_typesupport_libraries-extras.cmake
-- Symlinking: /home/naiwu/xxu_2026/xxu_nav_2026/install/explore_lite_msgs/share/explore_lite_msgs/cmake/explore_lite_msgsConfig.cmake
-- Symlinking: /home/naiwu/xxu_2026/xxu_nav_2026/install/explore_lite_msgs/share/explore_lite_msgs/cmake/explore_lite_msgsConfig-version.cmake
-- Symlinking: /home/naiwu/xxu_2026/xxu_nav_2026/install/explore_lite_msgs/share/explore_lite_msgs/package.xml
-- Up-to-date: /home/naiwu/xxu_2026/xxu_nav_2026/install/explore_lite_msgs/lib/libexplore_lite_msgs__rosidl_generator_c.so
-- Up-to-date: /home/naiwu/xxu_2026/xxu_nav_2026/install/explore_lite_msgs/lib/libexplore_lite_msgs__rosidl_typesupport_fastrtps_c.so
-- Up-to-date: /home/naiwu/xxu_2026/xxu_nav_2026/install/explore_lite_msgs/lib/libexplore_lite_msgs__rosidl_typesupport_introspection_c.so
-- Up-to-date: /home/naiwu/xxu_2026/xxu_nav_2026/install/explore_lite_msgs/lib/libexplore_lite_msgs__rosidl_typesupport_c.so
-- Up-to-date: /home/naiwu/xxu_2026/xxu_nav_2026/install/explore_lite_msgs/lib/libexplore_lite_msgs__rosidl_typesupport_fastrtps_cpp.so
-- Up-to-date: /home/naiwu/xxu_2026/xxu_nav_2026/install/explore_lite_msgs/lib/libexplore_lite_msgs__rosidl_typesupport_introspection_cpp.so
-- Up-to-date: /home/naiwu/xxu_2026/xxu_nav_2026/install/explore_lite_msgs/lib/libexplore_lite_msgs__rosidl_typesupport_cpp.so
Listing '/home/naiwu/xxu_2026/xxu_nav_2026/install/explore_lite_msgs/lib/python3.12/site-packages/explore_lite_msgs'...
Compiling '/home/naiwu/xxu_2026/xxu_nav_2026/install/explore_lite_msgs/lib/python3.12/site-packages/explore_lite_msgs/__init__.py'...
Listing '/home/naiwu/xxu_2026/xxu_nav_2026/install/explore_lite_msgs/lib/python3.12/site-packages/explore_lite_msgs/msg'...
-- Up-to-date: /home/naiwu/xxu_2026/xxu_nav_2026/install/explore_lite_msgs/lib/libexplore_lite_msgs__rosidl_generator_py.so
-- Up-to-date: /home/naiwu/xxu_2026/xxu_nav_2026/install/explore_lite_msgs/share/explore_lite_msgs/cmake/export_explore_lite_msgs__rosidl_generator_cExport.cmake
-- Up-to-date: /home/naiwu/xxu_2026/xxu_nav_2026/install/explore_lite_msgs/share/explore_lite_msgs/cmake/export_explore_lite_msgs__rosidl_generator_cExport-noconfig.cmake
-- Up-to-date: /home/naiwu/xxu_2026/xxu_nav_2026/install/explore_lite_msgs/share/explore_lite_msgs/cmake/export_explore_lite_msgs__rosidl_typesupport_fastrtps_cExport.cmake
-- Up-to-date: /home/naiwu/xxu_2026/xxu_nav_2026/install/explore_lite_msgs/share/explore_lite_msgs/cmake/export_explore_lite_msgs__rosidl_typesupport_fastrtps_cExport-noconfig.cmake
-- Up-to-date: /home/naiwu/xxu_2026/xxu_nav_2026/install/explore_lite_msgs/share/explore_lite_msgs/cmake/explore_lite_msgs__rosidl_typesupport_introspection_cExport.cmake
-- Up-to-date: /home/naiwu/xxu_2026/xxu_nav_2026/install/explore_lite_msgs/share/explore_lite_msgs/cmake/explore_lite_msgs__rosidl_typesupport_introspection_cExport-noconfig.cmake
-- Up-to-date: /home/naiwu/xxu_2026/xxu_nav_2026/install/explore_lite_msgs/share/explore_lite_msgs/cmake/explore_lite_msgs__rosidl_typesupport_cExport.cmake
-- Up-to-date: /home/naiwu/xxu_2026/xxu_nav_2026/install/explore_lite_msgs/share/explore_lite_msgs/cmake/explore_lite_msgs__rosidl_typesupport_cExport-noconfig.cmake
-- Up-to-date: /home/naiwu/xxu_2026/xxu_nav_2026/install/explore_lite_msgs/share/explore_lite_msgs/cmake/export_explore_lite_msgs__rosidl_generator_cppExport.cmake
-- Up-to-date: /home/naiwu/xxu_2026/xxu_nav_2026/install/explore_lite_msgs/share/explore_lite_msgs/cmake/export_explore_lite_msgs__rosidl_typesupport_fastrtps_cppExport.cmake
-- Up-to-date: /home/naiwu/xxu_2026/xxu_nav_2026/install/explore_lite_msgs/share/explore_lite_msgs/cmake/export_explore_lite_msgs__rosidl_typesupport_fastrtps_cppExport-noconfig.cmake
-- Up-to-date: /home/naiwu/xxu_2026/xxu_nav_2026/install/explore_lite_msgs/share/explore_lite_msgs/cmake/explore_lite_msgs__rosidl_typesupport_introspection_cppExport.cmake
-- Up-to-date: /home/naiwu/xxu_2026/xxu_nav_2026/install/explore_lite_msgs/share/explore_lite_msgs/cmake/explore_lite_msgs__rosidl_typesupport_introspection_cppExport-noconfig.cmake
-- Up-to-date: /home/naiwu/xxu_2026/xxu_nav_2026/install/explore_lite_msgs/share/explore_lite_msgs/cmake/explore_lite_msgs__rosidl_typesupport_cppExport.cmake
-- Up-to-date: /home/naiwu/xxu_2026/xxu_nav_2026/install/explore_lite_msgs/share/explore_lite_msgs/cmake/explore_lite_msgs__rosidl_typesupport_cppExport-noconfig.cmake
-- Up-to-date: /home/naiwu/xxu_2026/xxu_nav_2026/install/explore_lite_msgs/share/explore_lite_msgs/cmake/export_explore_lite_msgs__rosidl_generator_pyExport.cmake
-- Up-to-date: /home/naiwu/xxu_2026/xxu_nav_2026/install/explore_lite_msgs/share/explore_lite_msgs/cmake/export_explore_lite_msgs__rosidl_generator_pyExport-noconfig.cmake
