[0.006s] Invoking command in '/home/naiwu/xxu_2026/xxu_nav_2026/build/explore_lite_msgs': CMAKE_PREFIX_PATH=${CMAKE_PREFIX_PATH}:/opt/ros/jazzy DEBUGINFOD_URLS=https://debuginfod.ubuntu.com /usr/bin/cmake /home/naiwu/xxu_2026/xxu_nav_2026/src/m-explore-ros2/explore_lite_msgs -DCMAKE_INSTALL_PREFIX=/home/naiwu/xxu_2026/xxu_nav_2026/install/explore_lite_msgs
[0.040s] -- The C compiler identification is GNU 13.3.0
[0.074s] -- The CXX compiler identification is GNU 13.3.0
[0.084s] -- Detecting C compiler ABI info
[0.148s] -- Detecting C compiler ABI info - done
[0.153s] -- Check for working C compiler: /usr/bin/cc - skipped
[0.153s] -- Detecting C compile features
[0.154s] -- Detecting C compile features - done
[0.160s] -- Detecting CXX compiler ABI info
[0.224s] -- Detecting CXX compiler ABI info - done
[0.229s] -- Check for working CXX compiler: /usr/bin/c++ - skipped
[0.230s] -- Detecting CXX compile features
[0.230s] -- Detecting CXX compile features - done
[0.232s] -- Found ament_cmake: 2.5.5 (/opt/ros/jazzy/share/ament_cmake/cmake)
[0.328s] -- Found Python3: /usr/bin/python3 (found version "3.12.3") found components: Interpreter 
[0.403s] -- Found rosidl_default_generators: 1.6.0 (/opt/ros/jazzy/share/rosidl_default_generators/cmake)
[0.408s] -- Using all available rosidl_typesupport_c: rosidl_typesupport_fastrtps_c;rosidl_typesupport_introspection_c
[0.446s] -- Using all available rosidl_typesupport_cpp: rosidl_typesupport_fastrtps_cpp;rosidl_typesupport_introspection_cpp
[0.479s] -- Found rosidl_adapter: 4.6.7 (/opt/ros/jazzy/share/rosidl_adapter/cmake)
[0.846s] -- Found ament_cmake_ros: 0.12.0 (/opt/ros/jazzy/share/ament_cmake_ros/cmake)
[1.106s] -- Using all available rosidl_typesupport_c: rosidl_typesupport_fastrtps_c;rosidl_typesupport_introspection_c
[1.463s] -- Using all available rosidl_typesupport_cpp: rosidl_typesupport_fastrtps_cpp;rosidl_typesupport_introspection_cpp
[1.466s] -- Found python_cmake_module: 0.11.1 (/opt/ros/jazzy/share/python_cmake_module/cmake)
[1.550s] -- Found PythonExtra: /usr/bin/python3  
[1.803s] -- Found Python3: /usr/bin/python3 (found version "3.12.3") found components: Interpreter Development NumPy Development.Module Development.Embed 
[1.827s] -- Configuring done (1.8s)
[1.841s] -- Generating done (0.0s)
[1.847s] -- Build files have been written to: /home/naiwu/xxu_2026/xxu_nav_2026/build/explore_lite_msgs
[1.852s] Invoked command in '/home/naiwu/xxu_2026/xxu_nav_2026/build/explore_lite_msgs' returned '0': CMAKE_PREFIX_PATH=${CMAKE_PREFIX_PATH}:/opt/ros/jazzy DEBUGINFOD_URLS=https://debuginfod.ubuntu.com /usr/bin/cmake /home/naiwu/xxu_2026/xxu_nav_2026/src/m-explore-ros2/explore_lite_msgs -DCMAKE_INSTALL_PREFIX=/home/naiwu/xxu_2026/xxu_nav_2026/install/explore_lite_msgs
[1.853s] Invoking command in '/home/naiwu/xxu_2026/xxu_nav_2026/build/explore_lite_msgs': CMAKE_PREFIX_PATH=${CMAKE_PREFIX_PATH}:/opt/ros/jazzy DEBUGINFOD_URLS=https://debuginfod.ubuntu.com /usr/bin/cmake --build /home/naiwu/xxu_2026/xxu_nav_2026/build/explore_lite_msgs -- -j24 -l24
[1.891s] [  2%] Generating type hashes for ROS interfaces
[1.896s] [  2%] Built target ament_cmake_python_copy_explore_lite_msgs
[2.022s] [  2%] Built target explore_lite_msgs__rosidl_generator_type_description
[2.032s] [  5%] Generating C code for ROS interfaces
[2.035s] running egg_info
[2.036s] creating explore_lite_msgs.egg-info
[2.037s] [  8%] Generating C++ code for ROS interfaces
[2.046s] writing explore_lite_msgs.egg-info/PKG-INFO
[2.046s] writing dependency_links to explore_lite_msgs.egg-info/dependency_links.txt
[2.046s] writing top-level names to explore_lite_msgs.egg-info/top_level.txt
[2.046s] writing manifest file 'explore_lite_msgs.egg-info/SOURCES.txt'
[2.084s] reading manifest file 'explore_lite_msgs.egg-info/SOURCES.txt'
[2.084s] writing manifest file 'explore_lite_msgs.egg-info/SOURCES.txt'
[2.103s] [  8%] Built target ament_cmake_python_build_explore_lite_msgs_egg
[2.201s] [  8%] Built target explore_lite_msgs__cpp
[2.213s] [ 11%] Building C object CMakeFiles/explore_lite_msgs__rosidl_generator_c.dir/rosidl_generator_c/explore_lite_msgs/msg/detail/explore_status__description.c.o
[2.215s] [ 17%] Building C object CMakeFiles/explore_lite_msgs__rosidl_generator_c.dir/rosidl_generator_c/explore_lite_msgs/msg/detail/explore_status__type_support.c.o
[2.215s] [ 17%] Building C object CMakeFiles/explore_lite_msgs__rosidl_generator_c.dir/rosidl_generator_c/explore_lite_msgs/msg/detail/explore_status__functions.c.o
[2.242s] [ 20%] Linking C shared library libexplore_lite_msgs__rosidl_generator_c.so
[2.266s] [ 20%] Built target explore_lite_msgs__rosidl_generator_c
[2.273s] [ 23%] Generating C introspection for ROS interfaces
[2.273s] [ 26%] Generating C++ introspection for ROS interfaces
[2.274s] [ 29%] Generating C type support dispatch for ROS interfaces
[2.275s] [ 35%] Generating C++ type support for eProsima Fast-RTPS
[2.275s] [ 35%] Generating C++ type support dispatch for ROS interfaces
[2.275s] [ 38%] Generating C type support for eProsima Fast-RTPS
[2.438s] [ 41%] Building CXX object CMakeFiles/explore_lite_msgs__rosidl_typesupport_c.dir/rosidl_typesupport_c/explore_lite_msgs/msg/explore_status__type_support.cpp.o
[2.438s] [ 44%] Building CXX object CMakeFiles/explore_lite_msgs__rosidl_typesupport_cpp.dir/rosidl_typesupport_cpp/explore_lite_msgs/msg/explore_status__type_support.cpp.o
[2.448s] [ 47%] Building C object CMakeFiles/explore_lite_msgs__rosidl_typesupport_introspection_c.dir/rosidl_typesupport_introspection_c/explore_lite_msgs/msg/detail/explore_status__type_support.c.o
[2.454s] [ 50%] Building CXX object CMakeFiles/explore_lite_msgs__rosidl_typesupport_introspection_cpp.dir/rosidl_typesupport_introspection_cpp/explore_lite_msgs/msg/detail/explore_status__type_support.cpp.o
[2.460s] [ 52%] Building CXX object CMakeFiles/explore_lite_msgs__rosidl_typesupport_fastrtps_c.dir/rosidl_typesupport_fastrtps_c/explore_lite_msgs/msg/detail/explore_status__type_support_c.cpp.o
[2.468s] [ 55%] Linking CXX shared library libexplore_lite_msgs__rosidl_typesupport_c.so
[2.471s] [ 58%] Building CXX object CMakeFiles/explore_lite_msgs__rosidl_typesupport_fastrtps_cpp.dir/rosidl_typesupport_fastrtps_cpp/explore_lite_msgs/msg/detail/dds_fastrtps/explore_status__type_support.cpp.o
[2.472s] [ 61%] Linking C shared library libexplore_lite_msgs__rosidl_typesupport_introspection_c.so
[2.494s] [ 61%] Built target explore_lite_msgs__rosidl_typesupport_introspection_c
[2.495s] [ 61%] Built target explore_lite_msgs__rosidl_typesupport_c
[2.601s] [ 64%] Linking CXX shared library libexplore_lite_msgs__rosidl_typesupport_cpp.so
[2.619s] [ 67%] Linking CXX shared library libexplore_lite_msgs__rosidl_typesupport_introspection_cpp.so
[2.628s] [ 67%] Built target explore_lite_msgs__rosidl_typesupport_cpp
[2.668s] [ 67%] Built target explore_lite_msgs__rosidl_typesupport_introspection_cpp
[2.713s] [ 70%] Linking CXX shared library libexplore_lite_msgs__rosidl_typesupport_fastrtps_c.so
[2.723s] [ 73%] Linking CXX shared library libexplore_lite_msgs__rosidl_typesupport_fastrtps_cpp.so
[2.754s] [ 73%] Built target explore_lite_msgs__rosidl_typesupport_fastrtps_c
[2.768s] [ 73%] Built target explore_lite_msgs__rosidl_typesupport_fastrtps_cpp
[2.783s] [ 73%] Built target explore_lite_msgs
[2.797s] [ 76%] Generating Python code for ROS interfaces
[2.995s] [ 76%] Built target explore_lite_msgs__py
[3.007s] [ 79%] Building C object CMakeFiles/explore_lite_msgs__rosidl_generator_py.dir/rosidl_generator_py/explore_lite_msgs/msg/_explore_status_s.c.o
[3.086s] [ 82%] Linking C shared library libexplore_lite_msgs__rosidl_generator_py.so
[3.110s] [ 82%] Built target explore_lite_msgs__rosidl_generator_py
[3.122s] [ 85%] Building C object CMakeFiles/explore_lite_msgs_s__rosidl_typesupport_fastrtps_c.dir/rosidl_generator_py/explore_lite_msgs/_explore_lite_msgs_s.ep.rosidl_typesupport_fastrtps_c.c.o
[3.124s] [ 88%] Building C object CMakeFiles/explore_lite_msgs_s__rosidl_typesupport_introspection_c.dir/rosidl_generator_py/explore_lite_msgs/_explore_lite_msgs_s.ep.rosidl_typesupport_introspection_c.c.o
[3.126s] [ 91%] Building C object CMakeFiles/explore_lite_msgs_s__rosidl_typesupport_c.dir/rosidl_generator_py/explore_lite_msgs/_explore_lite_msgs_s.ep.rosidl_typesupport_c.c.o
[3.179s] [ 97%] Linking C shared module rosidl_generator_py/explore_lite_msgs/explore_lite_msgs_s__rosidl_typesupport_introspection_c.so
[3.179s] [ 97%] Linking C shared module rosidl_generator_py/explore_lite_msgs/explore_lite_msgs_s__rosidl_typesupport_fastrtps_c.so
[3.181s] [100%] Linking C shared module rosidl_generator_py/explore_lite_msgs/explore_lite_msgs_s__rosidl_typesupport_c.so
[3.200s] [100%] Built target explore_lite_msgs_s__rosidl_typesupport_fastrtps_c
[3.200s] [100%] Built target explore_lite_msgs_s__rosidl_typesupport_introspection_c
[3.201s] [100%] Built target explore_lite_msgs_s__rosidl_typesupport_c
[3.207s] Invoked command in '/home/naiwu/xxu_2026/xxu_nav_2026/build/explore_lite_msgs' returned '0': CMAKE_PREFIX_PATH=${CMAKE_PREFIX_PATH}:/opt/ros/jazzy DEBUGINFOD_URLS=https://debuginfod.ubuntu.com /usr/bin/cmake --build /home/naiwu/xxu_2026/xxu_nav_2026/build/explore_lite_msgs -- -j24 -l24
[3.213s] Invoking command in '/home/naiwu/xxu_2026/xxu_nav_2026/build/explore_lite_msgs': CMAKE_PREFIX_PATH=${CMAKE_PREFIX_PATH}:/opt/ros/jazzy DEBUGINFOD_URLS=https://debuginfod.ubuntu.com /usr/bin/cmake --install /home/naiwu/xxu_2026/xxu_nav_2026/build/explore_lite_msgs
[3.220s] -- Install configuration: ""
[3.220s] -- Installing: /home/naiwu/xxu_2026/xxu_nav_2026/install/explore_lite_msgs/share/ament_index/resource_index/rosidl_interfaces/explore_lite_msgs
[3.220s] -- Installing: /home/naiwu/xxu_2026/xxu_nav_2026/install/explore_lite_msgs/share/explore_lite_msgs/msg/ExploreStatus.json
[3.220s] -- Installing: /home/naiwu/xxu_2026/xxu_nav_2026/install/explore_lite_msgs/include/explore_lite_msgs/explore_lite_msgs
[3.220s] -- Installing: /home/naiwu/xxu_2026/xxu_nav_2026/install/explore_lite_msgs/include/explore_lite_msgs/explore_lite_msgs/msg
[3.220s] -- Installing: /home/naiwu/xxu_2026/xxu_nav_2026/install/explore_lite_msgs/include/explore_lite_msgs/explore_lite_msgs/msg/explore_status.h
[3.221s] -- Installing: /home/naiwu/xxu_2026/xxu_nav_2026/install/explore_lite_msgs/include/explore_lite_msgs/explore_lite_msgs/msg/rosidl_generator_c__visibility_control.h
[3.221s] -- Installing: /home/naiwu/xxu_2026/xxu_nav_2026/install/explore_lite_msgs/include/explore_lite_msgs/explore_lite_msgs/msg/detail
[3.221s] -- Installing: /home/naiwu/xxu_2026/xxu_nav_2026/install/explore_lite_msgs/include/explore_lite_msgs/explore_lite_msgs/msg/detail/explore_status__type_support.c
[3.221s] -- Installing: /home/naiwu/xxu_2026/xxu_nav_2026/install/explore_lite_msgs/include/explore_lite_msgs/explore_lite_msgs/msg/detail/explore_status__type_support.h
[3.221s] -- Installing: /home/naiwu/xxu_2026/xxu_nav_2026/install/explore_lite_msgs/include/explore_lite_msgs/explore_lite_msgs/msg/detail/explore_status__functions.c
[3.221s] -- Installing: /home/naiwu/xxu_2026/xxu_nav_2026/install/explore_lite_msgs/include/explore_lite_msgs/explore_lite_msgs/msg/detail/explore_status__struct.h
[3.221s] -- Installing: /home/naiwu/xxu_2026/xxu_nav_2026/install/explore_lite_msgs/include/explore_lite_msgs/explore_lite_msgs/msg/detail/explore_status__functions.h
[3.221s] -- Installing: /home/naiwu/xxu_2026/xxu_nav_2026/install/explore_lite_msgs/include/explore_lite_msgs/explore_lite_msgs/msg/detail/explore_status__description.c
[3.221s] -- Installing: /home/naiwu/xxu_2026/xxu_nav_2026/install/explore_lite_msgs/share/explore_lite_msgs/environment/library_path.sh
[3.222s] -- Installing: /home/naiwu/xxu_2026/xxu_nav_2026/install/explore_lite_msgs/share/explore_lite_msgs/environment/library_path.dsv
[3.222s] -- Installing: /home/naiwu/xxu_2026/xxu_nav_2026/install/explore_lite_msgs/lib/libexplore_lite_msgs__rosidl_generator_c.so
[3.222s] -- Set non-toolchain portion of runtime path of "/home/naiwu/xxu_2026/xxu_nav_2026/install/explore_lite_msgs/lib/libexplore_lite_msgs__rosidl_generator_c.so" to ""
[3.222s] -- Up-to-date: /home/naiwu/xxu_2026/xxu_nav_2026/install/explore_lite_msgs/include/explore_lite_msgs/explore_lite_msgs
[3.222s] -- Up-to-date: /home/naiwu/xxu_2026/xxu_nav_2026/install/explore_lite_msgs/include/explore_lite_msgs/explore_lite_msgs/msg
[3.222s] -- Up-to-date: /home/naiwu/xxu_2026/xxu_nav_2026/install/explore_lite_msgs/include/explore_lite_msgs/explore_lite_msgs/msg/detail
[3.222s] -- Installing: /home/naiwu/xxu_2026/xxu_nav_2026/install/explore_lite_msgs/include/explore_lite_msgs/explore_lite_msgs/msg/detail/explore_status__rosidl_typesupport_fastrtps_c.h
[3.222s] -- Installing: /home/naiwu/xxu_2026/xxu_nav_2026/install/explore_lite_msgs/include/explore_lite_msgs/explore_lite_msgs/msg/rosidl_typesupport_fastrtps_c__visibility_control.h
[3.222s] -- Installing: /home/naiwu/xxu_2026/xxu_nav_2026/install/explore_lite_msgs/lib/libexplore_lite_msgs__rosidl_typesupport_fastrtps_c.so
[3.222s] -- Set non-toolchain portion of runtime path of "/home/naiwu/xxu_2026/xxu_nav_2026/install/explore_lite_msgs/lib/libexplore_lite_msgs__rosidl_typesupport_fastrtps_c.so" to ""
[3.222s] -- Up-to-date: /home/naiwu/xxu_2026/xxu_nav_2026/install/explore_lite_msgs/include/explore_lite_msgs/explore_lite_msgs
[3.222s] -- Up-to-date: /home/naiwu/xxu_2026/xxu_nav_2026/install/explore_lite_msgs/include/explore_lite_msgs/explore_lite_msgs/msg
[3.222s] -- Up-to-date: /home/naiwu/xxu_2026/xxu_nav_2026/install/explore_lite_msgs/include/explore_lite_msgs/explore_lite_msgs/msg/detail
[3.223s] -- Up-to-date: /home/naiwu/xxu_2026/xxu_nav_2026/install/explore_lite_msgs/include/explore_lite_msgs/explore_lite_msgs/msg/detail/explore_status__type_support.c
[3.223s] -- Installing: /home/naiwu/xxu_2026/xxu_nav_2026/install/explore_lite_msgs/include/explore_lite_msgs/explore_lite_msgs/msg/detail/explore_status__rosidl_typesupport_introspection_c.h
[3.223s] -- Installing: /home/naiwu/xxu_2026/xxu_nav_2026/install/explore_lite_msgs/include/explore_lite_msgs/explore_lite_msgs/msg/rosidl_typesupport_introspection_c__visibility_control.h
[3.223s] -- Installing: /home/naiwu/xxu_2026/xxu_nav_2026/install/explore_lite_msgs/lib/libexplore_lite_msgs__rosidl_typesupport_introspection_c.so
[3.223s] -- Set non-toolchain portion of runtime path of "/home/naiwu/xxu_2026/xxu_nav_2026/install/explore_lite_msgs/lib/libexplore_lite_msgs__rosidl_typesupport_introspection_c.so" to ""
[3.223s] -- Installing: /home/naiwu/xxu_2026/xxu_nav_2026/install/explore_lite_msgs/lib/libexplore_lite_msgs__rosidl_typesupport_c.so
[3.223s] -- Set non-toolchain portion of runtime path of "/home/naiwu/xxu_2026/xxu_nav_2026/install/explore_lite_msgs/lib/libexplore_lite_msgs__rosidl_typesupport_c.so" to ""
[3.223s] -- Up-to-date: /home/naiwu/xxu_2026/xxu_nav_2026/install/explore_lite_msgs/include/explore_lite_msgs/explore_lite_msgs
[3.223s] -- Up-to-date: /home/naiwu/xxu_2026/xxu_nav_2026/install/explore_lite_msgs/include/explore_lite_msgs/explore_lite_msgs/msg
[3.223s] -- Installing: /home/naiwu/xxu_2026/xxu_nav_2026/install/explore_lite_msgs/include/explore_lite_msgs/explore_lite_msgs/msg/rosidl_generator_cpp__visibility_control.hpp
[3.223s] -- Up-to-date: /home/naiwu/xxu_2026/xxu_nav_2026/install/explore_lite_msgs/include/explore_lite_msgs/explore_lite_msgs/msg/detail
[3.223s] -- Installing: /home/naiwu/xxu_2026/xxu_nav_2026/install/explore_lite_msgs/include/explore_lite_msgs/explore_lite_msgs/msg/detail/explore_status__traits.hpp
[3.223s] -- Installing: /home/naiwu/xxu_2026/xxu_nav_2026/install/explore_lite_msgs/include/explore_lite_msgs/explore_lite_msgs/msg/detail/explore_status__builder.hpp
[3.223s] -- Installing: /home/naiwu/xxu_2026/xxu_nav_2026/install/explore_lite_msgs/include/explore_lite_msgs/explore_lite_msgs/msg/detail/explore_status__struct.hpp
[3.223s] -- Installing: /home/naiwu/xxu_2026/xxu_nav_2026/install/explore_lite_msgs/include/explore_lite_msgs/explore_lite_msgs/msg/detail/explore_status__type_support.hpp
[3.223s] -- Installing: /home/naiwu/xxu_2026/xxu_nav_2026/install/explore_lite_msgs/include/explore_lite_msgs/explore_lite_msgs/msg/explore_status.hpp
[3.223s] -- Up-to-date: /home/naiwu/xxu_2026/xxu_nav_2026/install/explore_lite_msgs/include/explore_lite_msgs/explore_lite_msgs
[3.223s] -- Up-to-date: /home/naiwu/xxu_2026/xxu_nav_2026/install/explore_lite_msgs/include/explore_lite_msgs/explore_lite_msgs/msg
[3.223s] -- Up-to-date: /home/naiwu/xxu_2026/xxu_nav_2026/install/explore_lite_msgs/include/explore_lite_msgs/explore_lite_msgs/msg/detail
[3.223s] -- Installing: /home/naiwu/xxu_2026/xxu_nav_2026/install/explore_lite_msgs/include/explore_lite_msgs/explore_lite_msgs/msg/detail/explore_status__rosidl_typesupport_fastrtps_cpp.hpp
[3.223s] -- Installing: /home/naiwu/xxu_2026/xxu_nav_2026/install/explore_lite_msgs/include/explore_lite_msgs/explore_lite_msgs/msg/detail/dds_fastrtps
[3.223s] -- Installing: /home/naiwu/xxu_2026/xxu_nav_2026/install/explore_lite_msgs/include/explore_lite_msgs/explore_lite_msgs/msg/rosidl_typesupport_fastrtps_cpp__visibility_control.h
[3.223s] -- Installing: /home/naiwu/xxu_2026/xxu_nav_2026/install/explore_lite_msgs/lib/libexplore_lite_msgs__rosidl_typesupport_fastrtps_cpp.so
[3.223s] -- Set non-toolchain portion of runtime path of "/home/naiwu/xxu_2026/xxu_nav_2026/install/explore_lite_msgs/lib/libexplore_lite_msgs__rosidl_typesupport_fastrtps_cpp.so" to ""
[3.223s] -- Up-to-date: /home/naiwu/xxu_2026/xxu_nav_2026/install/explore_lite_msgs/include/explore_lite_msgs/explore_lite_msgs
[3.223s] -- Up-to-date: /home/naiwu/xxu_2026/xxu_nav_2026/install/explore_lite_msgs/include/explore_lite_msgs/explore_lite_msgs/msg
[3.223s] -- Up-to-date: /home/naiwu/xxu_2026/xxu_nav_2026/install/explore_lite_msgs/include/explore_lite_msgs/explore_lite_msgs/msg/detail
[3.223s] -- Installing: /home/naiwu/xxu_2026/xxu_nav_2026/install/explore_lite_msgs/include/explore_lite_msgs/explore_lite_msgs/msg/detail/explore_status__type_support.cpp
[3.223s] -- Installing: /home/naiwu/xxu_2026/xxu_nav_2026/install/explore_lite_msgs/include/explore_lite_msgs/explore_lite_msgs/msg/detail/explore_status__rosidl_typesupport_introspection_cpp.hpp
[3.223s] -- Installing: /home/naiwu/xxu_2026/xxu_nav_2026/install/explore_lite_msgs/lib/libexplore_lite_msgs__rosidl_typesupport_introspection_cpp.so
[3.223s] -- Set non-toolchain portion of runtime path of "/home/naiwu/xxu_2026/xxu_nav_2026/install/explore_lite_msgs/lib/libexplore_lite_msgs__rosidl_typesupport_introspection_cpp.so" to ""
[3.223s] -- Installing: /home/naiwu/xxu_2026/xxu_nav_2026/install/explore_lite_msgs/lib/libexplore_lite_msgs__rosidl_typesupport_cpp.so
[3.224s] -- Set non-toolchain portion of runtime path of "/home/naiwu/xxu_2026/xxu_nav_2026/install/explore_lite_msgs/lib/libexplore_lite_msgs__rosidl_typesupport_cpp.so" to ""
[3.224s] -- Installing: /home/naiwu/xxu_2026/xxu_nav_2026/install/explore_lite_msgs/share/explore_lite_msgs/environment/pythonpath.sh
[3.224s] -- Installing: /home/naiwu/xxu_2026/xxu_nav_2026/install/explore_lite_msgs/share/explore_lite_msgs/environment/pythonpath.dsv
[3.224s] -- Installing: /home/naiwu/xxu_2026/xxu_nav_2026/install/explore_lite_msgs/lib/python3.12/site-packages/explore_lite_msgs-1.0.0-py3.12.egg-info
[3.224s] -- Installing: /home/naiwu/xxu_2026/xxu_nav_2026/install/explore_lite_msgs/lib/python3.12/site-packages/explore_lite_msgs-1.0.0-py3.12.egg-info/top_level.txt
[3.224s] -- Installing: /home/naiwu/xxu_2026/xxu_nav_2026/install/explore_lite_msgs/lib/python3.12/site-packages/explore_lite_msgs-1.0.0-py3.12.egg-info/SOURCES.txt
[3.224s] -- Installing: /home/naiwu/xxu_2026/xxu_nav_2026/install/explore_lite_msgs/lib/python3.12/site-packages/explore_lite_msgs-1.0.0-py3.12.egg-info/PKG-INFO
[3.224s] -- Installing: /home/naiwu/xxu_2026/xxu_nav_2026/install/explore_lite_msgs/lib/python3.12/site-packages/explore_lite_msgs-1.0.0-py3.12.egg-info/dependency_links.txt
[3.224s] -- Installing: /home/naiwu/xxu_2026/xxu_nav_2026/install/explore_lite_msgs/lib/python3.12/site-packages/explore_lite_msgs
[3.224s] -- Installing: /home/naiwu/xxu_2026/xxu_nav_2026/install/explore_lite_msgs/lib/python3.12/site-packages/explore_lite_msgs/_explore_lite_msgs_s.ep.rosidl_typesupport_c.c
[3.224s] -- Installing: /home/naiwu/xxu_2026/xxu_nav_2026/install/explore_lite_msgs/lib/python3.12/site-packages/explore_lite_msgs/_explore_lite_msgs_s.ep.rosidl_typesupport_fastrtps_c.c
[3.224s] -- Installing: /home/naiwu/xxu_2026/xxu_nav_2026/install/explore_lite_msgs/lib/python3.12/site-packages/explore_lite_msgs/explore_lite_msgs_s__rosidl_typesupport_fastrtps_c.so
[3.224s] -- Installing: /home/naiwu/xxu_2026/xxu_nav_2026/install/explore_lite_msgs/lib/python3.12/site-packages/explore_lite_msgs/explore_lite_msgs_s__rosidl_typesupport_introspection_c.so
[3.224s] -- Installing: /home/naiwu/xxu_2026/xxu_nav_2026/install/explore_lite_msgs/lib/python3.12/site-packages/explore_lite_msgs/msg
[3.224s] -- Installing: /home/naiwu/xxu_2026/xxu_nav_2026/install/explore_lite_msgs/lib/python3.12/site-packages/explore_lite_msgs/msg/_explore_status_s.c
[3.224s] -- Installing: /home/naiwu/xxu_2026/xxu_nav_2026/install/explore_lite_msgs/lib/python3.12/site-packages/explore_lite_msgs/msg/_explore_status.py
[3.224s] -- Installing: /home/naiwu/xxu_2026/xxu_nav_2026/install/explore_lite_msgs/lib/python3.12/site-packages/explore_lite_msgs/msg/__init__.py
[3.224s] -- Installing: /home/naiwu/xxu_2026/xxu_nav_2026/install/explore_lite_msgs/lib/python3.12/site-packages/explore_lite_msgs/_explore_lite_msgs_s.ep.rosidl_typesupport_introspection_c.c
[3.224s] -- Installing: /home/naiwu/xxu_2026/xxu_nav_2026/install/explore_lite_msgs/lib/python3.12/site-packages/explore_lite_msgs/explore_lite_msgs_s__rosidl_typesupport_c.so
[3.224s] -- Installing: /home/naiwu/xxu_2026/xxu_nav_2026/install/explore_lite_msgs/lib/python3.12/site-packages/explore_lite_msgs/__init__.py
[3.247s] Listing '/home/naiwu/xxu_2026/xxu_nav_2026/install/explore_lite_msgs/lib/python3.12/site-packages/explore_lite_msgs'...
[3.247s] Compiling '/home/naiwu/xxu_2026/xxu_nav_2026/install/explore_lite_msgs/lib/python3.12/site-packages/explore_lite_msgs/__init__.py'...
[3.247s] Listing '/home/naiwu/xxu_2026/xxu_nav_2026/install/explore_lite_msgs/lib/python3.12/site-packages/explore_lite_msgs/msg'...
[3.247s] Compiling '/home/naiwu/xxu_2026/xxu_nav_2026/install/explore_lite_msgs/lib/python3.12/site-packages/explore_lite_msgs/msg/__init__.py'...
[3.247s] Compiling '/home/naiwu/xxu_2026/xxu_nav_2026/install/explore_lite_msgs/lib/python3.12/site-packages/explore_lite_msgs/msg/_explore_status.py'...
[3.250s] -- Installing: /home/naiwu/xxu_2026/xxu_nav_2026/install/explore_lite_msgs/lib/python3.12/site-packages/explore_lite_msgs/explore_lite_msgs_s__rosidl_typesupport_fastrtps_c.so
[3.250s] -- Set non-toolchain portion of runtime path of "/home/naiwu/xxu_2026/xxu_nav_2026/install/explore_lite_msgs/lib/python3.12/site-packages/explore_lite_msgs/explore_lite_msgs_s__rosidl_typesupport_fastrtps_c.so" to ""
[3.250s] -- Installing: /home/naiwu/xxu_2026/xxu_nav_2026/install/explore_lite_msgs/lib/python3.12/site-packages/explore_lite_msgs/explore_lite_msgs_s__rosidl_typesupport_introspection_c.so
[3.250s] -- Set non-toolchain portion of runtime path of "/home/naiwu/xxu_2026/xxu_nav_2026/install/explore_lite_msgs/lib/python3.12/site-packages/explore_lite_msgs/explore_lite_msgs_s__rosidl_typesupport_introspection_c.so" to ""
[3.250s] -- Installing: /home/naiwu/xxu_2026/xxu_nav_2026/install/explore_lite_msgs/lib/python3.12/site-packages/explore_lite_msgs/explore_lite_msgs_s__rosidl_typesupport_c.so
[3.250s] -- Set non-toolchain portion of runtime path of "/home/naiwu/xxu_2026/xxu_nav_2026/install/explore_lite_msgs/lib/python3.12/site-packages/explore_lite_msgs/explore_lite_msgs_s__rosidl_typesupport_c.so" to ""
[3.250s] -- Installing: /home/naiwu/xxu_2026/xxu_nav_2026/install/explore_lite_msgs/lib/libexplore_lite_msgs__rosidl_generator_py.so
[3.250s] -- Set non-toolchain portion of runtime path of "/home/naiwu/xxu_2026/xxu_nav_2026/install/explore_lite_msgs/lib/libexplore_lite_msgs__rosidl_generator_py.so" to ""
[3.250s] -- Installing: /home/naiwu/xxu_2026/xxu_nav_2026/install/explore_lite_msgs/share/explore_lite_msgs/msg/ExploreStatus.idl
[3.250s] -- Installing: /home/naiwu/xxu_2026/xxu_nav_2026/install/explore_lite_msgs/share/explore_lite_msgs/msg/ExploreStatus.msg
[3.251s] -- Installing: /home/naiwu/xxu_2026/xxu_nav_2026/install/explore_lite_msgs/share/ament_index/resource_index/package_run_dependencies/explore_lite_msgs
[3.251s] -- Installing: /home/naiwu/xxu_2026/xxu_nav_2026/install/explore_lite_msgs/share/ament_index/resource_index/parent_prefix_path/explore_lite_msgs
[3.251s] -- Installing: /home/naiwu/xxu_2026/xxu_nav_2026/install/explore_lite_msgs/share/explore_lite_msgs/environment/ament_prefix_path.sh
[3.251s] -- Installing: /home/naiwu/xxu_2026/xxu_nav_2026/install/explore_lite_msgs/share/explore_lite_msgs/environment/ament_prefix_path.dsv
[3.251s] -- Installing: /home/naiwu/xxu_2026/xxu_nav_2026/install/explore_lite_msgs/share/explore_lite_msgs/environment/path.sh
[3.251s] -- Installing: /home/naiwu/xxu_2026/xxu_nav_2026/install/explore_lite_msgs/share/explore_lite_msgs/environment/path.dsv
[3.251s] -- Installing: /home/naiwu/xxu_2026/xxu_nav_2026/install/explore_lite_msgs/share/explore_lite_msgs/local_setup.bash
[3.251s] -- Installing: /home/naiwu/xxu_2026/xxu_nav_2026/install/explore_lite_msgs/share/explore_lite_msgs/local_setup.sh
[3.251s] -- Installing: /home/naiwu/xxu_2026/xxu_nav_2026/install/explore_lite_msgs/share/explore_lite_msgs/local_setup.zsh
[3.251s] -- Installing: /home/naiwu/xxu_2026/xxu_nav_2026/install/explore_lite_msgs/share/explore_lite_msgs/local_setup.dsv
[3.251s] -- Installing: /home/naiwu/xxu_2026/xxu_nav_2026/install/explore_lite_msgs/share/explore_lite_msgs/package.dsv
[3.251s] -- Installing: /home/naiwu/xxu_2026/xxu_nav_2026/install/explore_lite_msgs/share/ament_index/resource_index/packages/explore_lite_msgs
[3.251s] -- Installing: /home/naiwu/xxu_2026/xxu_nav_2026/install/explore_lite_msgs/share/explore_lite_msgs/cmake/export_explore_lite_msgs__rosidl_generator_cExport.cmake
[3.251s] -- Installing: /home/naiwu/xxu_2026/xxu_nav_2026/install/explore_lite_msgs/share/explore_lite_msgs/cmake/export_explore_lite_msgs__rosidl_generator_cExport-noconfig.cmake
[3.251s] -- Installing: /home/naiwu/xxu_2026/xxu_nav_2026/install/explore_lite_msgs/share/explore_lite_msgs/cmake/export_explore_lite_msgs__rosidl_typesupport_fastrtps_cExport.cmake
[3.251s] -- Installing: /home/naiwu/xxu_2026/xxu_nav_2026/install/explore_lite_msgs/share/explore_lite_msgs/cmake/export_explore_lite_msgs__rosidl_typesupport_fastrtps_cExport-noconfig.cmake
[3.251s] -- Installing: /home/naiwu/xxu_2026/xxu_nav_2026/install/explore_lite_msgs/share/explore_lite_msgs/cmake/explore_lite_msgs__rosidl_typesupport_introspection_cExport.cmake
[3.251s] -- Installing: /home/naiwu/xxu_2026/xxu_nav_2026/install/explore_lite_msgs/share/explore_lite_msgs/cmake/explore_lite_msgs__rosidl_typesupport_introspection_cExport-noconfig.cmake
[3.251s] -- Installing: /home/naiwu/xxu_2026/xxu_nav_2026/install/explore_lite_msgs/share/explore_lite_msgs/cmake/explore_lite_msgs__rosidl_typesupport_cExport.cmake
[3.251s] -- Installing: /home/naiwu/xxu_2026/xxu_nav_2026/install/explore_lite_msgs/share/explore_lite_msgs/cmake/explore_lite_msgs__rosidl_typesupport_cExport-noconfig.cmake
[3.251s] -- Installing: /home/naiwu/xxu_2026/xxu_nav_2026/install/explore_lite_msgs/share/explore_lite_msgs/cmake/export_explore_lite_msgs__rosidl_generator_cppExport.cmake
[3.251s] -- Installing: /home/naiwu/xxu_2026/xxu_nav_2026/install/explore_lite_msgs/share/explore_lite_msgs/cmake/export_explore_lite_msgs__rosidl_typesupport_fastrtps_cppExport.cmake
[3.251s] -- Installing: /home/naiwu/xxu_2026/xxu_nav_2026/install/explore_lite_msgs/share/explore_lite_msgs/cmake/export_explore_lite_msgs__rosidl_typesupport_fastrtps_cppExport-noconfig.cmake
[3.252s] -- Installing: /home/naiwu/xxu_2026/xxu_nav_2026/install/explore_lite_msgs/share/explore_lite_msgs/cmake/explore_lite_msgs__rosidl_typesupport_introspection_cppExport.cmake
[3.252s] -- Installing: /home/naiwu/xxu_2026/xxu_nav_2026/install/explore_lite_msgs/share/explore_lite_msgs/cmake/explore_lite_msgs__rosidl_typesupport_introspection_cppExport-noconfig.cmake
[3.252s] -- Installing: /home/naiwu/xxu_2026/xxu_nav_2026/install/explore_lite_msgs/share/explore_lite_msgs/cmake/explore_lite_msgs__rosidl_typesupport_cppExport.cmake
[3.252s] -- Installing: /home/naiwu/xxu_2026/xxu_nav_2026/install/explore_lite_msgs/share/explore_lite_msgs/cmake/explore_lite_msgs__rosidl_typesupport_cppExport-noconfig.cmake
[3.252s] -- Installing: /home/naiwu/xxu_2026/xxu_nav_2026/install/explore_lite_msgs/share/explore_lite_msgs/cmake/export_explore_lite_msgs__rosidl_generator_pyExport.cmake
[3.252s] -- Installing: /home/naiwu/xxu_2026/xxu_nav_2026/install/explore_lite_msgs/share/explore_lite_msgs/cmake/export_explore_lite_msgs__rosidl_generator_pyExport-noconfig.cmake
[3.252s] -- Installing: /home/naiwu/xxu_2026/xxu_nav_2026/install/explore_lite_msgs/share/explore_lite_msgs/cmake/rosidl_cmake-extras.cmake
[3.252s] -- Installing: /home/naiwu/xxu_2026/xxu_nav_2026/install/explore_lite_msgs/share/explore_lite_msgs/cmake/ament_cmake_export_include_directories-extras.cmake
[3.252s] -- Installing: /home/naiwu/xxu_2026/xxu_nav_2026/install/explore_lite_msgs/share/explore_lite_msgs/cmake/ament_cmake_export_libraries-extras.cmake
[3.252s] -- Installing: /home/naiwu/xxu_2026/xxu_nav_2026/install/explore_lite_msgs/share/explore_lite_msgs/cmake/ament_cmake_export_targets-extras.cmake
[3.252s] -- Installing: /home/naiwu/xxu_2026/xxu_nav_2026/install/explore_lite_msgs/share/explore_lite_msgs/cmake/rosidl_cmake_export_typesupport_targets-extras.cmake
[3.252s] -- Installing: /home/naiwu/xxu_2026/xxu_nav_2026/install/explore_lite_msgs/share/explore_lite_msgs/cmake/ament_cmake_export_dependencies-extras.cmake
[3.252s] -- Installing: /home/naiwu/xxu_2026/xxu_nav_2026/install/explore_lite_msgs/share/explore_lite_msgs/cmake/rosidl_cmake_export_typesupport_libraries-extras.cmake
[3.252s] -- Installing: /home/naiwu/xxu_2026/xxu_nav_2026/install/explore_lite_msgs/share/explore_lite_msgs/cmake/explore_lite_msgsConfig.cmake
[3.252s] -- Installing: /home/naiwu/xxu_2026/xxu_nav_2026/install/explore_lite_msgs/share/explore_lite_msgs/cmake/explore_lite_msgsConfig-version.cmake
[3.252s] -- Installing: /home/naiwu/xxu_2026/xxu_nav_2026/install/explore_lite_msgs/share/explore_lite_msgs/package.xml
[3.253s] Invoked command in '/home/naiwu/xxu_2026/xxu_nav_2026/build/explore_lite_msgs' returned '0': CMAKE_PREFIX_PATH=${CMAKE_PREFIX_PATH}:/opt/ros/jazzy DEBUGINFOD_URLS=https://debuginfod.ubuntu.com /usr/bin/cmake --install /home/naiwu/xxu_2026/xxu_nav_2026/build/explore_lite_msgs
