-- The C compiler identification is GNU 13.3.0
-- The CXX compiler identification is GNU 13.3.0
-- Detecting C compiler ABI info
-- Detecting C compiler ABI info - done
-- Check for working C compiler: /usr/bin/cc - skipped
-- Detecting C compile features
-- Detecting C compile features - done
-- Detecting CXX compiler ABI info
-- Detecting CXX compiler ABI info - done
-- Check for working CXX compiler: /usr/bin/c++ - skipped
-- Detecting CXX compile features
-- Detecting CXX compile features - done
-- Found ament_cmake_auto: 2.5.5 (/opt/ros/jazzy/share/ament_cmake_auto/cmake)
-- Found Python3: /usr/bin/python3 (found version "3.12.3") found components: Interpreter 
-- Found rosidl_generator_c: 4.6.7 (/opt/ros/jazzy/share/rosidl_generator_c/cmake)
-- Found rosidl_generator_cpp: 4.6.7 (/opt/ros/jazzy/share/rosidl_generator_cpp/cmake)
-- Using all available rosidl_typesupport_c: rosidl_typesupport_fastrtps_c;rosidl_typesupport_introspection_c
-- Using all available rosidl_typesupport_cpp: rosidl_typesupport_fastrtps_cpp;rosidl_typesupport_introspection_cpp
-- Found rmw_implementation_cmake: 7.3.3 (/opt/ros/jazzy/share/rmw_implementation_cmake/cmake)
-- Found rmw_fastrtps_cpp: 8.4.3 (/opt/ros/jazzy/share/rmw_fastrtps_cpp/cmake)
-- Found OpenSSL: /usr/lib/x86_64-linux-gnu/libcrypto.so (found version "3.0.13")  
-- Found FastRTPS: /opt/ros/jazzy/include (Required is at least version "2.13") 
-- Using RMW implementation 'rmw_fastrtps_cpp' as default
-- Found ament_lint_auto: 0.17.4 (/opt/ros/jazzy/share/ament_lint_auto/cmake)
In this package, headers install destination is set to `include` by ament_auto_package. It is recommended to install `include/pointcloud_to_laserscan` instead and will be the default behavior of ament_auto_package from ROS 2 Kilted Kaiju. On distributions before Kilted, ament_auto_package behaves the same way when you use USE_SCOPED_HEADER_INSTALL_DIR option.
-- Added test 'cppcheck' to perform static code analysis on C / C++ code
-- Configured cppcheck include dirs: /home/naiwu/xxu_2026/xxu_nav_2026/src/pointcloud_to_laserscan/include
-- Configured cppcheck exclude dirs and/or files: 
-- Added test 'cpplint' to check C / C++ code against the Google style
-- Configured cpplint exclude dirs and/or files: 
-- Added test 'flake8' to check Python code syntax and style conventions
-- Configured 'flake8' exclude dirs and/or files: 
-- Added test 'lint_cmake' to check CMake code style
-- Added test 'pep257' to check Python code against some of the docstring style conventions in PEP 257
-- Added test 'uncrustify' to check C / C++ code style
-- Configured uncrustify additional arguments: 
-- Added test 'xmllint' to check XML markup files
-- Configuring done (1.3s)
-- Generating done (0.0s)
-- Build files have been written to: /home/naiwu/xxu_2026/xxu_nav_2026/build/pointcloud_to_laserscan
[ 30%] Building CXX object CMakeFiles/laserscan_to_pointcloud.dir/src/laserscan_to_pointcloud_node.cpp.o
[ 30%] Building CXX object CMakeFiles/laserscan_to_pointcloud_node.dir/rclcpp_components/node_main_laserscan_to_pointcloud_node.cpp.o
[ 30%] Building CXX object CMakeFiles/pointcloud_to_laserscan_node.dir/rclcpp_components/node_main_pointcloud_to_laserscan_node.cpp.o
[ 40%] Linking CXX executable laserscan_to_pointcloud_node
[ 50%] Linking CXX executable pointcloud_to_laserscan_node
[ 50%] Built target pointcloud_to_laserscan_node
[ 50%] Built target laserscan_to_pointcloud_node
[ 60%] Linking CXX shared library liblaserscan_to_pointcloud.so
[ 60%] Built target laserscan_to_pointcloud
[ 70%] Building CXX object CMakeFiles/pointcloud_to_laserscan.dir/src/pointcloud_to_laserscan_node.cpp.o
[ 80%] Linking CXX shared library libpointcloud_to_laserscan.so
[ 80%] Built target pointcloud_to_laserscan
[ 90%] Building CXX object CMakeFiles/dummy_pointcloud_publisher.dir/src/dummy_pointcloud_publisher.cpp.o
[100%] Linking CXX executable dummy_pointcloud_publisher
[100%] Built target dummy_pointcloud_publisher
-- Install configuration: ""
-- Installing: /home/naiwu/xxu_2026/xxu_nav_2026/install/pointcloud_to_laserscan/lib/pointcloud_to_laserscan/laserscan_to_pointcloud_node
-- Set non-toolchain portion of runtime path of "/home/naiwu/xxu_2026/xxu_nav_2026/install/pointcloud_to_laserscan/lib/pointcloud_to_laserscan/laserscan_to_pointcloud_node" to ""
-- Installing: /home/naiwu/xxu_2026/xxu_nav_2026/install/pointcloud_to_laserscan/lib/pointcloud_to_laserscan/pointcloud_to_laserscan_node
-- Set non-toolchain portion of runtime path of "/home/naiwu/xxu_2026/xxu_nav_2026/install/pointcloud_to_laserscan/lib/pointcloud_to_laserscan/pointcloud_to_laserscan_node" to ""
-- Installing: /home/naiwu/xxu_2026/xxu_nav_2026/install/pointcloud_to_laserscan/include
-- Installing: /home/naiwu/xxu_2026/xxu_nav_2026/install/pointcloud_to_laserscan/include/pointcloud_to_laserscan
-- Installing: /home/naiwu/xxu_2026/xxu_nav_2026/install/pointcloud_to_laserscan/include/pointcloud_to_laserscan/laserscan_to_pointcloud_node.hpp
-- Installing: /home/naiwu/xxu_2026/xxu_nav_2026/install/pointcloud_to_laserscan/include/pointcloud_to_laserscan/pointcloud_to_laserscan_node.hpp
-- Installing: /home/naiwu/xxu_2026/xxu_nav_2026/install/pointcloud_to_laserscan/include/pointcloud_to_laserscan/visibility_control.h
-- Installing: /home/naiwu/xxu_2026/xxu_nav_2026/install/pointcloud_to_laserscan/share/pointcloud_to_laserscan/environment/library_path.sh
-- Installing: /home/naiwu/xxu_2026/xxu_nav_2026/install/pointcloud_to_laserscan/share/pointcloud_to_laserscan/environment/library_path.dsv
-- Installing: /home/naiwu/xxu_2026/xxu_nav_2026/install/pointcloud_to_laserscan/lib/liblaserscan_to_pointcloud.so
-- Set non-toolchain portion of runtime path of "/home/naiwu/xxu_2026/xxu_nav_2026/install/pointcloud_to_laserscan/lib/liblaserscan_to_pointcloud.so" to ""
-- Installing: /home/naiwu/xxu_2026/xxu_nav_2026/install/pointcloud_to_laserscan/lib/libpointcloud_to_laserscan.so
-- Set non-toolchain portion of runtime path of "/home/naiwu/xxu_2026/xxu_nav_2026/install/pointcloud_to_laserscan/lib/libpointcloud_to_laserscan.so" to ""
-- Installing: /home/naiwu/xxu_2026/xxu_nav_2026/install/pointcloud_to_laserscan/lib/pointcloud_to_laserscan/dummy_pointcloud_publisher
-- Set non-toolchain portion of runtime path of "/home/naiwu/xxu_2026/xxu_nav_2026/install/pointcloud_to_laserscan/lib/pointcloud_to_laserscan/dummy_pointcloud_publisher" to ""
-- Installing: /home/naiwu/xxu_2026/xxu_nav_2026/install/pointcloud_to_laserscan/share/pointcloud_to_laserscan/launch
-- Installing: /home/naiwu/xxu_2026/xxu_nav_2026/install/pointcloud_to_laserscan/share/pointcloud_to_laserscan/launch/__pycache__
-- Installing: /home/naiwu/xxu_2026/xxu_nav_2026/install/pointcloud_to_laserscan/share/pointcloud_to_laserscan/launch/__pycache__/sample_pointcloud_to_laserscan_launch.cpython-310.pyc
-- Installing: /home/naiwu/xxu_2026/xxu_nav_2026/install/pointcloud_to_laserscan/share/pointcloud_to_laserscan/launch/sample_pointcloud_to_laserscan_launch.py
-- Installing: /home/naiwu/xxu_2026/xxu_nav_2026/install/pointcloud_to_laserscan/share/pointcloud_to_laserscan/launch/sample_laserscan_to_pointcloud_launch.py
-- Installing: /home/naiwu/xxu_2026/xxu_nav_2026/install/pointcloud_to_laserscan/share/ament_index/resource_index/package_run_dependencies/pointcloud_to_laserscan
-- Installing: /home/naiwu/xxu_2026/xxu_nav_2026/install/pointcloud_to_laserscan/share/ament_index/resource_index/parent_prefix_path/pointcloud_to_laserscan
-- Installing: /home/naiwu/xxu_2026/xxu_nav_2026/install/pointcloud_to_laserscan/share/pointcloud_to_laserscan/environment/ament_prefix_path.sh
-- Installing: /home/naiwu/xxu_2026/xxu_nav_2026/install/pointcloud_to_laserscan/share/pointcloud_to_laserscan/environment/ament_prefix_path.dsv
-- Installing: /home/naiwu/xxu_2026/xxu_nav_2026/install/pointcloud_to_laserscan/share/pointcloud_to_laserscan/environment/path.sh
-- Installing: /home/naiwu/xxu_2026/xxu_nav_2026/install/pointcloud_to_laserscan/share/pointcloud_to_laserscan/environment/path.dsv
-- Installing: /home/naiwu/xxu_2026/xxu_nav_2026/install/pointcloud_to_laserscan/share/pointcloud_to_laserscan/local_setup.bash
-- Installing: /home/naiwu/xxu_2026/xxu_nav_2026/install/pointcloud_to_laserscan/share/pointcloud_to_laserscan/local_setup.sh
-- Installing: /home/naiwu/xxu_2026/xxu_nav_2026/install/pointcloud_to_laserscan/share/pointcloud_to_laserscan/local_setup.zsh
-- Installing: /home/naiwu/xxu_2026/xxu_nav_2026/install/pointcloud_to_laserscan/share/pointcloud_to_laserscan/local_setup.dsv
-- Installing: /home/naiwu/xxu_2026/xxu_nav_2026/install/pointcloud_to_laserscan/share/pointcloud_to_laserscan/package.dsv
-- Installing: /home/naiwu/xxu_2026/xxu_nav_2026/install/pointcloud_to_laserscan/share/ament_index/resource_index/packages/pointcloud_to_laserscan
-- Installing: /home/naiwu/xxu_2026/xxu_nav_2026/install/pointcloud_to_laserscan/share/ament_index/resource_index/rclcpp_components/pointcloud_to_laserscan
-- Installing: /home/naiwu/xxu_2026/xxu_nav_2026/install/pointcloud_to_laserscan/share/pointcloud_to_laserscan/cmake/ament_cmake_export_dependencies-extras.cmake
-- Installing: /home/naiwu/xxu_2026/xxu_nav_2026/install/pointcloud_to_laserscan/share/pointcloud_to_laserscan/cmake/ament_cmake_export_include_directories-extras.cmake
-- Installing: /home/naiwu/xxu_2026/xxu_nav_2026/install/pointcloud_to_laserscan/share/pointcloud_to_laserscan/cmake/ament_cmake_export_libraries-extras.cmake
-- Installing: /home/naiwu/xxu_2026/xxu_nav_2026/install/pointcloud_to_laserscan/share/pointcloud_to_laserscan/cmake/pointcloud_to_laserscanConfig.cmake
-- Installing: /home/naiwu/xxu_2026/xxu_nav_2026/install/pointcloud_to_laserscan/share/pointcloud_to_laserscan/cmake/pointcloud_to_laserscanConfig-version.cmake
-- Installing: /home/naiwu/xxu_2026/xxu_nav_2026/install/pointcloud_to_laserscan/share/pointcloud_to_laserscan/package.xml
