[0.006s] Invoking command in '/home/naiwu/xxu_2026/xxu_nav_2026/build/pointcloud_to_laserscan': CMAKE_PREFIX_PATH=${CMAKE_PREFIX_PATH}:/opt/ros/jazzy DEBUGINFOD_URLS=https://debuginfod.ubuntu.com /usr/bin/cmake /home/naiwu/xxu_2026/xxu_nav_2026/src/pointcloud_to_laserscan -DCMAKE_INSTALL_PREFIX=/home/naiwu/xxu_2026/xxu_nav_2026/install/pointcloud_to_laserscan
[0.092s] -- The C compiler identification is GNU 13.3.0
[0.166s] -- The CXX compiler identification is GNU 13.3.0
[0.180s] -- Detecting C compiler ABI info
[0.255s] -- Detecting C compiler ABI info - done
[0.262s] -- Check for working C compiler: /usr/bin/cc - skipped
[0.262s] -- Detecting C compile features
[0.263s] -- Detecting C compile features - done
[0.271s] -- Detecting CXX compiler ABI info
[0.347s] -- Detecting CXX compiler ABI info - done
[0.355s] -- Check for working CXX compiler: /usr/bin/c++ - skipped
[0.355s] -- Detecting CXX compile features
[0.355s] -- Detecting CXX compile features - done
[0.364s] -- Found ament_cmake_auto: 2.5.5 (/opt/ros/jazzy/share/ament_cmake_auto/cmake)
[0.488s] -- Found Python3: /usr/bin/python3 (found version "3.12.3") found components: Interpreter 
[0.717s] -- Found rosidl_generator_c: 4.6.7 (/opt/ros/jazzy/share/rosidl_generator_c/cmake)
[0.733s] -- Found rosidl_generator_cpp: 4.6.7 (/opt/ros/jazzy/share/rosidl_generator_cpp/cmake)
[0.755s] -- Using all available rosidl_typesupport_c: rosidl_typesupport_fastrtps_c;rosidl_typesupport_introspection_c
[0.775s] -- Using all available rosidl_typesupport_cpp: rosidl_typesupport_fastrtps_cpp;rosidl_typesupport_introspection_cpp
[0.922s] -- Found rmw_implementation_cmake: 7.3.3 (/opt/ros/jazzy/share/rmw_implementation_cmake/cmake)
[0.926s] -- Found rmw_fastrtps_cpp: 8.4.3 (/opt/ros/jazzy/share/rmw_fastrtps_cpp/cmake)
[1.016s] -- Found OpenSSL: /usr/lib/x86_64-linux-gnu/libcrypto.so (found version "3.0.13")  
[1.035s] -- Found FastRTPS: /opt/ros/jazzy/include (Required is at least version "2.13") 
[1.055s] -- Using RMW implementation 'rmw_fastrtps_cpp' as default
[1.276s] -- Found ament_lint_auto: 0.17.4 (/opt/ros/jazzy/share/ament_lint_auto/cmake)
[1.295s] In this package, headers install destination is set to `include` by ament_auto_package. It is recommended to install `include/pointcloud_to_laserscan` instead and will be the default behavior of ament_auto_package from ROS 2 Kilted Kaiju. On distributions before Kilted, ament_auto_package behaves the same way when you use USE_SCOPED_HEADER_INSTALL_DIR option.
[1.299s] -- Added test 'cppcheck' to perform static code analysis on C / C++ code
[1.299s] -- Configured cppcheck include dirs: /home/naiwu/xxu_2026/xxu_nav_2026/src/pointcloud_to_laserscan/include
[1.299s] -- Configured cppcheck exclude dirs and/or files: 
[1.301s] -- Added test 'cpplint' to check C / C++ code against the Google style
[1.301s] -- Configured cpplint exclude dirs and/or files: 
[1.301s] -- Added test 'flake8' to check Python code syntax and style conventions
[1.301s] -- Configured 'flake8' exclude dirs and/or files: 
[1.302s] -- Added test 'lint_cmake' to check CMake code style
[1.303s] -- Added test 'pep257' to check Python code against some of the docstring style conventions in PEP 257
[1.304s] -- Added test 'uncrustify' to check C / C++ code style
[1.304s] -- Configured uncrustify additional arguments: 
[1.305s] -- Added test 'xmllint' to check XML markup files
[1.308s] -- Configuring done (1.3s)
[1.330s] -- Generating done (0.0s)
[1.338s] -- Build files have been written to: /home/naiwu/xxu_2026/xxu_nav_2026/build/pointcloud_to_laserscan
[1.346s] Invoked command in '/home/naiwu/xxu_2026/xxu_nav_2026/build/pointcloud_to_laserscan' returned '0': CMAKE_PREFIX_PATH=${CMAKE_PREFIX_PATH}:/opt/ros/jazzy DEBUGINFOD_URLS=https://debuginfod.ubuntu.com /usr/bin/cmake /home/naiwu/xxu_2026/xxu_nav_2026/src/pointcloud_to_laserscan -DCMAKE_INSTALL_PREFIX=/home/naiwu/xxu_2026/xxu_nav_2026/install/pointcloud_to_laserscan
[1.347s] Invoking command in '/home/naiwu/xxu_2026/xxu_nav_2026/build/pointcloud_to_laserscan': CMAKE_PREFIX_PATH=${CMAKE_PREFIX_PATH}:/opt/ros/jazzy DEBUGINFOD_URLS=https://debuginfod.ubuntu.com /usr/bin/cmake --build /home/naiwu/xxu_2026/xxu_nav_2026/build/pointcloud_to_laserscan -- -j24 -l24
[1.394s] [ 30%] Building CXX object CMakeFiles/laserscan_to_pointcloud.dir/src/laserscan_to_pointcloud_node.cpp.o
[1.394s] [ 30%] Building CXX object CMakeFiles/laserscan_to_pointcloud_node.dir/rclcpp_components/node_main_laserscan_to_pointcloud_node.cpp.o
[1.394s] [ 30%] Building CXX object CMakeFiles/pointcloud_to_laserscan_node.dir/rclcpp_components/node_main_pointcloud_to_laserscan_node.cpp.o
[3.777s] [ 40%] Linking CXX executable laserscan_to_pointcloud_node
[3.779s] [ 50%] Linking CXX executable pointcloud_to_laserscan_node
[3.875s] [ 50%] Built target pointcloud_to_laserscan_node
[3.875s] [ 50%] Built target laserscan_to_pointcloud_node
[10.548s] [ 60%] Linking CXX shared library liblaserscan_to_pointcloud.so
[10.867s] [ 60%] Built target laserscan_to_pointcloud
[10.883s] [ 70%] Building CXX object CMakeFiles/pointcloud_to_laserscan.dir/src/pointcloud_to_laserscan_node.cpp.o
[19.779s] [ 80%] Linking CXX shared library libpointcloud_to_laserscan.so
[20.091s] [ 80%] Built target pointcloud_to_laserscan
[20.107s] [ 90%] Building CXX object CMakeFiles/dummy_pointcloud_publisher.dir/src/dummy_pointcloud_publisher.cpp.o
[23.141s] [100%] Linking CXX executable dummy_pointcloud_publisher
[23.294s] [100%] Built target dummy_pointcloud_publisher
[23.304s] Invoked command in '/home/naiwu/xxu_2026/xxu_nav_2026/build/pointcloud_to_laserscan' returned '0': CMAKE_PREFIX_PATH=${CMAKE_PREFIX_PATH}:/opt/ros/jazzy DEBUGINFOD_URLS=https://debuginfod.ubuntu.com /usr/bin/cmake --build /home/naiwu/xxu_2026/xxu_nav_2026/build/pointcloud_to_laserscan -- -j24 -l24
[23.312s] Invoking command in '/home/naiwu/xxu_2026/xxu_nav_2026/build/pointcloud_to_laserscan': CMAKE_PREFIX_PATH=${CMAKE_PREFIX_PATH}:/opt/ros/jazzy DEBUGINFOD_URLS=https://debuginfod.ubuntu.com /usr/bin/cmake --install /home/naiwu/xxu_2026/xxu_nav_2026/build/pointcloud_to_laserscan
[23.319s] -- Install configuration: ""
[23.319s] -- Installing: /home/naiwu/xxu_2026/xxu_nav_2026/install/pointcloud_to_laserscan/lib/pointcloud_to_laserscan/laserscan_to_pointcloud_node
[23.320s] -- Set non-toolchain portion of runtime path of "/home/naiwu/xxu_2026/xxu_nav_2026/install/pointcloud_to_laserscan/lib/pointcloud_to_laserscan/laserscan_to_pointcloud_node" to ""
[23.320s] -- Installing: /home/naiwu/xxu_2026/xxu_nav_2026/install/pointcloud_to_laserscan/lib/pointcloud_to_laserscan/pointcloud_to_laserscan_node
[23.320s] -- Set non-toolchain portion of runtime path of "/home/naiwu/xxu_2026/xxu_nav_2026/install/pointcloud_to_laserscan/lib/pointcloud_to_laserscan/pointcloud_to_laserscan_node" to ""
[23.320s] -- Installing: /home/naiwu/xxu_2026/xxu_nav_2026/install/pointcloud_to_laserscan/include
[23.320s] -- Installing: /home/naiwu/xxu_2026/xxu_nav_2026/install/pointcloud_to_laserscan/include/pointcloud_to_laserscan
[23.320s] -- Installing: /home/naiwu/xxu_2026/xxu_nav_2026/install/pointcloud_to_laserscan/include/pointcloud_to_laserscan/laserscan_to_pointcloud_node.hpp
[23.320s] -- Installing: /home/naiwu/xxu_2026/xxu_nav_2026/install/pointcloud_to_laserscan/include/pointcloud_to_laserscan/pointcloud_to_laserscan_node.hpp
[23.321s] -- Installing: /home/naiwu/xxu_2026/xxu_nav_2026/install/pointcloud_to_laserscan/include/pointcloud_to_laserscan/visibility_control.h
[23.321s] -- Installing: /home/naiwu/xxu_2026/xxu_nav_2026/install/pointcloud_to_laserscan/share/pointcloud_to_laserscan/environment/library_path.sh
[23.321s] -- Installing: /home/naiwu/xxu_2026/xxu_nav_2026/install/pointcloud_to_laserscan/share/pointcloud_to_laserscan/environment/library_path.dsv
[23.321s] -- Installing: /home/naiwu/xxu_2026/xxu_nav_2026/install/pointcloud_to_laserscan/lib/liblaserscan_to_pointcloud.so
[23.325s] -- Set non-toolchain portion of runtime path of "/home/naiwu/xxu_2026/xxu_nav_2026/install/pointcloud_to_laserscan/lib/liblaserscan_to_pointcloud.so" to ""
[23.325s] -- Installing: /home/naiwu/xxu_2026/xxu_nav_2026/install/pointcloud_to_laserscan/lib/libpointcloud_to_laserscan.so
[23.329s] -- Set non-toolchain portion of runtime path of "/home/naiwu/xxu_2026/xxu_nav_2026/install/pointcloud_to_laserscan/lib/libpointcloud_to_laserscan.so" to ""
[23.329s] -- Installing: /home/naiwu/xxu_2026/xxu_nav_2026/install/pointcloud_to_laserscan/lib/pointcloud_to_laserscan/dummy_pointcloud_publisher
[23.330s] -- Set non-toolchain portion of runtime path of "/home/naiwu/xxu_2026/xxu_nav_2026/install/pointcloud_to_laserscan/lib/pointcloud_to_laserscan/dummy_pointcloud_publisher" to ""
[23.330s] -- Installing: /home/naiwu/xxu_2026/xxu_nav_2026/install/pointcloud_to_laserscan/share/pointcloud_to_laserscan/launch
[23.330s] -- Installing: /home/naiwu/xxu_2026/xxu_nav_2026/install/pointcloud_to_laserscan/share/pointcloud_to_laserscan/launch/__pycache__
[23.331s] -- Installing: /home/naiwu/xxu_2026/xxu_nav_2026/install/pointcloud_to_laserscan/share/pointcloud_to_laserscan/launch/__pycache__/sample_pointcloud_to_laserscan_launch.cpython-310.pyc
[23.331s] -- Installing: /home/naiwu/xxu_2026/xxu_nav_2026/install/pointcloud_to_laserscan/share/pointcloud_to_laserscan/launch/sample_pointcloud_to_laserscan_launch.py
[23.331s] -- Installing: /home/naiwu/xxu_2026/xxu_nav_2026/install/pointcloud_to_laserscan/share/pointcloud_to_laserscan/launch/sample_laserscan_to_pointcloud_launch.py
[23.331s] -- Installing: /home/naiwu/xxu_2026/xxu_nav_2026/install/pointcloud_to_laserscan/share/ament_index/resource_index/package_run_dependencies/pointcloud_to_laserscan
[23.332s] -- Installing: /home/naiwu/xxu_2026/xxu_nav_2026/install/pointcloud_to_laserscan/share/ament_index/resource_index/parent_prefix_path/pointcloud_to_laserscan
[23.332s] -- Installing: /home/naiwu/xxu_2026/xxu_nav_2026/install/pointcloud_to_laserscan/share/pointcloud_to_laserscan/environment/ament_prefix_path.sh
[23.332s] -- Installing: /home/naiwu/xxu_2026/xxu_nav_2026/install/pointcloud_to_laserscan/share/pointcloud_to_laserscan/environment/ament_prefix_path.dsv
[23.332s] -- Installing: /home/naiwu/xxu_2026/xxu_nav_2026/install/pointcloud_to_laserscan/share/pointcloud_to_laserscan/environment/path.sh
[23.332s] -- Installing: /home/naiwu/xxu_2026/xxu_nav_2026/install/pointcloud_to_laserscan/share/pointcloud_to_laserscan/environment/path.dsv
[23.332s] -- Installing: /home/naiwu/xxu_2026/xxu_nav_2026/install/pointcloud_to_laserscan/share/pointcloud_to_laserscan/local_setup.bash
[23.332s] -- Installing: /home/naiwu/xxu_2026/xxu_nav_2026/install/pointcloud_to_laserscan/share/pointcloud_to_laserscan/local_setup.sh
[23.332s] -- Installing: /home/naiwu/xxu_2026/xxu_nav_2026/install/pointcloud_to_laserscan/share/pointcloud_to_laserscan/local_setup.zsh
[23.332s] -- Installing: /home/naiwu/xxu_2026/xxu_nav_2026/install/pointcloud_to_laserscan/share/pointcloud_to_laserscan/local_setup.dsv
[23.332s] -- Installing: /home/naiwu/xxu_2026/xxu_nav_2026/install/pointcloud_to_laserscan/share/pointcloud_to_laserscan/package.dsv
[23.332s] -- Installing: /home/naiwu/xxu_2026/xxu_nav_2026/install/pointcloud_to_laserscan/share/ament_index/resource_index/packages/pointcloud_to_laserscan
[23.332s] -- Installing: /home/naiwu/xxu_2026/xxu_nav_2026/install/pointcloud_to_laserscan/share/ament_index/resource_index/rclcpp_components/pointcloud_to_laserscan
[23.332s] -- Installing: /home/naiwu/xxu_2026/xxu_nav_2026/install/pointcloud_to_laserscan/share/pointcloud_to_laserscan/cmake/ament_cmake_export_dependencies-extras.cmake
[23.332s] -- Installing: /home/naiwu/xxu_2026/xxu_nav_2026/install/pointcloud_to_laserscan/share/pointcloud_to_laserscan/cmake/ament_cmake_export_include_directories-extras.cmake
[23.333s] -- Installing: /home/naiwu/xxu_2026/xxu_nav_2026/install/pointcloud_to_laserscan/share/pointcloud_to_laserscan/cmake/ament_cmake_export_libraries-extras.cmake
[23.333s] -- Installing: /home/naiwu/xxu_2026/xxu_nav_2026/install/pointcloud_to_laserscan/share/pointcloud_to_laserscan/cmake/pointcloud_to_laserscanConfig.cmake
[23.333s] -- Installing: /home/naiwu/xxu_2026/xxu_nav_2026/install/pointcloud_to_laserscan/share/pointcloud_to_laserscan/cmake/pointcloud_to_laserscanConfig-version.cmake
[23.333s] -- Installing: /home/naiwu/xxu_2026/xxu_nav_2026/install/pointcloud_to_laserscan/share/pointcloud_to_laserscan/package.xml
[23.334s] Invoked command in '/home/naiwu/xxu_2026/xxu_nav_2026/build/pointcloud_to_laserscan' returned '0': CMAKE_PREFIX_PATH=${CMAKE_PREFIX_PATH}:/opt/ros/jazzy DEBUGINFOD_URLS=https://debuginfod.ubuntu.com /usr/bin/cmake --install /home/naiwu/xxu_2026/xxu_nav_2026/build/pointcloud_to_laserscan
