-- Found ament_cmake: 2.5.5 (/opt/ros/jazzy/share/ament_cmake/cmake)
-- Override CMake install command with custom implementation using symlinks instead of copying resources
-- Found geometry_msgs: 5.3.6 (/opt/ros/jazzy/share/geometry_msgs/cmake)
-- Found rosidl_generator_c: 4.6.7 (/opt/ros/jazzy/share/rosidl_generator_c/cmake)
-- Found rosidl_generator_cpp: 4.6.7 (/opt/ros/jazzy/share/rosidl_generator_cpp/cmake)
-- Using all available rosidl_typesupport_c: rosidl_typesupport_fastrtps_c;rosidl_typesupport_introspection_c
-- Using all available rosidl_typesupport_cpp: rosidl_typesupport_fastrtps_cpp;rosidl_typesupport_introspection_cpp
-- Found rclcpp: 28.1.16 (/opt/ros/jazzy/share/rclcpp/cmake)
-- Found rmw_implementation_cmake: 7.3.3 (/opt/ros/jazzy/share/rmw_implementation_cmake/cmake)
-- Found rmw_fastrtps_cpp: 8.4.3 (/opt/ros/jazzy/share/rmw_fastrtps_cpp/cmake)
-- Using RMW implementation 'rmw_fastrtps_cpp' as default
-- Found ament_lint_auto: 0.17.4 (/opt/ros/jazzy/share/ament_lint_auto/cmake)
-- Added test 'cppcheck' to perform static code analysis on C / C++ code
-- Configured cppcheck include dirs: 
-- Configured cppcheck exclude dirs and/or files: 
-- Added test 'lint_cmake' to check CMake code style
-- Added test 'uncrustify' to check C / C++ code style
-- Configured uncrustify additional arguments: 
-- Added test 'xmllint' to check XML markup files
-- Configuring done (0.4s)
-- Generating done (0.0s)
-- Build files have been written to: /home/naiwu/xxu_2026/xxu_nav_2026/build/xxu_chassis_controller
[ 50%] Linking CXX executable chassis_controller
[100%] Built target chassis_controller
-- Install configuration: ""
-- Execute custom install script
-- Symlinking: /home/naiwu/xxu_2026/xxu_nav_2026/install/xxu_chassis_controller/lib/xxu_chassis_controller/chassis_controller
-- Symlinking: /home/naiwu/xxu_2026/xxu_nav_2026/install/xxu_chassis_controller/share/ament_index/resource_index/package_run_dependencies/xxu_chassis_controller
-- Symlinking: /home/naiwu/xxu_2026/xxu_nav_2026/install/xxu_chassis_controller/share/ament_index/resource_index/parent_prefix_path/xxu_chassis_controller
-- Symlinking: /home/naiwu/xxu_2026/xxu_nav_2026/install/xxu_chassis_controller/share/xxu_chassis_controller/environment/ament_prefix_path.sh
-- Symlinking: /home/naiwu/xxu_2026/xxu_nav_2026/install/xxu_chassis_controller/share/xxu_chassis_controller/environment/ament_prefix_path.dsv
-- Symlinking: /home/naiwu/xxu_2026/xxu_nav_2026/install/xxu_chassis_controller/share/xxu_chassis_controller/environment/path.sh
-- Symlinking: /home/naiwu/xxu_2026/xxu_nav_2026/install/xxu_chassis_controller/share/xxu_chassis_controller/environment/path.dsv
-- Symlinking: /home/naiwu/xxu_2026/xxu_nav_2026/install/xxu_chassis_controller/share/xxu_chassis_controller/local_setup.bash
-- Symlinking: /home/naiwu/xxu_2026/xxu_nav_2026/install/xxu_chassis_controller/share/xxu_chassis_controller/local_setup.sh
-- Symlinking: /home/naiwu/xxu_2026/xxu_nav_2026/install/xxu_chassis_controller/share/xxu_chassis_controller/local_setup.zsh
-- Symlinking: /home/naiwu/xxu_2026/xxu_nav_2026/install/xxu_chassis_controller/share/xxu_chassis_controller/local_setup.dsv
-- Symlinking: /home/naiwu/xxu_2026/xxu_nav_2026/install/xxu_chassis_controller/share/xxu_chassis_controller/package.dsv
-- Symlinking: /home/naiwu/xxu_2026/xxu_nav_2026/install/xxu_chassis_controller/share/ament_index/resource_index/packages/xxu_chassis_controller
-- Symlinking: /home/naiwu/xxu_2026/xxu_nav_2026/install/xxu_chassis_controller/share/xxu_chassis_controller/cmake/xxu_chassis_controllerConfig.cmake
-- Symlinking: /home/naiwu/xxu_2026/xxu_nav_2026/install/xxu_chassis_controller/share/xxu_chassis_controller/cmake/xxu_chassis_controllerConfig-version.cmake
-- Symlinking: /home/naiwu/xxu_2026/xxu_nav_2026/install/xxu_chassis_controller/share/xxu_chassis_controller/package.xml
