[0.008s] Invoking command in '/home/naiwu/xxu_2026/xxu_nav_2026/build/xxu_chassis_controller': CMAKE_PREFIX_PATH=${CMAKE_PREFIX_PATH}:/opt/ros/jazzy DEBUGINFOD_URLS=https://debuginfod.ubuntu.com /usr/bin/cmake /home/naiwu/xxu_2026/xxu_nav_2026/src/xxu_chassis_controller -DAMENT_CMAKE_SYMLINK_INSTALL=1 -DCMAKE_INSTALL_PREFIX=/home/naiwu/xxu_2026/xxu_nav_2026/install/xxu_chassis_controller
[0.016s] -- Found ament_cmake: 2.5.5 (/opt/ros/jazzy/share/ament_cmake/cmake)
[0.155s] -- Override CMake install command with custom implementation using symlinks instead of copying resources
[0.160s] -- Found geometry_msgs: 5.3.6 (/opt/ros/jazzy/share/geometry_msgs/cmake)
[0.178s] -- Found rosidl_generator_c: 4.6.7 (/opt/ros/jazzy/share/rosidl_generator_c/cmake)
[0.185s] -- Found rosidl_generator_cpp: 4.6.7 (/opt/ros/jazzy/share/rosidl_generator_cpp/cmake)
[0.193s] -- Using all available rosidl_typesupport_c: rosidl_typesupport_fastrtps_c;rosidl_typesupport_introspection_c
[0.203s] -- Using all available rosidl_typesupport_cpp: rosidl_typesupport_fastrtps_cpp;rosidl_typesupport_introspection_cpp
[0.234s] -- Found rclcpp: 28.1.16 (/opt/ros/jazzy/share/rclcpp/cmake)
[0.272s] -- Found rmw_implementation_cmake: 7.3.3 (/opt/ros/jazzy/share/rmw_implementation_cmake/cmake)
[0.273s] -- Found rmw_fastrtps_cpp: 8.4.3 (/opt/ros/jazzy/share/rmw_fastrtps_cpp/cmake)
[0.327s] -- Using RMW implementation 'rmw_fastrtps_cpp' as default
[0.374s] -- Found ament_lint_auto: 0.17.4 (/opt/ros/jazzy/share/ament_lint_auto/cmake)
[0.435s] -- Added test 'cppcheck' to perform static code analysis on C / C++ code
[0.435s] -- Configured cppcheck include dirs: 
[0.435s] -- Configured cppcheck exclude dirs and/or files: 
[0.435s] -- Added test 'lint_cmake' to check CMake code style
[0.435s] -- Added test 'uncrustify' to check C / C++ code style
[0.435s] -- Configured uncrustify additional arguments: 
[0.435s] -- Added test 'xmllint' to check XML markup files
[0.436s] -- Configuring done (0.4s)
[0.445s] -- Generating done (0.0s)
[0.447s] -- Build files have been written to: /home/naiwu/xxu_2026/xxu_nav_2026/build/xxu_chassis_controller
[0.452s] Invoked command in '/home/naiwu/xxu_2026/xxu_nav_2026/build/xxu_chassis_controller' returned '0': CMAKE_PREFIX_PATH=${CMAKE_PREFIX_PATH}:/opt/ros/jazzy DEBUGINFOD_URLS=https://debuginfod.ubuntu.com /usr/bin/cmake /home/naiwu/xxu_2026/xxu_nav_2026/src/xxu_chassis_controller -DAMENT_CMAKE_SYMLINK_INSTALL=1 -DCMAKE_INSTALL_PREFIX=/home/naiwu/xxu_2026/xxu_nav_2026/install/xxu_chassis_controller
[0.453s] Invoking command in '/home/naiwu/xxu_2026/xxu_nav_2026/build/xxu_chassis_controller': CMAKE_PREFIX_PATH=${CMAKE_PREFIX_PATH}:/opt/ros/jazzy DEBUGINFOD_URLS=https://debuginfod.ubuntu.com /usr/bin/cmake --build /home/naiwu/xxu_2026/xxu_nav_2026/build/xxu_chassis_controller -- -j24 -l24
[0.492s] [ 50%] Linking CXX executable chassis_controller
[0.686s] [100%] Built target chassis_controller
[0.695s] Invoked command in '/home/naiwu/xxu_2026/xxu_nav_2026/build/xxu_chassis_controller' returned '0': CMAKE_PREFIX_PATH=${CMAKE_PREFIX_PATH}:/opt/ros/jazzy DEBUGINFOD_URLS=https://debuginfod.ubuntu.com /usr/bin/cmake --build /home/naiwu/xxu_2026/xxu_nav_2026/build/xxu_chassis_controller -- -j24 -l24
[0.701s] Invoking command in '/home/naiwu/xxu_2026/xxu_nav_2026/build/xxu_chassis_controller': CMAKE_PREFIX_PATH=${CMAKE_PREFIX_PATH}:/opt/ros/jazzy DEBUGINFOD_URLS=https://debuginfod.ubuntu.com /usr/bin/cmake --install /home/naiwu/xxu_2026/xxu_nav_2026/build/xxu_chassis_controller
[0.707s] -- Install configuration: ""
[0.707s] -- Execute custom install script
[0.707s] -- Symlinking: /home/naiwu/xxu_2026/xxu_nav_2026/install/xxu_chassis_controller/lib/xxu_chassis_controller/chassis_controller
[0.713s] -- Symlinking: /home/naiwu/xxu_2026/xxu_nav_2026/install/xxu_chassis_controller/share/ament_index/resource_index/package_run_dependencies/xxu_chassis_controller
[0.720s] -- Symlinking: /home/naiwu/xxu_2026/xxu_nav_2026/install/xxu_chassis_controller/share/ament_index/resource_index/parent_prefix_path/xxu_chassis_controller
[0.726s] -- Symlinking: /home/naiwu/xxu_2026/xxu_nav_2026/install/xxu_chassis_controller/share/xxu_chassis_controller/environment/ament_prefix_path.sh
[0.733s] -- Symlinking: /home/naiwu/xxu_2026/xxu_nav_2026/install/xxu_chassis_controller/share/xxu_chassis_controller/environment/ament_prefix_path.dsv
[0.740s] -- Symlinking: /home/naiwu/xxu_2026/xxu_nav_2026/install/xxu_chassis_controller/share/xxu_chassis_controller/environment/path.sh
[0.746s] -- Symlinking: /home/naiwu/xxu_2026/xxu_nav_2026/install/xxu_chassis_controller/share/xxu_chassis_controller/environment/path.dsv
[0.753s] -- Symlinking: /home/naiwu/xxu_2026/xxu_nav_2026/install/xxu_chassis_controller/share/xxu_chassis_controller/local_setup.bash
[0.760s] -- Symlinking: /home/naiwu/xxu_2026/xxu_nav_2026/install/xxu_chassis_controller/share/xxu_chassis_controller/local_setup.sh
[0.767s] -- Symlinking: /home/naiwu/xxu_2026/xxu_nav_2026/install/xxu_chassis_controller/share/xxu_chassis_controller/local_setup.zsh
[0.774s] -- Symlinking: /home/naiwu/xxu_2026/xxu_nav_2026/install/xxu_chassis_controller/share/xxu_chassis_controller/local_setup.dsv
[0.781s] -- Symlinking: /home/naiwu/xxu_2026/xxu_nav_2026/install/xxu_chassis_controller/share/xxu_chassis_controller/package.dsv
[0.789s] -- Symlinking: /home/naiwu/xxu_2026/xxu_nav_2026/install/xxu_chassis_controller/share/ament_index/resource_index/packages/xxu_chassis_controller
[0.796s] -- Symlinking: /home/naiwu/xxu_2026/xxu_nav_2026/install/xxu_chassis_controller/share/xxu_chassis_controller/cmake/xxu_chassis_controllerConfig.cmake
[0.802s] -- Symlinking: /home/naiwu/xxu_2026/xxu_nav_2026/install/xxu_chassis_controller/share/xxu_chassis_controller/cmake/xxu_chassis_controllerConfig-version.cmake
[0.808s] -- Symlinking: /home/naiwu/xxu_2026/xxu_nav_2026/install/xxu_chassis_controller/share/xxu_chassis_controller/package.xml
[0.817s] Invoked command in '/home/naiwu/xxu_2026/xxu_nav_2026/build/xxu_chassis_controller' returned '0': CMAKE_PREFIX_PATH=${CMAKE_PREFIX_PATH}:/opt/ros/jazzy DEBUGINFOD_URLS=https://debuginfod.ubuntu.com /usr/bin/cmake --install /home/naiwu/xxu_2026/xxu_nav_2026/build/xxu_chassis_controller
