[0.006s] Invoking command in '/home/naiwu/xxu_2026/xxu_nav_2026/build/xxu_livox_sim': CMAKE_PREFIX_PATH=${CMAKE_PREFIX_PATH}:/opt/ros/jazzy DEBUGINFOD_URLS=https://debuginfod.ubuntu.com /usr/bin/cmake --build /home/naiwu/xxu_2026/xxu_nav_2026/build/xxu_livox_sim -- -j24 -l24
[0.062s] [ 50%] Built target livox_pointcloud_shaper
[0.064s] [ 75%] Building CXX object CMakeFiles/livox_mid360_system.dir/src/livox_mid360_system.cpp.o
[2.448s] [100%] Linking CXX shared library liblivox_mid360_system.so
[2.606s] [100%] Built target livox_mid360_system
[2.614s] Invoked command in '/home/naiwu/xxu_2026/xxu_nav_2026/build/xxu_livox_sim' returned '0': CMAKE_PREFIX_PATH=${CMAKE_PREFIX_PATH}:/opt/ros/jazzy DEBUGINFOD_URLS=https://debuginfod.ubuntu.com /usr/bin/cmake --build /home/naiwu/xxu_2026/xxu_nav_2026/build/xxu_livox_sim -- -j24 -l24
[2.620s] Invoking command in '/home/naiwu/xxu_2026/xxu_nav_2026/build/xxu_livox_sim': CMAKE_PREFIX_PATH=${CMAKE_PREFIX_PATH}:/opt/ros/jazzy DEBUGINFOD_URLS=https://debuginfod.ubuntu.com /usr/bin/cmake --install /home/naiwu/xxu_2026/xxu_nav_2026/build/xxu_livox_sim
[2.625s] -- Install configuration: ""
[2.626s] -- Up-to-date: /home/naiwu/xxu_2026/xxu_nav_2026/install/xxu_livox_sim/lib/xxu_livox_sim/livox_pointcloud_shaper
[2.626s] -- Installing: /home/naiwu/xxu_2026/xxu_nav_2026/install/xxu_livox_sim/lib/xxu_livox_sim/liblivox_mid360_system.so
[2.626s] -- Up-to-date: /home/naiwu/xxu_2026/xxu_nav_2026/install/xxu_livox_sim/share/xxu_livox_sim/config
[2.626s] -- Up-to-date: /home/naiwu/xxu_2026/xxu_nav_2026/install/xxu_livox_sim/share/xxu_livox_sim/config/mid360.csv
[2.626s] -- Installing: /home/naiwu/xxu_2026/xxu_nav_2026/install/xxu_livox_sim/share/ament_index/resource_index/package_run_dependencies/xxu_livox_sim
[2.627s] -- Up-to-date: /home/naiwu/xxu_2026/xxu_nav_2026/install/xxu_livox_sim/share/ament_index/resource_index/parent_prefix_path/xxu_livox_sim
[2.627s] -- Up-to-date: /home/naiwu/xxu_2026/xxu_nav_2026/install/xxu_livox_sim/share/xxu_livox_sim/environment/ament_prefix_path.sh
[2.627s] -- Up-to-date: /home/naiwu/xxu_2026/xxu_nav_2026/install/xxu_livox_sim/share/xxu_livox_sim/environment/ament_prefix_path.dsv
[2.627s] -- Up-to-date: /home/naiwu/xxu_2026/xxu_nav_2026/install/xxu_livox_sim/share/xxu_livox_sim/environment/path.sh
[2.627s] -- Up-to-date: /home/naiwu/xxu_2026/xxu_nav_2026/install/xxu_livox_sim/share/xxu_livox_sim/environment/path.dsv
[2.627s] -- Up-to-date: /home/naiwu/xxu_2026/xxu_nav_2026/install/xxu_livox_sim/share/xxu_livox_sim/local_setup.bash
[2.627s] -- Up-to-date: /home/naiwu/xxu_2026/xxu_nav_2026/install/xxu_livox_sim/share/xxu_livox_sim/local_setup.sh
[2.628s] -- Up-to-date: /home/naiwu/xxu_2026/xxu_nav_2026/install/xxu_livox_sim/share/xxu_livox_sim/local_setup.zsh
[2.628s] -- Up-to-date: /home/naiwu/xxu_2026/xxu_nav_2026/install/xxu_livox_sim/share/xxu_livox_sim/local_setup.dsv
[2.628s] -- Installing: /home/naiwu/xxu_2026/xxu_nav_2026/install/xxu_livox_sim/share/xxu_livox_sim/package.dsv
[2.628s] -- Up-to-date: /home/naiwu/xxu_2026/xxu_nav_2026/install/xxu_livox_sim/share/ament_index/resource_index/packages/xxu_livox_sim
[2.628s] -- Up-to-date: /home/naiwu/xxu_2026/xxu_nav_2026/install/xxu_livox_sim/share/xxu_livox_sim/cmake/xxu_livox_simConfig.cmake
[2.628s] -- Up-to-date: /home/naiwu/xxu_2026/xxu_nav_2026/install/xxu_livox_sim/share/xxu_livox_sim/cmake/xxu_livox_simConfig-version.cmake
[2.628s] -- Installing: /home/naiwu/xxu_2026/xxu_nav_2026/install/xxu_livox_sim/share/xxu_livox_sim/package.xml
[2.628s] Invoked command in '/home/naiwu/xxu_2026/xxu_nav_2026/build/xxu_livox_sim' returned '0': CMAKE_PREFIX_PATH=${CMAKE_PREFIX_PATH}:/opt/ros/jazzy DEBUGINFOD_URLS=https://debuginfod.ubuntu.com /usr/bin/cmake --install /home/naiwu/xxu_2026/xxu_nav_2026/build/xxu_livox_sim
