[0.011s] Invoking command in '/home/naiwu/xxu_2026/xxu_nav_2026/build/xxu_slam_toolbox': AMENT_PREFIX_PATH=/home/naiwu/xxu_2026/xxu_nav_2026/install/explore_lite:/home/naiwu/xxu_2026/xxu_nav_2026/install/explore_lite_msgs:${AMENT_PREFIX_PATH} CMAKE_PREFIX_PATH=/home/naiwu/xxu_2026/xxu_nav_2026/install/explore_lite:/home/naiwu/xxu_2026/xxu_nav_2026/install/explore_lite_msgs:/opt/ros/jazzy/opt/gz_sim_vendor:/opt/ros/jazzy/opt/gz_sensors_vendor:/opt/ros/jazzy/opt/gz_physics_vendor:/opt/ros/jazzy/opt/sdformat_vendor:/opt/ros/jazzy/opt/gz_gui_vendor:/opt/ros/jazzy/opt/gz_transport_vendor:/opt/ros/jazzy/opt/gz_rendering_vendor:/opt/ros/jazzy/opt/gz_plugin_vendor:/opt/ros/jazzy/opt/gz_fuel_tools_vendor:/opt/ros/jazzy/opt/gz_msgs_vendor:/opt/ros/jazzy/opt/gz_common_vendor:/opt/ros/jazzy/opt/gz_math_vendor:/opt/ros/jazzy/opt/gz_utils_vendor:/opt/ros/jazzy/opt/gz_tools_vendor:/opt/ros/jazzy/opt/gz_ogre_next_vendor:/opt/ros/jazzy/opt/gz_dartsim_vendor:/opt/ros/jazzy/opt/gz_cmake_vendor:/opt/ros/jazzy DEBUGINFOD_URLS=https://debuginfod.ubuntu.com LD_LIBRARY_PATH=/home/naiwu/xxu_2026/xxu_nav_2026/install/explore_lite_msgs/lib:${LD_LIBRARY_PATH} PYTHONPATH=/home/naiwu/xxu_2026/xxu_nav_2026/install/explore_lite_msgs/lib/python3.12/site-packages:${PYTHONPATH} /usr/bin/cmake --build /home/naiwu/xxu_2026/xxu_nav_2026/build/xxu_slam_toolbox -- -j24 -l24
[0.040s] Invoked command in '/home/naiwu/xxu_2026/xxu_nav_2026/build/xxu_slam_toolbox' returned '0': AMENT_PREFIX_PATH=/home/naiwu/xxu_2026/xxu_nav_2026/install/explore_lite:/home/naiwu/xxu_2026/xxu_nav_2026/install/explore_lite_msgs:${AMENT_PREFIX_PATH} CMAKE_PREFIX_PATH=/home/naiwu/xxu_2026/xxu_nav_2026/install/explore_lite:/home/naiwu/xxu_2026/xxu_nav_2026/install/explore_lite_msgs:/opt/ros/jazzy/opt/gz_sim_vendor:/opt/ros/jazzy/opt/gz_sensors_vendor:/opt/ros/jazzy/opt/gz_physics_vendor:/opt/ros/jazzy/opt/sdformat_vendor:/opt/ros/jazzy/opt/gz_gui_vendor:/opt/ros/jazzy/opt/gz_transport_vendor:/opt/ros/jazzy/opt/gz_rendering_vendor:/opt/ros/jazzy/opt/gz_plugin_vendor:/opt/ros/jazzy/opt/gz_fuel_tools_vendor:/opt/ros/jazzy/opt/gz_msgs_vendor:/opt/ros/jazzy/opt/gz_common_vendor:/opt/ros/jazzy/opt/gz_math_vendor:/opt/ros/jazzy/opt/gz_utils_vendor:/opt/ros/jazzy/opt/gz_tools_vendor:/opt/ros/jazzy/opt/gz_ogre_next_vendor:/opt/ros/jazzy/opt/gz_dartsim_vendor:/opt/ros/jazzy/opt/gz_cmake_vendor:/opt/ros/jazzy DEBUGINFOD_URLS=https://debuginfod.ubuntu.com LD_LIBRARY_PATH=/home/naiwu/xxu_2026/xxu_nav_2026/install/explore_lite_msgs/lib:${LD_LIBRARY_PATH} PYTHONPATH=/home/naiwu/xxu_2026/xxu_nav_2026/install/explore_lite_msgs/lib/python3.12/site-packages:${PYTHONPATH} /usr/bin/cmake --build /home/naiwu/xxu_2026/xxu_nav_2026/build/xxu_slam_toolbox -- -j24 -l24
[0.046s] Invoking command in '/home/naiwu/xxu_2026/xxu_nav_2026/build/xxu_slam_toolbox': AMENT_PREFIX_PATH=/home/naiwu/xxu_2026/xxu_nav_2026/install/explore_lite:/home/naiwu/xxu_2026/xxu_nav_2026/install/explore_lite_msgs:${AMENT_PREFIX_PATH} CMAKE_PREFIX_PATH=/home/naiwu/xxu_2026/xxu_nav_2026/install/explore_lite:/home/naiwu/xxu_2026/xxu_nav_2026/install/explore_lite_msgs:/opt/ros/jazzy/opt/gz_sim_vendor:/opt/ros/jazzy/opt/gz_sensors_vendor:/opt/ros/jazzy/opt/gz_physics_vendor:/opt/ros/jazzy/opt/sdformat_vendor:/opt/ros/jazzy/opt/gz_gui_vendor:/opt/ros/jazzy/opt/gz_transport_vendor:/opt/ros/jazzy/opt/gz_rendering_vendor:/opt/ros/jazzy/opt/gz_plugin_vendor:/opt/ros/jazzy/opt/gz_fuel_tools_vendor:/opt/ros/jazzy/opt/gz_msgs_vendor:/opt/ros/jazzy/opt/gz_common_vendor:/opt/ros/jazzy/opt/gz_math_vendor:/opt/ros/jazzy/opt/gz_utils_vendor:/opt/ros/jazzy/opt/gz_tools_vendor:/opt/ros/jazzy/opt/gz_ogre_next_vendor:/opt/ros/jazzy/opt/gz_dartsim_vendor:/opt/ros/jazzy/opt/gz_cmake_vendor:/opt/ros/jazzy DEBUGINFOD_URLS=https://debuginfod.ubuntu.com LD_LIBRARY_PATH=/home/naiwu/xxu_2026/xxu_nav_2026/install/explore_lite_msgs/lib:${LD_LIBRARY_PATH} PYTHONPATH=/home/naiwu/xxu_2026/xxu_nav_2026/install/explore_lite_msgs/lib/python3.12/site-packages:${PYTHONPATH} /usr/bin/cmake --install /home/naiwu/xxu_2026/xxu_nav_2026/build/xxu_slam_toolbox
[0.051s] -- Install configuration: ""
[0.051s] -- Up-to-date: /home/naiwu/xxu_2026/xxu_nav_2026/install/xxu_slam_toolbox/share/xxu_slam_toolbox/config
[0.051s] -- Up-to-date: /home/naiwu/xxu_2026/xxu_nav_2026/install/xxu_slam_toolbox/share/xxu_slam_toolbox/config/nav2_exploration.yaml
[0.051s] -- Installing: /home/naiwu/xxu_2026/xxu_nav_2026/install/xxu_slam_toolbox/share/xxu_slam_toolbox/config/explore_lite.yaml
[0.051s] -- Up-to-date: /home/naiwu/xxu_2026/xxu_nav_2026/install/xxu_slam_toolbox/share/xxu_slam_toolbox/config/slam_toolbox_mapping.yaml
[0.052s] -- Up-to-date: /home/naiwu/xxu_2026/xxu_nav_2026/install/xxu_slam_toolbox/share/xxu_slam_toolbox/launch
[0.052s] -- Up-to-date: /home/naiwu/xxu_2026/xxu_nav_2026/install/xxu_slam_toolbox/share/xxu_slam_toolbox/launch/autonomous_mapping.launch.py
[0.052s] -- Up-to-date: /home/naiwu/xxu_2026/xxu_nav_2026/install/xxu_slam_toolbox/share/xxu_slam_toolbox/launch/mapping.launch.py
[0.052s] -- Up-to-date: /home/naiwu/xxu_2026/xxu_nav_2026/install/xxu_slam_toolbox/share/xxu_slam_toolbox/rviz
[0.052s] -- Up-to-date: /home/naiwu/xxu_2026/xxu_nav_2026/install/xxu_slam_toolbox/share/xxu_slam_toolbox/rviz/mapping.rviz
[0.052s] -- Up-to-date: /home/naiwu/xxu_2026/xxu_nav_2026/install/xxu_slam_toolbox/share/xxu_slam_toolbox/rviz/autonomous_mapping.rviz
[0.052s] -- Up-to-date: /home/naiwu/xxu_2026/xxu_nav_2026/install/xxu_slam_toolbox/share/ament_index/resource_index/package_run_dependencies/xxu_slam_toolbox
[0.052s] -- Up-to-date: /home/naiwu/xxu_2026/xxu_nav_2026/install/xxu_slam_toolbox/share/ament_index/resource_index/parent_prefix_path/xxu_slam_toolbox
[0.052s] -- Up-to-date: /home/naiwu/xxu_2026/xxu_nav_2026/install/xxu_slam_toolbox/share/xxu_slam_toolbox/environment/ament_prefix_path.sh
[0.052s] -- Up-to-date: /home/naiwu/xxu_2026/xxu_nav_2026/install/xxu_slam_toolbox/share/xxu_slam_toolbox/environment/ament_prefix_path.dsv
[0.052s] -- Up-to-date: /home/naiwu/xxu_2026/xxu_nav_2026/install/xxu_slam_toolbox/share/xxu_slam_toolbox/environment/path.sh
[0.052s] -- Up-to-date: /home/naiwu/xxu_2026/xxu_nav_2026/install/xxu_slam_toolbox/share/xxu_slam_toolbox/environment/path.dsv
[0.052s] -- Up-to-date: /home/naiwu/xxu_2026/xxu_nav_2026/install/xxu_slam_toolbox/share/xxu_slam_toolbox/local_setup.bash
[0.052s] -- Up-to-date: /home/naiwu/xxu_2026/xxu_nav_2026/install/xxu_slam_toolbox/share/xxu_slam_toolbox/local_setup.sh
[0.052s] -- Up-to-date: /home/naiwu/xxu_2026/xxu_nav_2026/install/xxu_slam_toolbox/share/xxu_slam_toolbox/local_setup.zsh
[0.052s] -- Up-to-date: /home/naiwu/xxu_2026/xxu_nav_2026/install/xxu_slam_toolbox/share/xxu_slam_toolbox/local_setup.dsv
[0.052s] -- Installing: /home/naiwu/xxu_2026/xxu_nav_2026/install/xxu_slam_toolbox/share/xxu_slam_toolbox/package.dsv
[0.052s] -- Up-to-date: /home/naiwu/xxu_2026/xxu_nav_2026/install/xxu_slam_toolbox/share/ament_index/resource_index/packages/xxu_slam_toolbox
[0.052s] -- Up-to-date: /home/naiwu/xxu_2026/xxu_nav_2026/install/xxu_slam_toolbox/share/xxu_slam_toolbox/cmake/xxu_slam_toolboxConfig.cmake
[0.052s] -- Up-to-date: /home/naiwu/xxu_2026/xxu_nav_2026/install/xxu_slam_toolbox/share/xxu_slam_toolbox/cmake/xxu_slam_toolboxConfig-version.cmake
[0.053s] -- Up-to-date: /home/naiwu/xxu_2026/xxu_nav_2026/install/xxu_slam_toolbox/share/xxu_slam_toolbox/package.xml
[0.053s] Invoked command in '/home/naiwu/xxu_2026/xxu_nav_2026/build/xxu_slam_toolbox' returned '0': AMENT_PREFIX_PATH=/home/naiwu/xxu_2026/xxu_nav_2026/install/explore_lite:/home/naiwu/xxu_2026/xxu_nav_2026/install/explore_lite_msgs:${AMENT_PREFIX_PATH} CMAKE_PREFIX_PATH=/home/naiwu/xxu_2026/xxu_nav_2026/install/explore_lite:/home/naiwu/xxu_2026/xxu_nav_2026/install/explore_lite_msgs:/opt/ros/jazzy/opt/gz_sim_vendor:/opt/ros/jazzy/opt/gz_sensors_vendor:/opt/ros/jazzy/opt/gz_physics_vendor:/opt/ros/jazzy/opt/sdformat_vendor:/opt/ros/jazzy/opt/gz_gui_vendor:/opt/ros/jazzy/opt/gz_transport_vendor:/opt/ros/jazzy/opt/gz_rendering_vendor:/opt/ros/jazzy/opt/gz_plugin_vendor:/opt/ros/jazzy/opt/gz_fuel_tools_vendor:/opt/ros/jazzy/opt/gz_msgs_vendor:/opt/ros/jazzy/opt/gz_common_vendor:/opt/ros/jazzy/opt/gz_math_vendor:/opt/ros/jazzy/opt/gz_utils_vendor:/opt/ros/jazzy/opt/gz_tools_vendor:/opt/ros/jazzy/opt/gz_ogre_next_vendor:/opt/ros/jazzy/opt/gz_dartsim_vendor:/opt/ros/jazzy/opt/gz_cmake_vendor:/opt/ros/jazzy DEBUGINFOD_URLS=https://debuginfod.ubuntu.com LD_LIBRARY_PATH=/home/naiwu/xxu_2026/xxu_nav_2026/install/explore_lite_msgs/lib:${LD_LIBRARY_PATH} PYTHONPATH=/home/naiwu/xxu_2026/xxu_nav_2026/install/explore_lite_msgs/lib/python3.12/site-packages:${PYTHONPATH} /usr/bin/cmake --install /home/naiwu/xxu_2026/xxu_nav_2026/build/xxu_slam_toolbox
