[ 50%] Building CXX object CMakeFiles/pointcloud_processor.dir/src/pointcloud_processor.cpp.o
[100%] Linking CXX executable pointcloud_processor
[100%] Built target pointcloud_processor
-- Install configuration: ""
-- Installing: /home/naiwu/xxu_2026/install/xxu_pointcloud_processing/lib/xxu_pointcloud_processing/pointcloud_processor
-- Set non-toolchain portion of runtime path of "/home/naiwu/xxu_2026/install/xxu_pointcloud_processing/lib/xxu_pointcloud_processing/pointcloud_processor" to ""
-- Up-to-date: /home/naiwu/xxu_2026/install/xxu_pointcloud_processing/share/ament_index/resource_index/package_run_dependencies/xxu_pointcloud_processing
-- Up-to-date: /home/naiwu/xxu_2026/install/xxu_pointcloud_processing/share/ament_index/resource_index/parent_prefix_path/xxu_pointcloud_processing
-- Up-to-date: /home/naiwu/xxu_2026/install/xxu_pointcloud_processing/share/xxu_pointcloud_processing/environment/ament_prefix_path.sh
-- Up-to-date: /home/naiwu/xxu_2026/install/xxu_pointcloud_processing/share/xxu_pointcloud_processing/environment/ament_prefix_path.dsv
-- Up-to-date: /home/naiwu/xxu_2026/install/xxu_pointcloud_processing/share/xxu_pointcloud_processing/environment/path.sh
-- Up-to-date: /home/naiwu/xxu_2026/install/xxu_pointcloud_processing/share/xxu_pointcloud_processing/environment/path.dsv
-- Up-to-date: /home/naiwu/xxu_2026/install/xxu_pointcloud_processing/share/xxu_pointcloud_processing/local_setup.bash
-- Up-to-date: /home/naiwu/xxu_2026/install/xxu_pointcloud_processing/share/xxu_pointcloud_processing/local_setup.sh
-- Up-to-date: /home/naiwu/xxu_2026/install/xxu_pointcloud_processing/share/xxu_pointcloud_processing/local_setup.zsh
-- Up-to-date: /home/naiwu/xxu_2026/install/xxu_pointcloud_processing/share/xxu_pointcloud_processing/local_setup.dsv
-- Installing: /home/naiwu/xxu_2026/install/xxu_pointcloud_processing/share/xxu_pointcloud_processing/package.dsv
-- Up-to-date: /home/naiwu/xxu_2026/install/xxu_pointcloud_processing/share/ament_index/resource_index/packages/xxu_pointcloud_processing
-- Up-to-date: /home/naiwu/xxu_2026/install/xxu_pointcloud_processing/share/xxu_pointcloud_processing/cmake/xxu_pointcloud_processingConfig.cmake
-- Up-to-date: /home/naiwu/xxu_2026/install/xxu_pointcloud_processing/share/xxu_pointcloud_processing/cmake/xxu_pointcloud_processingConfig-version.cmake
-- Up-to-date: /home/naiwu/xxu_2026/install/xxu_pointcloud_processing/share/xxu_pointcloud_processing/package.xml
