[0.011s] Invoking command in '/home/naiwu/xxu_2026/build/xxu_pointcloud_processing': CMAKE_PREFIX_PATH=${CMAKE_PREFIX_PATH}:/opt/ros/jazzy DEBUGINFOD_URLS=https://debuginfod.ubuntu.com /usr/bin/cmake --build /home/naiwu/xxu_2026/build/xxu_pointcloud_processing -- -j24 -l24
[0.066s] [ 50%] Building CXX object CMakeFiles/pointcloud_processor.dir/src/pointcloud_processor.cpp.o
[5.875s] [100%] Linking CXX executable pointcloud_processor
[6.125s] [100%] Built target pointcloud_processor
[6.133s] Invoked command in '/home/naiwu/xxu_2026/build/xxu_pointcloud_processing' returned '0': CMAKE_PREFIX_PATH=${CMAKE_PREFIX_PATH}:/opt/ros/jazzy DEBUGINFOD_URLS=https://debuginfod.ubuntu.com /usr/bin/cmake --build /home/naiwu/xxu_2026/build/xxu_pointcloud_processing -- -j24 -l24
[6.141s] Invoking command in '/home/naiwu/xxu_2026/build/xxu_pointcloud_processing': CMAKE_PREFIX_PATH=${CMAKE_PREFIX_PATH}:/opt/ros/jazzy DEBUGINFOD_URLS=https://debuginfod.ubuntu.com /usr/bin/cmake --install /home/naiwu/xxu_2026/build/xxu_pointcloud_processing
[6.146s] -- Install configuration: ""
[6.146s] -- Installing: /home/naiwu/xxu_2026/install/xxu_pointcloud_processing/lib/xxu_pointcloud_processing/pointcloud_processor
[6.150s] -- Set non-toolchain portion of runtime path of "/home/naiwu/xxu_2026/install/xxu_pointcloud_processing/lib/xxu_pointcloud_processing/pointcloud_processor" to ""
[6.150s] -- Up-to-date: /home/naiwu/xxu_2026/install/xxu_pointcloud_processing/share/ament_index/resource_index/package_run_dependencies/xxu_pointcloud_processing
[6.150s] -- Up-to-date: /home/naiwu/xxu_2026/install/xxu_pointcloud_processing/share/ament_index/resource_index/parent_prefix_path/xxu_pointcloud_processing
[6.150s] -- Up-to-date: /home/naiwu/xxu_2026/install/xxu_pointcloud_processing/share/xxu_pointcloud_processing/environment/ament_prefix_path.sh
[6.150s] -- Up-to-date: /home/naiwu/xxu_2026/install/xxu_pointcloud_processing/share/xxu_pointcloud_processing/environment/ament_prefix_path.dsv
[6.150s] -- Up-to-date: /home/naiwu/xxu_2026/install/xxu_pointcloud_processing/share/xxu_pointcloud_processing/environment/path.sh
[6.150s] -- Up-to-date: /home/naiwu/xxu_2026/install/xxu_pointcloud_processing/share/xxu_pointcloud_processing/environment/path.dsv
[6.150s] -- Up-to-date: /home/naiwu/xxu_2026/install/xxu_pointcloud_processing/share/xxu_pointcloud_processing/local_setup.bash
[6.150s] -- Up-to-date: /home/naiwu/xxu_2026/install/xxu_pointcloud_processing/share/xxu_pointcloud_processing/local_setup.sh
[6.150s] -- Up-to-date: /home/naiwu/xxu_2026/install/xxu_pointcloud_processing/share/xxu_pointcloud_processing/local_setup.zsh
[6.150s] -- Up-to-date: /home/naiwu/xxu_2026/install/xxu_pointcloud_processing/share/xxu_pointcloud_processing/local_setup.dsv
[6.150s] -- Installing: /home/naiwu/xxu_2026/install/xxu_pointcloud_processing/share/xxu_pointcloud_processing/package.dsv
[6.150s] -- Up-to-date: /home/naiwu/xxu_2026/install/xxu_pointcloud_processing/share/ament_index/resource_index/packages/xxu_pointcloud_processing
[6.150s] -- Up-to-date: /home/naiwu/xxu_2026/install/xxu_pointcloud_processing/share/xxu_pointcloud_processing/cmake/xxu_pointcloud_processingConfig.cmake
[6.150s] -- Up-to-date: /home/naiwu/xxu_2026/install/xxu_pointcloud_processing/share/xxu_pointcloud_processing/cmake/xxu_pointcloud_processingConfig-version.cmake
[6.150s] -- Up-to-date: /home/naiwu/xxu_2026/install/xxu_pointcloud_processing/share/xxu_pointcloud_processing/package.xml
[6.151s] Invoked command in '/home/naiwu/xxu_2026/build/xxu_pointcloud_processing' returned '0': CMAKE_PREFIX_PATH=${CMAKE_PREFIX_PATH}:/opt/ros/jazzy DEBUGINFOD_URLS=https://debuginfod.ubuntu.com /usr/bin/cmake --install /home/naiwu/xxu_2026/build/xxu_pointcloud_processing
