[0.007s] Invoking command in '/home/naiwu/xxu_2026/xxu_nav_2026/build/xxu_slam_toolbox': CMAKE_PREFIX_PATH=${CMAKE_PREFIX_PATH}:/opt/ros/jazzy DEBUGINFOD_URLS=https://debuginfod.ubuntu.com /usr/bin/cmake /home/naiwu/xxu_2026/xxu_nav_2026/src/xxu_slam_toolbox -DCMAKE_INSTALL_PREFIX=/home/naiwu/xxu_2026/xxu_nav_2026/install/xxu_slam_toolbox
[0.041s] -- The C compiler identification is GNU 13.3.0
[0.086s] -- The CXX compiler identification is GNU 13.3.0
[0.099s] -- Detecting C compiler ABI info
[0.155s] -- Detecting C compiler ABI info - done
[0.160s] -- Check for working C compiler: /usr/bin/cc - skipped
[0.160s] -- Detecting C compile features
[0.161s] -- Detecting C compile features - done
[0.167s] -- Detecting CXX compiler ABI info
[0.231s] -- Detecting CXX compiler ABI info - done
[0.237s] -- Check for working CXX compiler: /usr/bin/c++ - skipped
[0.238s] -- Detecting CXX compile features
[0.238s] -- Detecting CXX compile features - done
[0.242s] -- Found ament_cmake: 2.5.5 (/opt/ros/jazzy/share/ament_cmake/cmake)
[0.349s] -- Found Python3: /usr/bin/python3 (found version "3.12.3") found components: Interpreter 
[0.436s] -- Found ament_lint_auto: 0.17.4 (/opt/ros/jazzy/share/ament_lint_auto/cmake)
[0.516s] -- Added test 'flake8' to check Python code syntax and style conventions
[0.516s] -- Configured 'flake8' exclude dirs and/or files: 
[0.516s] -- Added test 'lint_cmake' to check CMake code style
[0.517s] -- Added test 'pep257' to check Python code against some of the docstring style conventions in PEP 257
[0.517s] -- Added test 'xmllint' to check XML markup files
[0.518s] -- Configuring done (0.5s)
[0.520s] -- Generating done (0.0s)
[0.521s] -- Build files have been written to: /home/naiwu/xxu_2026/xxu_nav_2026/build/xxu_slam_toolbox
[0.524s] Invoked command in '/home/naiwu/xxu_2026/xxu_nav_2026/build/xxu_slam_toolbox' returned '0': CMAKE_PREFIX_PATH=${CMAKE_PREFIX_PATH}:/opt/ros/jazzy DEBUGINFOD_URLS=https://debuginfod.ubuntu.com /usr/bin/cmake /home/naiwu/xxu_2026/xxu_nav_2026/src/xxu_slam_toolbox -DCMAKE_INSTALL_PREFIX=/home/naiwu/xxu_2026/xxu_nav_2026/install/xxu_slam_toolbox
[0.525s] Invoking command in '/home/naiwu/xxu_2026/xxu_nav_2026/build/xxu_slam_toolbox': CMAKE_PREFIX_PATH=${CMAKE_PREFIX_PATH}:/opt/ros/jazzy DEBUGINFOD_URLS=https://debuginfod.ubuntu.com /usr/bin/cmake --build /home/naiwu/xxu_2026/xxu_nav_2026/build/xxu_slam_toolbox -- -j24 -l24
[0.553s] Invoked command in '/home/naiwu/xxu_2026/xxu_nav_2026/build/xxu_slam_toolbox' returned '0': CMAKE_PREFIX_PATH=${CMAKE_PREFIX_PATH}:/opt/ros/jazzy DEBUGINFOD_URLS=https://debuginfod.ubuntu.com /usr/bin/cmake --build /home/naiwu/xxu_2026/xxu_nav_2026/build/xxu_slam_toolbox -- -j24 -l24
[0.561s] Invoking command in '/home/naiwu/xxu_2026/xxu_nav_2026/build/xxu_slam_toolbox': CMAKE_PREFIX_PATH=${CMAKE_PREFIX_PATH}:/opt/ros/jazzy DEBUGINFOD_URLS=https://debuginfod.ubuntu.com /usr/bin/cmake --install /home/naiwu/xxu_2026/xxu_nav_2026/build/xxu_slam_toolbox
[0.569s] -- Install configuration: ""
[0.569s] -- Installing: /home/naiwu/xxu_2026/xxu_nav_2026/install/xxu_slam_toolbox/share/xxu_slam_toolbox/config
[0.569s] -- Installing: /home/naiwu/xxu_2026/xxu_nav_2026/install/xxu_slam_toolbox/share/xxu_slam_toolbox/config/slam_toolbox_mapping.yaml
[0.569s] -- Installing: /home/naiwu/xxu_2026/xxu_nav_2026/install/xxu_slam_toolbox/share/xxu_slam_toolbox/launch
[0.569s] -- Installing: /home/naiwu/xxu_2026/xxu_nav_2026/install/xxu_slam_toolbox/share/xxu_slam_toolbox/launch/__pycache__
[0.570s] -- Installing: /home/naiwu/xxu_2026/xxu_nav_2026/install/xxu_slam_toolbox/share/xxu_slam_toolbox/launch/__pycache__/mapping.launch.cpython-312.pyc
[0.570s] -- Installing: /home/naiwu/xxu_2026/xxu_nav_2026/install/xxu_slam_toolbox/share/xxu_slam_toolbox/launch/mapping.launch.py
[0.570s] -- Installing: /home/naiwu/xxu_2026/xxu_nav_2026/install/xxu_slam_toolbox/share/xxu_slam_toolbox/rviz
[0.570s] -- Installing: /home/naiwu/xxu_2026/xxu_nav_2026/install/xxu_slam_toolbox/share/xxu_slam_toolbox/rviz/mapping.rviz
[0.570s] -- Installing: /home/naiwu/xxu_2026/xxu_nav_2026/install/xxu_slam_toolbox/share/ament_index/resource_index/package_run_dependencies/xxu_slam_toolbox
[0.571s] -- Installing: /home/naiwu/xxu_2026/xxu_nav_2026/install/xxu_slam_toolbox/share/ament_index/resource_index/parent_prefix_path/xxu_slam_toolbox
[0.571s] -- Installing: /home/naiwu/xxu_2026/xxu_nav_2026/install/xxu_slam_toolbox/share/xxu_slam_toolbox/environment/ament_prefix_path.sh
[0.571s] -- Installing: /home/naiwu/xxu_2026/xxu_nav_2026/install/xxu_slam_toolbox/share/xxu_slam_toolbox/environment/ament_prefix_path.dsv
[0.571s] -- Installing: /home/naiwu/xxu_2026/xxu_nav_2026/install/xxu_slam_toolbox/share/xxu_slam_toolbox/environment/path.sh
[0.571s] -- Installing: /home/naiwu/xxu_2026/xxu_nav_2026/install/xxu_slam_toolbox/share/xxu_slam_toolbox/environment/path.dsv
[0.571s] -- Installing: /home/naiwu/xxu_2026/xxu_nav_2026/install/xxu_slam_toolbox/share/xxu_slam_toolbox/local_setup.bash
[0.571s] -- Installing: /home/naiwu/xxu_2026/xxu_nav_2026/install/xxu_slam_toolbox/share/xxu_slam_toolbox/local_setup.sh
[0.571s] -- Installing: /home/naiwu/xxu_2026/xxu_nav_2026/install/xxu_slam_toolbox/share/xxu_slam_toolbox/local_setup.zsh
[0.571s] -- Installing: /home/naiwu/xxu_2026/xxu_nav_2026/install/xxu_slam_toolbox/share/xxu_slam_toolbox/local_setup.dsv
[0.572s] -- Installing: /home/naiwu/xxu_2026/xxu_nav_2026/install/xxu_slam_toolbox/share/xxu_slam_toolbox/package.dsv
[0.572s] -- Installing: /home/naiwu/xxu_2026/xxu_nav_2026/install/xxu_slam_toolbox/share/ament_index/resource_index/packages/xxu_slam_toolbox
[0.572s] -- Installing: /home/naiwu/xxu_2026/xxu_nav_2026/install/xxu_slam_toolbox/share/xxu_slam_toolbox/cmake/xxu_slam_toolboxConfig.cmake
[0.572s] -- Installing: /home/naiwu/xxu_2026/xxu_nav_2026/install/xxu_slam_toolbox/share/xxu_slam_toolbox/cmake/xxu_slam_toolboxConfig-version.cmake
[0.572s] -- Installing: /home/naiwu/xxu_2026/xxu_nav_2026/install/xxu_slam_toolbox/share/xxu_slam_toolbox/package.xml
[0.572s] Invoked command in '/home/naiwu/xxu_2026/xxu_nav_2026/build/xxu_slam_toolbox' returned '0': CMAKE_PREFIX_PATH=${CMAKE_PREFIX_PATH}:/opt/ros/jazzy DEBUGINFOD_URLS=https://debuginfod.ubuntu.com /usr/bin/cmake --install /home/naiwu/xxu_2026/xxu_nav_2026/build/xxu_slam_toolbox
