[0.009s] Invoking command in '/home/naiwu/xxu_2026/xxu_nav_2026/build/xxu_chassis_controller': CMAKE_PREFIX_PATH=${CMAKE_PREFIX_PATH}:/opt/ros/jazzy DEBUGINFOD_URLS=https://debuginfod.ubuntu.com /usr/bin/cmake /home/naiwu/xxu_2026/xxu_nav_2026/src/xxu_chassis_controller -DCMAKE_INSTALL_PREFIX=/home/naiwu/xxu_2026/xxu_nav_2026/install/xxu_chassis_controller
[0.081s] -- The C compiler identification is GNU 13.3.0
[0.134s] -- The CXX compiler identification is GNU 13.3.0
[0.149s] -- Detecting C compiler ABI info
[0.238s] -- Detecting C compiler ABI info - done
[0.247s] -- Check for working C compiler: /usr/bin/cc - skipped
[0.247s] -- Detecting C compile features
[0.248s] -- Detecting C compile features - done
[0.260s] -- Detecting CXX compiler ABI info
[0.347s] -- Detecting CXX compiler ABI info - done
[0.356s] -- Check for working CXX compiler: /usr/bin/c++ - skipped
[0.356s] -- Detecting CXX compile features
[0.357s] -- Detecting CXX compile features - done
[0.367s] -- Found ament_cmake: 2.5.5 (/opt/ros/jazzy/share/ament_cmake/cmake)
[0.496s] -- Found Python3: /usr/bin/python3 (found version "3.12.3") found components: Interpreter 
[0.616s] -- Found geometry_msgs: 5.3.6 (/opt/ros/jazzy/share/geometry_msgs/cmake)
[0.671s] -- Found rosidl_generator_c: 4.6.7 (/opt/ros/jazzy/share/rosidl_generator_c/cmake)
[0.687s] -- Found rosidl_generator_cpp: 4.6.7 (/opt/ros/jazzy/share/rosidl_generator_cpp/cmake)
[0.705s] -- Using all available rosidl_typesupport_c: rosidl_typesupport_fastrtps_c;rosidl_typesupport_introspection_c
[0.727s] -- Using all available rosidl_typesupport_cpp: rosidl_typesupport_fastrtps_cpp;rosidl_typesupport_introspection_cpp
[0.775s] -- Found rclcpp: 28.1.16 (/opt/ros/jazzy/share/rclcpp/cmake)
[0.845s] -- Found rmw_implementation_cmake: 7.3.3 (/opt/ros/jazzy/share/rmw_implementation_cmake/cmake)
[0.849s] -- Found rmw_fastrtps_cpp: 8.4.3 (/opt/ros/jazzy/share/rmw_fastrtps_cpp/cmake)
[0.935s] -- Found OpenSSL: /usr/lib/x86_64-linux-gnu/libcrypto.so (found version "3.0.13")  
[0.956s] -- Found FastRTPS: /opt/ros/jazzy/include (Required is at least version "2.13") 
[0.978s] -- Using RMW implementation 'rmw_fastrtps_cpp' as default
[1.060s] -- Found ament_lint_auto: 0.17.4 (/opt/ros/jazzy/share/ament_lint_auto/cmake)
[1.164s] -- Added test 'cppcheck' to perform static code analysis on C / C++ code
[1.164s] -- Configured cppcheck include dirs: 
[1.164s] -- Configured cppcheck exclude dirs and/or files: 
[1.164s] -- Added test 'lint_cmake' to check CMake code style
[1.165s] -- Added test 'uncrustify' to check C / C++ code style
[1.166s] -- Configured uncrustify additional arguments: 
[1.166s] -- Added test 'xmllint' to check XML markup files
[1.167s] -- Configuring done (1.1s)
[1.176s] -- Generating done (0.0s)
[1.179s] -- Build files have been written to: /home/naiwu/xxu_2026/xxu_nav_2026/build/xxu_chassis_controller
[1.187s] Invoked command in '/home/naiwu/xxu_2026/xxu_nav_2026/build/xxu_chassis_controller' returned '0': CMAKE_PREFIX_PATH=${CMAKE_PREFIX_PATH}:/opt/ros/jazzy DEBUGINFOD_URLS=https://debuginfod.ubuntu.com /usr/bin/cmake /home/naiwu/xxu_2026/xxu_nav_2026/src/xxu_chassis_controller -DCMAKE_INSTALL_PREFIX=/home/naiwu/xxu_2026/xxu_nav_2026/install/xxu_chassis_controller
[1.187s] Invoking command in '/home/naiwu/xxu_2026/xxu_nav_2026/build/xxu_chassis_controller': CMAKE_PREFIX_PATH=${CMAKE_PREFIX_PATH}:/opt/ros/jazzy DEBUGINFOD_URLS=https://debuginfod.ubuntu.com /usr/bin/cmake --build /home/naiwu/xxu_2026/xxu_nav_2026/build/xxu_chassis_controller -- -j24 -l24
[1.228s] [ 50%] Building CXX object CMakeFiles/chassis_controller.dir/src/chassis_controller.cpp.o
[7.521s] [100%] Linking CXX executable chassis_controller
[7.774s] [100%] Built target chassis_controller
[7.786s] Invoked command in '/home/naiwu/xxu_2026/xxu_nav_2026/build/xxu_chassis_controller' returned '0': CMAKE_PREFIX_PATH=${CMAKE_PREFIX_PATH}:/opt/ros/jazzy DEBUGINFOD_URLS=https://debuginfod.ubuntu.com /usr/bin/cmake --build /home/naiwu/xxu_2026/xxu_nav_2026/build/xxu_chassis_controller -- -j24 -l24
[7.797s] Invoking command in '/home/naiwu/xxu_2026/xxu_nav_2026/build/xxu_chassis_controller': CMAKE_PREFIX_PATH=${CMAKE_PREFIX_PATH}:/opt/ros/jazzy DEBUGINFOD_URLS=https://debuginfod.ubuntu.com /usr/bin/cmake --install /home/naiwu/xxu_2026/xxu_nav_2026/build/xxu_chassis_controller
[7.804s] -- Install configuration: ""
[7.804s] -- Installing: /home/naiwu/xxu_2026/xxu_nav_2026/install/xxu_chassis_controller/lib/xxu_chassis_controller/chassis_controller
[7.807s] -- Set non-toolchain portion of runtime path of "/home/naiwu/xxu_2026/xxu_nav_2026/install/xxu_chassis_controller/lib/xxu_chassis_controller/chassis_controller" to ""
[7.807s] -- Installing: /home/naiwu/xxu_2026/xxu_nav_2026/install/xxu_chassis_controller/share/ament_index/resource_index/package_run_dependencies/xxu_chassis_controller
[7.807s] -- Installing: /home/naiwu/xxu_2026/xxu_nav_2026/install/xxu_chassis_controller/share/ament_index/resource_index/parent_prefix_path/xxu_chassis_controller
[7.807s] -- Installing: /home/naiwu/xxu_2026/xxu_nav_2026/install/xxu_chassis_controller/share/xxu_chassis_controller/environment/ament_prefix_path.sh
[7.807s] -- Installing: /home/naiwu/xxu_2026/xxu_nav_2026/install/xxu_chassis_controller/share/xxu_chassis_controller/environment/ament_prefix_path.dsv
[7.807s] -- Installing: /home/naiwu/xxu_2026/xxu_nav_2026/install/xxu_chassis_controller/share/xxu_chassis_controller/environment/path.sh
[7.807s] -- Installing: /home/naiwu/xxu_2026/xxu_nav_2026/install/xxu_chassis_controller/share/xxu_chassis_controller/environment/path.dsv
[7.808s] -- Installing: /home/naiwu/xxu_2026/xxu_nav_2026/install/xxu_chassis_controller/share/xxu_chassis_controller/local_setup.bash
[7.808s] -- Installing: /home/naiwu/xxu_2026/xxu_nav_2026/install/xxu_chassis_controller/share/xxu_chassis_controller/local_setup.sh
[7.808s] -- Installing: /home/naiwu/xxu_2026/xxu_nav_2026/install/xxu_chassis_controller/share/xxu_chassis_controller/local_setup.zsh
[7.808s] -- Installing: /home/naiwu/xxu_2026/xxu_nav_2026/install/xxu_chassis_controller/share/xxu_chassis_controller/local_setup.dsv
[7.808s] -- Installing: /home/naiwu/xxu_2026/xxu_nav_2026/install/xxu_chassis_controller/share/xxu_chassis_controller/package.dsv
[7.808s] -- Installing: /home/naiwu/xxu_2026/xxu_nav_2026/install/xxu_chassis_controller/share/ament_index/resource_index/packages/xxu_chassis_controller
[7.808s] -- Installing: /home/naiwu/xxu_2026/xxu_nav_2026/install/xxu_chassis_controller/share/xxu_chassis_controller/cmake/xxu_chassis_controllerConfig.cmake
[7.808s] -- Installing: /home/naiwu/xxu_2026/xxu_nav_2026/install/xxu_chassis_controller/share/xxu_chassis_controller/cmake/xxu_chassis_controllerConfig-version.cmake
[7.808s] -- Installing: /home/naiwu/xxu_2026/xxu_nav_2026/install/xxu_chassis_controller/share/xxu_chassis_controller/package.xml
[7.809s] Invoked command in '/home/naiwu/xxu_2026/xxu_nav_2026/build/xxu_chassis_controller' returned '0': CMAKE_PREFIX_PATH=${CMAKE_PREFIX_PATH}:/opt/ros/jazzy DEBUGINFOD_URLS=https://debuginfod.ubuntu.com /usr/bin/cmake --install /home/naiwu/xxu_2026/xxu_nav_2026/build/xxu_chassis_controller
