-- BuilD for ROS2: jazzy
-- Found ament_cmake: 2.5.5 (/opt/ros/jazzy/share/ament_cmake/cmake)
-- Override CMake install command with custom implementation using symlinks instead of copying resources
-- Found rclcpp: 28.1.16 (/opt/ros/jazzy/share/rclcpp/cmake)
-- Found rosidl_generator_c: 4.6.7 (/opt/ros/jazzy/share/rosidl_generator_c/cmake)
-- Found rosidl_generator_cpp: 4.6.7 (/opt/ros/jazzy/share/rosidl_generator_cpp/cmake)
-- Using all available rosidl_typesupport_c: rosidl_typesupport_fastrtps_c;rosidl_typesupport_introspection_c
-- Using all available rosidl_typesupport_cpp: rosidl_typesupport_fastrtps_cpp;rosidl_typesupport_introspection_cpp
-- Found rmw_implementation_cmake: 7.3.3 (/opt/ros/jazzy/share/rmw_implementation_cmake/cmake)
-- Found rmw_fastrtps_cpp: 8.4.3 (/opt/ros/jazzy/share/rmw_fastrtps_cpp/cmake)
-- Using RMW implementation 'rmw_fastrtps_cpp' as default
-- Found std_msgs: 5.3.6 (/opt/ros/jazzy/share/std_msgs/cmake)
-- Found sensor_msgs: 5.3.6 (/opt/ros/jazzy/share/sensor_msgs/cmake)
-- Found tf2_ros: 0.36.20 (/opt/ros/jazzy/share/tf2_ros/cmake)
-- Found tf2_geometry_msgs: 0.36.19 (/opt/ros/jazzy/share/tf2_geometry_msgs/cmake)
-- Found eigen3_cmake_module: 0.3.0 (/opt/ros/jazzy/share/eigen3_cmake_module/cmake)
-- Ensuring Eigen3 include directory is part of orocos-kdl CMake target
-- Found nav2_msgs: 1.3.10 (/opt/ros/jazzy/share/nav2_msgs/cmake)
-- Found map_msgs: 2.4.1 (/opt/ros/jazzy/share/map_msgs/cmake)
-- Found visualization_msgs: 5.3.6 (/opt/ros/jazzy/share/visualization_msgs/cmake)
-- Found nav2_costmap_2d: 1.3.10 (/opt/ros/jazzy/share/nav2_costmap_2d/cmake)
-- Found explore_lite_msgs: 1.0.0 (/home/naiwu/xxu_2026/xxu_nav_2026/install/explore_lite_msgs/share/explore_lite_msgs/cmake)
-- Found ament_lint_auto: 0.17.4 (/opt/ros/jazzy/share/ament_lint_auto/cmake)
-- Found ament_cmake_gtest: 2.5.5 (/opt/ros/jazzy/share/ament_cmake_gtest/cmake)
-- Found gtest sources under '/opt/ros/jazzy/src/gtest_vendor': C++ tests using 'Google Test' will be built
-- Added test 'cppcheck' to perform static code analysis on C / C++ code
-- Configured cppcheck include dirs: /home/naiwu/xxu_2026/xxu_nav_2026/src/m-explore-ros2/explore/include;$<BUILD_INTERFACE:/home/naiwu/xxu_2026/xxu_nav_2026/src/m-explore-ros2/explore/include>
-- Configured cppcheck exclude dirs and/or files: 
-- Added test 'flake8' to check Python code syntax and style conventions
-- Configured 'flake8' exclude dirs and/or files: 
-- Added test 'lint_cmake' to check CMake code style
-- Added test 'pep257' to check Python code against some of the docstring style conventions in PEP 257
-- Added test 'uncrustify' to check C / C++ code style
-- Configured uncrustify additional arguments: 
-- Added test 'xmllint' to check XML markup files
-- Configuring done (0.8s)
-- Generating done (0.0s)
-- Build files have been written to: /home/naiwu/xxu_2026/xxu_nav_2026/build/explore_lite
[ 20%] Built target gtest_main
[ 40%] Built target gtest
[ 60%] Built target test_explore
[ 70%] Linking CXX executable explore
[100%] Built target explore
-- Install configuration: ""
-- Execute custom install script
-- Symlinking: /home/naiwu/xxu_2026/xxu_nav_2026/install/explore_lite/include/explore//costmap_client.h
-- Symlinking: /home/naiwu/xxu_2026/xxu_nav_2026/install/explore_lite/include/explore//costmap_tools.h
-- Symlinking: /home/naiwu/xxu_2026/xxu_nav_2026/install/explore_lite/include/explore//explore.h
-- Symlinking: /home/naiwu/xxu_2026/xxu_nav_2026/install/explore_lite/include/explore//frontier_search.h
-- Symlinking: /home/naiwu/xxu_2026/xxu_nav_2026/install/explore_lite/share/explore_lite/config/params.yaml
-- Symlinking: /home/naiwu/xxu_2026/xxu_nav_2026/install/explore_lite/share/explore_lite/config/params_costmap.yaml
-- Symlinking: /home/naiwu/xxu_2026/xxu_nav_2026/install/explore_lite/share/explore_lite/launch/explore.launch.py
-- Symlinking: /home/naiwu/xxu_2026/xxu_nav_2026/install/explore_lite/lib/explore_lite/explore
-- Symlinking: /home/naiwu/xxu_2026/xxu_nav_2026/install/explore_lite/share/ament_index/resource_index/package_run_dependencies/explore_lite
-- Symlinking: /home/naiwu/xxu_2026/xxu_nav_2026/install/explore_lite/share/ament_index/resource_index/parent_prefix_path/explore_lite
-- Symlinking: /home/naiwu/xxu_2026/xxu_nav_2026/install/explore_lite/share/explore_lite/environment/ament_prefix_path.sh
-- Symlinking: /home/naiwu/xxu_2026/xxu_nav_2026/install/explore_lite/share/explore_lite/environment/ament_prefix_path.dsv
-- Symlinking: /home/naiwu/xxu_2026/xxu_nav_2026/install/explore_lite/share/explore_lite/environment/path.sh
-- Symlinking: /home/naiwu/xxu_2026/xxu_nav_2026/install/explore_lite/share/explore_lite/environment/path.dsv
-- Symlinking: /home/naiwu/xxu_2026/xxu_nav_2026/install/explore_lite/share/explore_lite/local_setup.bash
-- Symlinking: /home/naiwu/xxu_2026/xxu_nav_2026/install/explore_lite/share/explore_lite/local_setup.sh
-- Symlinking: /home/naiwu/xxu_2026/xxu_nav_2026/install/explore_lite/share/explore_lite/local_setup.zsh
-- Symlinking: /home/naiwu/xxu_2026/xxu_nav_2026/install/explore_lite/share/explore_lite/local_setup.dsv
-- Symlinking: /home/naiwu/xxu_2026/xxu_nav_2026/install/explore_lite/share/explore_lite/package.dsv
-- Symlinking: /home/naiwu/xxu_2026/xxu_nav_2026/install/explore_lite/share/ament_index/resource_index/packages/explore_lite
-- Symlinking: /home/naiwu/xxu_2026/xxu_nav_2026/install/explore_lite/share/explore_lite/cmake/ament_cmake_export_dependencies-extras.cmake
-- Symlinking: /home/naiwu/xxu_2026/xxu_nav_2026/install/explore_lite/share/explore_lite/cmake/ament_cmake_export_include_directories-extras.cmake
-- Symlinking: /home/naiwu/xxu_2026/xxu_nav_2026/install/explore_lite/share/explore_lite/cmake/explore_liteConfig.cmake
-- Symlinking: /home/naiwu/xxu_2026/xxu_nav_2026/install/explore_lite/share/explore_lite/cmake/explore_liteConfig-version.cmake
-- Symlinking: /home/naiwu/xxu_2026/xxu_nav_2026/install/explore_lite/share/explore_lite/package.xml
