[0.011s] Invoking command in '/home/naiwu/xxu_2026/xxu_nav_2026/build/explore_lite': AMENT_PREFIX_PATH=/home/naiwu/xxu_2026/xxu_nav_2026/install/explore_lite_msgs:${AMENT_PREFIX_PATH} CMAKE_PREFIX_PATH=/home/naiwu/xxu_2026/xxu_nav_2026/install/explore_lite_msgs:/opt/ros/jazzy/opt/gz_sim_vendor:/opt/ros/jazzy/opt/gz_sensors_vendor:/opt/ros/jazzy/opt/gz_physics_vendor:/opt/ros/jazzy/opt/sdformat_vendor:/opt/ros/jazzy/opt/gz_gui_vendor:/opt/ros/jazzy/opt/gz_transport_vendor:/opt/ros/jazzy/opt/gz_rendering_vendor:/opt/ros/jazzy/opt/gz_plugin_vendor:/opt/ros/jazzy/opt/gz_fuel_tools_vendor:/opt/ros/jazzy/opt/gz_msgs_vendor:/opt/ros/jazzy/opt/gz_common_vendor:/opt/ros/jazzy/opt/gz_math_vendor:/opt/ros/jazzy/opt/gz_utils_vendor:/opt/ros/jazzy/opt/gz_tools_vendor:/opt/ros/jazzy/opt/gz_ogre_next_vendor:/opt/ros/jazzy/opt/gz_dartsim_vendor:/opt/ros/jazzy/opt/gz_cmake_vendor:/opt/ros/jazzy DEBUGINFOD_URLS=https://debuginfod.ubuntu.com LD_LIBRARY_PATH=/home/naiwu/xxu_2026/xxu_nav_2026/install/explore_lite_msgs/lib:${LD_LIBRARY_PATH} PYTHONPATH=/home/naiwu/xxu_2026/xxu_nav_2026/install/explore_lite_msgs/lib/python3.12/site-packages:${PYTHONPATH} /usr/bin/cmake /home/naiwu/xxu_2026/xxu_nav_2026/src/m-explore-ros2/explore -DAMENT_CMAKE_SYMLINK_INSTALL=1 -DCMAKE_INSTALL_PREFIX=/home/naiwu/xxu_2026/xxu_nav_2026/install/explore_lite
[0.021s] -- BuilD for ROS2: jazzy
[0.021s] -- Found ament_cmake: 2.5.5 (/opt/ros/jazzy/share/ament_cmake/cmake)
[0.188s] -- Override CMake install command with custom implementation using symlinks instead of copying resources
[0.195s] -- Found rclcpp: 28.1.16 (/opt/ros/jazzy/share/rclcpp/cmake)
[0.215s] -- Found rosidl_generator_c: 4.6.7 (/opt/ros/jazzy/share/rosidl_generator_c/cmake)
[0.222s] -- Found rosidl_generator_cpp: 4.6.7 (/opt/ros/jazzy/share/rosidl_generator_cpp/cmake)
[0.229s] -- Using all available rosidl_typesupport_c: rosidl_typesupport_fastrtps_c;rosidl_typesupport_introspection_c
[0.238s] -- Using all available rosidl_typesupport_cpp: rosidl_typesupport_fastrtps_cpp;rosidl_typesupport_introspection_cpp
[0.281s] -- Found rmw_implementation_cmake: 7.3.3 (/opt/ros/jazzy/share/rmw_implementation_cmake/cmake)
[0.282s] -- Found rmw_fastrtps_cpp: 8.4.3 (/opt/ros/jazzy/share/rmw_fastrtps_cpp/cmake)
[0.332s] -- Using RMW implementation 'rmw_fastrtps_cpp' as default
[0.373s] -- Found std_msgs: 5.3.6 (/opt/ros/jazzy/share/std_msgs/cmake)
[0.381s] -- Found sensor_msgs: 5.3.6 (/opt/ros/jazzy/share/sensor_msgs/cmake)
[0.405s] -- Found tf2_ros: 0.36.20 (/opt/ros/jazzy/share/tf2_ros/cmake)
[0.474s] -- Found tf2_geometry_msgs: 0.36.19 (/opt/ros/jazzy/share/tf2_geometry_msgs/cmake)
[0.477s] -- Found eigen3_cmake_module: 0.3.0 (/opt/ros/jazzy/share/eigen3_cmake_module/cmake)
[0.478s] -- Ensuring Eigen3 include directory is part of orocos-kdl CMake target
[0.479s] -- Found nav2_msgs: 1.3.10 (/opt/ros/jazzy/share/nav2_msgs/cmake)
[0.566s] -- Found map_msgs: 2.4.1 (/opt/ros/jazzy/share/map_msgs/cmake)
[0.588s] -- Found visualization_msgs: 5.3.6 (/opt/ros/jazzy/share/visualization_msgs/cmake)
[0.609s] -- Found nav2_costmap_2d: 1.3.10 (/opt/ros/jazzy/share/nav2_costmap_2d/cmake)
[0.699s] -- Found explore_lite_msgs: 1.0.0 (/home/naiwu/xxu_2026/xxu_nav_2026/install/explore_lite_msgs/share/explore_lite_msgs/cmake)
[0.707s] -- Found ament_lint_auto: 0.17.4 (/opt/ros/jazzy/share/ament_lint_auto/cmake)
[0.765s] -- Found ament_cmake_gtest: 2.5.5 (/opt/ros/jazzy/share/ament_cmake_gtest/cmake)
[0.766s] -- Found gtest sources under '/opt/ros/jazzy/src/gtest_vendor': C++ tests using 'Google Test' will be built
[0.772s] -- Added test 'cppcheck' to perform static code analysis on C / C++ code
[0.772s] -- Configured cppcheck include dirs: /home/naiwu/xxu_2026/xxu_nav_2026/src/m-explore-ros2/explore/include;$<BUILD_INTERFACE:/home/naiwu/xxu_2026/xxu_nav_2026/src/m-explore-ros2/explore/include>
[0.772s] -- Configured cppcheck exclude dirs and/or files: 
[0.772s] -- Added test 'flake8' to check Python code syntax and style conventions
[0.773s] -- Configured 'flake8' exclude dirs and/or files: 
[0.773s] -- Added test 'lint_cmake' to check CMake code style
[0.773s] -- Added test 'pep257' to check Python code against some of the docstring style conventions in PEP 257
[0.774s] -- Added test 'uncrustify' to check C / C++ code style
[0.774s] -- Configured uncrustify additional arguments: 
[0.774s] -- Added test 'xmllint' to check XML markup files
[0.775s] -- Configuring done (0.8s)
[0.796s] -- Generating done (0.0s)
[0.801s] -- Build files have been written to: /home/naiwu/xxu_2026/xxu_nav_2026/build/explore_lite
[0.810s] Invoked command in '/home/naiwu/xxu_2026/xxu_nav_2026/build/explore_lite' returned '0': AMENT_PREFIX_PATH=/home/naiwu/xxu_2026/xxu_nav_2026/install/explore_lite_msgs:${AMENT_PREFIX_PATH} CMAKE_PREFIX_PATH=/home/naiwu/xxu_2026/xxu_nav_2026/install/explore_lite_msgs:/opt/ros/jazzy/opt/gz_sim_vendor:/opt/ros/jazzy/opt/gz_sensors_vendor:/opt/ros/jazzy/opt/gz_physics_vendor:/opt/ros/jazzy/opt/sdformat_vendor:/opt/ros/jazzy/opt/gz_gui_vendor:/opt/ros/jazzy/opt/gz_transport_vendor:/opt/ros/jazzy/opt/gz_rendering_vendor:/opt/ros/jazzy/opt/gz_plugin_vendor:/opt/ros/jazzy/opt/gz_fuel_tools_vendor:/opt/ros/jazzy/opt/gz_msgs_vendor:/opt/ros/jazzy/opt/gz_common_vendor:/opt/ros/jazzy/opt/gz_math_vendor:/opt/ros/jazzy/opt/gz_utils_vendor:/opt/ros/jazzy/opt/gz_tools_vendor:/opt/ros/jazzy/opt/gz_ogre_next_vendor:/opt/ros/jazzy/opt/gz_dartsim_vendor:/opt/ros/jazzy/opt/gz_cmake_vendor:/opt/ros/jazzy DEBUGINFOD_URLS=https://debuginfod.ubuntu.com LD_LIBRARY_PATH=/home/naiwu/xxu_2026/xxu_nav_2026/install/explore_lite_msgs/lib:${LD_LIBRARY_PATH} PYTHONPATH=/home/naiwu/xxu_2026/xxu_nav_2026/install/explore_lite_msgs/lib/python3.12/site-packages:${PYTHONPATH} /usr/bin/cmake /home/naiwu/xxu_2026/xxu_nav_2026/src/m-explore-ros2/explore -DAMENT_CMAKE_SYMLINK_INSTALL=1 -DCMAKE_INSTALL_PREFIX=/home/naiwu/xxu_2026/xxu_nav_2026/install/explore_lite
[0.810s] Invoking command in '/home/naiwu/xxu_2026/xxu_nav_2026/build/explore_lite': AMENT_PREFIX_PATH=/home/naiwu/xxu_2026/xxu_nav_2026/install/explore_lite_msgs:${AMENT_PREFIX_PATH} CMAKE_PREFIX_PATH=/home/naiwu/xxu_2026/xxu_nav_2026/install/explore_lite_msgs:/opt/ros/jazzy/opt/gz_sim_vendor:/opt/ros/jazzy/opt/gz_sensors_vendor:/opt/ros/jazzy/opt/gz_physics_vendor:/opt/ros/jazzy/opt/sdformat_vendor:/opt/ros/jazzy/opt/gz_gui_vendor:/opt/ros/jazzy/opt/gz_transport_vendor:/opt/ros/jazzy/opt/gz_rendering_vendor:/opt/ros/jazzy/opt/gz_plugin_vendor:/opt/ros/jazzy/opt/gz_fuel_tools_vendor:/opt/ros/jazzy/opt/gz_msgs_vendor:/opt/ros/jazzy/opt/gz_common_vendor:/opt/ros/jazzy/opt/gz_math_vendor:/opt/ros/jazzy/opt/gz_utils_vendor:/opt/ros/jazzy/opt/gz_tools_vendor:/opt/ros/jazzy/opt/gz_ogre_next_vendor:/opt/ros/jazzy/opt/gz_dartsim_vendor:/opt/ros/jazzy/opt/gz_cmake_vendor:/opt/ros/jazzy DEBUGINFOD_URLS=https://debuginfod.ubuntu.com LD_LIBRARY_PATH=/home/naiwu/xxu_2026/xxu_nav_2026/install/explore_lite_msgs/lib:${LD_LIBRARY_PATH} PYTHONPATH=/home/naiwu/xxu_2026/xxu_nav_2026/install/explore_lite_msgs/lib/python3.12/site-packages:${PYTHONPATH} /usr/bin/cmake --build /home/naiwu/xxu_2026/xxu_nav_2026/build/explore_lite -- -j24 -l24
[0.852s] [ 20%] Built target gtest_main
[0.854s] [ 40%] Built target gtest
[0.870s] [ 60%] Built target test_explore
[0.871s] [ 70%] Linking CXX executable explore
[1.325s] [100%] Built target explore
[1.334s] Invoked command in '/home/naiwu/xxu_2026/xxu_nav_2026/build/explore_lite' returned '0': AMENT_PREFIX_PATH=/home/naiwu/xxu_2026/xxu_nav_2026/install/explore_lite_msgs:${AMENT_PREFIX_PATH} CMAKE_PREFIX_PATH=/home/naiwu/xxu_2026/xxu_nav_2026/install/explore_lite_msgs:/opt/ros/jazzy/opt/gz_sim_vendor:/opt/ros/jazzy/opt/gz_sensors_vendor:/opt/ros/jazzy/opt/gz_physics_vendor:/opt/ros/jazzy/opt/sdformat_vendor:/opt/ros/jazzy/opt/gz_gui_vendor:/opt/ros/jazzy/opt/gz_transport_vendor:/opt/ros/jazzy/opt/gz_rendering_vendor:/opt/ros/jazzy/opt/gz_plugin_vendor:/opt/ros/jazzy/opt/gz_fuel_tools_vendor:/opt/ros/jazzy/opt/gz_msgs_vendor:/opt/ros/jazzy/opt/gz_common_vendor:/opt/ros/jazzy/opt/gz_math_vendor:/opt/ros/jazzy/opt/gz_utils_vendor:/opt/ros/jazzy/opt/gz_tools_vendor:/opt/ros/jazzy/opt/gz_ogre_next_vendor:/opt/ros/jazzy/opt/gz_dartsim_vendor:/opt/ros/jazzy/opt/gz_cmake_vendor:/opt/ros/jazzy DEBUGINFOD_URLS=https://debuginfod.ubuntu.com LD_LIBRARY_PATH=/home/naiwu/xxu_2026/xxu_nav_2026/install/explore_lite_msgs/lib:${LD_LIBRARY_PATH} PYTHONPATH=/home/naiwu/xxu_2026/xxu_nav_2026/install/explore_lite_msgs/lib/python3.12/site-packages:${PYTHONPATH} /usr/bin/cmake --build /home/naiwu/xxu_2026/xxu_nav_2026/build/explore_lite -- -j24 -l24
[1.335s] Invoking command in '/home/naiwu/xxu_2026/xxu_nav_2026/build/explore_lite': AMENT_PREFIX_PATH=/home/naiwu/xxu_2026/xxu_nav_2026/install/explore_lite_msgs:${AMENT_PREFIX_PATH} CMAKE_PREFIX_PATH=/home/naiwu/xxu_2026/xxu_nav_2026/install/explore_lite_msgs:/opt/ros/jazzy/opt/gz_sim_vendor:/opt/ros/jazzy/opt/gz_sensors_vendor:/opt/ros/jazzy/opt/gz_physics_vendor:/opt/ros/jazzy/opt/sdformat_vendor:/opt/ros/jazzy/opt/gz_gui_vendor:/opt/ros/jazzy/opt/gz_transport_vendor:/opt/ros/jazzy/opt/gz_rendering_vendor:/opt/ros/jazzy/opt/gz_plugin_vendor:/opt/ros/jazzy/opt/gz_fuel_tools_vendor:/opt/ros/jazzy/opt/gz_msgs_vendor:/opt/ros/jazzy/opt/gz_common_vendor:/opt/ros/jazzy/opt/gz_math_vendor:/opt/ros/jazzy/opt/gz_utils_vendor:/opt/ros/jazzy/opt/gz_tools_vendor:/opt/ros/jazzy/opt/gz_ogre_next_vendor:/opt/ros/jazzy/opt/gz_dartsim_vendor:/opt/ros/jazzy/opt/gz_cmake_vendor:/opt/ros/jazzy DEBUGINFOD_URLS=https://debuginfod.ubuntu.com LD_LIBRARY_PATH=/home/naiwu/xxu_2026/xxu_nav_2026/install/explore_lite_msgs/lib:${LD_LIBRARY_PATH} PYTHONPATH=/home/naiwu/xxu_2026/xxu_nav_2026/install/explore_lite_msgs/lib/python3.12/site-packages:${PYTHONPATH} /usr/bin/cmake --install /home/naiwu/xxu_2026/xxu_nav_2026/build/explore_lite
[1.339s] -- Install configuration: ""
[1.339s] -- Execute custom install script
[1.340s] -- Symlinking: /home/naiwu/xxu_2026/xxu_nav_2026/install/explore_lite/include/explore//costmap_client.h
[1.345s] -- Symlinking: /home/naiwu/xxu_2026/xxu_nav_2026/install/explore_lite/include/explore//costmap_tools.h
[1.350s] -- Symlinking: /home/naiwu/xxu_2026/xxu_nav_2026/install/explore_lite/include/explore//explore.h
[1.357s] -- Symlinking: /home/naiwu/xxu_2026/xxu_nav_2026/install/explore_lite/include/explore//frontier_search.h
[1.362s] -- Symlinking: /home/naiwu/xxu_2026/xxu_nav_2026/install/explore_lite/share/explore_lite/config/params.yaml
[1.368s] -- Symlinking: /home/naiwu/xxu_2026/xxu_nav_2026/install/explore_lite/share/explore_lite/config/params_costmap.yaml
[1.374s] -- Symlinking: /home/naiwu/xxu_2026/xxu_nav_2026/install/explore_lite/share/explore_lite/launch/explore.launch.py
[1.380s] -- Symlinking: /home/naiwu/xxu_2026/xxu_nav_2026/install/explore_lite/lib/explore_lite/explore
[1.386s] -- Symlinking: /home/naiwu/xxu_2026/xxu_nav_2026/install/explore_lite/share/ament_index/resource_index/package_run_dependencies/explore_lite
[1.392s] -- Symlinking: /home/naiwu/xxu_2026/xxu_nav_2026/install/explore_lite/share/ament_index/resource_index/parent_prefix_path/explore_lite
[1.398s] -- Symlinking: /home/naiwu/xxu_2026/xxu_nav_2026/install/explore_lite/share/explore_lite/environment/ament_prefix_path.sh
[1.404s] -- Symlinking: /home/naiwu/xxu_2026/xxu_nav_2026/install/explore_lite/share/explore_lite/environment/ament_prefix_path.dsv
[1.411s] -- Symlinking: /home/naiwu/xxu_2026/xxu_nav_2026/install/explore_lite/share/explore_lite/environment/path.sh
[1.416s] -- Symlinking: /home/naiwu/xxu_2026/xxu_nav_2026/install/explore_lite/share/explore_lite/environment/path.dsv
[1.422s] -- Symlinking: /home/naiwu/xxu_2026/xxu_nav_2026/install/explore_lite/share/explore_lite/local_setup.bash
[1.429s] -- Symlinking: /home/naiwu/xxu_2026/xxu_nav_2026/install/explore_lite/share/explore_lite/local_setup.sh
[1.435s] -- Symlinking: /home/naiwu/xxu_2026/xxu_nav_2026/install/explore_lite/share/explore_lite/local_setup.zsh
[1.440s] -- Symlinking: /home/naiwu/xxu_2026/xxu_nav_2026/install/explore_lite/share/explore_lite/local_setup.dsv
[1.446s] -- Symlinking: /home/naiwu/xxu_2026/xxu_nav_2026/install/explore_lite/share/explore_lite/package.dsv
[1.453s] -- Symlinking: /home/naiwu/xxu_2026/xxu_nav_2026/install/explore_lite/share/ament_index/resource_index/packages/explore_lite
[1.458s] -- Symlinking: /home/naiwu/xxu_2026/xxu_nav_2026/install/explore_lite/share/explore_lite/cmake/ament_cmake_export_dependencies-extras.cmake
[1.464s] -- Symlinking: /home/naiwu/xxu_2026/xxu_nav_2026/install/explore_lite/share/explore_lite/cmake/ament_cmake_export_include_directories-extras.cmake
[1.470s] -- Symlinking: /home/naiwu/xxu_2026/xxu_nav_2026/install/explore_lite/share/explore_lite/cmake/explore_liteConfig.cmake
[1.476s] -- Symlinking: /home/naiwu/xxu_2026/xxu_nav_2026/install/explore_lite/share/explore_lite/cmake/explore_liteConfig-version.cmake
[1.482s] -- Symlinking: /home/naiwu/xxu_2026/xxu_nav_2026/install/explore_lite/share/explore_lite/package.xml
[1.487s] Invoked command in '/home/naiwu/xxu_2026/xxu_nav_2026/build/explore_lite' returned '0': AMENT_PREFIX_PATH=/home/naiwu/xxu_2026/xxu_nav_2026/install/explore_lite_msgs:${AMENT_PREFIX_PATH} CMAKE_PREFIX_PATH=/home/naiwu/xxu_2026/xxu_nav_2026/install/explore_lite_msgs:/opt/ros/jazzy/opt/gz_sim_vendor:/opt/ros/jazzy/opt/gz_sensors_vendor:/opt/ros/jazzy/opt/gz_physics_vendor:/opt/ros/jazzy/opt/sdformat_vendor:/opt/ros/jazzy/opt/gz_gui_vendor:/opt/ros/jazzy/opt/gz_transport_vendor:/opt/ros/jazzy/opt/gz_rendering_vendor:/opt/ros/jazzy/opt/gz_plugin_vendor:/opt/ros/jazzy/opt/gz_fuel_tools_vendor:/opt/ros/jazzy/opt/gz_msgs_vendor:/opt/ros/jazzy/opt/gz_common_vendor:/opt/ros/jazzy/opt/gz_math_vendor:/opt/ros/jazzy/opt/gz_utils_vendor:/opt/ros/jazzy/opt/gz_tools_vendor:/opt/ros/jazzy/opt/gz_ogre_next_vendor:/opt/ros/jazzy/opt/gz_dartsim_vendor:/opt/ros/jazzy/opt/gz_cmake_vendor:/opt/ros/jazzy DEBUGINFOD_URLS=https://debuginfod.ubuntu.com LD_LIBRARY_PATH=/home/naiwu/xxu_2026/xxu_nav_2026/install/explore_lite_msgs/lib:${LD_LIBRARY_PATH} PYTHONPATH=/home/naiwu/xxu_2026/xxu_nav_2026/install/explore_lite_msgs/lib/python3.12/site-packages:${PYTHONPATH} /usr/bin/cmake --install /home/naiwu/xxu_2026/xxu_nav_2026/build/explore_lite
