[0.080s] DEBUG:colcon:Command line arguments: ['/usr/bin/colcon', 'build', '--packages-select', 'xxu_slam_toolbox']
[0.080s] DEBUG:colcon:Parsed command line arguments: Namespace(log_base=None, log_level=None, verb_name='build', build_base='build', install_base='install', merge_install=False, symlink_install=False, test_result_base=None, continue_on_error=False, executor='parallel', parallel_workers=24, event_handlers=None, ignore_user_meta=False, metas=['./colcon.meta'], base_paths=['.'], packages_ignore=None, packages_ignore_regex=None, paths=None, packages_up_to=None, packages_up_to_regex=None, packages_above=None, packages_above_and_dependencies=None, packages_above_depth=None, packages_select_by_dep=None, packages_skip_by_dep=None, packages_skip_up_to=None, packages_select_build_failed=False, packages_skip_build_finished=False, packages_select_test_failures=False, packages_skip_test_passed=False, packages_select=['xxu_slam_toolbox'], packages_skip=None, packages_select_regex=None, packages_skip_regex=None, packages_start=None, packages_end=None, allow_overriding=[], cmake_args=None, cmake_target=None, cmake_target_skip_unavailable=False, cmake_clean_cache=False, cmake_clean_first=False, cmake_force_configure=False, ament_cmake_args=None, catkin_cmake_args=None, catkin_skip_building_tests=False, verb_parser=<colcon_defaults.argument_parser.defaults.DefaultArgumentsDecorator object at 0x74a75bb30860>, verb_extension=<colcon_core.verb.build.BuildVerb object at 0x74a75bcbb110>, main=<bound method BuildVerb.main of <colcon_core.verb.build.BuildVerb object at 0x74a75bcbb110>>)
[0.110s] Level 1:colcon.colcon_core.package_discovery:discover_packages(colcon_meta) check parameters
[0.110s] Level 1:colcon.colcon_core.package_discovery:discover_packages(recursive) check parameters
[0.110s] Level 1:colcon.colcon_core.package_discovery:discover_packages(ignore) check parameters
[0.110s] Level 1:colcon.colcon_core.package_discovery:discover_packages(path) check parameters
[0.110s] Level 1:colcon.colcon_core.package_discovery:discover_packages(colcon_meta) discover
[0.110s] Level 1:colcon.colcon_core.package_discovery:discover_packages(recursive) discover
[0.110s] INFO:colcon.colcon_core.package_discovery:Crawling recursively for packages in '/home/naiwu/xxu_2026/xxu_nav_2026'
[0.111s] Level 1:colcon.colcon_core.package_identification:_identify(.) by extensions ['ignore', 'ignore_ament_install']
[0.111s] Level 1:colcon.colcon_core.package_identification:_identify(.) by extension 'ignore'
[0.111s] Level 1:colcon.colcon_core.package_identification:_identify(.) by extension 'ignore_ament_install'
[0.111s] Level 1:colcon.colcon_core.package_identification:_identify(.) by extensions ['colcon_pkg']
[0.111s] Level 1:colcon.colcon_core.package_identification:_identify(.) by extension 'colcon_pkg'
[0.111s] Level 1:colcon.colcon_core.package_identification:_identify(.) by extensions ['colcon_meta']
[0.111s] Level 1:colcon.colcon_core.package_identification:_identify(.) by extension 'colcon_meta'
[0.111s] Level 1:colcon.colcon_core.package_identification:_identify(.) by extensions ['ros']
[0.111s] Level 1:colcon.colcon_core.package_identification:_identify(.) by extension 'ros'
[0.131s] Level 1:colcon.colcon_core.package_identification:_identify(.) by extensions ['cmake', 'python']
[0.131s] Level 1:colcon.colcon_core.package_identification:_identify(.) by extension 'cmake'
[0.131s] Level 1:colcon.colcon_core.package_identification:_identify(.) by extension 'python'
[0.131s] Level 1:colcon.colcon_core.package_identification:_identify(.) by extensions ['python_setup_py']
[0.131s] Level 1:colcon.colcon_core.package_identification:_identify(.) by extension 'python_setup_py'
[0.131s] Level 1:colcon.colcon_core.package_identification:_identify(build) by extensions ['ignore', 'ignore_ament_install']
[0.131s] Level 1:colcon.colcon_core.package_identification:_identify(build) by extension 'ignore'
[0.131s] Level 1:colcon.colcon_core.package_identification:_identify(build) ignored
[0.131s] Level 1:colcon.colcon_core.package_identification:_identify(install) by extensions ['ignore', 'ignore_ament_install']
[0.131s] Level 1:colcon.colcon_core.package_identification:_identify(install) by extension 'ignore'
[0.131s] Level 1:colcon.colcon_core.package_identification:_identify(install) ignored
[0.132s] Level 1:colcon.colcon_core.package_identification:_identify(log) by extensions ['ignore', 'ignore_ament_install']
[0.132s] Level 1:colcon.colcon_core.package_identification:_identify(log) by extension 'ignore'
[0.132s] Level 1:colcon.colcon_core.package_identification:_identify(log) ignored
[0.132s] Level 1:colcon.colcon_core.package_identification:_identify(src) by extensions ['ignore', 'ignore_ament_install']
[0.132s] Level 1:colcon.colcon_core.package_identification:_identify(src) by extension 'ignore'
[0.132s] Level 1:colcon.colcon_core.package_identification:_identify(src) by extension 'ignore_ament_install'
[0.132s] Level 1:colcon.colcon_core.package_identification:_identify(src) by extensions ['colcon_pkg']
[0.132s] Level 1:colcon.colcon_core.package_identification:_identify(src) by extension 'colcon_pkg'
[0.132s] Level 1:colcon.colcon_core.package_identification:_identify(src) by extensions ['colcon_meta']
[0.132s] Level 1:colcon.colcon_core.package_identification:_identify(src) by extension 'colcon_meta'
[0.132s] Level 1:colcon.colcon_core.package_identification:_identify(src) by extensions ['ros']
[0.132s] Level 1:colcon.colcon_core.package_identification:_identify(src) by extension 'ros'
[0.132s] Level 1:colcon.colcon_core.package_identification:_identify(src) by extensions ['cmake', 'python']
[0.132s] Level 1:colcon.colcon_core.package_identification:_identify(src) by extension 'cmake'
[0.132s] Level 1:colcon.colcon_core.package_identification:_identify(src) by extension 'python'
[0.132s] Level 1:colcon.colcon_core.package_identification:_identify(src) by extensions ['python_setup_py']
[0.132s] Level 1:colcon.colcon_core.package_identification:_identify(src) by extension 'python_setup_py'
[0.132s] Level 1:colcon.colcon_core.package_identification:_identify(src/cpp_lidar_filter) by extensions ['ignore', 'ignore_ament_install']
[0.132s] Level 1:colcon.colcon_core.package_identification:_identify(src/cpp_lidar_filter) by extension 'ignore'
[0.132s] Level 1:colcon.colcon_core.package_identification:_identify(src/cpp_lidar_filter) by extension 'ignore_ament_install'
[0.132s] Level 1:colcon.colcon_core.package_identification:_identify(src/cpp_lidar_filter) by extensions ['colcon_pkg']
[0.132s] Level 1:colcon.colcon_core.package_identification:_identify(src/cpp_lidar_filter) by extension 'colcon_pkg'
[0.132s] Level 1:colcon.colcon_core.package_identification:_identify(src/cpp_lidar_filter) by extensions ['colcon_meta']
[0.132s] Level 1:colcon.colcon_core.package_identification:_identify(src/cpp_lidar_filter) by extension 'colcon_meta'
[0.132s] Level 1:colcon.colcon_core.package_identification:_identify(src/cpp_lidar_filter) by extensions ['ros']
[0.133s] Level 1:colcon.colcon_core.package_identification:_identify(src/cpp_lidar_filter) by extension 'ros'
[0.133s] Level 1:colcon.colcon_core.package_identification:_identify(src/cpp_lidar_filter) by extensions ['cmake', 'python']
[0.133s] Level 1:colcon.colcon_core.package_identification:_identify(src/cpp_lidar_filter) by extension 'cmake'
[0.133s] Level 1:colcon.colcon_core.package_identification:_identify(src/cpp_lidar_filter) by extension 'python'
[0.133s] Level 1:colcon.colcon_core.package_identification:_identify(src/cpp_lidar_filter) by extensions ['python_setup_py']
[0.133s] Level 1:colcon.colcon_core.package_identification:_identify(src/cpp_lidar_filter) by extension 'python_setup_py'
[0.133s] Level 1:colcon.colcon_core.package_identification:_identify(src/m-explore-ros2) by extensions ['ignore', 'ignore_ament_install']
[0.133s] Level 1:colcon.colcon_core.package_identification:_identify(src/m-explore-ros2) by extension 'ignore'
[0.133s] Level 1:colcon.colcon_core.package_identification:_identify(src/m-explore-ros2) by extension 'ignore_ament_install'
[0.133s] Level 1:colcon.colcon_core.package_identification:_identify(src/m-explore-ros2) by extensions ['colcon_pkg']
[0.133s] Level 1:colcon.colcon_core.package_identification:_identify(src/m-explore-ros2) by extension 'colcon_pkg'
[0.133s] Level 1:colcon.colcon_core.package_identification:_identify(src/m-explore-ros2) by extensions ['colcon_meta']
[0.133s] Level 1:colcon.colcon_core.package_identification:_identify(src/m-explore-ros2) by extension 'colcon_meta'
[0.133s] Level 1:colcon.colcon_core.package_identification:_identify(src/m-explore-ros2) by extensions ['ros']
[0.133s] Level 1:colcon.colcon_core.package_identification:_identify(src/m-explore-ros2) by extension 'ros'
[0.133s] Level 1:colcon.colcon_core.package_identification:_identify(src/m-explore-ros2) by extensions ['cmake', 'python']
[0.133s] Level 1:colcon.colcon_core.package_identification:_identify(src/m-explore-ros2) by extension 'cmake'
[0.133s] Level 1:colcon.colcon_core.package_identification:_identify(src/m-explore-ros2) by extension 'python'
[0.133s] Level 1:colcon.colcon_core.package_identification:_identify(src/m-explore-ros2) by extensions ['python_setup_py']
[0.133s] Level 1:colcon.colcon_core.package_identification:_identify(src/m-explore-ros2) by extension 'python_setup_py'
[0.133s] Level 1:colcon.colcon_core.package_identification:_identify(src/m-explore-ros2/explore) by extensions ['ignore', 'ignore_ament_install']
[0.133s] Level 1:colcon.colcon_core.package_identification:_identify(src/m-explore-ros2/explore) by extension 'ignore'
[0.133s] Level 1:colcon.colcon_core.package_identification:_identify(src/m-explore-ros2/explore) by extension 'ignore_ament_install'
[0.133s] Level 1:colcon.colcon_core.package_identification:_identify(src/m-explore-ros2/explore) by extensions ['colcon_pkg']
[0.133s] Level 1:colcon.colcon_core.package_identification:_identify(src/m-explore-ros2/explore) by extension 'colcon_pkg'
[0.133s] Level 1:colcon.colcon_core.package_identification:_identify(src/m-explore-ros2/explore) by extensions ['colcon_meta']
[0.133s] Level 1:colcon.colcon_core.package_identification:_identify(src/m-explore-ros2/explore) by extension 'colcon_meta'
[0.133s] Level 1:colcon.colcon_core.package_identification:_identify(src/m-explore-ros2/explore) by extensions ['ros']
[0.133s] Level 1:colcon.colcon_core.package_identification:_identify(src/m-explore-ros2/explore) by extension 'ros'
[0.136s] DEBUG:colcon.colcon_core.package_identification:Package 'src/m-explore-ros2/explore' with type 'ros.ament_cmake' and name 'explore_lite'
[0.136s] Level 1:colcon.colcon_core.package_identification:_identify(src/m-explore-ros2/explore_lite_msgs) by extensions ['ignore', 'ignore_ament_install']
[0.136s] Level 1:colcon.colcon_core.package_identification:_identify(src/m-explore-ros2/explore_lite_msgs) by extension 'ignore'
[0.136s] Level 1:colcon.colcon_core.package_identification:_identify(src/m-explore-ros2/explore_lite_msgs) by extension 'ignore_ament_install'
[0.136s] Level 1:colcon.colcon_core.package_identification:_identify(src/m-explore-ros2/explore_lite_msgs) by extensions ['colcon_pkg']
[0.136s] Level 1:colcon.colcon_core.package_identification:_identify(src/m-explore-ros2/explore_lite_msgs) by extension 'colcon_pkg'
[0.136s] Level 1:colcon.colcon_core.package_identification:_identify(src/m-explore-ros2/explore_lite_msgs) by extensions ['colcon_meta']
[0.136s] Level 1:colcon.colcon_core.package_identification:_identify(src/m-explore-ros2/explore_lite_msgs) by extension 'colcon_meta'
[0.136s] Level 1:colcon.colcon_core.package_identification:_identify(src/m-explore-ros2/explore_lite_msgs) by extensions ['ros']
[0.136s] Level 1:colcon.colcon_core.package_identification:_identify(src/m-explore-ros2/explore_lite_msgs) by extension 'ros'
[0.137s] DEBUG:colcon.colcon_core.package_identification:Package 'src/m-explore-ros2/explore_lite_msgs' with type 'ros.ament_cmake' and name 'explore_lite_msgs'
[0.137s] Level 1:colcon.colcon_core.package_identification:_identify(src/m-explore-ros2/map_merge) by extensions ['ignore', 'ignore_ament_install']
[0.137s] Level 1:colcon.colcon_core.package_identification:_identify(src/m-explore-ros2/map_merge) by extension 'ignore'
[0.137s] Level 1:colcon.colcon_core.package_identification:_identify(src/m-explore-ros2/map_merge) by extension 'ignore_ament_install'
[0.137s] Level 1:colcon.colcon_core.package_identification:_identify(src/m-explore-ros2/map_merge) by extensions ['colcon_pkg']
[0.137s] Level 1:colcon.colcon_core.package_identification:_identify(src/m-explore-ros2/map_merge) by extension 'colcon_pkg'
[0.137s] Level 1:colcon.colcon_core.package_identification:_identify(src/m-explore-ros2/map_merge) by extensions ['colcon_meta']
[0.137s] Level 1:colcon.colcon_core.package_identification:_identify(src/m-explore-ros2/map_merge) by extension 'colcon_meta'
[0.137s] Level 1:colcon.colcon_core.package_identification:_identify(src/m-explore-ros2/map_merge) by extensions ['ros']
[0.137s] Level 1:colcon.colcon_core.package_identification:_identify(src/m-explore-ros2/map_merge) by extension 'ros'
[0.138s] DEBUG:colcon.colcon_core.package_identification:Package 'src/m-explore-ros2/map_merge' with type 'ros.ament_cmake' and name 'multirobot_map_merge'
[0.138s] Level 1:colcon.colcon_core.package_identification:_identify(src/pointcloud_to_laserscan) by extensions ['ignore', 'ignore_ament_install']
[0.138s] Level 1:colcon.colcon_core.package_identification:_identify(src/pointcloud_to_laserscan) by extension 'ignore'
[0.138s] Level 1:colcon.colcon_core.package_identification:_identify(src/pointcloud_to_laserscan) by extension 'ignore_ament_install'
[0.138s] Level 1:colcon.colcon_core.package_identification:_identify(src/pointcloud_to_laserscan) by extensions ['colcon_pkg']
[0.138s] Level 1:colcon.colcon_core.package_identification:_identify(src/pointcloud_to_laserscan) by extension 'colcon_pkg'
[0.138s] Level 1:colcon.colcon_core.package_identification:_identify(src/pointcloud_to_laserscan) by extensions ['colcon_meta']
[0.138s] Level 1:colcon.colcon_core.package_identification:_identify(src/pointcloud_to_laserscan) by extension 'colcon_meta'
[0.139s] Level 1:colcon.colcon_core.package_identification:_identify(src/pointcloud_to_laserscan) by extensions ['ros']
[0.139s] Level 1:colcon.colcon_core.package_identification:_identify(src/pointcloud_to_laserscan) by extension 'ros'
[0.139s] DEBUG:colcon.colcon_core.package_identification:Package 'src/pointcloud_to_laserscan' with type 'ros.ament_cmake' and name 'pointcloud_to_laserscan'
[0.139s] Level 1:colcon.colcon_core.package_identification:_identify(src/small_point_lio) by extensions ['ignore', 'ignore_ament_install']
[0.139s] Level 1:colcon.colcon_core.package_identification:_identify(src/small_point_lio) by extension 'ignore'
[0.140s] Level 1:colcon.colcon_core.package_identification:_identify(src/small_point_lio) by extension 'ignore_ament_install'
[0.140s] Level 1:colcon.colcon_core.package_identification:_identify(src/small_point_lio) by extensions ['colcon_pkg']
[0.140s] Level 1:colcon.colcon_core.package_identification:_identify(src/small_point_lio) by extension 'colcon_pkg'
[0.140s] Level 1:colcon.colcon_core.package_identification:_identify(src/small_point_lio) by extensions ['colcon_meta']
[0.140s] Level 1:colcon.colcon_core.package_identification:_identify(src/small_point_lio) by extension 'colcon_meta'
[0.140s] Level 1:colcon.colcon_core.package_identification:_identify(src/small_point_lio) by extensions ['ros']
[0.140s] Level 1:colcon.colcon_core.package_identification:_identify(src/small_point_lio) by extension 'ros'
[0.140s] DEBUG:colcon.colcon_core.package_identification:Package 'src/small_point_lio' with type 'ros.ament_cmake' and name 'small_point_lio'
[0.140s] Level 1:colcon.colcon_core.package_identification:_identify(src/xxu_chassis_controller) by extensions ['ignore', 'ignore_ament_install']
[0.141s] Level 1:colcon.colcon_core.package_identification:_identify(src/xxu_chassis_controller) by extension 'ignore'
[0.141s] Level 1:colcon.colcon_core.package_identification:_identify(src/xxu_chassis_controller) by extension 'ignore_ament_install'
[0.141s] Level 1:colcon.colcon_core.package_identification:_identify(src/xxu_chassis_controller) by extensions ['colcon_pkg']
[0.141s] Level 1:colcon.colcon_core.package_identification:_identify(src/xxu_chassis_controller) by extension 'colcon_pkg'
[0.141s] Level 1:colcon.colcon_core.package_identification:_identify(src/xxu_chassis_controller) by extensions ['colcon_meta']
[0.141s] Level 1:colcon.colcon_core.package_identification:_identify(src/xxu_chassis_controller) by extension 'colcon_meta'
[0.141s] Level 1:colcon.colcon_core.package_identification:_identify(src/xxu_chassis_controller) by extensions ['ros']
[0.141s] Level 1:colcon.colcon_core.package_identification:_identify(src/xxu_chassis_controller) by extension 'ros'
[0.141s] DEBUG:colcon.colcon_core.package_identification:Package 'src/xxu_chassis_controller' with type 'ros.ament_cmake' and name 'xxu_chassis_controller'
[0.141s] Level 1:colcon.colcon_core.package_identification:_identify(src/xxu_description) by extensions ['ignore', 'ignore_ament_install']
[0.141s] Level 1:colcon.colcon_core.package_identification:_identify(src/xxu_description) by extension 'ignore'
[0.141s] Level 1:colcon.colcon_core.package_identification:_identify(src/xxu_description) by extension 'ignore_ament_install'
[0.141s] Level 1:colcon.colcon_core.package_identification:_identify(src/xxu_description) by extensions ['colcon_pkg']
[0.141s] Level 1:colcon.colcon_core.package_identification:_identify(src/xxu_description) by extension 'colcon_pkg'
[0.141s] Level 1:colcon.colcon_core.package_identification:_identify(src/xxu_description) by extensions ['colcon_meta']
[0.142s] Level 1:colcon.colcon_core.package_identification:_identify(src/xxu_description) by extension 'colcon_meta'
[0.142s] Level 1:colcon.colcon_core.package_identification:_identify(src/xxu_description) by extensions ['ros']
[0.142s] Level 1:colcon.colcon_core.package_identification:_identify(src/xxu_description) by extension 'ros'
[0.142s] DEBUG:colcon.colcon_core.package_identification:Package 'src/xxu_description' with type 'ros.ament_cmake' and name 'xxu_description'
[0.142s] Level 1:colcon.colcon_core.package_identification:_identify(src/xxu_livox_sim) by extensions ['ignore', 'ignore_ament_install']
[0.142s] Level 1:colcon.colcon_core.package_identification:_identify(src/xxu_livox_sim) by extension 'ignore'
[0.142s] Level 1:colcon.colcon_core.package_identification:_identify(src/xxu_livox_sim) by extension 'ignore_ament_install'
[0.142s] Level 1:colcon.colcon_core.package_identification:_identify(src/xxu_livox_sim) by extensions ['colcon_pkg']
[0.142s] Level 1:colcon.colcon_core.package_identification:_identify(src/xxu_livox_sim) by extension 'colcon_pkg'
[0.142s] Level 1:colcon.colcon_core.package_identification:_identify(src/xxu_livox_sim) by extensions ['colcon_meta']
[0.142s] Level 1:colcon.colcon_core.package_identification:_identify(src/xxu_livox_sim) by extension 'colcon_meta'
[0.142s] Level 1:colcon.colcon_core.package_identification:_identify(src/xxu_livox_sim) by extensions ['ros']
[0.142s] Level 1:colcon.colcon_core.package_identification:_identify(src/xxu_livox_sim) by extension 'ros'
[0.143s] DEBUG:colcon.colcon_core.package_identification:Package 'src/xxu_livox_sim' with type 'ros.ament_cmake' and name 'xxu_livox_sim'
[0.143s] Level 1:colcon.colcon_core.package_identification:_identify(src/xxu_pointcloud_processing) by extensions ['ignore', 'ignore_ament_install']
[0.143s] Level 1:colcon.colcon_core.package_identification:_identify(src/xxu_pointcloud_processing) by extension 'ignore'
[0.143s] Level 1:colcon.colcon_core.package_identification:_identify(src/xxu_pointcloud_processing) by extension 'ignore_ament_install'
[0.143s] Level 1:colcon.colcon_core.package_identification:_identify(src/xxu_pointcloud_processing) by extensions ['colcon_pkg']
[0.143s] Level 1:colcon.colcon_core.package_identification:_identify(src/xxu_pointcloud_processing) by extension 'colcon_pkg'
[0.143s] Level 1:colcon.colcon_core.package_identification:_identify(src/xxu_pointcloud_processing) by extensions ['colcon_meta']
[0.143s] Level 1:colcon.colcon_core.package_identification:_identify(src/xxu_pointcloud_processing) by extension 'colcon_meta'
[0.143s] Level 1:colcon.colcon_core.package_identification:_identify(src/xxu_pointcloud_processing) by extensions ['ros']
[0.143s] Level 1:colcon.colcon_core.package_identification:_identify(src/xxu_pointcloud_processing) by extension 'ros'
[0.144s] DEBUG:colcon.colcon_core.package_identification:Package 'src/xxu_pointcloud_processing' with type 'ros.ament_cmake' and name 'xxu_pointcloud_processing'
[0.144s] Level 1:colcon.colcon_core.package_identification:_identify(src/xxu_slam_toolbox) by extensions ['ignore', 'ignore_ament_install']
[0.144s] Level 1:colcon.colcon_core.package_identification:_identify(src/xxu_slam_toolbox) by extension 'ignore'
[0.144s] Level 1:colcon.colcon_core.package_identification:_identify(src/xxu_slam_toolbox) by extension 'ignore_ament_install'
[0.144s] Level 1:colcon.colcon_core.package_identification:_identify(src/xxu_slam_toolbox) by extensions ['colcon_pkg']
[0.144s] Level 1:colcon.colcon_core.package_identification:_identify(src/xxu_slam_toolbox) by extension 'colcon_pkg'
[0.144s] Level 1:colcon.colcon_core.package_identification:_identify(src/xxu_slam_toolbox) by extensions ['colcon_meta']
[0.144s] Level 1:colcon.colcon_core.package_identification:_identify(src/xxu_slam_toolbox) by extension 'colcon_meta'
[0.144s] Level 1:colcon.colcon_core.package_identification:_identify(src/xxu_slam_toolbox) by extensions ['ros']
[0.144s] Level 1:colcon.colcon_core.package_identification:_identify(src/xxu_slam_toolbox) by extension 'ros'
[0.145s] DEBUG:colcon.colcon_core.package_identification:Package 'src/xxu_slam_toolbox' with type 'ros.ament_cmake' and name 'xxu_slam_toolbox'
[0.145s] Level 1:colcon.colcon_core.package_discovery:discover_packages(recursive) using defaults
[0.145s] Level 1:colcon.colcon_core.package_discovery:discover_packages(ignore) discover
[0.145s] Level 1:colcon.colcon_core.package_discovery:discover_packages(ignore) using defaults
[0.145s] Level 1:colcon.colcon_core.package_discovery:discover_packages(path) discover
[0.145s] Level 1:colcon.colcon_core.package_discovery:discover_packages(path) using defaults
[0.162s] INFO:colcon.colcon_core.package_selection:Skipping not selected package 'explore_lite_msgs' in 'src/m-explore-ros2/explore_lite_msgs'
[0.162s] INFO:colcon.colcon_core.package_selection:Skipping not selected package 'multirobot_map_merge' in 'src/m-explore-ros2/map_merge'
[0.162s] INFO:colcon.colcon_core.package_selection:Skipping not selected package 'pointcloud_to_laserscan' in 'src/pointcloud_to_laserscan'
[0.162s] INFO:colcon.colcon_core.package_selection:Skipping not selected package 'small_point_lio' in 'src/small_point_lio'
[0.162s] INFO:colcon.colcon_core.package_selection:Skipping not selected package 'xxu_chassis_controller' in 'src/xxu_chassis_controller'
[0.162s] INFO:colcon.colcon_core.package_selection:Skipping not selected package 'xxu_livox_sim' in 'src/xxu_livox_sim'
[0.162s] INFO:colcon.colcon_core.package_selection:Skipping not selected package 'xxu_pointcloud_processing' in 'src/xxu_pointcloud_processing'
[0.162s] INFO:colcon.colcon_core.package_selection:Skipping not selected package 'explore_lite' in 'src/m-explore-ros2/explore'
[0.162s] INFO:colcon.colcon_core.package_selection:Skipping not selected package 'xxu_description' in 'src/xxu_description'
[0.163s] Level 1:colcon.colcon_core.package_discovery:discover_packages(prefix_path) check parameters
[0.163s] Level 1:colcon.colcon_core.package_discovery:discover_packages(prefix_path) discover
[0.165s] DEBUG:colcon.colcon_installed_package_information.package_discovery:Found 481 installed packages in /opt/ros/jazzy
[0.166s] Level 1:colcon.colcon_core.package_discovery:discover_packages(prefix_path) using defaults
[0.203s] Level 5:colcon.colcon_core.verb:set package 'xxu_slam_toolbox' build argument 'cmake_args' from command line to 'None'
[0.203s] Level 5:colcon.colcon_core.verb:set package 'xxu_slam_toolbox' build argument 'cmake_target' from command line to 'None'
[0.203s] Level 5:colcon.colcon_core.verb:set package 'xxu_slam_toolbox' build argument 'cmake_target_skip_unavailable' from command line to 'False'
[0.203s] Level 5:colcon.colcon_core.verb:set package 'xxu_slam_toolbox' build argument 'cmake_clean_cache' from command line to 'False'
[0.203s] Level 5:colcon.colcon_core.verb:set package 'xxu_slam_toolbox' build argument 'cmake_clean_first' from command line to 'False'
[0.203s] Level 5:colcon.colcon_core.verb:set package 'xxu_slam_toolbox' build argument 'cmake_force_configure' from command line to 'False'
[0.203s] Level 5:colcon.colcon_core.verb:set package 'xxu_slam_toolbox' build argument 'ament_cmake_args' from command line to 'None'
[0.203s] Level 5:colcon.colcon_core.verb:set package 'xxu_slam_toolbox' build argument 'catkin_cmake_args' from command line to 'None'
[0.203s] Level 5:colcon.colcon_core.verb:set package 'xxu_slam_toolbox' build argument 'catkin_skip_building_tests' from command line to 'False'
[0.204s] DEBUG:colcon.colcon_core.verb:Building package 'xxu_slam_toolbox' with the following arguments: {'ament_cmake_args': None, 'build_base': '/home/naiwu/xxu_2026/xxu_nav_2026/build/xxu_slam_toolbox', 'catkin_cmake_args': None, 'catkin_skip_building_tests': False, 'cmake_args': None, 'cmake_clean_cache': False, 'cmake_clean_first': False, 'cmake_force_configure': False, 'cmake_target': None, 'cmake_target_skip_unavailable': False, 'install_base': '/home/naiwu/xxu_2026/xxu_nav_2026/install/xxu_slam_toolbox', 'merge_install': False, 'path': '/home/naiwu/xxu_2026/xxu_nav_2026/src/xxu_slam_toolbox', 'symlink_install': False, 'test_result_base': None}
[0.204s] INFO:colcon.colcon_core.executor:Executing jobs using 'parallel' executor
[0.204s] DEBUG:colcon.colcon_parallel_executor.executor.parallel:run_until_complete
[0.205s] INFO:colcon.colcon_ros.task.ament_cmake.build:Building ROS package in '/home/naiwu/xxu_2026/xxu_nav_2026/src/xxu_slam_toolbox' with build type 'ament_cmake'
[0.205s] INFO:colcon.colcon_cmake.task.cmake.build:Building CMake package in '/home/naiwu/xxu_2026/xxu_nav_2026/src/xxu_slam_toolbox'
[0.206s] INFO:colcon.colcon_core.plugin_system:Skipping extension 'colcon_core.shell.bat': Not used on non-Windows systems
[0.206s] INFO:colcon.colcon_core.shell:Skip shell extension 'powershell' for command environment: Not usable outside of PowerShell
[0.206s] DEBUG:colcon.colcon_core.shell:Skip shell extension 'dsv' for command environment
[0.218s] DEBUG:colcon.colcon_core.event_handler.log_command:Invoking command in '/home/naiwu/xxu_2026/xxu_nav_2026/build/xxu_slam_toolbox': AMENT_PREFIX_PATH=/home/naiwu/xxu_2026/xxu_nav_2026/install/explore_lite:/home/naiwu/xxu_2026/xxu_nav_2026/install/explore_lite_msgs:${AMENT_PREFIX_PATH} CMAKE_PREFIX_PATH=/home/naiwu/xxu_2026/xxu_nav_2026/install/explore_lite:/home/naiwu/xxu_2026/xxu_nav_2026/install/explore_lite_msgs:/opt/ros/jazzy/opt/gz_sim_vendor:/opt/ros/jazzy/opt/gz_sensors_vendor:/opt/ros/jazzy/opt/gz_physics_vendor:/opt/ros/jazzy/opt/sdformat_vendor:/opt/ros/jazzy/opt/gz_gui_vendor:/opt/ros/jazzy/opt/gz_transport_vendor:/opt/ros/jazzy/opt/gz_rendering_vendor:/opt/ros/jazzy/opt/gz_plugin_vendor:/opt/ros/jazzy/opt/gz_fuel_tools_vendor:/opt/ros/jazzy/opt/gz_msgs_vendor:/opt/ros/jazzy/opt/gz_common_vendor:/opt/ros/jazzy/opt/gz_math_vendor:/opt/ros/jazzy/opt/gz_utils_vendor:/opt/ros/jazzy/opt/gz_tools_vendor:/opt/ros/jazzy/opt/gz_ogre_next_vendor:/opt/ros/jazzy/opt/gz_dartsim_vendor:/opt/ros/jazzy/opt/gz_cmake_vendor:/opt/ros/jazzy DEBUGINFOD_URLS=https://debuginfod.ubuntu.com LD_LIBRARY_PATH=/home/naiwu/xxu_2026/xxu_nav_2026/install/explore_lite_msgs/lib:${LD_LIBRARY_PATH} PYTHONPATH=/home/naiwu/xxu_2026/xxu_nav_2026/install/explore_lite_msgs/lib/python3.12/site-packages:${PYTHONPATH} /usr/bin/cmake --build /home/naiwu/xxu_2026/xxu_nav_2026/build/xxu_slam_toolbox -- -j24 -l24
[0.247s] DEBUG:colcon.colcon_core.event_handler.log_command:Invoked command in '/home/naiwu/xxu_2026/xxu_nav_2026/build/xxu_slam_toolbox' returned '0': AMENT_PREFIX_PATH=/home/naiwu/xxu_2026/xxu_nav_2026/install/explore_lite:/home/naiwu/xxu_2026/xxu_nav_2026/install/explore_lite_msgs:${AMENT_PREFIX_PATH} CMAKE_PREFIX_PATH=/home/naiwu/xxu_2026/xxu_nav_2026/install/explore_lite:/home/naiwu/xxu_2026/xxu_nav_2026/install/explore_lite_msgs:/opt/ros/jazzy/opt/gz_sim_vendor:/opt/ros/jazzy/opt/gz_sensors_vendor:/opt/ros/jazzy/opt/gz_physics_vendor:/opt/ros/jazzy/opt/sdformat_vendor:/opt/ros/jazzy/opt/gz_gui_vendor:/opt/ros/jazzy/opt/gz_transport_vendor:/opt/ros/jazzy/opt/gz_rendering_vendor:/opt/ros/jazzy/opt/gz_plugin_vendor:/opt/ros/jazzy/opt/gz_fuel_tools_vendor:/opt/ros/jazzy/opt/gz_msgs_vendor:/opt/ros/jazzy/opt/gz_common_vendor:/opt/ros/jazzy/opt/gz_math_vendor:/opt/ros/jazzy/opt/gz_utils_vendor:/opt/ros/jazzy/opt/gz_tools_vendor:/opt/ros/jazzy/opt/gz_ogre_next_vendor:/opt/ros/jazzy/opt/gz_dartsim_vendor:/opt/ros/jazzy/opt/gz_cmake_vendor:/opt/ros/jazzy DEBUGINFOD_URLS=https://debuginfod.ubuntu.com LD_LIBRARY_PATH=/home/naiwu/xxu_2026/xxu_nav_2026/install/explore_lite_msgs/lib:${LD_LIBRARY_PATH} PYTHONPATH=/home/naiwu/xxu_2026/xxu_nav_2026/install/explore_lite_msgs/lib/python3.12/site-packages:${PYTHONPATH} /usr/bin/cmake --build /home/naiwu/xxu_2026/xxu_nav_2026/build/xxu_slam_toolbox -- -j24 -l24
[0.253s] DEBUG:colcon.colcon_core.event_handler.log_command:Invoking command in '/home/naiwu/xxu_2026/xxu_nav_2026/build/xxu_slam_toolbox': AMENT_PREFIX_PATH=/home/naiwu/xxu_2026/xxu_nav_2026/install/explore_lite:/home/naiwu/xxu_2026/xxu_nav_2026/install/explore_lite_msgs:${AMENT_PREFIX_PATH} CMAKE_PREFIX_PATH=/home/naiwu/xxu_2026/xxu_nav_2026/install/explore_lite:/home/naiwu/xxu_2026/xxu_nav_2026/install/explore_lite_msgs:/opt/ros/jazzy/opt/gz_sim_vendor:/opt/ros/jazzy/opt/gz_sensors_vendor:/opt/ros/jazzy/opt/gz_physics_vendor:/opt/ros/jazzy/opt/sdformat_vendor:/opt/ros/jazzy/opt/gz_gui_vendor:/opt/ros/jazzy/opt/gz_transport_vendor:/opt/ros/jazzy/opt/gz_rendering_vendor:/opt/ros/jazzy/opt/gz_plugin_vendor:/opt/ros/jazzy/opt/gz_fuel_tools_vendor:/opt/ros/jazzy/opt/gz_msgs_vendor:/opt/ros/jazzy/opt/gz_common_vendor:/opt/ros/jazzy/opt/gz_math_vendor:/opt/ros/jazzy/opt/gz_utils_vendor:/opt/ros/jazzy/opt/gz_tools_vendor:/opt/ros/jazzy/opt/gz_ogre_next_vendor:/opt/ros/jazzy/opt/gz_dartsim_vendor:/opt/ros/jazzy/opt/gz_cmake_vendor:/opt/ros/jazzy DEBUGINFOD_URLS=https://debuginfod.ubuntu.com LD_LIBRARY_PATH=/home/naiwu/xxu_2026/xxu_nav_2026/install/explore_lite_msgs/lib:${LD_LIBRARY_PATH} PYTHONPATH=/home/naiwu/xxu_2026/xxu_nav_2026/install/explore_lite_msgs/lib/python3.12/site-packages:${PYTHONPATH} /usr/bin/cmake --install /home/naiwu/xxu_2026/xxu_nav_2026/build/xxu_slam_toolbox
[0.269s] Level 1:colcon.colcon_core.environment:create_environment_scripts_only(xxu_slam_toolbox)
[0.269s] DEBUG:colcon.colcon_core.event_handler.log_command:Invoked command in '/home/naiwu/xxu_2026/xxu_nav_2026/build/xxu_slam_toolbox' returned '0': AMENT_PREFIX_PATH=/home/naiwu/xxu_2026/xxu_nav_2026/install/explore_lite:/home/naiwu/xxu_2026/xxu_nav_2026/install/explore_lite_msgs:${AMENT_PREFIX_PATH} CMAKE_PREFIX_PATH=/home/naiwu/xxu_2026/xxu_nav_2026/install/explore_lite:/home/naiwu/xxu_2026/xxu_nav_2026/install/explore_lite_msgs:/opt/ros/jazzy/opt/gz_sim_vendor:/opt/ros/jazzy/opt/gz_sensors_vendor:/opt/ros/jazzy/opt/gz_physics_vendor:/opt/ros/jazzy/opt/sdformat_vendor:/opt/ros/jazzy/opt/gz_gui_vendor:/opt/ros/jazzy/opt/gz_transport_vendor:/opt/ros/jazzy/opt/gz_rendering_vendor:/opt/ros/jazzy/opt/gz_plugin_vendor:/opt/ros/jazzy/opt/gz_fuel_tools_vendor:/opt/ros/jazzy/opt/gz_msgs_vendor:/opt/ros/jazzy/opt/gz_common_vendor:/opt/ros/jazzy/opt/gz_math_vendor:/opt/ros/jazzy/opt/gz_utils_vendor:/opt/ros/jazzy/opt/gz_tools_vendor:/opt/ros/jazzy/opt/gz_ogre_next_vendor:/opt/ros/jazzy/opt/gz_dartsim_vendor:/opt/ros/jazzy/opt/gz_cmake_vendor:/opt/ros/jazzy DEBUGINFOD_URLS=https://debuginfod.ubuntu.com LD_LIBRARY_PATH=/home/naiwu/xxu_2026/xxu_nav_2026/install/explore_lite_msgs/lib:${LD_LIBRARY_PATH} PYTHONPATH=/home/naiwu/xxu_2026/xxu_nav_2026/install/explore_lite_msgs/lib/python3.12/site-packages:${PYTHONPATH} /usr/bin/cmake --install /home/naiwu/xxu_2026/xxu_nav_2026/build/xxu_slam_toolbox
[0.270s] Level 1:colcon.colcon_core.environment:checking '/home/naiwu/xxu_2026/xxu_nav_2026/install/xxu_slam_toolbox' for CMake module files
[0.271s] Level 1:colcon.colcon_core.environment:checking '/home/naiwu/xxu_2026/xxu_nav_2026/install/xxu_slam_toolbox' for CMake config files
[0.271s] Level 1:colcon.colcon_core.shell:create_environment_hook('xxu_slam_toolbox', 'cmake_prefix_path')
[0.271s] INFO:colcon.colcon_core.shell:Creating environment hook '/home/naiwu/xxu_2026/xxu_nav_2026/install/xxu_slam_toolbox/share/xxu_slam_toolbox/hook/cmake_prefix_path.ps1'
[0.271s] INFO:colcon.colcon_core.shell:Creating environment descriptor '/home/naiwu/xxu_2026/xxu_nav_2026/install/xxu_slam_toolbox/share/xxu_slam_toolbox/hook/cmake_prefix_path.dsv'
[0.272s] INFO:colcon.colcon_core.shell:Creating environment hook '/home/naiwu/xxu_2026/xxu_nav_2026/install/xxu_slam_toolbox/share/xxu_slam_toolbox/hook/cmake_prefix_path.sh'
[0.272s] Level 1:colcon.colcon_core.environment:checking '/home/naiwu/xxu_2026/xxu_nav_2026/install/xxu_slam_toolbox/bin'
[0.272s] Level 1:colcon.colcon_core.environment:checking '/home/naiwu/xxu_2026/xxu_nav_2026/install/xxu_slam_toolbox/lib/pkgconfig/xxu_slam_toolbox.pc'
[0.272s] Level 1:colcon.colcon_core.environment:checking '/home/naiwu/xxu_2026/xxu_nav_2026/install/xxu_slam_toolbox/lib/python3.12/site-packages'
[0.273s] Level 1:colcon.colcon_core.environment:checking '/home/naiwu/xxu_2026/xxu_nav_2026/install/xxu_slam_toolbox/bin'
[0.273s] INFO:colcon.colcon_core.shell:Creating package script '/home/naiwu/xxu_2026/xxu_nav_2026/install/xxu_slam_toolbox/share/xxu_slam_toolbox/package.ps1'
[0.274s] INFO:colcon.colcon_core.shell:Creating package descriptor '/home/naiwu/xxu_2026/xxu_nav_2026/install/xxu_slam_toolbox/share/xxu_slam_toolbox/package.dsv'
[0.274s] INFO:colcon.colcon_core.shell:Creating package script '/home/naiwu/xxu_2026/xxu_nav_2026/install/xxu_slam_toolbox/share/xxu_slam_toolbox/package.sh'
[0.274s] INFO:colcon.colcon_core.shell:Creating package script '/home/naiwu/xxu_2026/xxu_nav_2026/install/xxu_slam_toolbox/share/xxu_slam_toolbox/package.bash'
[0.275s] INFO:colcon.colcon_core.shell:Creating package script '/home/naiwu/xxu_2026/xxu_nav_2026/install/xxu_slam_toolbox/share/xxu_slam_toolbox/package.zsh'
[0.275s] Level 1:colcon.colcon_core.environment:create_file_with_runtime_dependencies(/home/naiwu/xxu_2026/xxu_nav_2026/install/xxu_slam_toolbox/share/colcon-core/packages/xxu_slam_toolbox)
[0.276s] Level 1:colcon.colcon_core.environment:create_environment_scripts_only(xxu_slam_toolbox)
[0.276s] Level 1:colcon.colcon_core.environment:checking '/home/naiwu/xxu_2026/xxu_nav_2026/install/xxu_slam_toolbox' for CMake module files
[0.276s] Level 1:colcon.colcon_core.environment:checking '/home/naiwu/xxu_2026/xxu_nav_2026/install/xxu_slam_toolbox' for CMake config files
[0.277s] Level 1:colcon.colcon_core.shell:create_environment_hook('xxu_slam_toolbox', 'cmake_prefix_path')
[0.277s] INFO:colcon.colcon_core.shell:Creating environment hook '/home/naiwu/xxu_2026/xxu_nav_2026/install/xxu_slam_toolbox/share/xxu_slam_toolbox/hook/cmake_prefix_path.ps1'
[0.277s] INFO:colcon.colcon_core.shell:Creating environment descriptor '/home/naiwu/xxu_2026/xxu_nav_2026/install/xxu_slam_toolbox/share/xxu_slam_toolbox/hook/cmake_prefix_path.dsv'
[0.277s] INFO:colcon.colcon_core.shell:Creating environment hook '/home/naiwu/xxu_2026/xxu_nav_2026/install/xxu_slam_toolbox/share/xxu_slam_toolbox/hook/cmake_prefix_path.sh'
[0.277s] Level 1:colcon.colcon_core.environment:checking '/home/naiwu/xxu_2026/xxu_nav_2026/install/xxu_slam_toolbox/bin'
[0.278s] Level 1:colcon.colcon_core.environment:checking '/home/naiwu/xxu_2026/xxu_nav_2026/install/xxu_slam_toolbox/lib/pkgconfig/xxu_slam_toolbox.pc'
[0.278s] Level 1:colcon.colcon_core.environment:checking '/home/naiwu/xxu_2026/xxu_nav_2026/install/xxu_slam_toolbox/lib/python3.12/site-packages'
[0.278s] Level 1:colcon.colcon_core.environment:checking '/home/naiwu/xxu_2026/xxu_nav_2026/install/xxu_slam_toolbox/bin'
[0.278s] INFO:colcon.colcon_core.shell:Creating package script '/home/naiwu/xxu_2026/xxu_nav_2026/install/xxu_slam_toolbox/share/xxu_slam_toolbox/package.ps1'
[0.278s] INFO:colcon.colcon_core.shell:Creating package descriptor '/home/naiwu/xxu_2026/xxu_nav_2026/install/xxu_slam_toolbox/share/xxu_slam_toolbox/package.dsv'
[0.279s] INFO:colcon.colcon_core.shell:Creating package script '/home/naiwu/xxu_2026/xxu_nav_2026/install/xxu_slam_toolbox/share/xxu_slam_toolbox/package.sh'
[0.279s] INFO:colcon.colcon_core.shell:Creating package script '/home/naiwu/xxu_2026/xxu_nav_2026/install/xxu_slam_toolbox/share/xxu_slam_toolbox/package.bash'
[0.279s] INFO:colcon.colcon_core.shell:Creating package script '/home/naiwu/xxu_2026/xxu_nav_2026/install/xxu_slam_toolbox/share/xxu_slam_toolbox/package.zsh'
[0.279s] Level 1:colcon.colcon_core.environment:create_file_with_runtime_dependencies(/home/naiwu/xxu_2026/xxu_nav_2026/install/xxu_slam_toolbox/share/colcon-core/packages/xxu_slam_toolbox)
[0.279s] DEBUG:colcon.colcon_parallel_executor.executor.parallel:closing loop
[0.280s] DEBUG:colcon.colcon_parallel_executor.executor.parallel:loop closed
[0.280s] DEBUG:colcon.colcon_parallel_executor.executor.parallel:run_until_complete finished with '0'
[0.280s] DEBUG:colcon.colcon_core.event_reactor:joining thread
[0.290s] INFO:colcon.colcon_core.plugin_system:Skipping extension 'colcon_notification.desktop_notification.terminal_notifier': Not used on non-Darwin systems
[0.290s] INFO:colcon.colcon_core.plugin_system:Skipping extension 'colcon_notification.desktop_notification.win32': Not used on non-Windows systems
[0.290s] INFO:colcon.colcon_notification.desktop_notification:Sending desktop notification using 'notify2'
[0.300s] DEBUG:colcon.colcon_core.event_reactor:joined thread
[0.300s] INFO:colcon.colcon_core.shell:Creating prefix script '/home/naiwu/xxu_2026/xxu_nav_2026/install/local_setup.ps1'
[0.301s] INFO:colcon.colcon_core.shell:Creating prefix util module '/home/naiwu/xxu_2026/xxu_nav_2026/install/_local_setup_util_ps1.py'
[0.302s] INFO:colcon.colcon_core.shell:Creating prefix chain script '/home/naiwu/xxu_2026/xxu_nav_2026/install/setup.ps1'
[0.303s] INFO:colcon.colcon_core.shell:Creating prefix script '/home/naiwu/xxu_2026/xxu_nav_2026/install/local_setup.sh'
[0.303s] INFO:colcon.colcon_core.shell:Creating prefix util module '/home/naiwu/xxu_2026/xxu_nav_2026/install/_local_setup_util_sh.py'
[0.303s] INFO:colcon.colcon_core.shell:Creating prefix chain script '/home/naiwu/xxu_2026/xxu_nav_2026/install/setup.sh'
[0.304s] INFO:colcon.colcon_core.shell:Creating prefix script '/home/naiwu/xxu_2026/xxu_nav_2026/install/local_setup.bash'
[0.304s] INFO:colcon.colcon_core.shell:Creating prefix chain script '/home/naiwu/xxu_2026/xxu_nav_2026/install/setup.bash'
[0.304s] INFO:colcon.colcon_core.shell:Creating prefix script '/home/naiwu/xxu_2026/xxu_nav_2026/install/local_setup.zsh'
[0.305s] INFO:colcon.colcon_core.shell:Creating prefix chain script '/home/naiwu/xxu_2026/xxu_nav_2026/install/setup.zsh'
